

================================================================
== Vitis HLS Report for 'dense_array_array_ap_fixed_39_19_5_3_0_8u_config6_Pipeline_DataPrepare'
================================================================
* Date:           Mon Mar 23 21:37:49 2026

* Version:        2024.2 (Build 5238294 on Nov  8 2024)
* Project:        myproject_prj
* Solution:       solution1 (Vivado IP Flow Target)
* Product family: zynquplus
* Target device:  xczu7ev-ffvc1156-2-e


================================================================
== Performance Estimates
================================================================
+ Timing: 
    * Summary: 
    +--------+---------+----------+------------+
    |  Clock |  Target | Estimated| Uncertainty|
    +--------+---------+----------+------------+
    |ap_clk  |  5.00 ns|  1.825 ns|     1.35 ns|
    +--------+---------+----------+------------+

+ Latency: 
    * Summary: 
    +---------+---------+-----------+-----------+-----+-----+------------------------------------------------+
    |  Latency (cycles) |   Latency (absolute)  |  Interval |                    Pipeline                    |
    |   min   |   max   |    min    |    max    | min | max |                      Type                      |
    +---------+---------+-----------+-----------+-----+-----+------------------------------------------------+
    |       10|       10|  50.000 ns|  50.000 ns|    9|    9|  loop auto-rewind stp (delay=0 clock cycles(s))|
    +---------+---------+-----------+-----------+-----+-----+------------------------------------------------+

    + Detail: 
        * Instance: 
        N/A

        * Loop: 
        +---------------+---------+---------+----------+-----------+-----------+------+----------+
        |               |  Latency (cycles) | Iteration|  Initiation Interval  | Trip |          |
        |   Loop Name   |   min   |   max   |  Latency |  achieved |   target  | Count| Pipelined|
        +---------------+---------+---------+----------+-----------+-----------+------+----------+
        |- DataPrepare  |        8|        8|         1|          1|          1|     9|       yes|
        +---------------+---------+---------+----------+-----------+-----------+------+----------+

============================================================
+ Verbose Summary: Synthesis Manager
============================================================
InlineROM: 1
ExposeGlobal: 0
============================================================
+ Verbose Summary: CDFG Model
============================================================
IsTopModel: 0
ResetActiveHigh: 1
IsCombinational: 0
IsDatapathOnly: 0
HasWiredReturn: 1
HasMFsm: 2
HasVarLatency: 1
IsPipeline: 0
IsRtlPipelined: 0
IsInstanceOverlapped: 0
IsDontTouch: 0
HasImplIP: 0
IsGatedGlobalClock: 0

+ Individual pipeline summary: 
  * Pipeline-0: initiation interval (II) = 1, depth = 1


============================================================
+ Verbose Summary: Schedule
============================================================
* Number of FSM states : 1
* Pipeline : 1
  Pipeline-0 : II = 1, D = 1, States = { 1 }
* Dataflow Pipeline: 0

* FSM state transitions: 
1 --> 

* FSM state operations: 

State 1 <SV = 0> <Delay = 1.82>
ST_1 : Operation 4 [1/1] (0.00ns)   --->   "%i_in73 = alloca i32 1"   --->   Operation 4 'alloca' 'i_in73' <Predicate = true> <Delay = 0.00>
ST_1 : Operation 5 [1/1] (0.00ns)   --->   "%p_0_3_0_0_0712 = alloca i32 1"   --->   Operation 5 'alloca' 'p_0_3_0_0_0712' <Predicate = true> <Delay = 0.00>
ST_1 : Operation 6 [1/1] (0.00ns)   --->   "%p_0_2_0_0_0694 = alloca i32 1"   --->   Operation 6 'alloca' 'p_0_2_0_0_0694' <Predicate = true> <Delay = 0.00>
ST_1 : Operation 7 [1/1] (0.00ns)   --->   "%p_0_1_0_0_0676 = alloca i32 1"   --->   Operation 7 'alloca' 'p_0_1_0_0_0676' <Predicate = true> <Delay = 0.00>
ST_1 : Operation 8 [1/1] (0.00ns)   --->   "%p_0_0_0_0_0658 = alloca i32 1"   --->   Operation 8 'alloca' 'p_0_0_0_0_0658' <Predicate = true> <Delay = 0.00>
ST_1 : Operation 9 [1/1] (0.00ns)   --->   "%p_0_3_0_0_06310 = alloca i32 1"   --->   Operation 9 'alloca' 'p_0_3_0_0_06310' <Predicate = true> <Delay = 0.00>
ST_1 : Operation 10 [1/1] (0.00ns)   --->   "%p_0_2_0_0_06112 = alloca i32 1"   --->   Operation 10 'alloca' 'p_0_2_0_0_06112' <Predicate = true> <Delay = 0.00>
ST_1 : Operation 11 [1/1] (0.00ns)   --->   "%p_0_1_0_0_05914 = alloca i32 1"   --->   Operation 11 'alloca' 'p_0_1_0_0_05914' <Predicate = true> <Delay = 0.00>
ST_1 : Operation 12 [1/1] (0.00ns)   --->   "%p_0_0_0_0_05716 = alloca i32 1"   --->   Operation 12 'alloca' 'p_0_0_0_0_05716' <Predicate = true> <Delay = 0.00>
ST_1 : Operation 13 [1/1] (0.00ns)   --->   "%p_0_3_0_0_05518 = alloca i32 1"   --->   Operation 13 'alloca' 'p_0_3_0_0_05518' <Predicate = true> <Delay = 0.00>
ST_1 : Operation 14 [1/1] (0.00ns)   --->   "%p_0_2_0_0_05320 = alloca i32 1"   --->   Operation 14 'alloca' 'p_0_2_0_0_05320' <Predicate = true> <Delay = 0.00>
ST_1 : Operation 15 [1/1] (0.00ns)   --->   "%p_0_1_0_0_05122 = alloca i32 1"   --->   Operation 15 'alloca' 'p_0_1_0_0_05122' <Predicate = true> <Delay = 0.00>
ST_1 : Operation 16 [1/1] (0.00ns)   --->   "%p_0_0_0_0_04924 = alloca i32 1"   --->   Operation 16 'alloca' 'p_0_0_0_0_04924' <Predicate = true> <Delay = 0.00>
ST_1 : Operation 17 [1/1] (0.00ns)   --->   "%p_0_3_0_0_04726 = alloca i32 1"   --->   Operation 17 'alloca' 'p_0_3_0_0_04726' <Predicate = true> <Delay = 0.00>
ST_1 : Operation 18 [1/1] (0.00ns)   --->   "%p_0_2_0_0_04528 = alloca i32 1"   --->   Operation 18 'alloca' 'p_0_2_0_0_04528' <Predicate = true> <Delay = 0.00>
ST_1 : Operation 19 [1/1] (0.00ns)   --->   "%p_0_1_0_0_04330 = alloca i32 1"   --->   Operation 19 'alloca' 'p_0_1_0_0_04330' <Predicate = true> <Delay = 0.00>
ST_1 : Operation 20 [1/1] (0.00ns)   --->   "%p_0_0_0_0_04132 = alloca i32 1"   --->   Operation 20 'alloca' 'p_0_0_0_0_04132' <Predicate = true> <Delay = 0.00>
ST_1 : Operation 21 [1/1] (0.00ns)   --->   "%p_0_3_0_0_03934 = alloca i32 1"   --->   Operation 21 'alloca' 'p_0_3_0_0_03934' <Predicate = true> <Delay = 0.00>
ST_1 : Operation 22 [1/1] (0.00ns)   --->   "%p_0_2_0_0_03736 = alloca i32 1"   --->   Operation 22 'alloca' 'p_0_2_0_0_03736' <Predicate = true> <Delay = 0.00>
ST_1 : Operation 23 [1/1] (0.00ns)   --->   "%p_0_1_0_0_03538 = alloca i32 1"   --->   Operation 23 'alloca' 'p_0_1_0_0_03538' <Predicate = true> <Delay = 0.00>
ST_1 : Operation 24 [1/1] (0.00ns)   --->   "%p_0_0_0_0_03340 = alloca i32 1"   --->   Operation 24 'alloca' 'p_0_0_0_0_03340' <Predicate = true> <Delay = 0.00>
ST_1 : Operation 25 [1/1] (0.00ns)   --->   "%p_0_3_0_0_03142 = alloca i32 1"   --->   Operation 25 'alloca' 'p_0_3_0_0_03142' <Predicate = true> <Delay = 0.00>
ST_1 : Operation 26 [1/1] (0.00ns)   --->   "%p_0_2_0_0_02944 = alloca i32 1"   --->   Operation 26 'alloca' 'p_0_2_0_0_02944' <Predicate = true> <Delay = 0.00>
ST_1 : Operation 27 [1/1] (0.00ns)   --->   "%p_0_1_0_0_02746 = alloca i32 1"   --->   Operation 27 'alloca' 'p_0_1_0_0_02746' <Predicate = true> <Delay = 0.00>
ST_1 : Operation 28 [1/1] (0.00ns)   --->   "%p_0_0_0_0_02548 = alloca i32 1"   --->   Operation 28 'alloca' 'p_0_0_0_0_02548' <Predicate = true> <Delay = 0.00>
ST_1 : Operation 29 [1/1] (0.00ns)   --->   "%p_0_3_0_0_02350 = alloca i32 1"   --->   Operation 29 'alloca' 'p_0_3_0_0_02350' <Predicate = true> <Delay = 0.00>
ST_1 : Operation 30 [1/1] (0.00ns)   --->   "%p_0_2_0_0_02152 = alloca i32 1"   --->   Operation 30 'alloca' 'p_0_2_0_0_02152' <Predicate = true> <Delay = 0.00>
ST_1 : Operation 31 [1/1] (0.00ns)   --->   "%p_0_1_0_0_01954 = alloca i32 1"   --->   Operation 31 'alloca' 'p_0_1_0_0_01954' <Predicate = true> <Delay = 0.00>
ST_1 : Operation 32 [1/1] (0.00ns)   --->   "%p_0_0_0_0_01756 = alloca i32 1"   --->   Operation 32 'alloca' 'p_0_0_0_0_01756' <Predicate = true> <Delay = 0.00>
ST_1 : Operation 33 [1/1] (0.00ns)   --->   "%p_0_3_0_0_01558 = alloca i32 1"   --->   Operation 33 'alloca' 'p_0_3_0_0_01558' <Predicate = true> <Delay = 0.00>
ST_1 : Operation 34 [1/1] (0.00ns)   --->   "%p_0_2_0_0_01360 = alloca i32 1"   --->   Operation 34 'alloca' 'p_0_2_0_0_01360' <Predicate = true> <Delay = 0.00>
ST_1 : Operation 35 [1/1] (0.00ns)   --->   "%p_0_1_0_0_01162 = alloca i32 1"   --->   Operation 35 'alloca' 'p_0_1_0_0_01162' <Predicate = true> <Delay = 0.00>
ST_1 : Operation 36 [1/1] (0.00ns)   --->   "%p_0_0_0_0_0964 = alloca i32 1"   --->   Operation 36 'alloca' 'p_0_0_0_0_0964' <Predicate = true> <Delay = 0.00>
ST_1 : Operation 37 [1/1] (0.00ns)   --->   "%p_0_3_0_0_0766 = alloca i32 1"   --->   Operation 37 'alloca' 'p_0_3_0_0_0766' <Predicate = true> <Delay = 0.00>
ST_1 : Operation 38 [1/1] (0.00ns)   --->   "%p_0_2_0_0_0568 = alloca i32 1"   --->   Operation 38 'alloca' 'p_0_2_0_0_0568' <Predicate = true> <Delay = 0.00>
ST_1 : Operation 39 [1/1] (0.00ns)   --->   "%p_0_1_0_0_0370 = alloca i32 1"   --->   Operation 39 'alloca' 'p_0_1_0_0_0370' <Predicate = true> <Delay = 0.00>
ST_1 : Operation 40 [1/1] (0.00ns)   --->   "%p_0_0_0_0_0172 = alloca i32 1"   --->   Operation 40 'alloca' 'p_0_0_0_0_0172' <Predicate = true> <Delay = 0.00>
ST_1 : Operation 41 [1/1] (0.00ns)   --->   "%specinterface_ln0 = specinterface void @_ssdm_op_SpecInterface, i64 %layer4_out, void @empty_6, i32 0, i32 0, void @empty_3, i32 0, i32 0, void @empty_3, void @empty_3, void @empty_3, i32 0, i32 0, i32 0, i32 0, void @empty_3, void @empty_3, i32 4294967295, i32 0, i32 0"   --->   Operation 41 'specinterface' 'specinterface_ln0' <Predicate = true> <Delay = 0.00>
ST_1 : Operation 42 [1/1] (0.42ns)   --->   "%store_ln0 = store i4 0, i4 %i_in73"   --->   Operation 42 'store' 'store_ln0' <Predicate = true> <Delay = 0.42>
ST_1 : Operation 43 [1/1] (0.00ns)   --->   "%br_ln33 = br void %for.body.i.split" [firmware/nnet_utils/nnet_dense_stream.h:33->firmware/nnet_utils/nnet_dense_stream.h:93]   --->   Operation 43 'br' 'br_ln33' <Predicate = true> <Delay = 0.00>
ST_1 : Operation 44 [1/1] (0.00ns)   --->   "%i_in73_load = load i4 %i_in73" [firmware/nnet_utils/nnet_dense_stream.h:33->firmware/nnet_utils/nnet_dense_stream.h:93]   --->   Operation 44 'load' 'i_in73_load' <Predicate = true> <Delay = 0.00>
ST_1 : Operation 45 [1/1] (0.00ns)   --->   "%specpipeline_ln34 = specpipeline void @_ssdm_op_SpecPipeline, i32 4294967295, i32 0, i32 0, i32 0, void @empty_3" [firmware/nnet_utils/nnet_dense_stream.h:34->firmware/nnet_utils/nnet_dense_stream.h:93]   --->   Operation 45 'specpipeline' 'specpipeline_ln34' <Predicate = true> <Delay = 0.00>
ST_1 : Operation 46 [1/1] (0.00ns)   --->   "%speclooptripcount_ln33 = speclooptripcount void @_ssdm_op_SpecLoopTripCount, i64 9, i64 9, i64 9" [firmware/nnet_utils/nnet_dense_stream.h:33->firmware/nnet_utils/nnet_dense_stream.h:93]   --->   Operation 46 'speclooptripcount' 'speclooptripcount_ln33' <Predicate = true> <Delay = 0.00>
ST_1 : Operation 47 [1/1] (0.00ns)   --->   "%specloopname_ln33 = specloopname void @_ssdm_op_SpecLoopName, void @empty_4" [firmware/nnet_utils/nnet_dense_stream.h:33->firmware/nnet_utils/nnet_dense_stream.h:93]   --->   Operation 47 'specloopname' 'specloopname_ln33' <Predicate = true> <Delay = 0.00>
ST_1 : Operation 48 [1/1] ( I:1.82ns O:1.82ns )   --->   "%layer4_out_read = read i64 @_ssdm_op_Read.ap_fifo.volatile.i64P0A, i64 %layer4_out" [firmware/nnet_utils/nnet_dense_stream.h:35->firmware/nnet_utils/nnet_dense_stream.h:93]   --->   Operation 48 'read' 'layer4_out_read' <Predicate = true> <Delay = 1.82> <CoreInst = "FIFO_SRL">   --->   Core 80 'FIFO_SRL' <Latency = 0> <II = 1> <Delay = 1.94> <Storage> <Opcode : 'read' 'write' 'nbread' 'nbwrite'> <Ports = 0> <Width = 64> <Depth = 9> <FIFO>
ST_1 : Operation 49 [1/1] (0.00ns)   --->   "%data_pack = trunc i64 %layer4_out_read" [firmware/nnet_utils/nnet_dense_stream.h:35->firmware/nnet_utils/nnet_dense_stream.h:93]   --->   Operation 49 'trunc' 'data_pack' <Predicate = true> <Delay = 0.00>
ST_1 : Operation 50 [1/1] (0.00ns)   --->   "%data_pack_1 = partselect i16 @_ssdm_op_PartSelect.i16.i64.i32.i32, i64 %layer4_out_read, i32 16, i32 31" [firmware/nnet_utils/nnet_dense_stream.h:35->firmware/nnet_utils/nnet_dense_stream.h:93]   --->   Operation 50 'partselect' 'data_pack_1' <Predicate = true> <Delay = 0.00>
ST_1 : Operation 51 [1/1] (0.00ns)   --->   "%data_pack_2 = partselect i16 @_ssdm_op_PartSelect.i16.i64.i32.i32, i64 %layer4_out_read, i32 32, i32 47" [firmware/nnet_utils/nnet_dense_stream.h:35->firmware/nnet_utils/nnet_dense_stream.h:93]   --->   Operation 51 'partselect' 'data_pack_2' <Predicate = true> <Delay = 0.00>
ST_1 : Operation 52 [1/1] (0.00ns)   --->   "%data_pack_3 = partselect i16 @_ssdm_op_PartSelect.i16.i64.i32.i32, i64 %layer4_out_read, i32 48, i32 63" [firmware/nnet_utils/nnet_dense_stream.h:35->firmware/nnet_utils/nnet_dense_stream.h:93]   --->   Operation 52 'partselect' 'data_pack_3' <Predicate = true> <Delay = 0.00>
ST_1 : Operation 53 [1/1] (0.79ns)   --->   "%i_in = add i4 %i_in73_load, i4 1" [firmware/nnet_utils/nnet_dense_stream.h:33->firmware/nnet_utils/nnet_dense_stream.h:93]   --->   Operation 53 'add' 'i_in' <Predicate = true> <Delay = 0.79> <CoreInst = "Adder">   --->   Core 1 'Adder' <Latency = 0> <II = 1> <Delay = 0.79> <FuncUnit> <Opcode : 'add' 'sub'> <InPorts = 2> <OutPorts = 1>
ST_1 : Operation 54 [1/1] (0.79ns)   --->   "%switch_ln39 = switch i4 %i_in73_load, void %arrayidx.i3.3.case.35, i4 0, void %arrayidx.i3.3.case.3, i4 1, void %arrayidx.i3.3.case.7, i4 2, void %arrayidx.i3.3.case.11, i4 3, void %arrayidx.i3.3.case.15, i4 4, void %arrayidx.i3.3.case.19, i4 5, void %arrayidx.i3.3.case.23, i4 6, void %arrayidx.i3.3.case.27, i4 7, void %for.body.i.split.arrayidx.i3.3.exit_crit_edge" [firmware/nnet_utils/nnet_dense_stream.h:39->firmware/nnet_utils/nnet_dense_stream.h:93]   --->   Operation 54 'switch' 'switch_ln39' <Predicate = true> <Delay = 0.79>
ST_1 : Operation 55 [1/1] (0.00ns)   --->   "%store_ln35 = store i16 %data_pack, i16 %p_0_0_0_0_0172" [firmware/nnet_utils/nnet_dense_stream.h:35->firmware/nnet_utils/nnet_dense_stream.h:93]   --->   Operation 55 'store' 'store_ln35' <Predicate = (i_in73_load == 7)> <Delay = 0.00>
ST_1 : Operation 56 [1/1] (0.00ns)   --->   "%store_ln35 = store i16 %data_pack_1, i16 %p_0_1_0_0_0370" [firmware/nnet_utils/nnet_dense_stream.h:35->firmware/nnet_utils/nnet_dense_stream.h:93]   --->   Operation 56 'store' 'store_ln35' <Predicate = (i_in73_load == 7)> <Delay = 0.00>
ST_1 : Operation 57 [1/1] (0.00ns)   --->   "%store_ln35 = store i16 %data_pack_2, i16 %p_0_2_0_0_0568" [firmware/nnet_utils/nnet_dense_stream.h:35->firmware/nnet_utils/nnet_dense_stream.h:93]   --->   Operation 57 'store' 'store_ln35' <Predicate = (i_in73_load == 7)> <Delay = 0.00>
ST_1 : Operation 58 [1/1] (0.00ns)   --->   "%store_ln35 = store i16 %data_pack_3, i16 %p_0_3_0_0_0766" [firmware/nnet_utils/nnet_dense_stream.h:35->firmware/nnet_utils/nnet_dense_stream.h:93]   --->   Operation 58 'store' 'store_ln35' <Predicate = (i_in73_load == 7)> <Delay = 0.00>
ST_1 : Operation 59 [1/1] (0.00ns)   --->   "%br_ln39 = br void %arrayidx.i3.3.exit" [firmware/nnet_utils/nnet_dense_stream.h:39->firmware/nnet_utils/nnet_dense_stream.h:93]   --->   Operation 59 'br' 'br_ln39' <Predicate = (i_in73_load == 7)> <Delay = 0.00>
ST_1 : Operation 60 [1/1] (0.00ns)   --->   "%store_ln35 = store i16 %data_pack, i16 %p_0_0_0_0_0964" [firmware/nnet_utils/nnet_dense_stream.h:35->firmware/nnet_utils/nnet_dense_stream.h:93]   --->   Operation 60 'store' 'store_ln35' <Predicate = (i_in73_load == 6)> <Delay = 0.00>
ST_1 : Operation 61 [1/1] (0.00ns)   --->   "%store_ln35 = store i16 %data_pack_1, i16 %p_0_1_0_0_01162" [firmware/nnet_utils/nnet_dense_stream.h:35->firmware/nnet_utils/nnet_dense_stream.h:93]   --->   Operation 61 'store' 'store_ln35' <Predicate = (i_in73_load == 6)> <Delay = 0.00>
ST_1 : Operation 62 [1/1] (0.00ns)   --->   "%store_ln35 = store i16 %data_pack_2, i16 %p_0_2_0_0_01360" [firmware/nnet_utils/nnet_dense_stream.h:35->firmware/nnet_utils/nnet_dense_stream.h:93]   --->   Operation 62 'store' 'store_ln35' <Predicate = (i_in73_load == 6)> <Delay = 0.00>
ST_1 : Operation 63 [1/1] (0.00ns)   --->   "%store_ln35 = store i16 %data_pack_3, i16 %p_0_3_0_0_01558" [firmware/nnet_utils/nnet_dense_stream.h:35->firmware/nnet_utils/nnet_dense_stream.h:93]   --->   Operation 63 'store' 'store_ln35' <Predicate = (i_in73_load == 6)> <Delay = 0.00>
ST_1 : Operation 64 [1/1] (0.00ns)   --->   "%br_ln39 = br void %arrayidx.i3.3.exit" [firmware/nnet_utils/nnet_dense_stream.h:39->firmware/nnet_utils/nnet_dense_stream.h:93]   --->   Operation 64 'br' 'br_ln39' <Predicate = (i_in73_load == 6)> <Delay = 0.00>
ST_1 : Operation 65 [1/1] (0.00ns)   --->   "%store_ln35 = store i16 %data_pack, i16 %p_0_0_0_0_01756" [firmware/nnet_utils/nnet_dense_stream.h:35->firmware/nnet_utils/nnet_dense_stream.h:93]   --->   Operation 65 'store' 'store_ln35' <Predicate = (i_in73_load == 5)> <Delay = 0.00>
ST_1 : Operation 66 [1/1] (0.00ns)   --->   "%store_ln35 = store i16 %data_pack_1, i16 %p_0_1_0_0_01954" [firmware/nnet_utils/nnet_dense_stream.h:35->firmware/nnet_utils/nnet_dense_stream.h:93]   --->   Operation 66 'store' 'store_ln35' <Predicate = (i_in73_load == 5)> <Delay = 0.00>
ST_1 : Operation 67 [1/1] (0.00ns)   --->   "%store_ln35 = store i16 %data_pack_2, i16 %p_0_2_0_0_02152" [firmware/nnet_utils/nnet_dense_stream.h:35->firmware/nnet_utils/nnet_dense_stream.h:93]   --->   Operation 67 'store' 'store_ln35' <Predicate = (i_in73_load == 5)> <Delay = 0.00>
ST_1 : Operation 68 [1/1] (0.00ns)   --->   "%store_ln35 = store i16 %data_pack_3, i16 %p_0_3_0_0_02350" [firmware/nnet_utils/nnet_dense_stream.h:35->firmware/nnet_utils/nnet_dense_stream.h:93]   --->   Operation 68 'store' 'store_ln35' <Predicate = (i_in73_load == 5)> <Delay = 0.00>
ST_1 : Operation 69 [1/1] (0.00ns)   --->   "%br_ln39 = br void %arrayidx.i3.3.exit" [firmware/nnet_utils/nnet_dense_stream.h:39->firmware/nnet_utils/nnet_dense_stream.h:93]   --->   Operation 69 'br' 'br_ln39' <Predicate = (i_in73_load == 5)> <Delay = 0.00>
ST_1 : Operation 70 [1/1] (0.00ns)   --->   "%store_ln35 = store i16 %data_pack, i16 %p_0_0_0_0_02548" [firmware/nnet_utils/nnet_dense_stream.h:35->firmware/nnet_utils/nnet_dense_stream.h:93]   --->   Operation 70 'store' 'store_ln35' <Predicate = (i_in73_load == 4)> <Delay = 0.00>
ST_1 : Operation 71 [1/1] (0.00ns)   --->   "%store_ln35 = store i16 %data_pack_1, i16 %p_0_1_0_0_02746" [firmware/nnet_utils/nnet_dense_stream.h:35->firmware/nnet_utils/nnet_dense_stream.h:93]   --->   Operation 71 'store' 'store_ln35' <Predicate = (i_in73_load == 4)> <Delay = 0.00>
ST_1 : Operation 72 [1/1] (0.00ns)   --->   "%store_ln35 = store i16 %data_pack_2, i16 %p_0_2_0_0_02944" [firmware/nnet_utils/nnet_dense_stream.h:35->firmware/nnet_utils/nnet_dense_stream.h:93]   --->   Operation 72 'store' 'store_ln35' <Predicate = (i_in73_load == 4)> <Delay = 0.00>
ST_1 : Operation 73 [1/1] (0.00ns)   --->   "%store_ln35 = store i16 %data_pack_3, i16 %p_0_3_0_0_03142" [firmware/nnet_utils/nnet_dense_stream.h:35->firmware/nnet_utils/nnet_dense_stream.h:93]   --->   Operation 73 'store' 'store_ln35' <Predicate = (i_in73_load == 4)> <Delay = 0.00>
ST_1 : Operation 74 [1/1] (0.00ns)   --->   "%br_ln39 = br void %arrayidx.i3.3.exit" [firmware/nnet_utils/nnet_dense_stream.h:39->firmware/nnet_utils/nnet_dense_stream.h:93]   --->   Operation 74 'br' 'br_ln39' <Predicate = (i_in73_load == 4)> <Delay = 0.00>
ST_1 : Operation 75 [1/1] (0.00ns)   --->   "%store_ln35 = store i16 %data_pack, i16 %p_0_0_0_0_03340" [firmware/nnet_utils/nnet_dense_stream.h:35->firmware/nnet_utils/nnet_dense_stream.h:93]   --->   Operation 75 'store' 'store_ln35' <Predicate = (i_in73_load == 3)> <Delay = 0.00>
ST_1 : Operation 76 [1/1] (0.00ns)   --->   "%store_ln35 = store i16 %data_pack_1, i16 %p_0_1_0_0_03538" [firmware/nnet_utils/nnet_dense_stream.h:35->firmware/nnet_utils/nnet_dense_stream.h:93]   --->   Operation 76 'store' 'store_ln35' <Predicate = (i_in73_load == 3)> <Delay = 0.00>
ST_1 : Operation 77 [1/1] (0.00ns)   --->   "%store_ln35 = store i16 %data_pack_2, i16 %p_0_2_0_0_03736" [firmware/nnet_utils/nnet_dense_stream.h:35->firmware/nnet_utils/nnet_dense_stream.h:93]   --->   Operation 77 'store' 'store_ln35' <Predicate = (i_in73_load == 3)> <Delay = 0.00>
ST_1 : Operation 78 [1/1] (0.00ns)   --->   "%store_ln35 = store i16 %data_pack_3, i16 %p_0_3_0_0_03934" [firmware/nnet_utils/nnet_dense_stream.h:35->firmware/nnet_utils/nnet_dense_stream.h:93]   --->   Operation 78 'store' 'store_ln35' <Predicate = (i_in73_load == 3)> <Delay = 0.00>
ST_1 : Operation 79 [1/1] (0.00ns)   --->   "%br_ln39 = br void %arrayidx.i3.3.exit" [firmware/nnet_utils/nnet_dense_stream.h:39->firmware/nnet_utils/nnet_dense_stream.h:93]   --->   Operation 79 'br' 'br_ln39' <Predicate = (i_in73_load == 3)> <Delay = 0.00>
ST_1 : Operation 80 [1/1] (0.00ns)   --->   "%store_ln35 = store i16 %data_pack, i16 %p_0_0_0_0_04132" [firmware/nnet_utils/nnet_dense_stream.h:35->firmware/nnet_utils/nnet_dense_stream.h:93]   --->   Operation 80 'store' 'store_ln35' <Predicate = (i_in73_load == 2)> <Delay = 0.00>
ST_1 : Operation 81 [1/1] (0.00ns)   --->   "%store_ln35 = store i16 %data_pack_1, i16 %p_0_1_0_0_04330" [firmware/nnet_utils/nnet_dense_stream.h:35->firmware/nnet_utils/nnet_dense_stream.h:93]   --->   Operation 81 'store' 'store_ln35' <Predicate = (i_in73_load == 2)> <Delay = 0.00>
ST_1 : Operation 82 [1/1] (0.00ns)   --->   "%store_ln35 = store i16 %data_pack_2, i16 %p_0_2_0_0_04528" [firmware/nnet_utils/nnet_dense_stream.h:35->firmware/nnet_utils/nnet_dense_stream.h:93]   --->   Operation 82 'store' 'store_ln35' <Predicate = (i_in73_load == 2)> <Delay = 0.00>
ST_1 : Operation 83 [1/1] (0.00ns)   --->   "%store_ln35 = store i16 %data_pack_3, i16 %p_0_3_0_0_04726" [firmware/nnet_utils/nnet_dense_stream.h:35->firmware/nnet_utils/nnet_dense_stream.h:93]   --->   Operation 83 'store' 'store_ln35' <Predicate = (i_in73_load == 2)> <Delay = 0.00>
ST_1 : Operation 84 [1/1] (0.00ns)   --->   "%br_ln39 = br void %arrayidx.i3.3.exit" [firmware/nnet_utils/nnet_dense_stream.h:39->firmware/nnet_utils/nnet_dense_stream.h:93]   --->   Operation 84 'br' 'br_ln39' <Predicate = (i_in73_load == 2)> <Delay = 0.00>
ST_1 : Operation 85 [1/1] (0.00ns)   --->   "%store_ln35 = store i16 %data_pack, i16 %p_0_0_0_0_04924" [firmware/nnet_utils/nnet_dense_stream.h:35->firmware/nnet_utils/nnet_dense_stream.h:93]   --->   Operation 85 'store' 'store_ln35' <Predicate = (i_in73_load == 1)> <Delay = 0.00>
ST_1 : Operation 86 [1/1] (0.00ns)   --->   "%store_ln35 = store i16 %data_pack_1, i16 %p_0_1_0_0_05122" [firmware/nnet_utils/nnet_dense_stream.h:35->firmware/nnet_utils/nnet_dense_stream.h:93]   --->   Operation 86 'store' 'store_ln35' <Predicate = (i_in73_load == 1)> <Delay = 0.00>
ST_1 : Operation 87 [1/1] (0.00ns)   --->   "%store_ln35 = store i16 %data_pack_2, i16 %p_0_2_0_0_05320" [firmware/nnet_utils/nnet_dense_stream.h:35->firmware/nnet_utils/nnet_dense_stream.h:93]   --->   Operation 87 'store' 'store_ln35' <Predicate = (i_in73_load == 1)> <Delay = 0.00>
ST_1 : Operation 88 [1/1] (0.00ns)   --->   "%store_ln35 = store i16 %data_pack_3, i16 %p_0_3_0_0_05518" [firmware/nnet_utils/nnet_dense_stream.h:35->firmware/nnet_utils/nnet_dense_stream.h:93]   --->   Operation 88 'store' 'store_ln35' <Predicate = (i_in73_load == 1)> <Delay = 0.00>
ST_1 : Operation 89 [1/1] (0.00ns)   --->   "%br_ln39 = br void %arrayidx.i3.3.exit" [firmware/nnet_utils/nnet_dense_stream.h:39->firmware/nnet_utils/nnet_dense_stream.h:93]   --->   Operation 89 'br' 'br_ln39' <Predicate = (i_in73_load == 1)> <Delay = 0.00>
ST_1 : Operation 90 [1/1] (0.00ns)   --->   "%store_ln35 = store i16 %data_pack, i16 %p_0_0_0_0_05716" [firmware/nnet_utils/nnet_dense_stream.h:35->firmware/nnet_utils/nnet_dense_stream.h:93]   --->   Operation 90 'store' 'store_ln35' <Predicate = (i_in73_load == 0)> <Delay = 0.00>
ST_1 : Operation 91 [1/1] (0.00ns)   --->   "%store_ln35 = store i16 %data_pack_1, i16 %p_0_1_0_0_05914" [firmware/nnet_utils/nnet_dense_stream.h:35->firmware/nnet_utils/nnet_dense_stream.h:93]   --->   Operation 91 'store' 'store_ln35' <Predicate = (i_in73_load == 0)> <Delay = 0.00>
ST_1 : Operation 92 [1/1] (0.00ns)   --->   "%store_ln35 = store i16 %data_pack_2, i16 %p_0_2_0_0_06112" [firmware/nnet_utils/nnet_dense_stream.h:35->firmware/nnet_utils/nnet_dense_stream.h:93]   --->   Operation 92 'store' 'store_ln35' <Predicate = (i_in73_load == 0)> <Delay = 0.00>
ST_1 : Operation 93 [1/1] (0.00ns)   --->   "%store_ln35 = store i16 %data_pack_3, i16 %p_0_3_0_0_06310" [firmware/nnet_utils/nnet_dense_stream.h:35->firmware/nnet_utils/nnet_dense_stream.h:93]   --->   Operation 93 'store' 'store_ln35' <Predicate = (i_in73_load == 0)> <Delay = 0.00>
ST_1 : Operation 94 [1/1] (0.00ns)   --->   "%br_ln39 = br void %arrayidx.i3.3.exit" [firmware/nnet_utils/nnet_dense_stream.h:39->firmware/nnet_utils/nnet_dense_stream.h:93]   --->   Operation 94 'br' 'br_ln39' <Predicate = (i_in73_load == 0)> <Delay = 0.00>
ST_1 : Operation 95 [1/1] (0.00ns)   --->   "%store_ln35 = store i16 %data_pack, i16 %p_0_0_0_0_0658" [firmware/nnet_utils/nnet_dense_stream.h:35->firmware/nnet_utils/nnet_dense_stream.h:93]   --->   Operation 95 'store' 'store_ln35' <Predicate = (i_in73_load != 0 & i_in73_load != 1 & i_in73_load != 2 & i_in73_load != 3 & i_in73_load != 4 & i_in73_load != 5 & i_in73_load != 6 & i_in73_load != 7)> <Delay = 0.00>
ST_1 : Operation 96 [1/1] (0.00ns)   --->   "%store_ln35 = store i16 %data_pack_1, i16 %p_0_1_0_0_0676" [firmware/nnet_utils/nnet_dense_stream.h:35->firmware/nnet_utils/nnet_dense_stream.h:93]   --->   Operation 96 'store' 'store_ln35' <Predicate = (i_in73_load != 0 & i_in73_load != 1 & i_in73_load != 2 & i_in73_load != 3 & i_in73_load != 4 & i_in73_load != 5 & i_in73_load != 6 & i_in73_load != 7)> <Delay = 0.00>
ST_1 : Operation 97 [1/1] (0.00ns)   --->   "%store_ln35 = store i16 %data_pack_2, i16 %p_0_2_0_0_0694" [firmware/nnet_utils/nnet_dense_stream.h:35->firmware/nnet_utils/nnet_dense_stream.h:93]   --->   Operation 97 'store' 'store_ln35' <Predicate = (i_in73_load != 0 & i_in73_load != 1 & i_in73_load != 2 & i_in73_load != 3 & i_in73_load != 4 & i_in73_load != 5 & i_in73_load != 6 & i_in73_load != 7)> <Delay = 0.00>
ST_1 : Operation 98 [1/1] (0.00ns)   --->   "%store_ln35 = store i16 %data_pack_3, i16 %p_0_3_0_0_0712" [firmware/nnet_utils/nnet_dense_stream.h:35->firmware/nnet_utils/nnet_dense_stream.h:93]   --->   Operation 98 'store' 'store_ln35' <Predicate = (i_in73_load != 0 & i_in73_load != 1 & i_in73_load != 2 & i_in73_load != 3 & i_in73_load != 4 & i_in73_load != 5 & i_in73_load != 6 & i_in73_load != 7)> <Delay = 0.00>
ST_1 : Operation 99 [1/1] (0.00ns)   --->   "%br_ln39 = br void %arrayidx.i3.3.exit" [firmware/nnet_utils/nnet_dense_stream.h:39->firmware/nnet_utils/nnet_dense_stream.h:93]   --->   Operation 99 'br' 'br_ln39' <Predicate = (i_in73_load != 0 & i_in73_load != 1 & i_in73_load != 2 & i_in73_load != 3 & i_in73_load != 4 & i_in73_load != 5 & i_in73_load != 6 & i_in73_load != 7)> <Delay = 0.00>
ST_1 : Operation 100 [1/1] (0.79ns)   --->   "%icmp_ln33 = icmp_eq  i4 %i_in73_load, i4 8" [firmware/nnet_utils/nnet_dense_stream.h:33->firmware/nnet_utils/nnet_dense_stream.h:93]   --->   Operation 100 'icmp' 'icmp_ln33' <Predicate = true> <Delay = 0.79> <CoreInst = "Cmp">   --->   Core 9 'Cmp' <Latency = 0> <II = 1> <Delay = 0.79> <FuncUnit> <Opcode : 'seteq' 'setne' 'setle' 'setge' 'setlt' 'setgt'> <InPorts = 2> <OutPorts = 1>
ST_1 : Operation 101 [1/1] (0.42ns)   --->   "%store_ln33 = store i4 %i_in, i4 %i_in73" [firmware/nnet_utils/nnet_dense_stream.h:33->firmware/nnet_utils/nnet_dense_stream.h:93]   --->   Operation 101 'store' 'store_ln33' <Predicate = true> <Delay = 0.42>
ST_1 : Operation 102 [1/1] (0.00ns)   --->   "%br_ln33 = br i1 %icmp_ln33, void %for.body.i.split, void %_ZN4nnet12data_prepareINS_5arrayI8ap_fixedILi16ELi6EL9ap_q_mode5EL9ap_o_mode3ELi0EELj4EEE7config6EEvRN3hls6streamIT_Li0EEEPNSA_10value_typeE.11.exit.exitStub" [firmware/nnet_utils/nnet_dense_stream.h:33->firmware/nnet_utils/nnet_dense_stream.h:93]   --->   Operation 102 'br' 'br_ln33' <Predicate = true> <Delay = 0.00>
ST_1 : Operation 103 [1/1] (0.00ns)   --->   "%p_0_3_0_0_0712_load = load i16 %p_0_3_0_0_0712"   --->   Operation 103 'load' 'p_0_3_0_0_0712_load' <Predicate = (icmp_ln33)> <Delay = 0.00>
ST_1 : Operation 104 [1/1] (0.00ns)   --->   "%p_0_2_0_0_0694_load = load i16 %p_0_2_0_0_0694"   --->   Operation 104 'load' 'p_0_2_0_0_0694_load' <Predicate = (icmp_ln33)> <Delay = 0.00>
ST_1 : Operation 105 [1/1] (0.00ns)   --->   "%p_0_1_0_0_0676_load = load i16 %p_0_1_0_0_0676"   --->   Operation 105 'load' 'p_0_1_0_0_0676_load' <Predicate = (icmp_ln33)> <Delay = 0.00>
ST_1 : Operation 106 [1/1] (0.00ns)   --->   "%p_0_0_0_0_0658_load = load i16 %p_0_0_0_0_0658"   --->   Operation 106 'load' 'p_0_0_0_0_0658_load' <Predicate = (icmp_ln33)> <Delay = 0.00>
ST_1 : Operation 107 [1/1] (0.00ns)   --->   "%p_0_3_0_0_06310_load = load i16 %p_0_3_0_0_06310"   --->   Operation 107 'load' 'p_0_3_0_0_06310_load' <Predicate = (icmp_ln33)> <Delay = 0.00>
ST_1 : Operation 108 [1/1] (0.00ns)   --->   "%p_0_2_0_0_06112_load = load i16 %p_0_2_0_0_06112"   --->   Operation 108 'load' 'p_0_2_0_0_06112_load' <Predicate = (icmp_ln33)> <Delay = 0.00>
ST_1 : Operation 109 [1/1] (0.00ns)   --->   "%p_0_1_0_0_05914_load = load i16 %p_0_1_0_0_05914"   --->   Operation 109 'load' 'p_0_1_0_0_05914_load' <Predicate = (icmp_ln33)> <Delay = 0.00>
ST_1 : Operation 110 [1/1] (0.00ns)   --->   "%p_0_0_0_0_05716_load = load i16 %p_0_0_0_0_05716"   --->   Operation 110 'load' 'p_0_0_0_0_05716_load' <Predicate = (icmp_ln33)> <Delay = 0.00>
ST_1 : Operation 111 [1/1] (0.00ns)   --->   "%p_0_3_0_0_05518_load = load i16 %p_0_3_0_0_05518"   --->   Operation 111 'load' 'p_0_3_0_0_05518_load' <Predicate = (icmp_ln33)> <Delay = 0.00>
ST_1 : Operation 112 [1/1] (0.00ns)   --->   "%p_0_2_0_0_05320_load = load i16 %p_0_2_0_0_05320"   --->   Operation 112 'load' 'p_0_2_0_0_05320_load' <Predicate = (icmp_ln33)> <Delay = 0.00>
ST_1 : Operation 113 [1/1] (0.00ns)   --->   "%p_0_1_0_0_05122_load = load i16 %p_0_1_0_0_05122"   --->   Operation 113 'load' 'p_0_1_0_0_05122_load' <Predicate = (icmp_ln33)> <Delay = 0.00>
ST_1 : Operation 114 [1/1] (0.00ns)   --->   "%p_0_0_0_0_04924_load = load i16 %p_0_0_0_0_04924"   --->   Operation 114 'load' 'p_0_0_0_0_04924_load' <Predicate = (icmp_ln33)> <Delay = 0.00>
ST_1 : Operation 115 [1/1] (0.00ns)   --->   "%p_0_3_0_0_04726_load = load i16 %p_0_3_0_0_04726"   --->   Operation 115 'load' 'p_0_3_0_0_04726_load' <Predicate = (icmp_ln33)> <Delay = 0.00>
ST_1 : Operation 116 [1/1] (0.00ns)   --->   "%p_0_2_0_0_04528_load = load i16 %p_0_2_0_0_04528"   --->   Operation 116 'load' 'p_0_2_0_0_04528_load' <Predicate = (icmp_ln33)> <Delay = 0.00>
ST_1 : Operation 117 [1/1] (0.00ns)   --->   "%p_0_1_0_0_04330_load = load i16 %p_0_1_0_0_04330"   --->   Operation 117 'load' 'p_0_1_0_0_04330_load' <Predicate = (icmp_ln33)> <Delay = 0.00>
ST_1 : Operation 118 [1/1] (0.00ns)   --->   "%p_0_0_0_0_04132_load = load i16 %p_0_0_0_0_04132"   --->   Operation 118 'load' 'p_0_0_0_0_04132_load' <Predicate = (icmp_ln33)> <Delay = 0.00>
ST_1 : Operation 119 [1/1] (0.00ns)   --->   "%p_0_3_0_0_03934_load = load i16 %p_0_3_0_0_03934"   --->   Operation 119 'load' 'p_0_3_0_0_03934_load' <Predicate = (icmp_ln33)> <Delay = 0.00>
ST_1 : Operation 120 [1/1] (0.00ns)   --->   "%p_0_2_0_0_03736_load = load i16 %p_0_2_0_0_03736"   --->   Operation 120 'load' 'p_0_2_0_0_03736_load' <Predicate = (icmp_ln33)> <Delay = 0.00>
ST_1 : Operation 121 [1/1] (0.00ns)   --->   "%p_0_1_0_0_03538_load = load i16 %p_0_1_0_0_03538"   --->   Operation 121 'load' 'p_0_1_0_0_03538_load' <Predicate = (icmp_ln33)> <Delay = 0.00>
ST_1 : Operation 122 [1/1] (0.00ns)   --->   "%p_0_0_0_0_03340_load = load i16 %p_0_0_0_0_03340"   --->   Operation 122 'load' 'p_0_0_0_0_03340_load' <Predicate = (icmp_ln33)> <Delay = 0.00>
ST_1 : Operation 123 [1/1] (0.00ns)   --->   "%p_0_3_0_0_03142_load = load i16 %p_0_3_0_0_03142"   --->   Operation 123 'load' 'p_0_3_0_0_03142_load' <Predicate = (icmp_ln33)> <Delay = 0.00>
ST_1 : Operation 124 [1/1] (0.00ns)   --->   "%p_0_2_0_0_02944_load = load i16 %p_0_2_0_0_02944"   --->   Operation 124 'load' 'p_0_2_0_0_02944_load' <Predicate = (icmp_ln33)> <Delay = 0.00>
ST_1 : Operation 125 [1/1] (0.00ns)   --->   "%p_0_1_0_0_02746_load = load i16 %p_0_1_0_0_02746"   --->   Operation 125 'load' 'p_0_1_0_0_02746_load' <Predicate = (icmp_ln33)> <Delay = 0.00>
ST_1 : Operation 126 [1/1] (0.00ns)   --->   "%p_0_0_0_0_02548_load = load i16 %p_0_0_0_0_02548"   --->   Operation 126 'load' 'p_0_0_0_0_02548_load' <Predicate = (icmp_ln33)> <Delay = 0.00>
ST_1 : Operation 127 [1/1] (0.00ns)   --->   "%p_0_3_0_0_02350_load = load i16 %p_0_3_0_0_02350"   --->   Operation 127 'load' 'p_0_3_0_0_02350_load' <Predicate = (icmp_ln33)> <Delay = 0.00>
ST_1 : Operation 128 [1/1] (0.00ns)   --->   "%p_0_2_0_0_02152_load = load i16 %p_0_2_0_0_02152"   --->   Operation 128 'load' 'p_0_2_0_0_02152_load' <Predicate = (icmp_ln33)> <Delay = 0.00>
ST_1 : Operation 129 [1/1] (0.00ns)   --->   "%p_0_1_0_0_01954_load = load i16 %p_0_1_0_0_01954"   --->   Operation 129 'load' 'p_0_1_0_0_01954_load' <Predicate = (icmp_ln33)> <Delay = 0.00>
ST_1 : Operation 130 [1/1] (0.00ns)   --->   "%p_0_0_0_0_01756_load = load i16 %p_0_0_0_0_01756"   --->   Operation 130 'load' 'p_0_0_0_0_01756_load' <Predicate = (icmp_ln33)> <Delay = 0.00>
ST_1 : Operation 131 [1/1] (0.00ns)   --->   "%p_0_3_0_0_01558_load = load i16 %p_0_3_0_0_01558"   --->   Operation 131 'load' 'p_0_3_0_0_01558_load' <Predicate = (icmp_ln33)> <Delay = 0.00>
ST_1 : Operation 132 [1/1] (0.00ns)   --->   "%p_0_2_0_0_01360_load = load i16 %p_0_2_0_0_01360"   --->   Operation 132 'load' 'p_0_2_0_0_01360_load' <Predicate = (icmp_ln33)> <Delay = 0.00>
ST_1 : Operation 133 [1/1] (0.00ns)   --->   "%p_0_1_0_0_01162_load = load i16 %p_0_1_0_0_01162"   --->   Operation 133 'load' 'p_0_1_0_0_01162_load' <Predicate = (icmp_ln33)> <Delay = 0.00>
ST_1 : Operation 134 [1/1] (0.00ns)   --->   "%p_0_0_0_0_0964_load = load i16 %p_0_0_0_0_0964"   --->   Operation 134 'load' 'p_0_0_0_0_0964_load' <Predicate = (icmp_ln33)> <Delay = 0.00>
ST_1 : Operation 135 [1/1] (0.00ns)   --->   "%p_0_3_0_0_0766_load = load i16 %p_0_3_0_0_0766"   --->   Operation 135 'load' 'p_0_3_0_0_0766_load' <Predicate = (icmp_ln33)> <Delay = 0.00>
ST_1 : Operation 136 [1/1] (0.00ns)   --->   "%p_0_2_0_0_0568_load = load i16 %p_0_2_0_0_0568"   --->   Operation 136 'load' 'p_0_2_0_0_0568_load' <Predicate = (icmp_ln33)> <Delay = 0.00>
ST_1 : Operation 137 [1/1] (0.00ns)   --->   "%p_0_1_0_0_0370_load = load i16 %p_0_1_0_0_0370"   --->   Operation 137 'load' 'p_0_1_0_0_0370_load' <Predicate = (icmp_ln33)> <Delay = 0.00>
ST_1 : Operation 138 [1/1] (0.00ns)   --->   "%p_0_0_0_0_0172_load = load i16 %p_0_0_0_0_0172"   --->   Operation 138 'load' 'p_0_0_0_0_0172_load' <Predicate = (icmp_ln33)> <Delay = 0.00>
ST_1 : Operation 139 [1/1] (0.00ns)   --->   "%write_ln0 = write void @_ssdm_op_Write.ap_auto.i16P0A, i16 %data_42_out, i16 %p_0_3_0_0_0712_load"   --->   Operation 139 'write' 'write_ln0' <Predicate = (icmp_ln33)> <Delay = 0.00>
ST_1 : Operation 140 [1/1] (0.00ns)   --->   "%write_ln0 = write void @_ssdm_op_Write.ap_auto.i16P0A, i16 %data_41_out, i16 %p_0_2_0_0_0694_load"   --->   Operation 140 'write' 'write_ln0' <Predicate = (icmp_ln33)> <Delay = 0.00>
ST_1 : Operation 141 [1/1] (0.00ns)   --->   "%write_ln0 = write void @_ssdm_op_Write.ap_auto.i16P0A, i16 %data_40_out, i16 %p_0_1_0_0_0676_load"   --->   Operation 141 'write' 'write_ln0' <Predicate = (icmp_ln33)> <Delay = 0.00>
ST_1 : Operation 142 [1/1] (0.00ns)   --->   "%write_ln0 = write void @_ssdm_op_Write.ap_auto.i16P0A, i16 %data_39_out, i16 %p_0_0_0_0_0658_load"   --->   Operation 142 'write' 'write_ln0' <Predicate = (icmp_ln33)> <Delay = 0.00>
ST_1 : Operation 143 [1/1] (0.00ns)   --->   "%write_ln0 = write void @_ssdm_op_Write.ap_auto.i16P0A, i16 %data_38_out, i16 %p_0_3_0_0_06310_load"   --->   Operation 143 'write' 'write_ln0' <Predicate = (icmp_ln33)> <Delay = 0.00>
ST_1 : Operation 144 [1/1] (0.00ns)   --->   "%write_ln0 = write void @_ssdm_op_Write.ap_auto.i16P0A, i16 %data_37_out, i16 %p_0_2_0_0_06112_load"   --->   Operation 144 'write' 'write_ln0' <Predicate = (icmp_ln33)> <Delay = 0.00>
ST_1 : Operation 145 [1/1] (0.00ns)   --->   "%write_ln0 = write void @_ssdm_op_Write.ap_auto.i16P0A, i16 %data_36_out, i16 %p_0_1_0_0_05914_load"   --->   Operation 145 'write' 'write_ln0' <Predicate = (icmp_ln33)> <Delay = 0.00>
ST_1 : Operation 146 [1/1] (0.00ns)   --->   "%write_ln0 = write void @_ssdm_op_Write.ap_auto.i16P0A, i16 %data_35_out, i16 %p_0_0_0_0_05716_load"   --->   Operation 146 'write' 'write_ln0' <Predicate = (icmp_ln33)> <Delay = 0.00>
ST_1 : Operation 147 [1/1] (0.00ns)   --->   "%write_ln0 = write void @_ssdm_op_Write.ap_auto.i16P0A, i16 %data_34_out, i16 %p_0_3_0_0_05518_load"   --->   Operation 147 'write' 'write_ln0' <Predicate = (icmp_ln33)> <Delay = 0.00>
ST_1 : Operation 148 [1/1] (0.00ns)   --->   "%write_ln0 = write void @_ssdm_op_Write.ap_auto.i16P0A, i16 %data_33_out, i16 %p_0_2_0_0_05320_load"   --->   Operation 148 'write' 'write_ln0' <Predicate = (icmp_ln33)> <Delay = 0.00>
ST_1 : Operation 149 [1/1] (0.00ns)   --->   "%write_ln0 = write void @_ssdm_op_Write.ap_auto.i16P0A, i16 %data_32_out, i16 %p_0_1_0_0_05122_load"   --->   Operation 149 'write' 'write_ln0' <Predicate = (icmp_ln33)> <Delay = 0.00>
ST_1 : Operation 150 [1/1] (0.00ns)   --->   "%write_ln0 = write void @_ssdm_op_Write.ap_auto.i16P0A, i16 %data_31_out, i16 %p_0_0_0_0_04924_load"   --->   Operation 150 'write' 'write_ln0' <Predicate = (icmp_ln33)> <Delay = 0.00>
ST_1 : Operation 151 [1/1] (0.00ns)   --->   "%write_ln0 = write void @_ssdm_op_Write.ap_auto.i16P0A, i16 %data_30_out, i16 %p_0_3_0_0_04726_load"   --->   Operation 151 'write' 'write_ln0' <Predicate = (icmp_ln33)> <Delay = 0.00>
ST_1 : Operation 152 [1/1] (0.00ns)   --->   "%write_ln0 = write void @_ssdm_op_Write.ap_auto.i16P0A, i16 %data_29_out, i16 %p_0_2_0_0_04528_load"   --->   Operation 152 'write' 'write_ln0' <Predicate = (icmp_ln33)> <Delay = 0.00>
ST_1 : Operation 153 [1/1] (0.00ns)   --->   "%write_ln0 = write void @_ssdm_op_Write.ap_auto.i16P0A, i16 %data_28_out, i16 %p_0_1_0_0_04330_load"   --->   Operation 153 'write' 'write_ln0' <Predicate = (icmp_ln33)> <Delay = 0.00>
ST_1 : Operation 154 [1/1] (0.00ns)   --->   "%write_ln0 = write void @_ssdm_op_Write.ap_auto.i16P0A, i16 %data_27_out, i16 %p_0_0_0_0_04132_load"   --->   Operation 154 'write' 'write_ln0' <Predicate = (icmp_ln33)> <Delay = 0.00>
ST_1 : Operation 155 [1/1] (0.00ns)   --->   "%write_ln0 = write void @_ssdm_op_Write.ap_auto.i16P0A, i16 %data_26_out, i16 %p_0_3_0_0_03934_load"   --->   Operation 155 'write' 'write_ln0' <Predicate = (icmp_ln33)> <Delay = 0.00>
ST_1 : Operation 156 [1/1] (0.00ns)   --->   "%write_ln0 = write void @_ssdm_op_Write.ap_auto.i16P0A, i16 %data_25_out, i16 %p_0_2_0_0_03736_load"   --->   Operation 156 'write' 'write_ln0' <Predicate = (icmp_ln33)> <Delay = 0.00>
ST_1 : Operation 157 [1/1] (0.00ns)   --->   "%write_ln0 = write void @_ssdm_op_Write.ap_auto.i16P0A, i16 %data_24_out, i16 %p_0_1_0_0_03538_load"   --->   Operation 157 'write' 'write_ln0' <Predicate = (icmp_ln33)> <Delay = 0.00>
ST_1 : Operation 158 [1/1] (0.00ns)   --->   "%write_ln0 = write void @_ssdm_op_Write.ap_auto.i16P0A, i16 %data_23_out, i16 %p_0_0_0_0_03340_load"   --->   Operation 158 'write' 'write_ln0' <Predicate = (icmp_ln33)> <Delay = 0.00>
ST_1 : Operation 159 [1/1] (0.00ns)   --->   "%write_ln0 = write void @_ssdm_op_Write.ap_auto.i16P0A, i16 %data_22_out, i16 %p_0_3_0_0_03142_load"   --->   Operation 159 'write' 'write_ln0' <Predicate = (icmp_ln33)> <Delay = 0.00>
ST_1 : Operation 160 [1/1] (0.00ns)   --->   "%write_ln0 = write void @_ssdm_op_Write.ap_auto.i16P0A, i16 %data_21_out, i16 %p_0_2_0_0_02944_load"   --->   Operation 160 'write' 'write_ln0' <Predicate = (icmp_ln33)> <Delay = 0.00>
ST_1 : Operation 161 [1/1] (0.00ns)   --->   "%write_ln0 = write void @_ssdm_op_Write.ap_auto.i16P0A, i16 %data_20_out, i16 %p_0_1_0_0_02746_load"   --->   Operation 161 'write' 'write_ln0' <Predicate = (icmp_ln33)> <Delay = 0.00>
ST_1 : Operation 162 [1/1] (0.00ns)   --->   "%write_ln0 = write void @_ssdm_op_Write.ap_auto.i16P0A, i16 %data_19_out, i16 %p_0_0_0_0_02548_load"   --->   Operation 162 'write' 'write_ln0' <Predicate = (icmp_ln33)> <Delay = 0.00>
ST_1 : Operation 163 [1/1] (0.00ns)   --->   "%write_ln0 = write void @_ssdm_op_Write.ap_auto.i16P0A, i16 %data_18_out, i16 %p_0_3_0_0_02350_load"   --->   Operation 163 'write' 'write_ln0' <Predicate = (icmp_ln33)> <Delay = 0.00>
ST_1 : Operation 164 [1/1] (0.00ns)   --->   "%write_ln0 = write void @_ssdm_op_Write.ap_auto.i16P0A, i16 %data_17_out, i16 %p_0_2_0_0_02152_load"   --->   Operation 164 'write' 'write_ln0' <Predicate = (icmp_ln33)> <Delay = 0.00>
ST_1 : Operation 165 [1/1] (0.00ns)   --->   "%write_ln0 = write void @_ssdm_op_Write.ap_auto.i16P0A, i16 %data_16_out, i16 %p_0_1_0_0_01954_load"   --->   Operation 165 'write' 'write_ln0' <Predicate = (icmp_ln33)> <Delay = 0.00>
ST_1 : Operation 166 [1/1] (0.00ns)   --->   "%write_ln0 = write void @_ssdm_op_Write.ap_auto.i16P0A, i16 %data_15_out, i16 %p_0_0_0_0_01756_load"   --->   Operation 166 'write' 'write_ln0' <Predicate = (icmp_ln33)> <Delay = 0.00>
ST_1 : Operation 167 [1/1] (0.00ns)   --->   "%write_ln0 = write void @_ssdm_op_Write.ap_auto.i16P0A, i16 %data_14_out, i16 %p_0_3_0_0_01558_load"   --->   Operation 167 'write' 'write_ln0' <Predicate = (icmp_ln33)> <Delay = 0.00>
ST_1 : Operation 168 [1/1] (0.00ns)   --->   "%write_ln0 = write void @_ssdm_op_Write.ap_auto.i16P0A, i16 %data_13_out, i16 %p_0_2_0_0_01360_load"   --->   Operation 168 'write' 'write_ln0' <Predicate = (icmp_ln33)> <Delay = 0.00>
ST_1 : Operation 169 [1/1] (0.00ns)   --->   "%write_ln0 = write void @_ssdm_op_Write.ap_auto.i16P0A, i16 %data_12_out, i16 %p_0_1_0_0_01162_load"   --->   Operation 169 'write' 'write_ln0' <Predicate = (icmp_ln33)> <Delay = 0.00>
ST_1 : Operation 170 [1/1] (0.00ns)   --->   "%write_ln0 = write void @_ssdm_op_Write.ap_auto.i16P0A, i16 %data_11_out, i16 %p_0_0_0_0_0964_load"   --->   Operation 170 'write' 'write_ln0' <Predicate = (icmp_ln33)> <Delay = 0.00>
ST_1 : Operation 171 [1/1] (0.00ns)   --->   "%write_ln0 = write void @_ssdm_op_Write.ap_auto.i16P0A, i16 %data_10_out, i16 %p_0_3_0_0_0766_load"   --->   Operation 171 'write' 'write_ln0' <Predicate = (icmp_ln33)> <Delay = 0.00>
ST_1 : Operation 172 [1/1] (0.00ns)   --->   "%write_ln0 = write void @_ssdm_op_Write.ap_auto.i16P0A, i16 %data_9_out, i16 %p_0_2_0_0_0568_load"   --->   Operation 172 'write' 'write_ln0' <Predicate = (icmp_ln33)> <Delay = 0.00>
ST_1 : Operation 173 [1/1] (0.00ns)   --->   "%write_ln0 = write void @_ssdm_op_Write.ap_auto.i16P0A, i16 %data_8_out, i16 %p_0_1_0_0_0370_load"   --->   Operation 173 'write' 'write_ln0' <Predicate = (icmp_ln33)> <Delay = 0.00>
ST_1 : Operation 174 [1/1] (0.00ns)   --->   "%write_ln0 = write void @_ssdm_op_Write.ap_auto.i16P0A, i16 %data_out, i16 %p_0_0_0_0_0172_load"   --->   Operation 174 'write' 'write_ln0' <Predicate = (icmp_ln33)> <Delay = 0.00>
ST_1 : Operation 175 [1/1] (0.42ns)   --->   "%ret_ln0 = ret"   --->   Operation 175 'ret' 'ret_ln0' <Predicate = (icmp_ln33)> <Delay = 0.42>


============================================================
+ Verbose Summary: Timing violations
============================================================
Target clock period: 5.000ns, clock uncertainty: 1.350ns.

 <State 1>: 1.825ns
The critical path consists of the following:
	fifo read operation ('layer4_out_read', firmware/nnet_utils/nnet_dense_stream.h:35->firmware/nnet_utils/nnet_dense_stream.h:93) on port 'layer4_out' (firmware/nnet_utils/nnet_dense_stream.h:35->firmware/nnet_utils/nnet_dense_stream.h:93) [83]  (1.825 ns)
	'store' operation 0 bit ('store_ln35', firmware/nnet_utils/nnet_dense_stream.h:35->firmware/nnet_utils/nnet_dense_stream.h:93) of variable 'data_pack', firmware/nnet_utils/nnet_dense_stream.h:35->firmware/nnet_utils/nnet_dense_stream.h:93 on local variable 'p_0_0_0_0_0658' [139]  (0.000 ns)


============================================================
+ Verbose Summary: Binding
============================================================
N/A
* FSMD analyzer results:
  - Output states:
 - Input state : 
  - Chain level:
	State 1


============================================================
+ Verbose Summary: Datapath Resource usage 
============================================================
N/A
