

================================================================
== Vitis HLS Report for 'dense_array_ap_fixed_8u_array_ap_fixed_36_16_5_3_0_2u_config8_s'
================================================================
* Date:           Mon Mar 23 21:38:14 2026

* Version:        2024.2 (Build 5238294 on Nov  8 2024)
* Project:        myproject_prj
* Solution:       solution1 (Vivado IP Flow Target)
* Product family: zynquplus
* Target device:  xczu7ev-ffvc1156-2-e


================================================================
== Performance Estimates
================================================================
+ Timing: 
    * Summary: 
    +--------+---------+----------+------------+
    |  Clock |  Target | Estimated| Uncertainty|
    +--------+---------+----------+------------+
    |ap_clk  |  5.00 ns|  3.233 ns|     1.35 ns|
    +--------+---------+----------+------------+

+ Latency: 
    * Summary: 
    +---------+---------+-----------+-----------+-----+-----+---------+
    |  Latency (cycles) |   Latency (absolute)  |  Interval | Pipeline|
    |   min   |   max   |    min    |    max    | min | max |   Type  |
    +---------+---------+-----------+-----------+-----+-----+---------+
    |        3|        3|  15.000 ns|  15.000 ns|    3|    3|       no|
    +---------+---------+-----------+-----------+-----+-----+---------+

    + Detail: 
        * Instance: 
        +-------------------------------------------------------------------------+---------------------------------------------------------------+---------+---------+----------+----------+-----+-----+---------+
        |                                                                         |                                                               |  Latency (cycles) |  Latency (absolute) |  Interval | Pipeline|
        |                                 Instance                                |                             Module                            |   min   |   max   |    min   |    max   | min | max |   Type  |
        +-------------------------------------------------------------------------+---------------------------------------------------------------+---------+---------+----------+----------+-----+-----+---------+
        |grp_dense_latency_wrapper_ap_fixed_ap_fixed_36_16_5_3_0_config8_s_fu_65  |dense_latency_wrapper_ap_fixed_ap_fixed_36_16_5_3_0_config8_s  |        1|        1|  5.000 ns|  5.000 ns|    1|    1|      yes|
        +-------------------------------------------------------------------------+---------------------------------------------------------------+---------+---------+----------+----------+-----+-----+---------+

        * Loop: 
        N/A



================================================================
== Utilization Estimates
================================================================
* Summary: 
+-----------------+---------+------+--------+--------+-----+
|       Name      | BRAM_18K|  DSP |   FF   |   LUT  | URAM|
+-----------------+---------+------+--------+--------+-----+
|DSP              |        -|     -|       -|       -|    -|
|Expression       |        -|     -|       0|       2|    -|
|FIFO             |        -|     -|       -|       -|    -|
|Instance         |        -|    16|     174|     379|    -|
|Memory           |        -|     -|       -|       -|    -|
|Multiplexer      |        -|     -|       0|      62|    -|
|Register         |        -|     -|     207|       -|    -|
+-----------------+---------+------+--------+--------+-----+
|Total            |        0|    16|     381|     443|    0|
+-----------------+---------+------+--------+--------+-----+
|Available        |      624|  1728|  460800|  230400|   96|
+-----------------+---------+------+--------+--------+-----+
|Utilization (%)  |        0|    ~0|      ~0|      ~0|    0|
+-----------------+---------+------+--------+--------+-----+

+ Detail: 
    * Instance: 
    +-------------------------------------------------------------------------+---------------------------------------------------------------+---------+----+-----+-----+-----+
    |                                 Instance                                |                             Module                            | BRAM_18K| DSP|  FF | LUT | URAM|
    +-------------------------------------------------------------------------+---------------------------------------------------------------+---------+----+-----+-----+-----+
    |grp_dense_latency_wrapper_ap_fixed_ap_fixed_36_16_5_3_0_config8_s_fu_65  |dense_latency_wrapper_ap_fixed_ap_fixed_36_16_5_3_0_config8_s  |        0|  16|  174|  379|    0|
    +-------------------------------------------------------------------------+---------------------------------------------------------------+---------+----+-----+-----+-----+
    |Total                                                                    |                                                               |        0|  16|  174|  379|    0|
    +-------------------------------------------------------------------------+---------------------------------------------------------------+---------+----+-----+-----+-----+

    * DSP: 
    N/A

    * Memory: 
    N/A

    * FIFO: 
    N/A

    * Expression: 
    +-----------------+----------+----+---+----+------------+------------+
    |  Variable Name  | Operation| DSP| FF| LUT| Bitwidth P0| Bitwidth P1|
    +-----------------+----------+----+---+----+------------+------------+
    |ap_block_state1  |        or|   0|  0|   2|           1|           1|
    +-----------------+----------+----+---+----+------------+------------+
    |Total            |          |   0|  0|   2|           1|           1|
    +-----------------+----------+----+---+----+------------+------------+

    * Multiplexer: 
    +------------------+----+-----------+-----+-----------+
    |       Name       | LUT| Input Size| Bits| Total Bits|
    +------------------+----+-----------+-----+-----------+
    |ap_NS_fsm         |  26|          5|    1|          5|
    |ap_done           |   9|          2|    1|          2|
    |layer7_out_blk_n  |   9|          2|    1|          2|
    |layer8_out_blk_n  |   9|          2|    1|          2|
    |real_start        |   9|          2|    1|          2|
    +------------------+----+-----------+-----+-----------+
    |Total             |  62|         13|    5|         13|
    +------------------+----+-----------+-----+-----------+

    * Register: 
    +--------------------------------------------------------------------------------------+----+----+-----+-----------+
    |                                         Name                                         | FF | LUT| Bits| Const Bits|
    +--------------------------------------------------------------------------------------+----+----+-----+-----------+
    |ap_CS_fsm                                                                             |   4|   0|    4|          0|
    |ap_done_reg                                                                           |   1|   0|    1|          0|
    |data_1_reg_171                                                                        |  16|   0|   16|          0|
    |data_2_reg_176                                                                        |  16|   0|   16|          0|
    |data_3_reg_181                                                                        |  16|   0|   16|          0|
    |data_4_reg_186                                                                        |  16|   0|   16|          0|
    |data_5_reg_191                                                                        |  16|   0|   16|          0|
    |data_6_reg_196                                                                        |  16|   0|   16|          0|
    |data_7_reg_201                                                                        |  16|   0|   16|          0|
    |data_reg_166                                                                          |  16|   0|   16|          0|
    |grp_dense_latency_wrapper_ap_fixed_ap_fixed_36_16_5_3_0_config8_s_fu_65_ap_start_reg  |   1|   0|    1|          0|
    |res_1_reg_211                                                                         |  36|   0|   36|          0|
    |res_reg_206                                                                           |  36|   0|   36|          0|
    |start_once_reg                                                                        |   1|   0|    1|          0|
    +--------------------------------------------------------------------------------------+----+----+-----+-----------+
    |Total                                                                                 | 207|   0|  207|          0|
    +--------------------------------------------------------------------------------------+----+----+-----+-----------+



================================================================
== Interface
================================================================
* Summary: 
+---------------------------+-----+-----+------------+-------------------------------------------------------------------+--------------+
|         RTL Ports         | Dir | Bits|  Protocol  |                           Source Object                           |    C Type    |
+---------------------------+-----+-----+------------+-------------------------------------------------------------------+--------------+
|ap_clk                     |   in|    1|  ap_ctrl_hs|  dense<array<ap_fixed,8u>,array<ap_fixed<36,16,5,3,0>,2u>,config8>|  return value|
|ap_rst                     |   in|    1|  ap_ctrl_hs|  dense<array<ap_fixed,8u>,array<ap_fixed<36,16,5,3,0>,2u>,config8>|  return value|
|ap_start                   |   in|    1|  ap_ctrl_hs|  dense<array<ap_fixed,8u>,array<ap_fixed<36,16,5,3,0>,2u>,config8>|  return value|
|start_full_n               |   in|    1|  ap_ctrl_hs|  dense<array<ap_fixed,8u>,array<ap_fixed<36,16,5,3,0>,2u>,config8>|  return value|
|ap_done                    |  out|    1|  ap_ctrl_hs|  dense<array<ap_fixed,8u>,array<ap_fixed<36,16,5,3,0>,2u>,config8>|  return value|
|ap_continue                |   in|    1|  ap_ctrl_hs|  dense<array<ap_fixed,8u>,array<ap_fixed<36,16,5,3,0>,2u>,config8>|  return value|
|ap_idle                    |  out|    1|  ap_ctrl_hs|  dense<array<ap_fixed,8u>,array<ap_fixed<36,16,5,3,0>,2u>,config8>|  return value|
|ap_ready                   |  out|    1|  ap_ctrl_hs|  dense<array<ap_fixed,8u>,array<ap_fixed<36,16,5,3,0>,2u>,config8>|  return value|
|start_out                  |  out|    1|  ap_ctrl_hs|  dense<array<ap_fixed,8u>,array<ap_fixed<36,16,5,3,0>,2u>,config8>|  return value|
|start_write                |  out|    1|  ap_ctrl_hs|  dense<array<ap_fixed,8u>,array<ap_fixed<36,16,5,3,0>,2u>,config8>|  return value|
|layer7_out_dout            |   in|  128|     ap_fifo|                                                         layer7_out|       pointer|
|layer7_out_empty_n         |   in|    1|     ap_fifo|                                                         layer7_out|       pointer|
|layer7_out_read            |  out|    1|     ap_fifo|                                                         layer7_out|       pointer|
|layer7_out_num_data_valid  |   in|    2|     ap_fifo|                                                         layer7_out|       pointer|
|layer7_out_fifo_cap        |   in|    2|     ap_fifo|                                                         layer7_out|       pointer|
|layer8_out_din             |  out|   72|     ap_fifo|                                                         layer8_out|       pointer|
|layer8_out_full_n          |   in|    1|     ap_fifo|                                                         layer8_out|       pointer|
|layer8_out_write           |  out|    1|     ap_fifo|                                                         layer8_out|       pointer|
|layer8_out_num_data_valid  |   in|    2|     ap_fifo|                                                         layer8_out|       pointer|
|layer8_out_fifo_cap        |   in|    2|     ap_fifo|                                                         layer8_out|       pointer|
+---------------------------+-----+-----+------------+-------------------------------------------------------------------+--------------+

============================================================
+ Verbose Summary: Synthesis Manager
============================================================
InlineROM: 1
ExposeGlobal: 0
============================================================
+ Verbose Summary: CDFG Model
============================================================
IsTopModel: 0
ResetActiveHigh: 1
IsCombinational: 2
IsDatapathOnly: 0
HasWiredReturn: 1
HasMFsm: 0
HasVarLatency: 1
IsPipeline: 0
IsRtlPipelined: 0
IsInstanceOverlapped: 0
IsDontTouch: 0
HasImplIP: 0
IsGatedGlobalClock: 0


============================================================
+ Verbose Summary: Schedule
============================================================
* Number of FSM states : 4
* Pipeline : 0
* Dataflow Pipeline: 0

* FSM state transitions: 
1 --> 2 
2 --> 3 
3 --> 4 
4 --> 

* FSM state operations: 

State 1 <SV = 0> <Delay = 1.82>
ST_1 : Operation 5 [1/1] ( I:1.82ns O:1.82ns )   --->   "%layer7_out_read = read i128 @_ssdm_op_Read.ap_fifo.volatile.i128P0A, i128 %layer7_out" [firmware/nnet_utils/nnet_dense_stream.h:43->firmware/nnet_utils/nnet_dense_stream.h:93]   --->   Operation 5 'read' 'layer7_out_read' <Predicate = true> <Delay = 1.82> <CoreInst = "FIFO_SRL">   --->   Core 80 'FIFO_SRL' <Latency = 0> <II = 1> <Delay = 1.83> <Storage> <Opcode : 'read' 'write' 'nbread' 'nbwrite'> <Ports = 0> <Width = 128> <Depth = 1> <FIFO>
ST_1 : Operation 6 [1/1] (0.00ns)   --->   "%data = trunc i128 %layer7_out_read" [firmware/nnet_utils/nnet_dense_stream.h:43->firmware/nnet_utils/nnet_dense_stream.h:93]   --->   Operation 6 'trunc' 'data' <Predicate = true> <Delay = 0.00>
ST_1 : Operation 7 [1/1] (0.00ns)   --->   "%data_1 = partselect i16 @_ssdm_op_PartSelect.i16.i128.i32.i32, i128 %layer7_out_read, i32 16, i32 31" [firmware/nnet_utils/nnet_dense_stream.h:43->firmware/nnet_utils/nnet_dense_stream.h:93]   --->   Operation 7 'partselect' 'data_1' <Predicate = true> <Delay = 0.00>
ST_1 : Operation 8 [1/1] (0.00ns)   --->   "%data_2 = partselect i16 @_ssdm_op_PartSelect.i16.i128.i32.i32, i128 %layer7_out_read, i32 32, i32 47" [firmware/nnet_utils/nnet_dense_stream.h:43->firmware/nnet_utils/nnet_dense_stream.h:93]   --->   Operation 8 'partselect' 'data_2' <Predicate = true> <Delay = 0.00>
ST_1 : Operation 9 [1/1] (0.00ns)   --->   "%data_3 = partselect i16 @_ssdm_op_PartSelect.i16.i128.i32.i32, i128 %layer7_out_read, i32 48, i32 63" [firmware/nnet_utils/nnet_dense_stream.h:43->firmware/nnet_utils/nnet_dense_stream.h:93]   --->   Operation 9 'partselect' 'data_3' <Predicate = true> <Delay = 0.00>
ST_1 : Operation 10 [1/1] (0.00ns)   --->   "%data_4 = partselect i16 @_ssdm_op_PartSelect.i16.i128.i32.i32, i128 %layer7_out_read, i32 64, i32 79" [firmware/nnet_utils/nnet_dense_stream.h:43->firmware/nnet_utils/nnet_dense_stream.h:93]   --->   Operation 10 'partselect' 'data_4' <Predicate = true> <Delay = 0.00>
ST_1 : Operation 11 [1/1] (0.00ns)   --->   "%data_5 = partselect i16 @_ssdm_op_PartSelect.i16.i128.i32.i32, i128 %layer7_out_read, i32 80, i32 95" [firmware/nnet_utils/nnet_dense_stream.h:43->firmware/nnet_utils/nnet_dense_stream.h:93]   --->   Operation 11 'partselect' 'data_5' <Predicate = true> <Delay = 0.00>
ST_1 : Operation 12 [1/1] (0.00ns)   --->   "%data_6 = partselect i16 @_ssdm_op_PartSelect.i16.i128.i32.i32, i128 %layer7_out_read, i32 96, i32 111" [firmware/nnet_utils/nnet_dense_stream.h:43->firmware/nnet_utils/nnet_dense_stream.h:93]   --->   Operation 12 'partselect' 'data_6' <Predicate = true> <Delay = 0.00>
ST_1 : Operation 13 [1/1] (0.00ns)   --->   "%data_7 = partselect i16 @_ssdm_op_PartSelect.i16.i128.i32.i32, i128 %layer7_out_read, i32 112, i32 127" [firmware/nnet_utils/nnet_dense_stream.h:43->firmware/nnet_utils/nnet_dense_stream.h:93]   --->   Operation 13 'partselect' 'data_7' <Predicate = true> <Delay = 0.00>

State 2 <SV = 1> <Delay = 3.23>
ST_2 : Operation 14 [2/2] (3.23ns)   --->   "%call_ret = call i72 @dense_latency_wrapper<ap_fixed,ap_fixed<36,16,5,3,0>,config8>, i16 %data, i16 %data_1, i16 %data_2, i16 %data_3, i16 %data_4, i16 %data_5, i16 %data_6, i16 %data_7" [firmware/nnet_utils/nnet_dense_stream.h:95]   --->   Operation 14 'call' 'call_ret' <Predicate = true> <Delay = 3.23> <CoreType = "Generic">   --->   Generic Core

State 3 <SV = 2> <Delay = 3.04>
ST_3 : Operation 15 [1/2] (3.04ns)   --->   "%call_ret = call i72 @dense_latency_wrapper<ap_fixed,ap_fixed<36,16,5,3,0>,config8>, i16 %data, i16 %data_1, i16 %data_2, i16 %data_3, i16 %data_4, i16 %data_5, i16 %data_6, i16 %data_7" [firmware/nnet_utils/nnet_dense_stream.h:95]   --->   Operation 15 'call' 'call_ret' <Predicate = true> <Delay = 3.04> <CoreType = "Generic">   --->   Generic Core
ST_3 : Operation 16 [1/1] (0.00ns)   --->   "%res = extractvalue i72 %call_ret" [firmware/nnet_utils/nnet_dense_stream.h:95]   --->   Operation 16 'extractvalue' 'res' <Predicate = true> <Delay = 0.00>
ST_3 : Operation 17 [1/1] (0.00ns)   --->   "%res_1 = extractvalue i72 %call_ret" [firmware/nnet_utils/nnet_dense_stream.h:95]   --->   Operation 17 'extractvalue' 'res_1' <Predicate = true> <Delay = 0.00>

State 4 <SV = 3> <Delay = 1.82>
ST_4 : Operation 18 [1/1] (0.00ns)   --->   "%specinterface_ln0 = specinterface void @_ssdm_op_SpecInterface, i72 %layer8_out, void @empty_6, i32 0, i32 0, void @empty_3, i32 0, i32 0, void @empty_3, void @empty_3, void @empty_3, i32 0, i32 0, i32 0, i32 0, void @empty_3, void @empty_3, i32 4294967295, i32 0, i32 0"   --->   Operation 18 'specinterface' 'specinterface_ln0' <Predicate = true> <Delay = 0.00>
ST_4 : Operation 19 [1/1] (0.00ns)   --->   "%specinterface_ln0 = specinterface void @_ssdm_op_SpecInterface, i128 %layer7_out, void @empty_6, i32 0, i32 0, void @empty_3, i32 0, i32 0, void @empty_3, void @empty_3, void @empty_3, i32 0, i32 0, i32 0, i32 0, void @empty_3, void @empty_3, i32 4294967295, i32 0, i32 0"   --->   Operation 19 'specinterface' 'specinterface_ln0' <Predicate = true> <Delay = 0.00>
ST_4 : Operation 20 [1/1] (0.00ns)   --->   "%p_s = bitconcatenate i72 @_ssdm_op_BitConcatenate.i72.i36.i36, i36 %res_1, i36 %res" [firmware/nnet_utils/nnet_dense_stream.h:77->firmware/nnet_utils/nnet_dense_stream.h:100]   --->   Operation 20 'bitconcatenate' 'p_s' <Predicate = true> <Delay = 0.00>
ST_4 : Operation 21 [1/1] ( I:1.82ns O:1.82ns )   --->   "%write_ln77 = write void @_ssdm_op_Write.ap_fifo.volatile.i72P0A, i72 %layer8_out, i72 %p_s" [firmware/nnet_utils/nnet_dense_stream.h:77->firmware/nnet_utils/nnet_dense_stream.h:100]   --->   Operation 21 'write' 'write_ln77' <Predicate = true> <Delay = 1.82> <CoreInst = "FIFO_SRL">   --->   Core 80 'FIFO_SRL' <Latency = 0> <II = 1> <Delay = 1.83> <Storage> <Opcode : 'read' 'write' 'nbread' 'nbwrite'> <Ports = 0> <Width = 72> <Depth = 1> <FIFO>
ST_4 : Operation 22 [1/1] (0.00ns)   --->   "%ret_ln101 = ret" [firmware/nnet_utils/nnet_dense_stream.h:101]   --->   Operation 22 'ret' 'ret_ln101' <Predicate = true> <Delay = 0.00>


============================================================
+ Verbose Summary: Binding
============================================================
STG Binding: 
---------------- STG Properties BEGIN ----------------
- Is combinational: 0
- Is one-state seq: 0
- Is datapath-only: 0
- Is pipelined: 0
- Is top level: 0
Port [ Return ] is wired: 1; IO mode=ap_ctrl_hs:ce=0
Port [ layer7_out]:  wired=1; compound=1; hidden=0; nouse=0; global=0; static=0; extern=0; dir=0; type=3; pingpong=0; private_global=0; IO mode=ap_fifo:ce=0
Port [ layer8_out]:  wired=1; compound=1; hidden=0; nouse=0; global=0; static=0; extern=0; dir=1; type=3; pingpong=0; private_global=0; IO mode=ap_fifo:ce=0
---------------- STG Properties END ------------------

---------------- Datapath Model BEGIN ----------------

<LifeTime>
<method=bitvector/>
layer7_out_read   (read          ) [ 00000]
data              (trunc         ) [ 00100]
data_1            (partselect    ) [ 00100]
data_2            (partselect    ) [ 00100]
data_3            (partselect    ) [ 00100]
data_4            (partselect    ) [ 00100]
data_5            (partselect    ) [ 00100]
data_6            (partselect    ) [ 00100]
data_7            (partselect    ) [ 00100]
call_ret          (call          ) [ 00000]
res               (extractvalue  ) [ 00001]
res_1             (extractvalue  ) [ 00001]
specinterface_ln0 (specinterface ) [ 00000]
specinterface_ln0 (specinterface ) [ 00000]
p_s               (bitconcatenate) [ 00000]
write_ln77        (write         ) [ 00000]
ret_ln101         (ret           ) [ 00000]
</LifeTime>

<model>

<comp_list>
<comp id="0" class="1000" name="layer7_out">
<pin_list>
<pin id="1" dir="1" index="0" bw="1" slack="0"/>
</pin_list>
<bind>
<StgValue><ssdm name="layer7_out"/></StgValue>
</bind>
</comp>

<comp id="2" class="1000" name="layer8_out">
<pin_list>
<pin id="3" dir="1" index="0" bw="1" slack="0"/>
</pin_list>
<bind>
<StgValue><ssdm name="layer8_out"/></StgValue>
</bind>
</comp>

<comp id="4" class="1001" name="const_4">
<pin_list>
<pin id="5" dir="1" index="0" bw="1" slack="0"/>
</pin_list>
<bind>
<StgValue><ssdm name="_ssdm_op_Read.ap_fifo.volatile.i128P0A"/></StgValue>
</bind>
</comp>

<comp id="6" class="1001" name="const_6">
<pin_list>
<pin id="7" dir="1" index="0" bw="1" slack="0"/>
</pin_list>
<bind>
<StgValue><ssdm name="_ssdm_op_PartSelect.i16.i128.i32.i32"/></StgValue>
</bind>
</comp>

<comp id="8" class="1001" name="const_8">
<pin_list>
<pin id="9" dir="1" index="0" bw="1" slack="0"/>
</pin_list>
<bind>
<StgValue><ssdm name=""/></StgValue>
</bind>
</comp>

<comp id="10" class="1001" name="const_10">
<pin_list>
<pin id="11" dir="1" index="0" bw="1" slack="0"/>
</pin_list>
<bind>
<StgValue><ssdm name=""/></StgValue>
</bind>
</comp>

<comp id="12" class="1001" name="const_12">
<pin_list>
<pin id="13" dir="1" index="0" bw="1" slack="0"/>
</pin_list>
<bind>
<StgValue><ssdm name=""/></StgValue>
</bind>
</comp>

<comp id="14" class="1001" name="const_14">
<pin_list>
<pin id="15" dir="1" index="0" bw="1" slack="0"/>
</pin_list>
<bind>
<StgValue><ssdm name=""/></StgValue>
</bind>
</comp>

<comp id="16" class="1001" name="const_16">
<pin_list>
<pin id="17" dir="1" index="0" bw="1" slack="0"/>
</pin_list>
<bind>
<StgValue><ssdm name=""/></StgValue>
</bind>
</comp>

<comp id="18" class="1001" name="const_18">
<pin_list>
<pin id="19" dir="1" index="0" bw="1" slack="0"/>
</pin_list>
<bind>
<StgValue><ssdm name=""/></StgValue>
</bind>
</comp>

<comp id="20" class="1001" name="const_20">
<pin_list>
<pin id="21" dir="1" index="0" bw="1" slack="0"/>
</pin_list>
<bind>
<StgValue><ssdm name=""/></StgValue>
</bind>
</comp>

<comp id="22" class="1001" name="const_22">
<pin_list>
<pin id="23" dir="1" index="0" bw="1" slack="0"/>
</pin_list>
<bind>
<StgValue><ssdm name=""/></StgValue>
</bind>
</comp>

<comp id="24" class="1001" name="const_24">
<pin_list>
<pin id="25" dir="1" index="0" bw="1" slack="0"/>
</pin_list>
<bind>
<StgValue><ssdm name=""/></StgValue>
</bind>
</comp>

<comp id="26" class="1001" name="const_26">
<pin_list>
<pin id="27" dir="1" index="0" bw="1" slack="0"/>
</pin_list>
<bind>
<StgValue><ssdm name=""/></StgValue>
</bind>
</comp>

<comp id="28" class="1001" name="const_28">
<pin_list>
<pin id="29" dir="1" index="0" bw="1" slack="0"/>
</pin_list>
<bind>
<StgValue><ssdm name=""/></StgValue>
</bind>
</comp>

<comp id="30" class="1001" name="const_30">
<pin_list>
<pin id="31" dir="1" index="0" bw="1" slack="0"/>
</pin_list>
<bind>
<StgValue><ssdm name=""/></StgValue>
</bind>
</comp>

<comp id="32" class="1001" name="const_32">
<pin_list>
<pin id="33" dir="1" index="0" bw="1" slack="0"/>
</pin_list>
<bind>
<StgValue><ssdm name=""/></StgValue>
</bind>
</comp>

<comp id="34" class="1001" name="const_34">
<pin_list>
<pin id="35" dir="1" index="0" bw="1" slack="0"/>
</pin_list>
<bind>
<StgValue><ssdm name=""/></StgValue>
</bind>
</comp>

<comp id="36" class="1001" name="const_36">
<pin_list>
<pin id="37" dir="1" index="0" bw="1" slack="0"/>
</pin_list>
<bind>
<StgValue><ssdm name="dense_latency_wrapper<ap_fixed,ap_fixed<36,16,5,3,0>,config8>"/></StgValue>
</bind>
</comp>

<comp id="38" class="1001" name="const_38">
<pin_list>
<pin id="39" dir="1" index="0" bw="1" slack="2147483647"/>
</pin_list>
<bind>
<StgValue><ssdm name="_ssdm_op_SpecInterface"/></StgValue>
</bind>
</comp>

<comp id="40" class="1001" name="const_40">
<pin_list>
<pin id="41" dir="1" index="0" bw="1" slack="2147483647"/>
</pin_list>
<bind>
<StgValue><ssdm name="empty_6"/></StgValue>
</bind>
</comp>

<comp id="42" class="1001" name="const_42">
<pin_list>
<pin id="43" dir="1" index="0" bw="1" slack="2147483647"/>
</pin_list>
<bind>
<StgValue><ssdm name=""/></StgValue>
</bind>
</comp>

<comp id="44" class="1001" name="const_44">
<pin_list>
<pin id="45" dir="1" index="0" bw="1" slack="2147483647"/>
</pin_list>
<bind>
<StgValue><ssdm name="empty_3"/></StgValue>
</bind>
</comp>

<comp id="46" class="1001" name="const_46">
<pin_list>
<pin id="47" dir="1" index="0" bw="1" slack="2147483647"/>
</pin_list>
<bind>
<StgValue><ssdm name=""/></StgValue>
</bind>
</comp>

<comp id="48" class="1001" name="const_48">
<pin_list>
<pin id="49" dir="1" index="0" bw="1" slack="0"/>
</pin_list>
<bind>
<StgValue><ssdm name="_ssdm_op_BitConcatenate.i72.i36.i36"/></StgValue>
</bind>
</comp>

<comp id="50" class="1001" name="const_50">
<pin_list>
<pin id="51" dir="1" index="0" bw="1" slack="0"/>
</pin_list>
<bind>
<StgValue><ssdm name="_ssdm_op_Write.ap_fifo.volatile.i72P0A"/></StgValue>
</bind>
</comp>

<comp id="52" class="1004" name="layer7_out_read_read_fu_52">
<pin_list>
<pin id="53" dir="0" index="0" bw="128" slack="0"/>
<pin id="54" dir="0" index="1" bw="128" slack="0"/>
<pin id="55" dir="1" index="2" bw="128" slack="0"/>
</pin_list>
<bind>
<opcode="read(1150) " fcode="read"/>
<opset="layer7_out_read/1 "/>
</bind>
</comp>

<comp id="58" class="1004" name="write_ln77_write_fu_58">
<pin_list>
<pin id="59" dir="0" index="0" bw="0" slack="0"/>
<pin id="60" dir="0" index="1" bw="72" slack="0"/>
<pin id="61" dir="0" index="2" bw="72" slack="0"/>
<pin id="62" dir="1" index="3" bw="0" slack="2147483647"/>
</pin_list>
<bind>
<opcode="write(1151) " fcode="write"/>
<opset="write_ln77/4 "/>
</bind>
</comp>

<comp id="65" class="1004" name="grp_dense_latency_wrapper_ap_fixed_ap_fixed_36_16_5_3_0_config8_s_fu_65">
<pin_list>
<pin id="66" dir="0" index="0" bw="72" slack="0"/>
<pin id="67" dir="0" index="1" bw="16" slack="1"/>
<pin id="68" dir="0" index="2" bw="16" slack="1"/>
<pin id="69" dir="0" index="3" bw="16" slack="1"/>
<pin id="70" dir="0" index="4" bw="16" slack="1"/>
<pin id="71" dir="0" index="5" bw="16" slack="1"/>
<pin id="72" dir="0" index="6" bw="16" slack="1"/>
<pin id="73" dir="0" index="7" bw="16" slack="1"/>
<pin id="74" dir="0" index="8" bw="16" slack="1"/>
<pin id="75" dir="1" index="9" bw="72" slack="0"/>
</pin_list>
<bind>
<opcode="call(48) " fcode="call"/>
<opset="call_ret/2 "/>
</bind>
</comp>

<comp id="77" class="1004" name="data_fu_77">
<pin_list>
<pin id="78" dir="0" index="0" bw="128" slack="0"/>
<pin id="79" dir="1" index="1" bw="16" slack="1"/>
</pin_list>
<bind>
<opcode="trunc(33) " fcode="trunc"/>
<opset="data/1 "/>
</bind>
</comp>

<comp id="81" class="1004" name="data_1_fu_81">
<pin_list>
<pin id="82" dir="0" index="0" bw="16" slack="0"/>
<pin id="83" dir="0" index="1" bw="128" slack="0"/>
<pin id="84" dir="0" index="2" bw="6" slack="0"/>
<pin id="85" dir="0" index="3" bw="6" slack="0"/>
<pin id="86" dir="1" index="4" bw="16" slack="1"/>
</pin_list>
<bind>
<opcode="partselect(1002) " fcode="partselect"/>
<opset="data_1/1 "/>
</bind>
</comp>

<comp id="91" class="1004" name="data_2_fu_91">
<pin_list>
<pin id="92" dir="0" index="0" bw="16" slack="0"/>
<pin id="93" dir="0" index="1" bw="128" slack="0"/>
<pin id="94" dir="0" index="2" bw="7" slack="0"/>
<pin id="95" dir="0" index="3" bw="7" slack="0"/>
<pin id="96" dir="1" index="4" bw="16" slack="1"/>
</pin_list>
<bind>
<opcode="partselect(1002) " fcode="partselect"/>
<opset="data_2/1 "/>
</bind>
</comp>

<comp id="101" class="1004" name="data_3_fu_101">
<pin_list>
<pin id="102" dir="0" index="0" bw="16" slack="0"/>
<pin id="103" dir="0" index="1" bw="128" slack="0"/>
<pin id="104" dir="0" index="2" bw="7" slack="0"/>
<pin id="105" dir="0" index="3" bw="7" slack="0"/>
<pin id="106" dir="1" index="4" bw="16" slack="1"/>
</pin_list>
<bind>
<opcode="partselect(1002) " fcode="partselect"/>
<opset="data_3/1 "/>
</bind>
</comp>

<comp id="111" class="1004" name="data_4_fu_111">
<pin_list>
<pin id="112" dir="0" index="0" bw="16" slack="0"/>
<pin id="113" dir="0" index="1" bw="128" slack="0"/>
<pin id="114" dir="0" index="2" bw="8" slack="0"/>
<pin id="115" dir="0" index="3" bw="8" slack="0"/>
<pin id="116" dir="1" index="4" bw="16" slack="1"/>
</pin_list>
<bind>
<opcode="partselect(1002) " fcode="partselect"/>
<opset="data_4/1 "/>
</bind>
</comp>

<comp id="121" class="1004" name="data_5_fu_121">
<pin_list>
<pin id="122" dir="0" index="0" bw="16" slack="0"/>
<pin id="123" dir="0" index="1" bw="128" slack="0"/>
<pin id="124" dir="0" index="2" bw="8" slack="0"/>
<pin id="125" dir="0" index="3" bw="8" slack="0"/>
<pin id="126" dir="1" index="4" bw="16" slack="1"/>
</pin_list>
<bind>
<opcode="partselect(1002) " fcode="partselect"/>
<opset="data_5/1 "/>
</bind>
</comp>

<comp id="131" class="1004" name="data_6_fu_131">
<pin_list>
<pin id="132" dir="0" index="0" bw="16" slack="0"/>
<pin id="133" dir="0" index="1" bw="128" slack="0"/>
<pin id="134" dir="0" index="2" bw="8" slack="0"/>
<pin id="135" dir="0" index="3" bw="8" slack="0"/>
<pin id="136" dir="1" index="4" bw="16" slack="1"/>
</pin_list>
<bind>
<opcode="partselect(1002) " fcode="partselect"/>
<opset="data_6/1 "/>
</bind>
</comp>

<comp id="141" class="1004" name="data_7_fu_141">
<pin_list>
<pin id="142" dir="0" index="0" bw="16" slack="0"/>
<pin id="143" dir="0" index="1" bw="128" slack="0"/>
<pin id="144" dir="0" index="2" bw="8" slack="0"/>
<pin id="145" dir="0" index="3" bw="8" slack="0"/>
<pin id="146" dir="1" index="4" bw="16" slack="1"/>
</pin_list>
<bind>
<opcode="partselect(1002) " fcode="partselect"/>
<opset="data_7/1 "/>
</bind>
</comp>

<comp id="151" class="1004" name="res_fu_151">
<pin_list>
<pin id="152" dir="0" index="0" bw="72" slack="0"/>
<pin id="153" dir="1" index="1" bw="36" slack="1"/>
</pin_list>
<bind>
<opcode="extractvalue(56) " fcode="extractvalue"/>
<opset="res/3 "/>
</bind>
</comp>

<comp id="155" class="1004" name="res_1_fu_155">
<pin_list>
<pin id="156" dir="0" index="0" bw="72" slack="0"/>
<pin id="157" dir="1" index="1" bw="36" slack="1"/>
</pin_list>
<bind>
<opcode="extractvalue(56) " fcode="extractvalue"/>
<opset="res_1/3 "/>
</bind>
</comp>

<comp id="159" class="1004" name="p_s_fu_159">
<pin_list>
<pin id="160" dir="0" index="0" bw="72" slack="0"/>
<pin id="161" dir="0" index="1" bw="36" slack="1"/>
<pin id="162" dir="0" index="2" bw="36" slack="1"/>
<pin id="163" dir="1" index="3" bw="72" slack="0"/>
</pin_list>
<bind>
<opcode="bitconcatenate(1004) " fcode="bitconcatenate"/>
<opset="p_s/4 "/>
</bind>
</comp>

<comp id="166" class="1005" name="data_reg_166">
<pin_list>
<pin id="167" dir="0" index="0" bw="16" slack="1"/>
<pin id="168" dir="1" index="1" bw="16" slack="1"/>
</pin_list>
<bind>
<opset="data "/>
</bind>
</comp>

<comp id="171" class="1005" name="data_1_reg_171">
<pin_list>
<pin id="172" dir="0" index="0" bw="16" slack="1"/>
<pin id="173" dir="1" index="1" bw="16" slack="1"/>
</pin_list>
<bind>
<opset="data_1 "/>
</bind>
</comp>

<comp id="176" class="1005" name="data_2_reg_176">
<pin_list>
<pin id="177" dir="0" index="0" bw="16" slack="1"/>
<pin id="178" dir="1" index="1" bw="16" slack="1"/>
</pin_list>
<bind>
<opset="data_2 "/>
</bind>
</comp>

<comp id="181" class="1005" name="data_3_reg_181">
<pin_list>
<pin id="182" dir="0" index="0" bw="16" slack="1"/>
<pin id="183" dir="1" index="1" bw="16" slack="1"/>
</pin_list>
<bind>
<opset="data_3 "/>
</bind>
</comp>

<comp id="186" class="1005" name="data_4_reg_186">
<pin_list>
<pin id="187" dir="0" index="0" bw="16" slack="1"/>
<pin id="188" dir="1" index="1" bw="16" slack="1"/>
</pin_list>
<bind>
<opset="data_4 "/>
</bind>
</comp>

<comp id="191" class="1005" name="data_5_reg_191">
<pin_list>
<pin id="192" dir="0" index="0" bw="16" slack="1"/>
<pin id="193" dir="1" index="1" bw="16" slack="1"/>
</pin_list>
<bind>
<opset="data_5 "/>
</bind>
</comp>

<comp id="196" class="1005" name="data_6_reg_196">
<pin_list>
<pin id="197" dir="0" index="0" bw="16" slack="1"/>
<pin id="198" dir="1" index="1" bw="16" slack="1"/>
</pin_list>
<bind>
<opset="data_6 "/>
</bind>
</comp>

<comp id="201" class="1005" name="data_7_reg_201">
<pin_list>
<pin id="202" dir="0" index="0" bw="16" slack="1"/>
<pin id="203" dir="1" index="1" bw="16" slack="1"/>
</pin_list>
<bind>
<opset="data_7 "/>
</bind>
</comp>

<comp id="206" class="1005" name="res_reg_206">
<pin_list>
<pin id="207" dir="0" index="0" bw="36" slack="1"/>
<pin id="208" dir="1" index="1" bw="36" slack="1"/>
</pin_list>
<bind>
<opset="res "/>
</bind>
</comp>

<comp id="211" class="1005" name="res_1_reg_211">
<pin_list>
<pin id="212" dir="0" index="0" bw="36" slack="1"/>
<pin id="213" dir="1" index="1" bw="36" slack="1"/>
</pin_list>
<bind>
<opset="res_1 "/>
</bind>
</comp>

</comp_list>

<net_list>
<net id="56"><net_src comp="4" pin="0"/><net_sink comp="52" pin=0"/></net>

<net id="57"><net_src comp="0" pin="0"/><net_sink comp="52" pin=1"/></net>

<net id="63"><net_src comp="50" pin="0"/><net_sink comp="58" pin=0"/></net>

<net id="64"><net_src comp="2" pin="0"/><net_sink comp="58" pin=1"/></net>

<net id="76"><net_src comp="36" pin="0"/><net_sink comp="65" pin=0"/></net>

<net id="80"><net_src comp="52" pin="2"/><net_sink comp="77" pin=0"/></net>

<net id="87"><net_src comp="6" pin="0"/><net_sink comp="81" pin=0"/></net>

<net id="88"><net_src comp="52" pin="2"/><net_sink comp="81" pin=1"/></net>

<net id="89"><net_src comp="8" pin="0"/><net_sink comp="81" pin=2"/></net>

<net id="90"><net_src comp="10" pin="0"/><net_sink comp="81" pin=3"/></net>

<net id="97"><net_src comp="6" pin="0"/><net_sink comp="91" pin=0"/></net>

<net id="98"><net_src comp="52" pin="2"/><net_sink comp="91" pin=1"/></net>

<net id="99"><net_src comp="12" pin="0"/><net_sink comp="91" pin=2"/></net>

<net id="100"><net_src comp="14" pin="0"/><net_sink comp="91" pin=3"/></net>

<net id="107"><net_src comp="6" pin="0"/><net_sink comp="101" pin=0"/></net>

<net id="108"><net_src comp="52" pin="2"/><net_sink comp="101" pin=1"/></net>

<net id="109"><net_src comp="16" pin="0"/><net_sink comp="101" pin=2"/></net>

<net id="110"><net_src comp="18" pin="0"/><net_sink comp="101" pin=3"/></net>

<net id="117"><net_src comp="6" pin="0"/><net_sink comp="111" pin=0"/></net>

<net id="118"><net_src comp="52" pin="2"/><net_sink comp="111" pin=1"/></net>

<net id="119"><net_src comp="20" pin="0"/><net_sink comp="111" pin=2"/></net>

<net id="120"><net_src comp="22" pin="0"/><net_sink comp="111" pin=3"/></net>

<net id="127"><net_src comp="6" pin="0"/><net_sink comp="121" pin=0"/></net>

<net id="128"><net_src comp="52" pin="2"/><net_sink comp="121" pin=1"/></net>

<net id="129"><net_src comp="24" pin="0"/><net_sink comp="121" pin=2"/></net>

<net id="130"><net_src comp="26" pin="0"/><net_sink comp="121" pin=3"/></net>

<net id="137"><net_src comp="6" pin="0"/><net_sink comp="131" pin=0"/></net>

<net id="138"><net_src comp="52" pin="2"/><net_sink comp="131" pin=1"/></net>

<net id="139"><net_src comp="28" pin="0"/><net_sink comp="131" pin=2"/></net>

<net id="140"><net_src comp="30" pin="0"/><net_sink comp="131" pin=3"/></net>

<net id="147"><net_src comp="6" pin="0"/><net_sink comp="141" pin=0"/></net>

<net id="148"><net_src comp="52" pin="2"/><net_sink comp="141" pin=1"/></net>

<net id="149"><net_src comp="32" pin="0"/><net_sink comp="141" pin=2"/></net>

<net id="150"><net_src comp="34" pin="0"/><net_sink comp="141" pin=3"/></net>

<net id="154"><net_src comp="65" pin="9"/><net_sink comp="151" pin=0"/></net>

<net id="158"><net_src comp="65" pin="9"/><net_sink comp="155" pin=0"/></net>

<net id="164"><net_src comp="48" pin="0"/><net_sink comp="159" pin=0"/></net>

<net id="165"><net_src comp="159" pin="3"/><net_sink comp="58" pin=2"/></net>

<net id="169"><net_src comp="77" pin="1"/><net_sink comp="166" pin=0"/></net>

<net id="170"><net_src comp="166" pin="1"/><net_sink comp="65" pin=1"/></net>

<net id="174"><net_src comp="81" pin="4"/><net_sink comp="171" pin=0"/></net>

<net id="175"><net_src comp="171" pin="1"/><net_sink comp="65" pin=2"/></net>

<net id="179"><net_src comp="91" pin="4"/><net_sink comp="176" pin=0"/></net>

<net id="180"><net_src comp="176" pin="1"/><net_sink comp="65" pin=3"/></net>

<net id="184"><net_src comp="101" pin="4"/><net_sink comp="181" pin=0"/></net>

<net id="185"><net_src comp="181" pin="1"/><net_sink comp="65" pin=4"/></net>

<net id="189"><net_src comp="111" pin="4"/><net_sink comp="186" pin=0"/></net>

<net id="190"><net_src comp="186" pin="1"/><net_sink comp="65" pin=5"/></net>

<net id="194"><net_src comp="121" pin="4"/><net_sink comp="191" pin=0"/></net>

<net id="195"><net_src comp="191" pin="1"/><net_sink comp="65" pin=6"/></net>

<net id="199"><net_src comp="131" pin="4"/><net_sink comp="196" pin=0"/></net>

<net id="200"><net_src comp="196" pin="1"/><net_sink comp="65" pin=7"/></net>

<net id="204"><net_src comp="141" pin="4"/><net_sink comp="201" pin=0"/></net>

<net id="205"><net_src comp="201" pin="1"/><net_sink comp="65" pin=8"/></net>

<net id="209"><net_src comp="151" pin="1"/><net_sink comp="206" pin=0"/></net>

<net id="210"><net_src comp="206" pin="1"/><net_sink comp="159" pin=2"/></net>

<net id="214"><net_src comp="155" pin="1"/><net_sink comp="211" pin=0"/></net>

<net id="215"><net_src comp="211" pin="1"/><net_sink comp="159" pin=1"/></net>

</net_list>

</model> 
---------------- Datapath Model END ------------------

* FSMD analyzer results:
  - Output states:
	Port: layer8_out | {4 }
 - Input state : 
	Port: dense<array<ap_fixed,8u>,array<ap_fixed<36,16,5,3,0>,2u>,config8> : layer7_out | {1 }
  - Chain level:
	State 1
	State 2
	State 3
		res : 1
		res_1 : 1
	State 4
		write_ln77 : 1


============================================================
+ Verbose Summary: Datapath Resource usage 
============================================================

* Functional unit list:
|----------|-------------------------------------------------------------------------|---------|---------|---------|
| Operation|                             Functional Unit                             |   DSP   |    FF   |   LUT   |
|----------|-------------------------------------------------------------------------|---------|---------|---------|
|   call   | grp_dense_latency_wrapper_ap_fixed_ap_fixed_36_16_5_3_0_config8_s_fu_65 |    16   |   172   |   375   |
|----------|-------------------------------------------------------------------------|---------|---------|---------|
|   read   |                        layer7_out_read_read_fu_52                       |    0    |    0    |    0    |
|----------|-------------------------------------------------------------------------|---------|---------|---------|
|   write  |                          write_ln77_write_fu_58                         |    0    |    0    |    0    |
|----------|-------------------------------------------------------------------------|---------|---------|---------|
|   trunc  |                                data_fu_77                               |    0    |    0    |    0    |
|----------|-------------------------------------------------------------------------|---------|---------|---------|
|          |                               data_1_fu_81                              |    0    |    0    |    0    |
|          |                               data_2_fu_91                              |    0    |    0    |    0    |
|          |                              data_3_fu_101                              |    0    |    0    |    0    |
|partselect|                              data_4_fu_111                              |    0    |    0    |    0    |
|          |                              data_5_fu_121                              |    0    |    0    |    0    |
|          |                              data_6_fu_131                              |    0    |    0    |    0    |
|          |                              data_7_fu_141                              |    0    |    0    |    0    |
|----------|-------------------------------------------------------------------------|---------|---------|---------|
|extractvalue|                                res_fu_151                               |    0    |    0    |    0    |
|          |                               res_1_fu_155                              |    0    |    0    |    0    |
|----------|-------------------------------------------------------------------------|---------|---------|---------|
|bitconcatenate|                                p_s_fu_159                               |    0    |    0    |    0    |
|----------|-------------------------------------------------------------------------|---------|---------|---------|
|   Total  |                                                                         |    16   |   172   |   375   |
|----------|-------------------------------------------------------------------------|---------|---------|---------|

Memories:
N/A

* Register list:
+--------------+--------+
|              |   FF   |
+--------------+--------+
|data_1_reg_171|   16   |
|data_2_reg_176|   16   |
|data_3_reg_181|   16   |
|data_4_reg_186|   16   |
|data_5_reg_191|   16   |
|data_6_reg_196|   16   |
|data_7_reg_201|   16   |
| data_reg_166 |   16   |
| res_1_reg_211|   36   |
|  res_reg_206 |   36   |
+--------------+--------+
|     Total    |   200  |
+--------------+--------+

* Multiplexer (MUX) list: 
|--------|------|------|------|--------|
|  Comp  |  Pin | Size |  BW  | S x BW |
|--------|------|------|------|--------|
|  Total |      |      |      |    0   |
|--------|------|------|------|--------|



* Summary:
+-----------+--------+--------+--------+
|           |   DSP  |   FF   |   LUT  |
+-----------+--------+--------+--------+
|  Function |   16   |   172  |   375  |
|   Memory  |    -   |    -   |    -   |
|Multiplexer|    -   |    -   |    -   |
|  Register |    -   |   200  |    -   |
+-----------+--------+--------+--------+
|   Total   |   16   |   372  |   375  |
+-----------+--------+--------+--------+
