

================================================================
== Vitis HLS Report for 'dense_latency_wrapper_ap_fixed_ap_fixed_36_16_5_3_0_config8_s'
================================================================
* Date:           Mon Mar 23 21:37:56 2026

* Version:        2024.2 (Build 5238294 on Nov  8 2024)
* Project:        myproject_prj
* Solution:       solution1 (Vivado IP Flow Target)
* Product family: zynquplus
* Target device:  xczu7ev-ffvc1156-2-e


================================================================
== Performance Estimates
================================================================
+ Timing: 
    * Summary: 
    +--------+---------+----------+------------+
    |  Clock |  Target | Estimated| Uncertainty|
    +--------+---------+----------+------------+
    |ap_clk  |  5.00 ns|  3.233 ns|     1.35 ns|
    +--------+---------+----------+------------+

+ Latency: 
    * Summary: 
    +---------+---------+----------+----------+-----+-----+---------+
    |  Latency (cycles) |  Latency (absolute) |  Interval | Pipeline|
    |   min   |   max   |    min   |    max   | min | max |   Type  |
    +---------+---------+----------+----------+-----+-----+---------+
    |        1|        1|  5.000 ns|  5.000 ns|    1|    1|      yes|
    +---------+---------+----------+----------+-----+-----+---------+

    + Detail: 
        * Instance: 
        N/A

        * Loop: 
        N/A

============================================================
+ Verbose Summary: Synthesis Manager
============================================================
InlineROM: 1
ExposeGlobal: 0
============================================================
+ Verbose Summary: CDFG Model
============================================================
IsTopModel: 0
ResetActiveHigh: 1
IsCombinational: 0
IsDatapathOnly: 0
HasWiredReturn: 1
HasMFsm: 2
HasVarLatency: 0
IsPipeline: 1
IsRtlPipelined: 1
IsInstanceOverlapped: 0
IsDontTouch: 0
HasImplIP: 0
IsGatedGlobalClock: 0

+ Individual pipeline summary: 
  * Pipeline-0: initiation interval (II) = 1, depth = 2


============================================================
+ Verbose Summary: Schedule
============================================================
* Number of FSM states : 2
* Pipeline : 1
  Pipeline-0 : II = 1, D = 2, States = { 1 2 }
* Dataflow Pipeline: 0

* FSM state transitions: 
1 --> 2 
2 --> 

* FSM state operations: 

State 1 <SV = 0> <Delay = 3.23>
ST_1 : Operation 3 [1/1] (0.00ns)   --->   "%data_7_val8_read = read i16 @_ssdm_op_Read.ap_auto.i16, i16 %data_7_val8" [firmware/nnet_utils/nnet_mult.h:70->firmware/nnet_utils/nnet_dense_latency.h:42->firmware/nnet_utils/nnet_dense_stream.h:17]   --->   Operation 3 'read' 'data_7_val8_read' <Predicate = true> <Delay = 0.00>
ST_1 : Operation 4 [1/1] (0.00ns)   --->   "%data_6_val7_read = read i16 @_ssdm_op_Read.ap_auto.i16, i16 %data_6_val7" [firmware/nnet_utils/nnet_mult.h:70->firmware/nnet_utils/nnet_dense_latency.h:42->firmware/nnet_utils/nnet_dense_stream.h:17]   --->   Operation 4 'read' 'data_6_val7_read' <Predicate = true> <Delay = 0.00>
ST_1 : Operation 5 [1/1] (0.00ns)   --->   "%data_5_val6_read = read i16 @_ssdm_op_Read.ap_auto.i16, i16 %data_5_val6" [firmware/nnet_utils/nnet_mult.h:70->firmware/nnet_utils/nnet_dense_latency.h:42->firmware/nnet_utils/nnet_dense_stream.h:17]   --->   Operation 5 'read' 'data_5_val6_read' <Predicate = true> <Delay = 0.00>
ST_1 : Operation 6 [1/1] (0.00ns)   --->   "%data_4_val5_read = read i16 @_ssdm_op_Read.ap_auto.i16, i16 %data_4_val5" [firmware/nnet_utils/nnet_mult.h:70->firmware/nnet_utils/nnet_dense_latency.h:42->firmware/nnet_utils/nnet_dense_stream.h:17]   --->   Operation 6 'read' 'data_4_val5_read' <Predicate = true> <Delay = 0.00>
ST_1 : Operation 7 [1/1] (0.00ns)   --->   "%data_3_val4_read = read i16 @_ssdm_op_Read.ap_auto.i16, i16 %data_3_val4" [firmware/nnet_utils/nnet_mult.h:70->firmware/nnet_utils/nnet_dense_latency.h:42->firmware/nnet_utils/nnet_dense_stream.h:17]   --->   Operation 7 'read' 'data_3_val4_read' <Predicate = true> <Delay = 0.00>
ST_1 : Operation 8 [1/1] (0.00ns)   --->   "%data_2_val3_read = read i16 @_ssdm_op_Read.ap_auto.i16, i16 %data_2_val3" [firmware/nnet_utils/nnet_mult.h:70->firmware/nnet_utils/nnet_dense_latency.h:42->firmware/nnet_utils/nnet_dense_stream.h:17]   --->   Operation 8 'read' 'data_2_val3_read' <Predicate = true> <Delay = 0.00>
ST_1 : Operation 9 [1/1] (0.00ns)   --->   "%data_1_val2_read = read i16 @_ssdm_op_Read.ap_auto.i16, i16 %data_1_val2" [firmware/nnet_utils/nnet_mult.h:70->firmware/nnet_utils/nnet_dense_latency.h:42->firmware/nnet_utils/nnet_dense_stream.h:17]   --->   Operation 9 'read' 'data_1_val2_read' <Predicate = true> <Delay = 0.00>
ST_1 : Operation 10 [1/1] (0.00ns)   --->   "%data_0_val1_read = read i16 @_ssdm_op_Read.ap_auto.i16, i16 %data_0_val1" [firmware/nnet_utils/nnet_mult.h:70->firmware/nnet_utils/nnet_dense_latency.h:42->firmware/nnet_utils/nnet_dense_stream.h:17]   --->   Operation 10 'read' 'data_0_val1_read' <Predicate = true> <Delay = 0.00>
ST_1 : Operation 11 [1/1] (0.00ns)   --->   "%sext_ln70 = sext i16 %data_0_val1_read" [firmware/nnet_utils/nnet_mult.h:70->firmware/nnet_utils/nnet_dense_latency.h:42->firmware/nnet_utils/nnet_dense_stream.h:17]   --->   Operation 11 'sext' 'sext_ln70' <Predicate = true> <Delay = 0.00>
ST_1 : Operation 12 [1/1] (0.00ns)   --->   "%sext_ln70_119 = sext i16 %data_0_val1_read" [firmware/nnet_utils/nnet_mult.h:70->firmware/nnet_utils/nnet_dense_latency.h:42->firmware/nnet_utils/nnet_dense_stream.h:17]   --->   Operation 12 'sext' 'sext_ln70_119' <Predicate = true> <Delay = 0.00>
ST_1 : Operation 13 [1/1] (2.38ns)   --->   "%mul_ln73 = mul i24 %sext_ln70_119, i24 81" [firmware/nnet_utils/nnet_mult.h:73->firmware/nnet_utils/nnet_dense_latency.h:42->firmware/nnet_utils/nnet_dense_stream.h:17]   --->   Operation 13 'mul' 'mul_ln73' <Predicate = true> <Delay = 2.38> <CoreInst = "Multiplier">   --->   Core 3 'Multiplier' <Latency = 0> <II = 1> <Delay = 2.38> <FuncUnit> <Opcode : 'mul'> <InPorts = 2> <OutPorts = 1>
ST_1 : Operation 14 [1/1] (0.00ns)   --->   "%trunc_ln = partselect i14 @_ssdm_op_PartSelect.i14.i24.i32.i32, i24 %mul_ln73, i32 10, i32 23" [firmware/nnet_utils/nnet_dense_latency.h:42->firmware/nnet_utils/nnet_dense_stream.h:17]   --->   Operation 14 'partselect' 'trunc_ln' <Predicate = true> <Delay = 0.00>
ST_1 : Operation 15 [1/1] (2.38ns)   --->   "%mul_ln73_238 = mul i25 %sext_ln70, i25 145" [firmware/nnet_utils/nnet_mult.h:73->firmware/nnet_utils/nnet_dense_latency.h:42->firmware/nnet_utils/nnet_dense_stream.h:17]   --->   Operation 15 'mul' 'mul_ln73_238' <Predicate = true> <Delay = 2.38> <CoreInst = "Multiplier">   --->   Core 3 'Multiplier' <Latency = 0> <II = 1> <Delay = 2.38> <FuncUnit> <Opcode : 'mul'> <InPorts = 2> <OutPorts = 1>
ST_1 : Operation 16 [1/1] (0.00ns)   --->   "%trunc_ln42_1 = partselect i15 @_ssdm_op_PartSelect.i15.i25.i32.i32, i25 %mul_ln73_238, i32 10, i32 24" [firmware/nnet_utils/nnet_dense_latency.h:42->firmware/nnet_utils/nnet_dense_stream.h:17]   --->   Operation 16 'partselect' 'trunc_ln42_1' <Predicate = true> <Delay = 0.00>
ST_1 : Operation 17 [1/1] (0.00ns)   --->   "%sext_ln42 = sext i15 %trunc_ln42_1" [firmware/nnet_utils/nnet_dense_latency.h:42->firmware/nnet_utils/nnet_dense_stream.h:17]   --->   Operation 17 'sext' 'sext_ln42' <Predicate = true> <Delay = 0.00>
ST_1 : Operation 18 [1/1] (0.00ns)   --->   "%sext_ln73 = sext i16 %data_1_val2_read" [firmware/nnet_utils/nnet_mult.h:73->firmware/nnet_utils/nnet_dense_latency.h:42->firmware/nnet_utils/nnet_dense_stream.h:17]   --->   Operation 18 'sext' 'sext_ln73' <Predicate = true> <Delay = 0.00>
ST_1 : Operation 19 [1/1] (2.38ns)   --->   "%mul_ln42 = mul i26 %sext_ln73, i26 595" [firmware/nnet_utils/nnet_dense_latency.h:42->firmware/nnet_utils/nnet_dense_stream.h:17]   --->   Operation 19 'mul' 'mul_ln42' <Predicate = true> <Delay = 2.38> <CoreInst = "Multiplier">   --->   Core 3 'Multiplier' <Latency = 0> <II = 1> <Delay = 2.38> <FuncUnit> <Opcode : 'mul'> <InPorts = 2> <OutPorts = 1>
ST_1 : Operation 20 [1/1] (0.00ns)   --->   "%trunc_ln42_2 = partselect i16 @_ssdm_op_PartSelect.i16.i26.i32.i32, i26 %mul_ln42, i32 10, i32 25" [firmware/nnet_utils/nnet_dense_latency.h:42->firmware/nnet_utils/nnet_dense_stream.h:17]   --->   Operation 20 'partselect' 'trunc_ln42_2' <Predicate = true> <Delay = 0.00>
ST_1 : Operation 21 [1/1] (2.38ns)   --->   "%mul_ln42_1 = mul i26 %sext_ln73, i26 67108097" [firmware/nnet_utils/nnet_dense_latency.h:42->firmware/nnet_utils/nnet_dense_stream.h:17]   --->   Operation 21 'mul' 'mul_ln42_1' <Predicate = true> <Delay = 2.38> <CoreInst = "Multiplier">   --->   Core 3 'Multiplier' <Latency = 0> <II = 1> <Delay = 2.38> <FuncUnit> <Opcode : 'mul'> <InPorts = 2> <OutPorts = 1>
ST_1 : Operation 22 [1/1] (0.00ns)   --->   "%trunc_ln42_3 = partselect i16 @_ssdm_op_PartSelect.i16.i26.i32.i32, i26 %mul_ln42_1, i32 10, i32 25" [firmware/nnet_utils/nnet_dense_latency.h:42->firmware/nnet_utils/nnet_dense_stream.h:17]   --->   Operation 22 'partselect' 'trunc_ln42_3' <Predicate = true> <Delay = 0.00>
ST_1 : Operation 23 [1/1] (0.00ns)   --->   "%sext_ln70_120 = sext i16 %data_2_val3_read" [firmware/nnet_utils/nnet_mult.h:70->firmware/nnet_utils/nnet_dense_latency.h:42->firmware/nnet_utils/nnet_dense_stream.h:17]   --->   Operation 23 'sext' 'sext_ln70_120' <Predicate = true> <Delay = 0.00>
ST_1 : Operation 24 [1/1] (2.38ns)   --->   "%mul_ln42_2 = mul i26 %sext_ln70_120, i26 548" [firmware/nnet_utils/nnet_dense_latency.h:42->firmware/nnet_utils/nnet_dense_stream.h:17]   --->   Operation 24 'mul' 'mul_ln42_2' <Predicate = true> <Delay = 2.38> <CoreInst = "Multiplier">   --->   Core 3 'Multiplier' <Latency = 0> <II = 1> <Delay = 2.38> <FuncUnit> <Opcode : 'mul'> <InPorts = 2> <OutPorts = 1>
ST_1 : Operation 25 [1/1] (0.00ns)   --->   "%trunc_ln42_4 = partselect i16 @_ssdm_op_PartSelect.i16.i26.i32.i32, i26 %mul_ln42_2, i32 10, i32 25" [firmware/nnet_utils/nnet_dense_latency.h:42->firmware/nnet_utils/nnet_dense_stream.h:17]   --->   Operation 25 'partselect' 'trunc_ln42_4' <Predicate = true> <Delay = 0.00>
ST_1 : Operation 26 [1/1] (2.38ns)   --->   "%mul_ln73_239 = mul i26 %sext_ln70_120, i26 375" [firmware/nnet_utils/nnet_mult.h:73->firmware/nnet_utils/nnet_dense_latency.h:42->firmware/nnet_utils/nnet_dense_stream.h:17]   --->   Operation 26 'mul' 'mul_ln73_239' <Predicate = true> <Delay = 2.38> <CoreInst = "Multiplier">   --->   Core 3 'Multiplier' <Latency = 0> <II = 1> <Delay = 2.38> <FuncUnit> <Opcode : 'mul'> <InPorts = 2> <OutPorts = 1>
ST_1 : Operation 27 [1/1] (0.00ns)   --->   "%trunc_ln42_5 = partselect i16 @_ssdm_op_PartSelect.i16.i26.i32.i32, i26 %mul_ln73_239, i32 10, i32 25" [firmware/nnet_utils/nnet_dense_latency.h:42->firmware/nnet_utils/nnet_dense_stream.h:17]   --->   Operation 27 'partselect' 'trunc_ln42_5' <Predicate = true> <Delay = 0.00>
ST_1 : Operation 28 [1/1] (0.00ns)   --->   "%sext_ln70_121 = sext i16 %data_3_val4_read" [firmware/nnet_utils/nnet_mult.h:70->firmware/nnet_utils/nnet_dense_latency.h:42->firmware/nnet_utils/nnet_dense_stream.h:17]   --->   Operation 28 'sext' 'sext_ln70_121' <Predicate = true> <Delay = 0.00>
ST_1 : Operation 29 [1/1] (2.38ns)   --->   "%mul_ln42_3 = mul i26 %sext_ln70_121, i26 700" [firmware/nnet_utils/nnet_dense_latency.h:42->firmware/nnet_utils/nnet_dense_stream.h:17]   --->   Operation 29 'mul' 'mul_ln42_3' <Predicate = true> <Delay = 2.38> <CoreInst = "Multiplier">   --->   Core 3 'Multiplier' <Latency = 0> <II = 1> <Delay = 2.38> <FuncUnit> <Opcode : 'mul'> <InPorts = 2> <OutPorts = 1>
ST_1 : Operation 30 [1/1] (0.00ns)   --->   "%trunc_ln42_6 = partselect i16 @_ssdm_op_PartSelect.i16.i26.i32.i32, i26 %mul_ln42_3, i32 10, i32 25" [firmware/nnet_utils/nnet_dense_latency.h:42->firmware/nnet_utils/nnet_dense_stream.h:17]   --->   Operation 30 'partselect' 'trunc_ln42_6' <Predicate = true> <Delay = 0.00>
ST_1 : Operation 31 [1/1] (2.38ns)   --->   "%mul_ln73_240 = mul i26 %sext_ln70_121, i26 454" [firmware/nnet_utils/nnet_mult.h:73->firmware/nnet_utils/nnet_dense_latency.h:42->firmware/nnet_utils/nnet_dense_stream.h:17]   --->   Operation 31 'mul' 'mul_ln73_240' <Predicate = true> <Delay = 2.38> <CoreInst = "Multiplier">   --->   Core 3 'Multiplier' <Latency = 0> <II = 1> <Delay = 2.38> <FuncUnit> <Opcode : 'mul'> <InPorts = 2> <OutPorts = 1>
ST_1 : Operation 32 [1/1] (0.00ns)   --->   "%trunc_ln42_7 = partselect i16 @_ssdm_op_PartSelect.i16.i26.i32.i32, i26 %mul_ln73_240, i32 10, i32 25" [firmware/nnet_utils/nnet_dense_latency.h:42->firmware/nnet_utils/nnet_dense_stream.h:17]   --->   Operation 32 'partselect' 'trunc_ln42_7' <Predicate = true> <Delay = 0.00>
ST_1 : Operation 33 [1/1] (0.00ns)   --->   "%sext_ln42_112 = sext i16 %data_4_val5_read" [firmware/nnet_utils/nnet_dense_latency.h:42->firmware/nnet_utils/nnet_dense_stream.h:17]   --->   Operation 33 'sext' 'sext_ln42_112' <Predicate = true> <Delay = 0.00>
ST_1 : Operation 34 [1/1] (0.00ns)   --->   "%sext_ln70_122 = sext i16 %data_4_val5_read" [firmware/nnet_utils/nnet_mult.h:70->firmware/nnet_utils/nnet_dense_latency.h:42->firmware/nnet_utils/nnet_dense_stream.h:17]   --->   Operation 34 'sext' 'sext_ln70_122' <Predicate = true> <Delay = 0.00>
ST_1 : Operation 35 [1/1] (2.38ns)   --->   "%mul_ln73_241 = mul i25 %sext_ln70_122, i25 241" [firmware/nnet_utils/nnet_mult.h:73->firmware/nnet_utils/nnet_dense_latency.h:42->firmware/nnet_utils/nnet_dense_stream.h:17]   --->   Operation 35 'mul' 'mul_ln73_241' <Predicate = true> <Delay = 2.38> <CoreInst = "Multiplier">   --->   Core 3 'Multiplier' <Latency = 0> <II = 1> <Delay = 2.38> <FuncUnit> <Opcode : 'mul'> <InPorts = 2> <OutPorts = 1>
ST_1 : Operation 36 [1/1] (0.00ns)   --->   "%trunc_ln42_8 = partselect i15 @_ssdm_op_PartSelect.i15.i25.i32.i32, i25 %mul_ln73_241, i32 10, i32 24" [firmware/nnet_utils/nnet_dense_latency.h:42->firmware/nnet_utils/nnet_dense_stream.h:17]   --->   Operation 36 'partselect' 'trunc_ln42_8' <Predicate = true> <Delay = 0.00>
ST_1 : Operation 37 [1/1] (2.38ns)   --->   "%mul_ln42_4 = mul i26 %sext_ln42_112, i26 67108274" [firmware/nnet_utils/nnet_dense_latency.h:42->firmware/nnet_utils/nnet_dense_stream.h:17]   --->   Operation 37 'mul' 'mul_ln42_4' <Predicate = true> <Delay = 2.38> <CoreInst = "Multiplier">   --->   Core 3 'Multiplier' <Latency = 0> <II = 1> <Delay = 2.38> <FuncUnit> <Opcode : 'mul'> <InPorts = 2> <OutPorts = 1>
ST_1 : Operation 38 [1/1] (0.00ns)   --->   "%trunc_ln42_9 = partselect i16 @_ssdm_op_PartSelect.i16.i26.i32.i32, i26 %mul_ln42_4, i32 10, i32 25" [firmware/nnet_utils/nnet_dense_latency.h:42->firmware/nnet_utils/nnet_dense_stream.h:17]   --->   Operation 38 'partselect' 'trunc_ln42_9' <Predicate = true> <Delay = 0.00>
ST_1 : Operation 39 [1/1] (0.00ns)   --->   "%sext_ln73_1 = sext i16 %data_5_val6_read" [firmware/nnet_utils/nnet_mult.h:73->firmware/nnet_utils/nnet_dense_latency.h:42->firmware/nnet_utils/nnet_dense_stream.h:17]   --->   Operation 39 'sext' 'sext_ln73_1' <Predicate = true> <Delay = 0.00>
ST_1 : Operation 40 [1/1] (2.38ns)   --->   "%mul_ln42_5 = mul i26 %sext_ln73_1, i26 736" [firmware/nnet_utils/nnet_dense_latency.h:42->firmware/nnet_utils/nnet_dense_stream.h:17]   --->   Operation 40 'mul' 'mul_ln42_5' <Predicate = true> <Delay = 2.38> <CoreInst = "Multiplier">   --->   Core 3 'Multiplier' <Latency = 0> <II = 1> <Delay = 2.38> <FuncUnit> <Opcode : 'mul'> <InPorts = 2> <OutPorts = 1>
ST_1 : Operation 41 [1/1] (0.00ns)   --->   "%trunc_ln42_s = partselect i16 @_ssdm_op_PartSelect.i16.i26.i32.i32, i26 %mul_ln42_5, i32 10, i32 25" [firmware/nnet_utils/nnet_dense_latency.h:42->firmware/nnet_utils/nnet_dense_stream.h:17]   --->   Operation 41 'partselect' 'trunc_ln42_s' <Predicate = true> <Delay = 0.00>
ST_1 : Operation 42 [1/1] (2.38ns)   --->   "%mul_ln42_6 = mul i26 %sext_ln73_1, i26 67108217" [firmware/nnet_utils/nnet_dense_latency.h:42->firmware/nnet_utils/nnet_dense_stream.h:17]   --->   Operation 42 'mul' 'mul_ln42_6' <Predicate = true> <Delay = 2.38> <CoreInst = "Multiplier">   --->   Core 3 'Multiplier' <Latency = 0> <II = 1> <Delay = 2.38> <FuncUnit> <Opcode : 'mul'> <InPorts = 2> <OutPorts = 1>
ST_1 : Operation 43 [1/1] (0.00ns)   --->   "%trunc_ln42_10 = partselect i16 @_ssdm_op_PartSelect.i16.i26.i32.i32, i26 %mul_ln42_6, i32 10, i32 25" [firmware/nnet_utils/nnet_dense_latency.h:42->firmware/nnet_utils/nnet_dense_stream.h:17]   --->   Operation 43 'partselect' 'trunc_ln42_10' <Predicate = true> <Delay = 0.00>
ST_1 : Operation 44 [1/1] (0.00ns)   --->   "%sext_ln42_114 = sext i16 %data_6_val7_read" [firmware/nnet_utils/nnet_dense_latency.h:42->firmware/nnet_utils/nnet_dense_stream.h:17]   --->   Operation 44 'sext' 'sext_ln42_114' <Predicate = true> <Delay = 0.00>
ST_1 : Operation 45 [1/1] (0.00ns)   --->   "%sext_ln70_123 = sext i16 %data_6_val7_read" [firmware/nnet_utils/nnet_mult.h:70->firmware/nnet_utils/nnet_dense_latency.h:42->firmware/nnet_utils/nnet_dense_stream.h:17]   --->   Operation 45 'sext' 'sext_ln70_123' <Predicate = true> <Delay = 0.00>
ST_1 : Operation 46 [1/1] (2.38ns)   --->   "%mul_ln73_242 = mul i25 %sext_ln70_123, i25 150" [firmware/nnet_utils/nnet_mult.h:73->firmware/nnet_utils/nnet_dense_latency.h:42->firmware/nnet_utils/nnet_dense_stream.h:17]   --->   Operation 46 'mul' 'mul_ln73_242' <Predicate = true> <Delay = 2.38> <CoreInst = "Multiplier">   --->   Core 3 'Multiplier' <Latency = 0> <II = 1> <Delay = 2.38> <FuncUnit> <Opcode : 'mul'> <InPorts = 2> <OutPorts = 1>
ST_1 : Operation 47 [1/1] (0.00ns)   --->   "%trunc_ln42_11 = partselect i15 @_ssdm_op_PartSelect.i15.i25.i32.i32, i25 %mul_ln73_242, i32 10, i32 24" [firmware/nnet_utils/nnet_dense_latency.h:42->firmware/nnet_utils/nnet_dense_stream.h:17]   --->   Operation 47 'partselect' 'trunc_ln42_11' <Predicate = true> <Delay = 0.00>
ST_1 : Operation 48 [1/1] (2.38ns)   --->   "%mul_ln42_7 = mul i26 %sext_ln42_114, i26 67108246" [firmware/nnet_utils/nnet_dense_latency.h:42->firmware/nnet_utils/nnet_dense_stream.h:17]   --->   Operation 48 'mul' 'mul_ln42_7' <Predicate = true> <Delay = 2.38> <CoreInst = "Multiplier">   --->   Core 3 'Multiplier' <Latency = 0> <II = 1> <Delay = 2.38> <FuncUnit> <Opcode : 'mul'> <InPorts = 2> <OutPorts = 1>
ST_1 : Operation 49 [1/1] (0.00ns)   --->   "%trunc_ln42_12 = partselect i16 @_ssdm_op_PartSelect.i16.i26.i32.i32, i26 %mul_ln42_7, i32 10, i32 25" [firmware/nnet_utils/nnet_dense_latency.h:42->firmware/nnet_utils/nnet_dense_stream.h:17]   --->   Operation 49 'partselect' 'trunc_ln42_12' <Predicate = true> <Delay = 0.00>
ST_1 : Operation 50 [1/1] (0.00ns)   --->   "%sext_ln73_2 = sext i16 %data_7_val8_read" [firmware/nnet_utils/nnet_mult.h:73->firmware/nnet_utils/nnet_dense_latency.h:42->firmware/nnet_utils/nnet_dense_stream.h:17]   --->   Operation 50 'sext' 'sext_ln73_2' <Predicate = true> <Delay = 0.00>
ST_1 : Operation 51 [1/1] (2.38ns)   --->   "%mul_ln42_8 = mul i26 %sext_ln73_2, i26 67108134" [firmware/nnet_utils/nnet_dense_latency.h:42->firmware/nnet_utils/nnet_dense_stream.h:17]   --->   Operation 51 'mul' 'mul_ln42_8' <Predicate = true> <Delay = 2.38> <CoreInst = "Multiplier">   --->   Core 3 'Multiplier' <Latency = 0> <II = 1> <Delay = 2.38> <FuncUnit> <Opcode : 'mul'> <InPorts = 2> <OutPorts = 1>
ST_1 : Operation 52 [1/1] (0.00ns)   --->   "%trunc_ln42_13 = partselect i16 @_ssdm_op_PartSelect.i16.i26.i32.i32, i26 %mul_ln42_8, i32 10, i32 25" [firmware/nnet_utils/nnet_dense_latency.h:42->firmware/nnet_utils/nnet_dense_stream.h:17]   --->   Operation 52 'partselect' 'trunc_ln42_13' <Predicate = true> <Delay = 0.00>
ST_1 : Operation 53 [1/1] (2.38ns)   --->   "%mul_ln42_9 = mul i26 %sext_ln73_2, i26 778" [firmware/nnet_utils/nnet_dense_latency.h:42->firmware/nnet_utils/nnet_dense_stream.h:17]   --->   Operation 53 'mul' 'mul_ln42_9' <Predicate = true> <Delay = 2.38> <CoreInst = "Multiplier">   --->   Core 3 'Multiplier' <Latency = 0> <II = 1> <Delay = 2.38> <FuncUnit> <Opcode : 'mul'> <InPorts = 2> <OutPorts = 1>
ST_1 : Operation 54 [1/1] (0.00ns)   --->   "%trunc_ln42_14 = partselect i16 @_ssdm_op_PartSelect.i16.i26.i32.i32, i26 %mul_ln42_9, i32 10, i32 25" [firmware/nnet_utils/nnet_dense_latency.h:42->firmware/nnet_utils/nnet_dense_stream.h:17]   --->   Operation 54 'partselect' 'trunc_ln42_14' <Predicate = true> <Delay = 0.00>
ST_1 : Operation 55 [1/1] (0.85ns)   --->   "%add_ln58 = add i16 %trunc_ln42_2, i16 %trunc_ln42_4" [firmware/nnet_utils/nnet_dense_latency.h:58->firmware/nnet_utils/nnet_dense_stream.h:17]   --->   Operation 55 'add' 'add_ln58' <Predicate = true> <Delay = 0.85> <CoreInst = "Adder">   --->   Core 1 'Adder' <Latency = 0> <II = 1> <Delay = 0.85> <FuncUnit> <Opcode : 'add' 'sub'> <InPorts = 2> <OutPorts = 1>
ST_1 : Operation 56 [1/1] (0.85ns)   --->   "%add_ln58_288 = add i16 %trunc_ln42_6, i16 %trunc_ln42_s" [firmware/nnet_utils/nnet_dense_latency.h:58->firmware/nnet_utils/nnet_dense_stream.h:17]   --->   Operation 56 'add' 'add_ln58_288' <Predicate = true> <Delay = 0.85> <CoreInst = "Adder">   --->   Core 1 'Adder' <Latency = 0> <II = 1> <Delay = 0.85> <FuncUnit> <Opcode : 'add' 'sub'> <InPorts = 2> <OutPorts = 1>
ST_1 : Operation 57 [1/1] (0.85ns)   --->   "%add_ln58_295 = add i16 %trunc_ln42_3, i16 %trunc_ln42_5" [firmware/nnet_utils/nnet_dense_latency.h:58->firmware/nnet_utils/nnet_dense_stream.h:17]   --->   Operation 57 'add' 'add_ln58_295' <Predicate = true> <Delay = 0.85> <CoreInst = "Adder">   --->   Core 1 'Adder' <Latency = 0> <II = 1> <Delay = 0.85> <FuncUnit> <Opcode : 'add' 'sub'> <InPorts = 2> <OutPorts = 1>
ST_1 : Operation 58 [1/1] (0.85ns)   --->   "%add_ln58_296 = add i16 %trunc_ln42_7, i16 %trunc_ln42_9" [firmware/nnet_utils/nnet_dense_latency.h:58->firmware/nnet_utils/nnet_dense_stream.h:17]   --->   Operation 58 'add' 'add_ln58_296' <Predicate = true> <Delay = 0.85> <CoreInst = "Adder">   --->   Core 1 'Adder' <Latency = 0> <II = 1> <Delay = 0.85> <FuncUnit> <Opcode : 'add' 'sub'> <InPorts = 2> <OutPorts = 1>
ST_1 : Operation 59 [1/1] (0.00ns) (grouped into TernaryAdder)   --->   "%add_ln58_299 = add i16 %sext_ln42, i16 7" [firmware/nnet_utils/nnet_dense_latency.h:58->firmware/nnet_utils/nnet_dense_stream.h:17]   --->   Operation 59 'add' 'add_ln58_299' <Predicate = true> <Delay = 0.00> <CoreInst = "TAddSub">   --->   Core 10 'TAddSub' <Latency = 0> <II = 1> <Delay = 0.34> <IPBlock> <Opcode : '' 'add' 'sub'> <InPorts = 3> <OutPorts = 1> <Sync> <CReg>
ST_1 : Operation 60 [1/1] (0.68ns) (root node of TernaryAdder)   --->   "%add_ln58_300 = add i16 %add_ln58_299, i16 %trunc_ln42_14" [firmware/nnet_utils/nnet_dense_latency.h:58->firmware/nnet_utils/nnet_dense_stream.h:17]   --->   Operation 60 'add' 'add_ln58_300' <Predicate = true> <Delay = 0.68> <CoreInst = "TAddSub">   --->   Core 10 'TAddSub' <Latency = 0> <II = 1> <Delay = 0.34> <IPBlock> <Opcode : '' 'add' 'sub'> <InPorts = 3> <OutPorts = 1> <Sync> <CReg>

State 2 <SV = 1> <Delay = 3.04>
ST_2 : Operation 61 [1/1] (0.00ns)   --->   "%specpipeline_ln13 = specpipeline void @_ssdm_op_SpecPipeline, i32 1, i32 0, i32 0, i32 0, void @empty_3" [firmware/nnet_utils/nnet_dense_stream.h:13]   --->   Operation 61 'specpipeline' 'specpipeline_ln13' <Predicate = true> <Delay = 0.00>
ST_2 : Operation 62 [1/1] (0.00ns)   --->   "%specresourcelimit_ln33 = specresourcelimit void @_ssdm_op_SpecResourceLimit, i64 16, void @empty_5, void @empty_3, void @empty_3, void @empty_3" [firmware/nnet_utils/nnet_dense_latency.h:33->firmware/nnet_utils/nnet_dense_stream.h:17]   --->   Operation 62 'specresourcelimit' 'specresourcelimit_ln33' <Predicate = true> <Delay = 0.00>
ST_2 : Operation 63 [1/1] (0.00ns)   --->   "%sext_ln73_3 = sext i14 %trunc_ln" [firmware/nnet_utils/nnet_mult.h:73->firmware/nnet_utils/nnet_dense_latency.h:42->firmware/nnet_utils/nnet_dense_stream.h:17]   --->   Operation 63 'sext' 'sext_ln73_3' <Predicate = true> <Delay = 0.00>
ST_2 : Operation 64 [1/1] (0.00ns)   --->   "%sext_ln42_113 = sext i15 %trunc_ln42_8" [firmware/nnet_utils/nnet_dense_latency.h:42->firmware/nnet_utils/nnet_dense_stream.h:17]   --->   Operation 64 'sext' 'sext_ln42_113' <Predicate = true> <Delay = 0.00>
ST_2 : Operation 65 [1/1] (0.00ns)   --->   "%sext_ln42_115 = sext i15 %trunc_ln42_11" [firmware/nnet_utils/nnet_dense_latency.h:42->firmware/nnet_utils/nnet_dense_stream.h:17]   --->   Operation 65 'sext' 'sext_ln42_115' <Predicate = true> <Delay = 0.00>
ST_2 : Operation 66 [1/1] (0.00ns) (grouped into TernaryAdder)   --->   "%add_ln58_289 = add i16 %add_ln58_288, i16 %add_ln58" [firmware/nnet_utils/nnet_dense_latency.h:58->firmware/nnet_utils/nnet_dense_stream.h:17]   --->   Operation 66 'add' 'add_ln58_289' <Predicate = true> <Delay = 0.00> <CoreInst = "TAddSub">   --->   Core 10 'TAddSub' <Latency = 0> <II = 1> <Delay = 0.34> <IPBlock> <Opcode : '' 'add' 'sub'> <InPorts = 3> <OutPorts = 1> <Sync> <CReg>
ST_2 : Operation 67 [1/1] (0.00ns) (grouped into TernaryAdder)   --->   "%add_ln58_290 = add i16 %trunc_ln42_13, i16 %sext_ln42_113" [firmware/nnet_utils/nnet_dense_latency.h:58->firmware/nnet_utils/nnet_dense_stream.h:17]   --->   Operation 67 'add' 'add_ln58_290' <Predicate = true> <Delay = 0.00> <CoreInst = "TAddSub">   --->   Core 10 'TAddSub' <Latency = 0> <II = 1> <Delay = 0.34> <IPBlock> <Opcode : '' 'add' 'sub'> <InPorts = 3> <OutPorts = 1> <Sync> <CReg>
ST_2 : Operation 68 [1/1] (0.83ns)   --->   "%add_ln58_291 = add i15 %sext_ln73_3, i15 32760" [firmware/nnet_utils/nnet_dense_latency.h:58->firmware/nnet_utils/nnet_dense_stream.h:17]   --->   Operation 68 'add' 'add_ln58_291' <Predicate = true> <Delay = 0.83> <CoreInst = "Adder">   --->   Core 1 'Adder' <Latency = 0> <II = 1> <Delay = 0.83> <FuncUnit> <Opcode : 'add' 'sub'> <InPorts = 2> <OutPorts = 1>
ST_2 : Operation 69 [1/1] (0.00ns)   --->   "%sext_ln58 = sext i15 %add_ln58_291" [firmware/nnet_utils/nnet_dense_latency.h:58->firmware/nnet_utils/nnet_dense_stream.h:17]   --->   Operation 69 'sext' 'sext_ln58' <Predicate = true> <Delay = 0.00>
ST_2 : Operation 70 [1/1] (0.84ns)   --->   "%add_ln58_292 = add i16 %sext_ln58, i16 %sext_ln42_115" [firmware/nnet_utils/nnet_dense_latency.h:58->firmware/nnet_utils/nnet_dense_stream.h:17]   --->   Operation 70 'add' 'add_ln58_292' <Predicate = true> <Delay = 0.84> <CoreInst = "Adder">   --->   Core 1 'Adder' <Latency = 0> <II = 1> <Delay = 0.84> <FuncUnit> <Opcode : 'add' 'sub'> <InPorts = 2> <OutPorts = 1>
ST_2 : Operation 71 [1/1] (0.68ns) (root node of TernaryAdder)   --->   "%add_ln58_293 = add i16 %add_ln58_292, i16 %add_ln58_290" [firmware/nnet_utils/nnet_dense_latency.h:58->firmware/nnet_utils/nnet_dense_stream.h:17]   --->   Operation 71 'add' 'add_ln58_293' <Predicate = true> <Delay = 0.68> <CoreInst = "TAddSub">   --->   Core 10 'TAddSub' <Latency = 0> <II = 1> <Delay = 0.34> <IPBlock> <Opcode : '' 'add' 'sub'> <InPorts = 3> <OutPorts = 1> <Sync> <CReg>
ST_2 : Operation 72 [1/1] (0.68ns) (root node of TernaryAdder)   --->   "%x = add i16 %add_ln58_293, i16 %add_ln58_289" [firmware/nnet_utils/nnet_dense_latency.h:58->firmware/nnet_utils/nnet_dense_stream.h:17]   --->   Operation 72 'add' 'x' <Predicate = true> <Delay = 0.68> <CoreInst = "TAddSub">   --->   Core 10 'TAddSub' <Latency = 0> <II = 1> <Delay = 0.34> <IPBlock> <Opcode : '' 'add' 'sub'> <InPorts = 3> <OutPorts = 1> <Sync> <CReg>
ST_2 : Operation 73 [1/1] (0.00ns) (grouped into TernaryAdder)   --->   "%add_ln58_297 = add i16 %add_ln58_296, i16 %add_ln58_295" [firmware/nnet_utils/nnet_dense_latency.h:58->firmware/nnet_utils/nnet_dense_stream.h:17]   --->   Operation 73 'add' 'add_ln58_297' <Predicate = true> <Delay = 0.00> <CoreInst = "TAddSub">   --->   Core 10 'TAddSub' <Latency = 0> <II = 1> <Delay = 0.34> <IPBlock> <Opcode : '' 'add' 'sub'> <InPorts = 3> <OutPorts = 1> <Sync> <CReg>
ST_2 : Operation 74 [1/1] (0.00ns) (grouped into TernaryAdder)   --->   "%add_ln58_298 = add i16 %trunc_ln42_10, i16 %trunc_ln42_12" [firmware/nnet_utils/nnet_dense_latency.h:58->firmware/nnet_utils/nnet_dense_stream.h:17]   --->   Operation 74 'add' 'add_ln58_298' <Predicate = true> <Delay = 0.00> <CoreInst = "TAddSub">   --->   Core 10 'TAddSub' <Latency = 0> <II = 1> <Delay = 0.34> <IPBlock> <Opcode : '' 'add' 'sub'> <InPorts = 3> <OutPorts = 1> <Sync> <CReg>
ST_2 : Operation 75 [1/1] (0.68ns) (root node of TernaryAdder)   --->   "%add_ln58_301 = add i16 %add_ln58_300, i16 %add_ln58_298" [firmware/nnet_utils/nnet_dense_latency.h:58->firmware/nnet_utils/nnet_dense_stream.h:17]   --->   Operation 75 'add' 'add_ln58_301' <Predicate = true> <Delay = 0.68> <CoreInst = "TAddSub">   --->   Core 10 'TAddSub' <Latency = 0> <II = 1> <Delay = 0.34> <IPBlock> <Opcode : '' 'add' 'sub'> <InPorts = 3> <OutPorts = 1> <Sync> <CReg>
ST_2 : Operation 76 [1/1] (0.68ns) (root node of TernaryAdder)   --->   "%x_10 = add i16 %add_ln58_301, i16 %add_ln58_297" [firmware/nnet_utils/nnet_dense_latency.h:58->firmware/nnet_utils/nnet_dense_stream.h:17]   --->   Operation 76 'add' 'x_10' <Predicate = true> <Delay = 0.68> <CoreInst = "TAddSub">   --->   Core 10 'TAddSub' <Latency = 0> <II = 1> <Delay = 0.34> <IPBlock> <Opcode : '' 'add' 'sub'> <InPorts = 3> <OutPorts = 1> <Sync> <CReg>
ST_2 : Operation 77 [1/1] (0.00ns)   --->   "%shl_ln = bitconcatenate i26 @_ssdm_op_BitConcatenate.i26.i16.i10, i16 %x, i10 0" [firmware/nnet_utils/nnet_mult.h:111->firmware/nnet_utils/nnet_dense_latency.h:66->firmware/nnet_utils/nnet_dense_stream.h:17]   --->   Operation 77 'bitconcatenate' 'shl_ln' <Predicate = true> <Delay = 0.00>
ST_2 : Operation 78 [1/1] (0.00ns)   --->   "%sext_ln110 = sext i26 %shl_ln" [firmware/nnet_utils/nnet_mult.h:110->firmware/nnet_utils/nnet_dense_latency.h:66->firmware/nnet_utils/nnet_dense_stream.h:17]   --->   Operation 78 'sext' 'sext_ln110' <Predicate = true> <Delay = 0.00>
ST_2 : Operation 79 [1/1] (0.00ns)   --->   "%shl_ln111_8 = bitconcatenate i26 @_ssdm_op_BitConcatenate.i26.i16.i10, i16 %x_10, i10 0" [firmware/nnet_utils/nnet_mult.h:111->firmware/nnet_utils/nnet_dense_latency.h:66->firmware/nnet_utils/nnet_dense_stream.h:17]   --->   Operation 79 'bitconcatenate' 'shl_ln111_8' <Predicate = true> <Delay = 0.00>
ST_2 : Operation 80 [1/1] (0.00ns)   --->   "%sext_ln18 = sext i26 %shl_ln111_8" [firmware/nnet_utils/nnet_dense_stream.h:18]   --->   Operation 80 'sext' 'sext_ln18' <Predicate = true> <Delay = 0.00>
ST_2 : Operation 81 [1/1] (0.00ns)   --->   "%mrv = insertvalue i72 <undef>, i36 %sext_ln110" [firmware/nnet_utils/nnet_dense_stream.h:18]   --->   Operation 81 'insertvalue' 'mrv' <Predicate = true> <Delay = 0.00>
ST_2 : Operation 82 [1/1] (0.00ns)   --->   "%mrv_1 = insertvalue i72 %mrv, i36 %sext_ln18" [firmware/nnet_utils/nnet_dense_stream.h:18]   --->   Operation 82 'insertvalue' 'mrv_1' <Predicate = true> <Delay = 0.00>
ST_2 : Operation 83 [1/1] (0.00ns)   --->   "%ret_ln18 = ret i72 %mrv_1" [firmware/nnet_utils/nnet_dense_stream.h:18]   --->   Operation 83 'ret' 'ret_ln18' <Predicate = true> <Delay = 0.00>


============================================================
+ Verbose Summary: Binding
============================================================
STG Binding: 
---------------- STG Properties BEGIN ----------------
- Is combinational: 0
- Is one-state seq: 0
- Is datapath-only: 0
- Is pipelined: 1
- Is top level: 0
Port [ Return ] is wired: 1; IO mode=ap_ctrl_hs:ce=0
Port [ data_0_val1]:  wired=1; compound=0; hidden=0; nouse=0; global=0; static=0; extern=0; dir=0; type=0; pingpong=0; private_global=0; IO mode=ap_none:ce=0
Port [ data_1_val2]:  wired=1; compound=0; hidden=0; nouse=0; global=0; static=0; extern=0; dir=0; type=0; pingpong=0; private_global=0; IO mode=ap_none:ce=0
Port [ data_2_val3]:  wired=1; compound=0; hidden=0; nouse=0; global=0; static=0; extern=0; dir=0; type=0; pingpong=0; private_global=0; IO mode=ap_none:ce=0
Port [ data_3_val4]:  wired=1; compound=0; hidden=0; nouse=0; global=0; static=0; extern=0; dir=0; type=0; pingpong=0; private_global=0; IO mode=ap_none:ce=0
Port [ data_4_val5]:  wired=1; compound=0; hidden=0; nouse=0; global=0; static=0; extern=0; dir=0; type=0; pingpong=0; private_global=0; IO mode=ap_none:ce=0
Port [ data_5_val6]:  wired=1; compound=0; hidden=0; nouse=0; global=0; static=0; extern=0; dir=0; type=0; pingpong=0; private_global=0; IO mode=ap_none:ce=0
Port [ data_6_val7]:  wired=1; compound=0; hidden=0; nouse=0; global=0; static=0; extern=0; dir=0; type=0; pingpong=0; private_global=0; IO mode=ap_none:ce=0
Port [ data_7_val8]:  wired=1; compound=0; hidden=0; nouse=0; global=0; static=0; extern=0; dir=0; type=0; pingpong=0; private_global=0; IO mode=ap_none:ce=0
---------------- STG Properties END ------------------

---------------- Datapath Model BEGIN ----------------

<LifeTime>
<method=bitvector/>
data_7_val8_read       (read             ) [ 000]
data_6_val7_read       (read             ) [ 000]
data_5_val6_read       (read             ) [ 000]
data_4_val5_read       (read             ) [ 000]
data_3_val4_read       (read             ) [ 000]
data_2_val3_read       (read             ) [ 000]
data_1_val2_read       (read             ) [ 000]
data_0_val1_read       (read             ) [ 000]
sext_ln70              (sext             ) [ 000]
sext_ln70_119          (sext             ) [ 000]
mul_ln73               (mul              ) [ 000]
trunc_ln               (partselect       ) [ 011]
mul_ln73_238           (mul              ) [ 000]
trunc_ln42_1           (partselect       ) [ 000]
sext_ln42              (sext             ) [ 000]
sext_ln73              (sext             ) [ 000]
mul_ln42               (mul              ) [ 000]
trunc_ln42_2           (partselect       ) [ 000]
mul_ln42_1             (mul              ) [ 000]
trunc_ln42_3           (partselect       ) [ 000]
sext_ln70_120          (sext             ) [ 000]
mul_ln42_2             (mul              ) [ 000]
trunc_ln42_4           (partselect       ) [ 000]
mul_ln73_239           (mul              ) [ 000]
trunc_ln42_5           (partselect       ) [ 000]
sext_ln70_121          (sext             ) [ 000]
mul_ln42_3             (mul              ) [ 000]
trunc_ln42_6           (partselect       ) [ 000]
mul_ln73_240           (mul              ) [ 000]
trunc_ln42_7           (partselect       ) [ 000]
sext_ln42_112          (sext             ) [ 000]
sext_ln70_122          (sext             ) [ 000]
mul_ln73_241           (mul              ) [ 000]
trunc_ln42_8           (partselect       ) [ 011]
mul_ln42_4             (mul              ) [ 000]
trunc_ln42_9           (partselect       ) [ 000]
sext_ln73_1            (sext             ) [ 000]
mul_ln42_5             (mul              ) [ 000]
trunc_ln42_s           (partselect       ) [ 000]
mul_ln42_6             (mul              ) [ 000]
trunc_ln42_10          (partselect       ) [ 011]
sext_ln42_114          (sext             ) [ 000]
sext_ln70_123          (sext             ) [ 000]
mul_ln73_242           (mul              ) [ 000]
trunc_ln42_11          (partselect       ) [ 011]
mul_ln42_7             (mul              ) [ 000]
trunc_ln42_12          (partselect       ) [ 011]
sext_ln73_2            (sext             ) [ 000]
mul_ln42_8             (mul              ) [ 000]
trunc_ln42_13          (partselect       ) [ 011]
mul_ln42_9             (mul              ) [ 000]
trunc_ln42_14          (partselect       ) [ 000]
add_ln58               (add              ) [ 011]
add_ln58_288           (add              ) [ 011]
add_ln58_295           (add              ) [ 011]
add_ln58_296           (add              ) [ 011]
add_ln58_299           (add              ) [ 000]
add_ln58_300           (add              ) [ 011]
specpipeline_ln13      (specpipeline     ) [ 000]
specresourcelimit_ln33 (specresourcelimit) [ 000]
sext_ln73_3            (sext             ) [ 000]
sext_ln42_113          (sext             ) [ 000]
sext_ln42_115          (sext             ) [ 000]
add_ln58_289           (add              ) [ 000]
add_ln58_290           (add              ) [ 000]
add_ln58_291           (add              ) [ 000]
sext_ln58              (sext             ) [ 000]
add_ln58_292           (add              ) [ 000]
add_ln58_293           (add              ) [ 000]
x                      (add              ) [ 000]
add_ln58_297           (add              ) [ 000]
add_ln58_298           (add              ) [ 000]
add_ln58_301           (add              ) [ 000]
x_10                   (add              ) [ 000]
shl_ln                 (bitconcatenate   ) [ 000]
sext_ln110             (sext             ) [ 000]
shl_ln111_8            (bitconcatenate   ) [ 000]
sext_ln18              (sext             ) [ 000]
mrv                    (insertvalue      ) [ 000]
mrv_1                  (insertvalue      ) [ 000]
ret_ln18               (ret              ) [ 000]
</LifeTime>

<model>

<comp_list>
<comp id="0" class="1000" name="data_0_val1">
<pin_list>
<pin id="1" dir="1" index="0" bw="1" slack="0"/>
</pin_list>
<bind>
<StgValue><ssdm name="data_0_val1"/></StgValue>
</bind>
</comp>

<comp id="2" class="1000" name="data_1_val2">
<pin_list>
<pin id="3" dir="1" index="0" bw="1" slack="0"/>
</pin_list>
<bind>
<StgValue><ssdm name="data_1_val2"/></StgValue>
</bind>
</comp>

<comp id="4" class="1000" name="data_2_val3">
<pin_list>
<pin id="5" dir="1" index="0" bw="1" slack="0"/>
</pin_list>
<bind>
<StgValue><ssdm name="data_2_val3"/></StgValue>
</bind>
</comp>

<comp id="6" class="1000" name="data_3_val4">
<pin_list>
<pin id="7" dir="1" index="0" bw="1" slack="0"/>
</pin_list>
<bind>
<StgValue><ssdm name="data_3_val4"/></StgValue>
</bind>
</comp>

<comp id="8" class="1000" name="data_4_val5">
<pin_list>
<pin id="9" dir="1" index="0" bw="1" slack="0"/>
</pin_list>
<bind>
<StgValue><ssdm name="data_4_val5"/></StgValue>
</bind>
</comp>

<comp id="10" class="1000" name="data_5_val6">
<pin_list>
<pin id="11" dir="1" index="0" bw="1" slack="0"/>
</pin_list>
<bind>
<StgValue><ssdm name="data_5_val6"/></StgValue>
</bind>
</comp>

<comp id="12" class="1000" name="data_6_val7">
<pin_list>
<pin id="13" dir="1" index="0" bw="1" slack="0"/>
</pin_list>
<bind>
<StgValue><ssdm name="data_6_val7"/></StgValue>
</bind>
</comp>

<comp id="14" class="1000" name="data_7_val8">
<pin_list>
<pin id="15" dir="1" index="0" bw="1" slack="0"/>
</pin_list>
<bind>
<StgValue><ssdm name="data_7_val8"/></StgValue>
</bind>
</comp>

<comp id="16" class="1001" name="const_16">
<pin_list>
<pin id="17" dir="1" index="0" bw="1" slack="0"/>
</pin_list>
<bind>
<StgValue><ssdm name="_ssdm_op_Read.ap_auto.i16"/></StgValue>
</bind>
</comp>

<comp id="18" class="1001" name="const_18">
<pin_list>
<pin id="19" dir="1" index="0" bw="1" slack="0"/>
</pin_list>
<bind>
<StgValue><ssdm name=""/></StgValue>
</bind>
</comp>

<comp id="20" class="1001" name="const_20">
<pin_list>
<pin id="21" dir="1" index="0" bw="1" slack="0"/>
</pin_list>
<bind>
<StgValue><ssdm name="_ssdm_op_PartSelect.i14.i24.i32.i32"/></StgValue>
</bind>
</comp>

<comp id="22" class="1001" name="const_22">
<pin_list>
<pin id="23" dir="1" index="0" bw="1" slack="0"/>
</pin_list>
<bind>
<StgValue><ssdm name=""/></StgValue>
</bind>
</comp>

<comp id="24" class="1001" name="const_24">
<pin_list>
<pin id="25" dir="1" index="0" bw="1" slack="0"/>
</pin_list>
<bind>
<StgValue><ssdm name=""/></StgValue>
</bind>
</comp>

<comp id="26" class="1001" name="const_26">
<pin_list>
<pin id="27" dir="1" index="0" bw="1" slack="0"/>
</pin_list>
<bind>
<StgValue><ssdm name=""/></StgValue>
</bind>
</comp>

<comp id="28" class="1001" name="const_28">
<pin_list>
<pin id="29" dir="1" index="0" bw="1" slack="0"/>
</pin_list>
<bind>
<StgValue><ssdm name="_ssdm_op_PartSelect.i15.i25.i32.i32"/></StgValue>
</bind>
</comp>

<comp id="30" class="1001" name="const_30">
<pin_list>
<pin id="31" dir="1" index="0" bw="1" slack="0"/>
</pin_list>
<bind>
<StgValue><ssdm name=""/></StgValue>
</bind>
</comp>

<comp id="32" class="1001" name="const_32">
<pin_list>
<pin id="33" dir="1" index="0" bw="1" slack="0"/>
</pin_list>
<bind>
<StgValue><ssdm name=""/></StgValue>
</bind>
</comp>

<comp id="34" class="1001" name="const_34">
<pin_list>
<pin id="35" dir="1" index="0" bw="1" slack="0"/>
</pin_list>
<bind>
<StgValue><ssdm name="_ssdm_op_PartSelect.i16.i26.i32.i32"/></StgValue>
</bind>
</comp>

<comp id="36" class="1001" name="const_36">
<pin_list>
<pin id="37" dir="1" index="0" bw="1" slack="0"/>
</pin_list>
<bind>
<StgValue><ssdm name=""/></StgValue>
</bind>
</comp>

<comp id="38" class="1001" name="const_38">
<pin_list>
<pin id="39" dir="1" index="0" bw="1" slack="0"/>
</pin_list>
<bind>
<StgValue><ssdm name=""/></StgValue>
</bind>
</comp>

<comp id="40" class="1001" name="const_40">
<pin_list>
<pin id="41" dir="1" index="0" bw="1" slack="0"/>
</pin_list>
<bind>
<StgValue><ssdm name=""/></StgValue>
</bind>
</comp>

<comp id="42" class="1001" name="const_42">
<pin_list>
<pin id="43" dir="1" index="0" bw="1" slack="0"/>
</pin_list>
<bind>
<StgValue><ssdm name=""/></StgValue>
</bind>
</comp>

<comp id="44" class="1001" name="const_44">
<pin_list>
<pin id="45" dir="1" index="0" bw="1" slack="0"/>
</pin_list>
<bind>
<StgValue><ssdm name=""/></StgValue>
</bind>
</comp>

<comp id="46" class="1001" name="const_46">
<pin_list>
<pin id="47" dir="1" index="0" bw="1" slack="0"/>
</pin_list>
<bind>
<StgValue><ssdm name=""/></StgValue>
</bind>
</comp>

<comp id="48" class="1001" name="const_48">
<pin_list>
<pin id="49" dir="1" index="0" bw="1" slack="0"/>
</pin_list>
<bind>
<StgValue><ssdm name=""/></StgValue>
</bind>
</comp>

<comp id="50" class="1001" name="const_50">
<pin_list>
<pin id="51" dir="1" index="0" bw="1" slack="0"/>
</pin_list>
<bind>
<StgValue><ssdm name=""/></StgValue>
</bind>
</comp>

<comp id="52" class="1001" name="const_52">
<pin_list>
<pin id="53" dir="1" index="0" bw="1" slack="0"/>
</pin_list>
<bind>
<StgValue><ssdm name=""/></StgValue>
</bind>
</comp>

<comp id="54" class="1001" name="const_54">
<pin_list>
<pin id="55" dir="1" index="0" bw="1" slack="0"/>
</pin_list>
<bind>
<StgValue><ssdm name=""/></StgValue>
</bind>
</comp>

<comp id="56" class="1001" name="const_56">
<pin_list>
<pin id="57" dir="1" index="0" bw="1" slack="0"/>
</pin_list>
<bind>
<StgValue><ssdm name=""/></StgValue>
</bind>
</comp>

<comp id="58" class="1001" name="const_58">
<pin_list>
<pin id="59" dir="1" index="0" bw="1" slack="0"/>
</pin_list>
<bind>
<StgValue><ssdm name=""/></StgValue>
</bind>
</comp>

<comp id="60" class="1001" name="const_60">
<pin_list>
<pin id="61" dir="1" index="0" bw="1" slack="0"/>
</pin_list>
<bind>
<StgValue><ssdm name=""/></StgValue>
</bind>
</comp>

<comp id="62" class="1001" name="const_62">
<pin_list>
<pin id="63" dir="1" index="0" bw="1" slack="0"/>
</pin_list>
<bind>
<StgValue><ssdm name=""/></StgValue>
</bind>
</comp>

<comp id="64" class="1001" name="const_64">
<pin_list>
<pin id="65" dir="1" index="0" bw="1" slack="0"/>
</pin_list>
<bind>
<StgValue><ssdm name=""/></StgValue>
</bind>
</comp>

<comp id="66" class="1001" name="const_66">
<pin_list>
<pin id="67" dir="1" index="0" bw="1" slack="2147483647"/>
</pin_list>
<bind>
<StgValue><ssdm name="_ssdm_op_SpecPipeline"/></StgValue>
</bind>
</comp>

<comp id="68" class="1001" name="const_68">
<pin_list>
<pin id="69" dir="1" index="0" bw="1" slack="2147483647"/>
</pin_list>
<bind>
<StgValue><ssdm name=""/></StgValue>
</bind>
</comp>

<comp id="70" class="1001" name="const_70">
<pin_list>
<pin id="71" dir="1" index="0" bw="1" slack="2147483647"/>
</pin_list>
<bind>
<StgValue><ssdm name=""/></StgValue>
</bind>
</comp>

<comp id="72" class="1001" name="const_72">
<pin_list>
<pin id="73" dir="1" index="0" bw="1" slack="2147483647"/>
</pin_list>
<bind>
<StgValue><ssdm name="empty_3"/></StgValue>
</bind>
</comp>

<comp id="74" class="1001" name="const_74">
<pin_list>
<pin id="75" dir="1" index="0" bw="1" slack="2147483647"/>
</pin_list>
<bind>
<StgValue><ssdm name="_ssdm_op_SpecResourceLimit"/></StgValue>
</bind>
</comp>

<comp id="76" class="1001" name="const_76">
<pin_list>
<pin id="77" dir="1" index="0" bw="1" slack="2147483647"/>
</pin_list>
<bind>
<StgValue><ssdm name=""/></StgValue>
</bind>
</comp>

<comp id="78" class="1001" name="const_78">
<pin_list>
<pin id="79" dir="1" index="0" bw="1" slack="2147483647"/>
</pin_list>
<bind>
<StgValue><ssdm name="empty_5"/></StgValue>
</bind>
</comp>

<comp id="80" class="1001" name="const_80">
<pin_list>
<pin id="81" dir="1" index="0" bw="1" slack="0"/>
</pin_list>
<bind>
<StgValue><ssdm name=""/></StgValue>
</bind>
</comp>

<comp id="82" class="1001" name="const_82">
<pin_list>
<pin id="83" dir="1" index="0" bw="1" slack="0"/>
</pin_list>
<bind>
<StgValue><ssdm name="_ssdm_op_BitConcatenate.i26.i16.i10"/></StgValue>
</bind>
</comp>

<comp id="84" class="1001" name="const_84">
<pin_list>
<pin id="85" dir="1" index="0" bw="1" slack="0"/>
</pin_list>
<bind>
<StgValue><ssdm name=""/></StgValue>
</bind>
</comp>

<comp id="86" class="1001" name="const_86">
<pin_list>
<pin id="87" dir="1" index="0" bw="1" slack="0"/>
</pin_list>
<bind>
<StgValue><ssdm name=""/></StgValue>
</bind>
</comp>

<comp id="88" class="1004" name="data_7_val8_read_read_fu_88">
<pin_list>
<pin id="89" dir="0" index="0" bw="16" slack="0"/>
<pin id="90" dir="0" index="1" bw="16" slack="0"/>
<pin id="91" dir="1" index="2" bw="16" slack="0"/>
</pin_list>
<bind>
<opcode="read(1150) " fcode="read"/>
<opset="data_7_val8_read/1 "/>
</bind>
</comp>

<comp id="94" class="1004" name="data_6_val7_read_read_fu_94">
<pin_list>
<pin id="95" dir="0" index="0" bw="16" slack="0"/>
<pin id="96" dir="0" index="1" bw="16" slack="0"/>
<pin id="97" dir="1" index="2" bw="16" slack="0"/>
</pin_list>
<bind>
<opcode="read(1150) " fcode="read"/>
<opset="data_6_val7_read/1 "/>
</bind>
</comp>

<comp id="100" class="1004" name="data_5_val6_read_read_fu_100">
<pin_list>
<pin id="101" dir="0" index="0" bw="16" slack="0"/>
<pin id="102" dir="0" index="1" bw="16" slack="0"/>
<pin id="103" dir="1" index="2" bw="16" slack="0"/>
</pin_list>
<bind>
<opcode="read(1150) " fcode="read"/>
<opset="data_5_val6_read/1 "/>
</bind>
</comp>

<comp id="106" class="1004" name="data_4_val5_read_read_fu_106">
<pin_list>
<pin id="107" dir="0" index="0" bw="16" slack="0"/>
<pin id="108" dir="0" index="1" bw="16" slack="0"/>
<pin id="109" dir="1" index="2" bw="16" slack="0"/>
</pin_list>
<bind>
<opcode="read(1150) " fcode="read"/>
<opset="data_4_val5_read/1 "/>
</bind>
</comp>

<comp id="112" class="1004" name="data_3_val4_read_read_fu_112">
<pin_list>
<pin id="113" dir="0" index="0" bw="16" slack="0"/>
<pin id="114" dir="0" index="1" bw="16" slack="0"/>
<pin id="115" dir="1" index="2" bw="16" slack="0"/>
</pin_list>
<bind>
<opcode="read(1150) " fcode="read"/>
<opset="data_3_val4_read/1 "/>
</bind>
</comp>

<comp id="118" class="1004" name="data_2_val3_read_read_fu_118">
<pin_list>
<pin id="119" dir="0" index="0" bw="16" slack="0"/>
<pin id="120" dir="0" index="1" bw="16" slack="0"/>
<pin id="121" dir="1" index="2" bw="16" slack="0"/>
</pin_list>
<bind>
<opcode="read(1150) " fcode="read"/>
<opset="data_2_val3_read/1 "/>
</bind>
</comp>

<comp id="124" class="1004" name="data_1_val2_read_read_fu_124">
<pin_list>
<pin id="125" dir="0" index="0" bw="16" slack="0"/>
<pin id="126" dir="0" index="1" bw="16" slack="0"/>
<pin id="127" dir="1" index="2" bw="16" slack="0"/>
</pin_list>
<bind>
<opcode="read(1150) " fcode="read"/>
<opset="data_1_val2_read/1 "/>
</bind>
</comp>

<comp id="130" class="1004" name="data_0_val1_read_read_fu_130">
<pin_list>
<pin id="131" dir="0" index="0" bw="16" slack="0"/>
<pin id="132" dir="0" index="1" bw="16" slack="0"/>
<pin id="133" dir="1" index="2" bw="16" slack="0"/>
</pin_list>
<bind>
<opcode="read(1150) " fcode="read"/>
<opset="data_0_val1_read/1 "/>
</bind>
</comp>

<comp id="136" class="1004" name="mul_ln42_9_fu_136">
<pin_list>
<pin id="1236" dir="0" index="0" bw="16" slack="0"/>
<pin id="1237" dir="0" index="1" bw="11" slack="0"/>
<pin id="1238" dir="1" index="2" bw="26" slack="0"/>
</pin_list>
<bind>
<opcode="mul(12) " fcode="mul"/>
<opset="mul_ln42_9/1 "/>
</bind>
</comp>

<comp id="137" class="1004" name="mul_ln73_fu_137">
<pin_list>
<pin id="1176" dir="0" index="0" bw="16" slack="0"/>
<pin id="1177" dir="0" index="1" bw="8" slack="0"/>
<pin id="1178" dir="1" index="2" bw="24" slack="0"/>
</pin_list>
<bind>
<opcode="mul(12) " fcode="mul"/>
<opset="mul_ln73/1 "/>
</bind>
</comp>

<comp id="138" class="1004" name="mul_ln42_4_fu_138">
<pin_list>
<pin id="1212" dir="0" index="0" bw="16" slack="0"/>
<pin id="1213" dir="0" index="1" bw="11" slack="0"/>
<pin id="1214" dir="1" index="2" bw="26" slack="0"/>
</pin_list>
<bind>
<opcode="mul(12) " fcode="mul"/>
<opset="mul_ln42_4/1 "/>
</bind>
</comp>

<comp id="139" class="1004" name="mul_ln42_2_fu_139">
<pin_list>
<pin id="1192" dir="0" index="0" bw="16" slack="0"/>
<pin id="1193" dir="0" index="1" bw="11" slack="0"/>
<pin id="1194" dir="1" index="2" bw="26" slack="0"/>
</pin_list>
<bind>
<opcode="mul(12) " fcode="mul"/>
<opset="mul_ln42_2/1 "/>
</bind>
</comp>

<comp id="140" class="1004" name="mul_ln73_239_fu_140">
<pin_list>
<pin id="1196" dir="0" index="0" bw="16" slack="0"/>
<pin id="1197" dir="0" index="1" bw="10" slack="0"/>
<pin id="1198" dir="1" index="2" bw="26" slack="0"/>
</pin_list>
<bind>
<opcode="mul(12) " fcode="mul"/>
<opset="mul_ln73_239/1 "/>
</bind>
</comp>

<comp id="141" class="1004" name="mul_ln73_238_fu_141">
<pin_list>
<pin id="1180" dir="0" index="0" bw="16" slack="0"/>
<pin id="1181" dir="0" index="1" bw="9" slack="0"/>
<pin id="1182" dir="1" index="2" bw="25" slack="0"/>
</pin_list>
<bind>
<opcode="mul(12) " fcode="mul"/>
<opset="mul_ln73_238/1 "/>
</bind>
</comp>

<comp id="142" class="1004" name="mul_ln42_3_fu_142">
<pin_list>
<pin id="1200" dir="0" index="0" bw="16" slack="0"/>
<pin id="1201" dir="0" index="1" bw="11" slack="0"/>
<pin id="1202" dir="1" index="2" bw="26" slack="0"/>
</pin_list>
<bind>
<opcode="mul(12) " fcode="mul"/>
<opset="mul_ln42_3/1 "/>
</bind>
</comp>

<comp id="143" class="1004" name="mul_ln42_6_fu_143">
<pin_list>
<pin id="1220" dir="0" index="0" bw="16" slack="0"/>
<pin id="1221" dir="0" index="1" bw="11" slack="0"/>
<pin id="1222" dir="1" index="2" bw="26" slack="0"/>
</pin_list>
<bind>
<opcode="mul(12) " fcode="mul"/>
<opset="mul_ln42_6/1 "/>
</bind>
</comp>

<comp id="144" class="1004" name="mul_ln42_1_fu_144">
<pin_list>
<pin id="1188" dir="0" index="0" bw="16" slack="0"/>
<pin id="1189" dir="0" index="1" bw="11" slack="0"/>
<pin id="1190" dir="1" index="2" bw="26" slack="0"/>
</pin_list>
<bind>
<opcode="mul(12) " fcode="mul"/>
<opset="mul_ln42_1/1 "/>
</bind>
</comp>

<comp id="145" class="1004" name="mul_ln73_241_fu_145">
<pin_list>
<pin id="1208" dir="0" index="0" bw="16" slack="0"/>
<pin id="1209" dir="0" index="1" bw="9" slack="0"/>
<pin id="1210" dir="1" index="2" bw="25" slack="0"/>
</pin_list>
<bind>
<opcode="mul(12) " fcode="mul"/>
<opset="mul_ln73_241/1 "/>
</bind>
</comp>

<comp id="146" class="1004" name="mul_ln42_5_fu_146">
<pin_list>
<pin id="1216" dir="0" index="0" bw="16" slack="0"/>
<pin id="1217" dir="0" index="1" bw="11" slack="0"/>
<pin id="1218" dir="1" index="2" bw="26" slack="0"/>
</pin_list>
<bind>
<opcode="mul(12) " fcode="mul"/>
<opset="mul_ln42_5/1 "/>
</bind>
</comp>

<comp id="147" class="1004" name="mul_ln73_242_fu_147">
<pin_list>
<pin id="1224" dir="0" index="0" bw="16" slack="0"/>
<pin id="1225" dir="0" index="1" bw="9" slack="0"/>
<pin id="1226" dir="1" index="2" bw="25" slack="0"/>
</pin_list>
<bind>
<opcode="mul(12) " fcode="mul"/>
<opset="mul_ln73_242/1 "/>
</bind>
</comp>

<comp id="148" class="1004" name="mul_ln73_240_fu_148">
<pin_list>
<pin id="1204" dir="0" index="0" bw="16" slack="0"/>
<pin id="1205" dir="0" index="1" bw="10" slack="0"/>
<pin id="1206" dir="1" index="2" bw="26" slack="0"/>
</pin_list>
<bind>
<opcode="mul(12) " fcode="mul"/>
<opset="mul_ln73_240/1 "/>
</bind>
</comp>

<comp id="149" class="1004" name="mul_ln42_7_fu_149">
<pin_list>
<pin id="1228" dir="0" index="0" bw="16" slack="0"/>
<pin id="1229" dir="0" index="1" bw="11" slack="0"/>
<pin id="1230" dir="1" index="2" bw="26" slack="0"/>
</pin_list>
<bind>
<opcode="mul(12) " fcode="mul"/>
<opset="mul_ln42_7/1 "/>
</bind>
</comp>

<comp id="150" class="1004" name="mul_ln42_8_fu_150">
<pin_list>
<pin id="1232" dir="0" index="0" bw="16" slack="0"/>
<pin id="1233" dir="0" index="1" bw="11" slack="0"/>
<pin id="1234" dir="1" index="2" bw="26" slack="0"/>
</pin_list>
<bind>
<opcode="mul(12) " fcode="mul"/>
<opset="mul_ln42_8/1 "/>
</bind>
</comp>

<comp id="151" class="1004" name="mul_ln42_fu_151">
<pin_list>
<pin id="1184" dir="0" index="0" bw="16" slack="0"/>
<pin id="1185" dir="0" index="1" bw="11" slack="0"/>
<pin id="1186" dir="1" index="2" bw="26" slack="0"/>
</pin_list>
<bind>
<opcode="mul(12) " fcode="mul"/>
<opset="mul_ln42/1 "/>
</bind>
</comp>

<comp id="1289" class="1004" name="sext_ln70_fu_1289">
<pin_list>
<pin id="1290" dir="0" index="0" bw="16" slack="0"/>
<pin id="1291" dir="1" index="1" bw="25" slack="0"/>
</pin_list>
<bind>
<opcode="sext(35) " fcode="sext"/>
<opset="sext_ln70/1 "/>
</bind>
</comp>

<comp id="1294" class="1004" name="sext_ln70_119_fu_1294">
<pin_list>
<pin id="1295" dir="0" index="0" bw="16" slack="0"/>
<pin id="1296" dir="1" index="1" bw="24" slack="0"/>
</pin_list>
<bind>
<opcode="sext(35) " fcode="sext"/>
<opset="sext_ln70_119/1 "/>
</bind>
</comp>

<comp id="1299" class="1004" name="trunc_ln_fu_1299">
<pin_list>
<pin id="1300" dir="0" index="0" bw="14" slack="0"/>
<pin id="1301" dir="0" index="1" bw="24" slack="0"/>
<pin id="1302" dir="0" index="2" bw="5" slack="0"/>
<pin id="1303" dir="0" index="3" bw="6" slack="0"/>
<pin id="1304" dir="1" index="4" bw="14" slack="1"/>
</pin_list>
<bind>
<opcode="partselect(1002) " fcode="partselect"/>
<opset="trunc_ln/1 "/>
</bind>
</comp>

<comp id="1309" class="1004" name="trunc_ln42_1_fu_1309">
<pin_list>
<pin id="1310" dir="0" index="0" bw="15" slack="0"/>
<pin id="1311" dir="0" index="1" bw="25" slack="0"/>
<pin id="1312" dir="0" index="2" bw="5" slack="0"/>
<pin id="1313" dir="0" index="3" bw="6" slack="0"/>
<pin id="1314" dir="1" index="4" bw="15" slack="0"/>
</pin_list>
<bind>
<opcode="partselect(1002) " fcode="partselect"/>
<opset="trunc_ln42_1/1 "/>
</bind>
</comp>

<comp id="1319" class="1004" name="sext_ln42_fu_1319">
<pin_list>
<pin id="1320" dir="0" index="0" bw="15" slack="0"/>
<pin id="1321" dir="1" index="1" bw="16" slack="0"/>
</pin_list>
<bind>
<opcode="sext(35) " fcode="sext"/>
<opset="sext_ln42/1 "/>
</bind>
</comp>

<comp id="1323" class="1004" name="sext_ln73_fu_1323">
<pin_list>
<pin id="1324" dir="0" index="0" bw="16" slack="0"/>
<pin id="1325" dir="1" index="1" bw="26" slack="0"/>
</pin_list>
<bind>
<opcode="sext(35) " fcode="sext"/>
<opset="sext_ln73/1 "/>
</bind>
</comp>

<comp id="1329" class="1004" name="trunc_ln42_2_fu_1329">
<pin_list>
<pin id="1330" dir="0" index="0" bw="16" slack="0"/>
<pin id="1331" dir="0" index="1" bw="26" slack="0"/>
<pin id="1332" dir="0" index="2" bw="5" slack="0"/>
<pin id="1333" dir="0" index="3" bw="6" slack="0"/>
<pin id="1334" dir="1" index="4" bw="16" slack="0"/>
</pin_list>
<bind>
<opcode="partselect(1002) " fcode="partselect"/>
<opset="trunc_ln42_2/1 "/>
</bind>
</comp>

<comp id="1339" class="1004" name="trunc_ln42_3_fu_1339">
<pin_list>
<pin id="1340" dir="0" index="0" bw="16" slack="0"/>
<pin id="1341" dir="0" index="1" bw="26" slack="0"/>
<pin id="1342" dir="0" index="2" bw="5" slack="0"/>
<pin id="1343" dir="0" index="3" bw="6" slack="0"/>
<pin id="1344" dir="1" index="4" bw="16" slack="0"/>
</pin_list>
<bind>
<opcode="partselect(1002) " fcode="partselect"/>
<opset="trunc_ln42_3/1 "/>
</bind>
</comp>

<comp id="1349" class="1004" name="sext_ln70_120_fu_1349">
<pin_list>
<pin id="1350" dir="0" index="0" bw="16" slack="0"/>
<pin id="1351" dir="1" index="1" bw="26" slack="0"/>
</pin_list>
<bind>
<opcode="sext(35) " fcode="sext"/>
<opset="sext_ln70_120/1 "/>
</bind>
</comp>

<comp id="1355" class="1004" name="trunc_ln42_4_fu_1355">
<pin_list>
<pin id="1356" dir="0" index="0" bw="16" slack="0"/>
<pin id="1357" dir="0" index="1" bw="26" slack="0"/>
<pin id="1358" dir="0" index="2" bw="5" slack="0"/>
<pin id="1359" dir="0" index="3" bw="6" slack="0"/>
<pin id="1360" dir="1" index="4" bw="16" slack="0"/>
</pin_list>
<bind>
<opcode="partselect(1002) " fcode="partselect"/>
<opset="trunc_ln42_4/1 "/>
</bind>
</comp>

<comp id="1365" class="1004" name="trunc_ln42_5_fu_1365">
<pin_list>
<pin id="1366" dir="0" index="0" bw="16" slack="0"/>
<pin id="1367" dir="0" index="1" bw="26" slack="0"/>
<pin id="1368" dir="0" index="2" bw="5" slack="0"/>
<pin id="1369" dir="0" index="3" bw="6" slack="0"/>
<pin id="1370" dir="1" index="4" bw="16" slack="0"/>
</pin_list>
<bind>
<opcode="partselect(1002) " fcode="partselect"/>
<opset="trunc_ln42_5/1 "/>
</bind>
</comp>

<comp id="1375" class="1004" name="sext_ln70_121_fu_1375">
<pin_list>
<pin id="1376" dir="0" index="0" bw="16" slack="0"/>
<pin id="1377" dir="1" index="1" bw="26" slack="0"/>
</pin_list>
<bind>
<opcode="sext(35) " fcode="sext"/>
<opset="sext_ln70_121/1 "/>
</bind>
</comp>

<comp id="1381" class="1004" name="trunc_ln42_6_fu_1381">
<pin_list>
<pin id="1382" dir="0" index="0" bw="16" slack="0"/>
<pin id="1383" dir="0" index="1" bw="26" slack="0"/>
<pin id="1384" dir="0" index="2" bw="5" slack="0"/>
<pin id="1385" dir="0" index="3" bw="6" slack="0"/>
<pin id="1386" dir="1" index="4" bw="16" slack="0"/>
</pin_list>
<bind>
<opcode="partselect(1002) " fcode="partselect"/>
<opset="trunc_ln42_6/1 "/>
</bind>
</comp>

<comp id="1391" class="1004" name="trunc_ln42_7_fu_1391">
<pin_list>
<pin id="1392" dir="0" index="0" bw="16" slack="0"/>
<pin id="1393" dir="0" index="1" bw="26" slack="0"/>
<pin id="1394" dir="0" index="2" bw="5" slack="0"/>
<pin id="1395" dir="0" index="3" bw="6" slack="0"/>
<pin id="1396" dir="1" index="4" bw="16" slack="0"/>
</pin_list>
<bind>
<opcode="partselect(1002) " fcode="partselect"/>
<opset="trunc_ln42_7/1 "/>
</bind>
</comp>

<comp id="1401" class="1004" name="sext_ln42_112_fu_1401">
<pin_list>
<pin id="1402" dir="0" index="0" bw="16" slack="0"/>
<pin id="1403" dir="1" index="1" bw="26" slack="0"/>
</pin_list>
<bind>
<opcode="sext(35) " fcode="sext"/>
<opset="sext_ln42_112/1 "/>
</bind>
</comp>

<comp id="1406" class="1004" name="sext_ln70_122_fu_1406">
<pin_list>
<pin id="1407" dir="0" index="0" bw="16" slack="0"/>
<pin id="1408" dir="1" index="1" bw="25" slack="0"/>
</pin_list>
<bind>
<opcode="sext(35) " fcode="sext"/>
<opset="sext_ln70_122/1 "/>
</bind>
</comp>

<comp id="1411" class="1004" name="trunc_ln42_8_fu_1411">
<pin_list>
<pin id="1412" dir="0" index="0" bw="15" slack="0"/>
<pin id="1413" dir="0" index="1" bw="25" slack="0"/>
<pin id="1414" dir="0" index="2" bw="5" slack="0"/>
<pin id="1415" dir="0" index="3" bw="6" slack="0"/>
<pin id="1416" dir="1" index="4" bw="15" slack="1"/>
</pin_list>
<bind>
<opcode="partselect(1002) " fcode="partselect"/>
<opset="trunc_ln42_8/1 "/>
</bind>
</comp>

<comp id="1421" class="1004" name="trunc_ln42_9_fu_1421">
<pin_list>
<pin id="1422" dir="0" index="0" bw="16" slack="0"/>
<pin id="1423" dir="0" index="1" bw="26" slack="0"/>
<pin id="1424" dir="0" index="2" bw="5" slack="0"/>
<pin id="1425" dir="0" index="3" bw="6" slack="0"/>
<pin id="1426" dir="1" index="4" bw="16" slack="0"/>
</pin_list>
<bind>
<opcode="partselect(1002) " fcode="partselect"/>
<opset="trunc_ln42_9/1 "/>
</bind>
</comp>

<comp id="1431" class="1004" name="sext_ln73_1_fu_1431">
<pin_list>
<pin id="1432" dir="0" index="0" bw="16" slack="0"/>
<pin id="1433" dir="1" index="1" bw="26" slack="0"/>
</pin_list>
<bind>
<opcode="sext(35) " fcode="sext"/>
<opset="sext_ln73_1/1 "/>
</bind>
</comp>

<comp id="1437" class="1004" name="trunc_ln42_s_fu_1437">
<pin_list>
<pin id="1438" dir="0" index="0" bw="16" slack="0"/>
<pin id="1439" dir="0" index="1" bw="26" slack="0"/>
<pin id="1440" dir="0" index="2" bw="5" slack="0"/>
<pin id="1441" dir="0" index="3" bw="6" slack="0"/>
<pin id="1442" dir="1" index="4" bw="16" slack="0"/>
</pin_list>
<bind>
<opcode="partselect(1002) " fcode="partselect"/>
<opset="trunc_ln42_s/1 "/>
</bind>
</comp>

<comp id="1447" class="1004" name="trunc_ln42_10_fu_1447">
<pin_list>
<pin id="1448" dir="0" index="0" bw="16" slack="0"/>
<pin id="1449" dir="0" index="1" bw="26" slack="0"/>
<pin id="1450" dir="0" index="2" bw="5" slack="0"/>
<pin id="1451" dir="0" index="3" bw="6" slack="0"/>
<pin id="1452" dir="1" index="4" bw="16" slack="1"/>
</pin_list>
<bind>
<opcode="partselect(1002) " fcode="partselect"/>
<opset="trunc_ln42_10/1 "/>
</bind>
</comp>

<comp id="1457" class="1004" name="sext_ln42_114_fu_1457">
<pin_list>
<pin id="1458" dir="0" index="0" bw="16" slack="0"/>
<pin id="1459" dir="1" index="1" bw="26" slack="0"/>
</pin_list>
<bind>
<opcode="sext(35) " fcode="sext"/>
<opset="sext_ln42_114/1 "/>
</bind>
</comp>

<comp id="1462" class="1004" name="sext_ln70_123_fu_1462">
<pin_list>
<pin id="1463" dir="0" index="0" bw="16" slack="0"/>
<pin id="1464" dir="1" index="1" bw="25" slack="0"/>
</pin_list>
<bind>
<opcode="sext(35) " fcode="sext"/>
<opset="sext_ln70_123/1 "/>
</bind>
</comp>

<comp id="1467" class="1004" name="trunc_ln42_11_fu_1467">
<pin_list>
<pin id="1468" dir="0" index="0" bw="15" slack="0"/>
<pin id="1469" dir="0" index="1" bw="25" slack="0"/>
<pin id="1470" dir="0" index="2" bw="5" slack="0"/>
<pin id="1471" dir="0" index="3" bw="6" slack="0"/>
<pin id="1472" dir="1" index="4" bw="15" slack="1"/>
</pin_list>
<bind>
<opcode="partselect(1002) " fcode="partselect"/>
<opset="trunc_ln42_11/1 "/>
</bind>
</comp>

<comp id="1477" class="1004" name="trunc_ln42_12_fu_1477">
<pin_list>
<pin id="1478" dir="0" index="0" bw="16" slack="0"/>
<pin id="1479" dir="0" index="1" bw="26" slack="0"/>
<pin id="1480" dir="0" index="2" bw="5" slack="0"/>
<pin id="1481" dir="0" index="3" bw="6" slack="0"/>
<pin id="1482" dir="1" index="4" bw="16" slack="1"/>
</pin_list>
<bind>
<opcode="partselect(1002) " fcode="partselect"/>
<opset="trunc_ln42_12/1 "/>
</bind>
</comp>

<comp id="1487" class="1004" name="sext_ln73_2_fu_1487">
<pin_list>
<pin id="1488" dir="0" index="0" bw="16" slack="0"/>
<pin id="1489" dir="1" index="1" bw="26" slack="0"/>
</pin_list>
<bind>
<opcode="sext(35) " fcode="sext"/>
<opset="sext_ln73_2/1 "/>
</bind>
</comp>

<comp id="1493" class="1004" name="trunc_ln42_13_fu_1493">
<pin_list>
<pin id="1494" dir="0" index="0" bw="16" slack="0"/>
<pin id="1495" dir="0" index="1" bw="26" slack="0"/>
<pin id="1496" dir="0" index="2" bw="5" slack="0"/>
<pin id="1497" dir="0" index="3" bw="6" slack="0"/>
<pin id="1498" dir="1" index="4" bw="16" slack="1"/>
</pin_list>
<bind>
<opcode="partselect(1002) " fcode="partselect"/>
<opset="trunc_ln42_13/1 "/>
</bind>
</comp>

<comp id="1503" class="1004" name="trunc_ln42_14_fu_1503">
<pin_list>
<pin id="1504" dir="0" index="0" bw="16" slack="0"/>
<pin id="1505" dir="0" index="1" bw="26" slack="0"/>
<pin id="1506" dir="0" index="2" bw="5" slack="0"/>
<pin id="1507" dir="0" index="3" bw="6" slack="0"/>
<pin id="1508" dir="1" index="4" bw="16" slack="0"/>
</pin_list>
<bind>
<opcode="partselect(1002) " fcode="partselect"/>
<opset="trunc_ln42_14/1 "/>
</bind>
</comp>

<comp id="1513" class="1004" name="add_ln58_fu_1513">
<pin_list>
<pin id="1514" dir="0" index="0" bw="16" slack="0"/>
<pin id="1515" dir="0" index="1" bw="16" slack="0"/>
<pin id="1516" dir="1" index="2" bw="16" slack="1"/>
</pin_list>
<bind>
<opcode="add(8) " fcode="add"/>
<opset="add_ln58/1 "/>
</bind>
</comp>

<comp id="1519" class="1004" name="add_ln58_288_fu_1519">
<pin_list>
<pin id="1520" dir="0" index="0" bw="16" slack="0"/>
<pin id="1521" dir="0" index="1" bw="16" slack="0"/>
<pin id="1522" dir="1" index="2" bw="16" slack="1"/>
</pin_list>
<bind>
<opcode="add(8) " fcode="add"/>
<opset="add_ln58_288/1 "/>
</bind>
</comp>

<comp id="1525" class="1004" name="add_ln58_295_fu_1525">
<pin_list>
<pin id="1526" dir="0" index="0" bw="16" slack="0"/>
<pin id="1527" dir="0" index="1" bw="16" slack="0"/>
<pin id="1528" dir="1" index="2" bw="16" slack="1"/>
</pin_list>
<bind>
<opcode="add(8) " fcode="add"/>
<opset="add_ln58_295/1 "/>
</bind>
</comp>

<comp id="1531" class="1004" name="add_ln58_296_fu_1531">
<pin_list>
<pin id="1532" dir="0" index="0" bw="16" slack="0"/>
<pin id="1533" dir="0" index="1" bw="16" slack="0"/>
<pin id="1534" dir="1" index="2" bw="16" slack="1"/>
</pin_list>
<bind>
<opcode="add(8) " fcode="add"/>
<opset="add_ln58_296/1 "/>
</bind>
</comp>

<comp id="1537" class="1004" name="add_ln58_299_fu_1537">
<pin_list>
<pin id="1538" dir="0" index="0" bw="15" slack="0"/>
<pin id="1539" dir="0" index="1" bw="4" slack="0"/>
<pin id="1540" dir="1" index="2" bw="16" slack="0"/>
</pin_list>
<bind>
<opcode="add(8) " fcode="add"/>
<opset="add_ln58_299/1 "/>
</bind>
</comp>

<comp id="1543" class="1004" name="add_ln58_300_fu_1543">
<pin_list>
<pin id="1544" dir="0" index="0" bw="16" slack="0"/>
<pin id="1545" dir="0" index="1" bw="16" slack="0"/>
<pin id="1546" dir="1" index="2" bw="16" slack="1"/>
</pin_list>
<bind>
<opcode="add(8) " fcode="add"/>
<opset="add_ln58_300/1 "/>
</bind>
</comp>

<comp id="1549" class="1004" name="sext_ln73_3_fu_1549">
<pin_list>
<pin id="1550" dir="0" index="0" bw="14" slack="1"/>
<pin id="1551" dir="1" index="1" bw="15" slack="0"/>
</pin_list>
<bind>
<opcode="sext(35) " fcode="sext"/>
<opset="sext_ln73_3/2 "/>
</bind>
</comp>

<comp id="1552" class="1004" name="sext_ln42_113_fu_1552">
<pin_list>
<pin id="1553" dir="0" index="0" bw="15" slack="1"/>
<pin id="1554" dir="1" index="1" bw="16" slack="0"/>
</pin_list>
<bind>
<opcode="sext(35) " fcode="sext"/>
<opset="sext_ln42_113/2 "/>
</bind>
</comp>

<comp id="1555" class="1004" name="sext_ln42_115_fu_1555">
<pin_list>
<pin id="1556" dir="0" index="0" bw="15" slack="1"/>
<pin id="1557" dir="1" index="1" bw="16" slack="0"/>
</pin_list>
<bind>
<opcode="sext(35) " fcode="sext"/>
<opset="sext_ln42_115/2 "/>
</bind>
</comp>

<comp id="1558" class="1004" name="add_ln58_289_fu_1558">
<pin_list>
<pin id="1559" dir="0" index="0" bw="16" slack="1"/>
<pin id="1560" dir="0" index="1" bw="16" slack="1"/>
<pin id="1561" dir="1" index="2" bw="16" slack="0"/>
</pin_list>
<bind>
<opcode="add(8) " fcode="add"/>
<opset="add_ln58_289/2 "/>
</bind>
</comp>

<comp id="1562" class="1004" name="add_ln58_290_fu_1562">
<pin_list>
<pin id="1563" dir="0" index="0" bw="16" slack="1"/>
<pin id="1564" dir="0" index="1" bw="15" slack="0"/>
<pin id="1565" dir="1" index="2" bw="16" slack="0"/>
</pin_list>
<bind>
<opcode="add(8) " fcode="add"/>
<opset="add_ln58_290/2 "/>
</bind>
</comp>

<comp id="1567" class="1004" name="add_ln58_291_fu_1567">
<pin_list>
<pin id="1568" dir="0" index="0" bw="14" slack="0"/>
<pin id="1569" dir="0" index="1" bw="4" slack="0"/>
<pin id="1570" dir="1" index="2" bw="15" slack="0"/>
</pin_list>
<bind>
<opcode="add(8) " fcode="add"/>
<opset="add_ln58_291/2 "/>
</bind>
</comp>

<comp id="1573" class="1004" name="sext_ln58_fu_1573">
<pin_list>
<pin id="1574" dir="0" index="0" bw="15" slack="0"/>
<pin id="1575" dir="1" index="1" bw="16" slack="0"/>
</pin_list>
<bind>
<opcode="sext(35) " fcode="sext"/>
<opset="sext_ln58/2 "/>
</bind>
</comp>

<comp id="1577" class="1004" name="add_ln58_292_fu_1577">
<pin_list>
<pin id="1578" dir="0" index="0" bw="15" slack="0"/>
<pin id="1579" dir="0" index="1" bw="15" slack="0"/>
<pin id="1580" dir="1" index="2" bw="16" slack="0"/>
</pin_list>
<bind>
<opcode="add(8) " fcode="add"/>
<opset="add_ln58_292/2 "/>
</bind>
</comp>

<comp id="1583" class="1004" name="add_ln58_293_fu_1583">
<pin_list>
<pin id="1584" dir="0" index="0" bw="16" slack="0"/>
<pin id="1585" dir="0" index="1" bw="16" slack="0"/>
<pin id="1586" dir="1" index="2" bw="16" slack="0"/>
</pin_list>
<bind>
<opcode="add(8) " fcode="add"/>
<opset="add_ln58_293/2 "/>
</bind>
</comp>

<comp id="1589" class="1004" name="x_fu_1589">
<pin_list>
<pin id="1590" dir="0" index="0" bw="16" slack="0"/>
<pin id="1591" dir="0" index="1" bw="16" slack="0"/>
<pin id="1592" dir="1" index="2" bw="16" slack="0"/>
</pin_list>
<bind>
<opcode="add(8) " fcode="add"/>
<opset="x/2 "/>
</bind>
</comp>

<comp id="1595" class="1004" name="add_ln58_297_fu_1595">
<pin_list>
<pin id="1596" dir="0" index="0" bw="16" slack="1"/>
<pin id="1597" dir="0" index="1" bw="16" slack="1"/>
<pin id="1598" dir="1" index="2" bw="16" slack="0"/>
</pin_list>
<bind>
<opcode="add(8) " fcode="add"/>
<opset="add_ln58_297/2 "/>
</bind>
</comp>

<comp id="1599" class="1004" name="add_ln58_298_fu_1599">
<pin_list>
<pin id="1600" dir="0" index="0" bw="16" slack="1"/>
<pin id="1601" dir="0" index="1" bw="16" slack="1"/>
<pin id="1602" dir="1" index="2" bw="16" slack="0"/>
</pin_list>
<bind>
<opcode="add(8) " fcode="add"/>
<opset="add_ln58_298/2 "/>
</bind>
</comp>

<comp id="1603" class="1004" name="add_ln58_301_fu_1603">
<pin_list>
<pin id="1604" dir="0" index="0" bw="16" slack="1"/>
<pin id="1605" dir="0" index="1" bw="16" slack="0"/>
<pin id="1606" dir="1" index="2" bw="16" slack="0"/>
</pin_list>
<bind>
<opcode="add(8) " fcode="add"/>
<opset="add_ln58_301/2 "/>
</bind>
</comp>

<comp id="1608" class="1004" name="x_10_fu_1608">
<pin_list>
<pin id="1609" dir="0" index="0" bw="16" slack="0"/>
<pin id="1610" dir="0" index="1" bw="16" slack="0"/>
<pin id="1611" dir="1" index="2" bw="16" slack="0"/>
</pin_list>
<bind>
<opcode="add(8) " fcode="add"/>
<opset="x_10/2 "/>
</bind>
</comp>

<comp id="1614" class="1004" name="shl_ln_fu_1614">
<pin_list>
<pin id="1615" dir="0" index="0" bw="26" slack="0"/>
<pin id="1616" dir="0" index="1" bw="16" slack="0"/>
<pin id="1617" dir="0" index="2" bw="1" slack="0"/>
<pin id="1618" dir="1" index="3" bw="26" slack="0"/>
</pin_list>
<bind>
<opcode="bitconcatenate(1004) " fcode="bitconcatenate"/>
<opset="shl_ln/2 "/>
</bind>
</comp>

<comp id="1622" class="1004" name="sext_ln110_fu_1622">
<pin_list>
<pin id="1623" dir="0" index="0" bw="26" slack="0"/>
<pin id="1624" dir="1" index="1" bw="36" slack="0"/>
</pin_list>
<bind>
<opcode="sext(35) " fcode="sext"/>
<opset="sext_ln110/2 "/>
</bind>
</comp>

<comp id="1626" class="1004" name="shl_ln111_8_fu_1626">
<pin_list>
<pin id="1627" dir="0" index="0" bw="26" slack="0"/>
<pin id="1628" dir="0" index="1" bw="16" slack="0"/>
<pin id="1629" dir="0" index="2" bw="1" slack="0"/>
<pin id="1630" dir="1" index="3" bw="26" slack="0"/>
</pin_list>
<bind>
<opcode="bitconcatenate(1004) " fcode="bitconcatenate"/>
<opset="shl_ln111_8/2 "/>
</bind>
</comp>

<comp id="1634" class="1004" name="sext_ln18_fu_1634">
<pin_list>
<pin id="1635" dir="0" index="0" bw="26" slack="0"/>
<pin id="1636" dir="1" index="1" bw="36" slack="0"/>
</pin_list>
<bind>
<opcode="sext(35) " fcode="sext"/>
<opset="sext_ln18/2 "/>
</bind>
</comp>

<comp id="1638" class="1004" name="mrv_fu_1638">
<pin_list>
<pin id="1639" dir="0" index="0" bw="72" slack="0"/>
<pin id="1640" dir="0" index="1" bw="26" slack="0"/>
<pin id="1641" dir="1" index="2" bw="72" slack="0"/>
</pin_list>
<bind>
<opcode="insertvalue(57) " fcode="insertvalue"/>
<opset="mrv/2 "/>
</bind>
</comp>

<comp id="1644" class="1004" name="mrv_1_fu_1644">
<pin_list>
<pin id="1645" dir="0" index="0" bw="72" slack="0"/>
<pin id="1646" dir="0" index="1" bw="26" slack="0"/>
<pin id="1647" dir="1" index="2" bw="72" slack="2147483647"/>
</pin_list>
<bind>
<opcode="insertvalue(57) " fcode="insertvalue"/>
<opset="mrv_1/2 "/>
</bind>
</comp>

<comp id="1650" class="1005" name="trunc_ln_reg_1650">
<pin_list>
<pin id="1651" dir="0" index="0" bw="14" slack="1"/>
<pin id="1652" dir="1" index="1" bw="14" slack="1"/>
</pin_list>
<bind>
<opset="trunc_ln "/>
</bind>
</comp>

<comp id="1655" class="1005" name="trunc_ln42_8_reg_1655">
<pin_list>
<pin id="1656" dir="0" index="0" bw="15" slack="1"/>
<pin id="1657" dir="1" index="1" bw="15" slack="1"/>
</pin_list>
<bind>
<opset="trunc_ln42_8 "/>
</bind>
</comp>

<comp id="1660" class="1005" name="trunc_ln42_10_reg_1660">
<pin_list>
<pin id="1661" dir="0" index="0" bw="16" slack="1"/>
<pin id="1662" dir="1" index="1" bw="16" slack="1"/>
</pin_list>
<bind>
<opset="trunc_ln42_10 "/>
</bind>
</comp>

<comp id="1665" class="1005" name="trunc_ln42_11_reg_1665">
<pin_list>
<pin id="1666" dir="0" index="0" bw="15" slack="1"/>
<pin id="1667" dir="1" index="1" bw="15" slack="1"/>
</pin_list>
<bind>
<opset="trunc_ln42_11 "/>
</bind>
</comp>

<comp id="1670" class="1005" name="trunc_ln42_12_reg_1670">
<pin_list>
<pin id="1671" dir="0" index="0" bw="16" slack="1"/>
<pin id="1672" dir="1" index="1" bw="16" slack="1"/>
</pin_list>
<bind>
<opset="trunc_ln42_12 "/>
</bind>
</comp>

<comp id="1675" class="1005" name="trunc_ln42_13_reg_1675">
<pin_list>
<pin id="1676" dir="0" index="0" bw="16" slack="1"/>
<pin id="1677" dir="1" index="1" bw="16" slack="1"/>
</pin_list>
<bind>
<opset="trunc_ln42_13 "/>
</bind>
</comp>

<comp id="1680" class="1005" name="add_ln58_reg_1680">
<pin_list>
<pin id="1681" dir="0" index="0" bw="16" slack="1"/>
<pin id="1682" dir="1" index="1" bw="16" slack="1"/>
</pin_list>
<bind>
<opset="add_ln58 "/>
</bind>
</comp>

<comp id="1685" class="1005" name="add_ln58_288_reg_1685">
<pin_list>
<pin id="1686" dir="0" index="0" bw="16" slack="1"/>
<pin id="1687" dir="1" index="1" bw="16" slack="1"/>
</pin_list>
<bind>
<opset="add_ln58_288 "/>
</bind>
</comp>

<comp id="1690" class="1005" name="add_ln58_295_reg_1690">
<pin_list>
<pin id="1691" dir="0" index="0" bw="16" slack="1"/>
<pin id="1692" dir="1" index="1" bw="16" slack="1"/>
</pin_list>
<bind>
<opset="add_ln58_295 "/>
</bind>
</comp>

<comp id="1695" class="1005" name="add_ln58_296_reg_1695">
<pin_list>
<pin id="1696" dir="0" index="0" bw="16" slack="1"/>
<pin id="1697" dir="1" index="1" bw="16" slack="1"/>
</pin_list>
<bind>
<opset="add_ln58_296 "/>
</bind>
</comp>

<comp id="1700" class="1005" name="add_ln58_300_reg_1700">
<pin_list>
<pin id="1701" dir="0" index="0" bw="16" slack="1"/>
<pin id="1702" dir="1" index="1" bw="16" slack="1"/>
</pin_list>
<bind>
<opset="add_ln58_300 "/>
</bind>
</comp>

</comp_list>

<net_list>
<net id="92"><net_src comp="16" pin="0"/><net_sink comp="88" pin=0"/></net>

<net id="93"><net_src comp="14" pin="0"/><net_sink comp="88" pin=1"/></net>

<net id="98"><net_src comp="16" pin="0"/><net_sink comp="94" pin=0"/></net>

<net id="99"><net_src comp="12" pin="0"/><net_sink comp="94" pin=1"/></net>

<net id="104"><net_src comp="16" pin="0"/><net_sink comp="100" pin=0"/></net>

<net id="105"><net_src comp="10" pin="0"/><net_sink comp="100" pin=1"/></net>

<net id="110"><net_src comp="16" pin="0"/><net_sink comp="106" pin=0"/></net>

<net id="111"><net_src comp="8" pin="0"/><net_sink comp="106" pin=1"/></net>

<net id="116"><net_src comp="16" pin="0"/><net_sink comp="112" pin=0"/></net>

<net id="117"><net_src comp="6" pin="0"/><net_sink comp="112" pin=1"/></net>

<net id="122"><net_src comp="16" pin="0"/><net_sink comp="118" pin=0"/></net>

<net id="123"><net_src comp="4" pin="0"/><net_sink comp="118" pin=1"/></net>

<net id="128"><net_src comp="16" pin="0"/><net_sink comp="124" pin=0"/></net>

<net id="129"><net_src comp="2" pin="0"/><net_sink comp="124" pin=1"/></net>

<net id="134"><net_src comp="16" pin="0"/><net_sink comp="130" pin=0"/></net>

<net id="135"><net_src comp="0" pin="0"/><net_sink comp="130" pin=1"/></net>

<net id="1179"><net_src comp="18" pin="0"/><net_sink comp="137" pin=1"/></net>

<net id="1183"><net_src comp="26" pin="0"/><net_sink comp="141" pin=1"/></net>

<net id="1187"><net_src comp="32" pin="0"/><net_sink comp="151" pin=1"/></net>

<net id="1191"><net_src comp="38" pin="0"/><net_sink comp="144" pin=1"/></net>

<net id="1195"><net_src comp="40" pin="0"/><net_sink comp="139" pin=1"/></net>

<net id="1199"><net_src comp="42" pin="0"/><net_sink comp="140" pin=1"/></net>

<net id="1203"><net_src comp="44" pin="0"/><net_sink comp="142" pin=1"/></net>

<net id="1207"><net_src comp="46" pin="0"/><net_sink comp="148" pin=1"/></net>

<net id="1211"><net_src comp="48" pin="0"/><net_sink comp="145" pin=1"/></net>

<net id="1215"><net_src comp="50" pin="0"/><net_sink comp="138" pin=1"/></net>

<net id="1219"><net_src comp="52" pin="0"/><net_sink comp="146" pin=1"/></net>

<net id="1223"><net_src comp="54" pin="0"/><net_sink comp="143" pin=1"/></net>

<net id="1227"><net_src comp="56" pin="0"/><net_sink comp="147" pin=1"/></net>

<net id="1231"><net_src comp="58" pin="0"/><net_sink comp="149" pin=1"/></net>

<net id="1235"><net_src comp="60" pin="0"/><net_sink comp="150" pin=1"/></net>

<net id="1239"><net_src comp="62" pin="0"/><net_sink comp="136" pin=1"/></net>

<net id="1292"><net_src comp="130" pin="2"/><net_sink comp="1289" pin=0"/></net>

<net id="1293"><net_src comp="1289" pin="1"/><net_sink comp="141" pin=0"/></net>

<net id="1297"><net_src comp="130" pin="2"/><net_sink comp="1294" pin=0"/></net>

<net id="1298"><net_src comp="1294" pin="1"/><net_sink comp="137" pin=0"/></net>

<net id="1305"><net_src comp="20" pin="0"/><net_sink comp="1299" pin=0"/></net>

<net id="1306"><net_src comp="137" pin="2"/><net_sink comp="1299" pin=1"/></net>

<net id="1307"><net_src comp="22" pin="0"/><net_sink comp="1299" pin=2"/></net>

<net id="1308"><net_src comp="24" pin="0"/><net_sink comp="1299" pin=3"/></net>

<net id="1315"><net_src comp="28" pin="0"/><net_sink comp="1309" pin=0"/></net>

<net id="1316"><net_src comp="141" pin="2"/><net_sink comp="1309" pin=1"/></net>

<net id="1317"><net_src comp="22" pin="0"/><net_sink comp="1309" pin=2"/></net>

<net id="1318"><net_src comp="30" pin="0"/><net_sink comp="1309" pin=3"/></net>

<net id="1322"><net_src comp="1309" pin="4"/><net_sink comp="1319" pin=0"/></net>

<net id="1326"><net_src comp="124" pin="2"/><net_sink comp="1323" pin=0"/></net>

<net id="1327"><net_src comp="1323" pin="1"/><net_sink comp="151" pin=0"/></net>

<net id="1328"><net_src comp="1323" pin="1"/><net_sink comp="144" pin=0"/></net>

<net id="1335"><net_src comp="34" pin="0"/><net_sink comp="1329" pin=0"/></net>

<net id="1336"><net_src comp="151" pin="2"/><net_sink comp="1329" pin=1"/></net>

<net id="1337"><net_src comp="22" pin="0"/><net_sink comp="1329" pin=2"/></net>

<net id="1338"><net_src comp="36" pin="0"/><net_sink comp="1329" pin=3"/></net>

<net id="1345"><net_src comp="34" pin="0"/><net_sink comp="1339" pin=0"/></net>

<net id="1346"><net_src comp="144" pin="2"/><net_sink comp="1339" pin=1"/></net>

<net id="1347"><net_src comp="22" pin="0"/><net_sink comp="1339" pin=2"/></net>

<net id="1348"><net_src comp="36" pin="0"/><net_sink comp="1339" pin=3"/></net>

<net id="1352"><net_src comp="118" pin="2"/><net_sink comp="1349" pin=0"/></net>

<net id="1353"><net_src comp="1349" pin="1"/><net_sink comp="139" pin=0"/></net>

<net id="1354"><net_src comp="1349" pin="1"/><net_sink comp="140" pin=0"/></net>

<net id="1361"><net_src comp="34" pin="0"/><net_sink comp="1355" pin=0"/></net>

<net id="1362"><net_src comp="139" pin="2"/><net_sink comp="1355" pin=1"/></net>

<net id="1363"><net_src comp="22" pin="0"/><net_sink comp="1355" pin=2"/></net>

<net id="1364"><net_src comp="36" pin="0"/><net_sink comp="1355" pin=3"/></net>

<net id="1371"><net_src comp="34" pin="0"/><net_sink comp="1365" pin=0"/></net>

<net id="1372"><net_src comp="140" pin="2"/><net_sink comp="1365" pin=1"/></net>

<net id="1373"><net_src comp="22" pin="0"/><net_sink comp="1365" pin=2"/></net>

<net id="1374"><net_src comp="36" pin="0"/><net_sink comp="1365" pin=3"/></net>

<net id="1378"><net_src comp="112" pin="2"/><net_sink comp="1375" pin=0"/></net>

<net id="1379"><net_src comp="1375" pin="1"/><net_sink comp="142" pin=0"/></net>

<net id="1380"><net_src comp="1375" pin="1"/><net_sink comp="148" pin=0"/></net>

<net id="1387"><net_src comp="34" pin="0"/><net_sink comp="1381" pin=0"/></net>

<net id="1388"><net_src comp="142" pin="2"/><net_sink comp="1381" pin=1"/></net>

<net id="1389"><net_src comp="22" pin="0"/><net_sink comp="1381" pin=2"/></net>

<net id="1390"><net_src comp="36" pin="0"/><net_sink comp="1381" pin=3"/></net>

<net id="1397"><net_src comp="34" pin="0"/><net_sink comp="1391" pin=0"/></net>

<net id="1398"><net_src comp="148" pin="2"/><net_sink comp="1391" pin=1"/></net>

<net id="1399"><net_src comp="22" pin="0"/><net_sink comp="1391" pin=2"/></net>

<net id="1400"><net_src comp="36" pin="0"/><net_sink comp="1391" pin=3"/></net>

<net id="1404"><net_src comp="106" pin="2"/><net_sink comp="1401" pin=0"/></net>

<net id="1405"><net_src comp="1401" pin="1"/><net_sink comp="138" pin=0"/></net>

<net id="1409"><net_src comp="106" pin="2"/><net_sink comp="1406" pin=0"/></net>

<net id="1410"><net_src comp="1406" pin="1"/><net_sink comp="145" pin=0"/></net>

<net id="1417"><net_src comp="28" pin="0"/><net_sink comp="1411" pin=0"/></net>

<net id="1418"><net_src comp="145" pin="2"/><net_sink comp="1411" pin=1"/></net>

<net id="1419"><net_src comp="22" pin="0"/><net_sink comp="1411" pin=2"/></net>

<net id="1420"><net_src comp="30" pin="0"/><net_sink comp="1411" pin=3"/></net>

<net id="1427"><net_src comp="34" pin="0"/><net_sink comp="1421" pin=0"/></net>

<net id="1428"><net_src comp="138" pin="2"/><net_sink comp="1421" pin=1"/></net>

<net id="1429"><net_src comp="22" pin="0"/><net_sink comp="1421" pin=2"/></net>

<net id="1430"><net_src comp="36" pin="0"/><net_sink comp="1421" pin=3"/></net>

<net id="1434"><net_src comp="100" pin="2"/><net_sink comp="1431" pin=0"/></net>

<net id="1435"><net_src comp="1431" pin="1"/><net_sink comp="146" pin=0"/></net>

<net id="1436"><net_src comp="1431" pin="1"/><net_sink comp="143" pin=0"/></net>

<net id="1443"><net_src comp="34" pin="0"/><net_sink comp="1437" pin=0"/></net>

<net id="1444"><net_src comp="146" pin="2"/><net_sink comp="1437" pin=1"/></net>

<net id="1445"><net_src comp="22" pin="0"/><net_sink comp="1437" pin=2"/></net>

<net id="1446"><net_src comp="36" pin="0"/><net_sink comp="1437" pin=3"/></net>

<net id="1453"><net_src comp="34" pin="0"/><net_sink comp="1447" pin=0"/></net>

<net id="1454"><net_src comp="143" pin="2"/><net_sink comp="1447" pin=1"/></net>

<net id="1455"><net_src comp="22" pin="0"/><net_sink comp="1447" pin=2"/></net>

<net id="1456"><net_src comp="36" pin="0"/><net_sink comp="1447" pin=3"/></net>

<net id="1460"><net_src comp="94" pin="2"/><net_sink comp="1457" pin=0"/></net>

<net id="1461"><net_src comp="1457" pin="1"/><net_sink comp="149" pin=0"/></net>

<net id="1465"><net_src comp="94" pin="2"/><net_sink comp="1462" pin=0"/></net>

<net id="1466"><net_src comp="1462" pin="1"/><net_sink comp="147" pin=0"/></net>

<net id="1473"><net_src comp="28" pin="0"/><net_sink comp="1467" pin=0"/></net>

<net id="1474"><net_src comp="147" pin="2"/><net_sink comp="1467" pin=1"/></net>

<net id="1475"><net_src comp="22" pin="0"/><net_sink comp="1467" pin=2"/></net>

<net id="1476"><net_src comp="30" pin="0"/><net_sink comp="1467" pin=3"/></net>

<net id="1483"><net_src comp="34" pin="0"/><net_sink comp="1477" pin=0"/></net>

<net id="1484"><net_src comp="149" pin="2"/><net_sink comp="1477" pin=1"/></net>

<net id="1485"><net_src comp="22" pin="0"/><net_sink comp="1477" pin=2"/></net>

<net id="1486"><net_src comp="36" pin="0"/><net_sink comp="1477" pin=3"/></net>

<net id="1490"><net_src comp="88" pin="2"/><net_sink comp="1487" pin=0"/></net>

<net id="1491"><net_src comp="1487" pin="1"/><net_sink comp="150" pin=0"/></net>

<net id="1492"><net_src comp="1487" pin="1"/><net_sink comp="136" pin=0"/></net>

<net id="1499"><net_src comp="34" pin="0"/><net_sink comp="1493" pin=0"/></net>

<net id="1500"><net_src comp="150" pin="2"/><net_sink comp="1493" pin=1"/></net>

<net id="1501"><net_src comp="22" pin="0"/><net_sink comp="1493" pin=2"/></net>

<net id="1502"><net_src comp="36" pin="0"/><net_sink comp="1493" pin=3"/></net>

<net id="1509"><net_src comp="34" pin="0"/><net_sink comp="1503" pin=0"/></net>

<net id="1510"><net_src comp="136" pin="2"/><net_sink comp="1503" pin=1"/></net>

<net id="1511"><net_src comp="22" pin="0"/><net_sink comp="1503" pin=2"/></net>

<net id="1512"><net_src comp="36" pin="0"/><net_sink comp="1503" pin=3"/></net>

<net id="1517"><net_src comp="1329" pin="4"/><net_sink comp="1513" pin=0"/></net>

<net id="1518"><net_src comp="1355" pin="4"/><net_sink comp="1513" pin=1"/></net>

<net id="1523"><net_src comp="1381" pin="4"/><net_sink comp="1519" pin=0"/></net>

<net id="1524"><net_src comp="1437" pin="4"/><net_sink comp="1519" pin=1"/></net>

<net id="1529"><net_src comp="1339" pin="4"/><net_sink comp="1525" pin=0"/></net>

<net id="1530"><net_src comp="1365" pin="4"/><net_sink comp="1525" pin=1"/></net>

<net id="1535"><net_src comp="1391" pin="4"/><net_sink comp="1531" pin=0"/></net>

<net id="1536"><net_src comp="1421" pin="4"/><net_sink comp="1531" pin=1"/></net>

<net id="1541"><net_src comp="1319" pin="1"/><net_sink comp="1537" pin=0"/></net>

<net id="1542"><net_src comp="64" pin="0"/><net_sink comp="1537" pin=1"/></net>

<net id="1547"><net_src comp="1537" pin="2"/><net_sink comp="1543" pin=0"/></net>

<net id="1548"><net_src comp="1503" pin="4"/><net_sink comp="1543" pin=1"/></net>

<net id="1566"><net_src comp="1552" pin="1"/><net_sink comp="1562" pin=1"/></net>

<net id="1571"><net_src comp="1549" pin="1"/><net_sink comp="1567" pin=0"/></net>

<net id="1572"><net_src comp="80" pin="0"/><net_sink comp="1567" pin=1"/></net>

<net id="1576"><net_src comp="1567" pin="2"/><net_sink comp="1573" pin=0"/></net>

<net id="1581"><net_src comp="1573" pin="1"/><net_sink comp="1577" pin=0"/></net>

<net id="1582"><net_src comp="1555" pin="1"/><net_sink comp="1577" pin=1"/></net>

<net id="1587"><net_src comp="1577" pin="2"/><net_sink comp="1583" pin=0"/></net>

<net id="1588"><net_src comp="1562" pin="2"/><net_sink comp="1583" pin=1"/></net>

<net id="1593"><net_src comp="1583" pin="2"/><net_sink comp="1589" pin=0"/></net>

<net id="1594"><net_src comp="1558" pin="2"/><net_sink comp="1589" pin=1"/></net>

<net id="1607"><net_src comp="1599" pin="2"/><net_sink comp="1603" pin=1"/></net>

<net id="1612"><net_src comp="1603" pin="2"/><net_sink comp="1608" pin=0"/></net>

<net id="1613"><net_src comp="1595" pin="2"/><net_sink comp="1608" pin=1"/></net>

<net id="1619"><net_src comp="82" pin="0"/><net_sink comp="1614" pin=0"/></net>

<net id="1620"><net_src comp="1589" pin="2"/><net_sink comp="1614" pin=1"/></net>

<net id="1621"><net_src comp="84" pin="0"/><net_sink comp="1614" pin=2"/></net>

<net id="1625"><net_src comp="1614" pin="3"/><net_sink comp="1622" pin=0"/></net>

<net id="1631"><net_src comp="82" pin="0"/><net_sink comp="1626" pin=0"/></net>

<net id="1632"><net_src comp="1608" pin="2"/><net_sink comp="1626" pin=1"/></net>

<net id="1633"><net_src comp="84" pin="0"/><net_sink comp="1626" pin=2"/></net>

<net id="1637"><net_src comp="1626" pin="3"/><net_sink comp="1634" pin=0"/></net>

<net id="1642"><net_src comp="86" pin="0"/><net_sink comp="1638" pin=0"/></net>

<net id="1643"><net_src comp="1622" pin="1"/><net_sink comp="1638" pin=1"/></net>

<net id="1648"><net_src comp="1638" pin="2"/><net_sink comp="1644" pin=0"/></net>

<net id="1649"><net_src comp="1634" pin="1"/><net_sink comp="1644" pin=1"/></net>

<net id="1653"><net_src comp="1299" pin="4"/><net_sink comp="1650" pin=0"/></net>

<net id="1654"><net_src comp="1650" pin="1"/><net_sink comp="1549" pin=0"/></net>

<net id="1658"><net_src comp="1411" pin="4"/><net_sink comp="1655" pin=0"/></net>

<net id="1659"><net_src comp="1655" pin="1"/><net_sink comp="1552" pin=0"/></net>

<net id="1663"><net_src comp="1447" pin="4"/><net_sink comp="1660" pin=0"/></net>

<net id="1664"><net_src comp="1660" pin="1"/><net_sink comp="1599" pin=0"/></net>

<net id="1668"><net_src comp="1467" pin="4"/><net_sink comp="1665" pin=0"/></net>

<net id="1669"><net_src comp="1665" pin="1"/><net_sink comp="1555" pin=0"/></net>

<net id="1673"><net_src comp="1477" pin="4"/><net_sink comp="1670" pin=0"/></net>

<net id="1674"><net_src comp="1670" pin="1"/><net_sink comp="1599" pin=1"/></net>

<net id="1678"><net_src comp="1493" pin="4"/><net_sink comp="1675" pin=0"/></net>

<net id="1679"><net_src comp="1675" pin="1"/><net_sink comp="1562" pin=0"/></net>

<net id="1683"><net_src comp="1513" pin="2"/><net_sink comp="1680" pin=0"/></net>

<net id="1684"><net_src comp="1680" pin="1"/><net_sink comp="1558" pin=1"/></net>

<net id="1688"><net_src comp="1519" pin="2"/><net_sink comp="1685" pin=0"/></net>

<net id="1689"><net_src comp="1685" pin="1"/><net_sink comp="1558" pin=0"/></net>

<net id="1693"><net_src comp="1525" pin="2"/><net_sink comp="1690" pin=0"/></net>

<net id="1694"><net_src comp="1690" pin="1"/><net_sink comp="1595" pin=1"/></net>

<net id="1698"><net_src comp="1531" pin="2"/><net_sink comp="1695" pin=0"/></net>

<net id="1699"><net_src comp="1695" pin="1"/><net_sink comp="1595" pin=0"/></net>

<net id="1703"><net_src comp="1543" pin="2"/><net_sink comp="1700" pin=0"/></net>

<net id="1704"><net_src comp="1700" pin="1"/><net_sink comp="1603" pin=0"/></net>

</net_list>

</model> 
---------------- Datapath Model END ------------------

* FSMD analyzer results:
  - Output states:
 - Input state : 
	Port: dense_latency_wrapper<ap_fixed,ap_fixed<36,16,5,3,0>,config8> : data_0_val1 | {1 }
	Port: dense_latency_wrapper<ap_fixed,ap_fixed<36,16,5,3,0>,config8> : data_1_val2 | {1 }
	Port: dense_latency_wrapper<ap_fixed,ap_fixed<36,16,5,3,0>,config8> : data_2_val3 | {1 }
	Port: dense_latency_wrapper<ap_fixed,ap_fixed<36,16,5,3,0>,config8> : data_3_val4 | {1 }
	Port: dense_latency_wrapper<ap_fixed,ap_fixed<36,16,5,3,0>,config8> : data_4_val5 | {1 }
	Port: dense_latency_wrapper<ap_fixed,ap_fixed<36,16,5,3,0>,config8> : data_5_val6 | {1 }
	Port: dense_latency_wrapper<ap_fixed,ap_fixed<36,16,5,3,0>,config8> : data_6_val7 | {1 }
	Port: dense_latency_wrapper<ap_fixed,ap_fixed<36,16,5,3,0>,config8> : data_7_val8 | {1 }
  - Chain level:
	State 1
		mul_ln73 : 1
		trunc_ln : 2
		mul_ln73_238 : 1
		trunc_ln42_1 : 2
		sext_ln42 : 3
		mul_ln42 : 1
		trunc_ln42_2 : 2
		mul_ln42_1 : 1
		trunc_ln42_3 : 2
		mul_ln42_2 : 1
		trunc_ln42_4 : 2
		mul_ln73_239 : 1
		trunc_ln42_5 : 2
		mul_ln42_3 : 1
		trunc_ln42_6 : 2
		mul_ln73_240 : 1
		trunc_ln42_7 : 2
		mul_ln73_241 : 1
		trunc_ln42_8 : 2
		mul_ln42_4 : 1
		trunc_ln42_9 : 2
		mul_ln42_5 : 1
		trunc_ln42_s : 2
		mul_ln42_6 : 1
		trunc_ln42_10 : 2
		mul_ln73_242 : 1
		trunc_ln42_11 : 2
		mul_ln42_7 : 1
		trunc_ln42_12 : 2
		mul_ln42_8 : 1
		trunc_ln42_13 : 2
		mul_ln42_9 : 1
		trunc_ln42_14 : 2
		add_ln58 : 3
		add_ln58_288 : 3
		add_ln58_295 : 3
		add_ln58_296 : 3
		add_ln58_299 : 4
		add_ln58_300 : 5
	State 2
		add_ln58_290 : 1
		add_ln58_291 : 1
		sext_ln58 : 2
		add_ln58_292 : 3
		add_ln58_293 : 4
		x : 5
		add_ln58_301 : 1
		x_10 : 2
		shl_ln : 6
		sext_ln110 : 7
		shl_ln111_8 : 3
		sext_ln18 : 4
		mrv : 8
		mrv_1 : 9
		ret_ln18 : 10


============================================================
+ Verbose Summary: Datapath Resource usage 
============================================================

* Functional unit list:
|----------|------------------------------|---------|---------|---------|
| Operation|        Functional Unit       |   DSP   |    FF   |   LUT   |
|----------|------------------------------|---------|---------|---------|
|          |       add_ln58_fu_1513       |    0    |    0    |    23   |
|          |     add_ln58_288_fu_1519     |    0    |    0    |    23   |
|          |     add_ln58_295_fu_1525     |    0    |    0    |    23   |
|          |     add_ln58_296_fu_1531     |    0    |    0    |    23   |
|          |     add_ln58_299_fu_1537     |    0    |    0    |    16   |
|          |     add_ln58_300_fu_1543     |    0    |    0    |    16   |
|          |     add_ln58_289_fu_1558     |    0    |    0    |    16   |
|    add   |     add_ln58_290_fu_1562     |    0    |    0    |    16   |
|          |     add_ln58_291_fu_1567     |    0    |    0    |    21   |
|          |     add_ln58_292_fu_1577     |    0    |    0    |    22   |
|          |     add_ln58_293_fu_1583     |    0    |    0    |    16   |
|          |           x_fu_1589          |    0    |    0    |    16   |
|          |     add_ln58_297_fu_1595     |    0    |    0    |    16   |
|          |     add_ln58_298_fu_1599     |    0    |    0    |    16   |
|          |     add_ln58_301_fu_1603     |    0    |    0    |    16   |
|          |         x_10_fu_1608         |    0    |    0    |    16   |
|----------|------------------------------|---------|---------|---------|
|          |       mul_ln42_9_fu_136      |    1    |    0    |    5    |
|          |        mul_ln73_fu_137       |    1    |    0    |    5    |
|          |       mul_ln42_4_fu_138      |    1    |    0    |    5    |
|          |       mul_ln42_2_fu_139      |    1    |    0    |    5    |
|          |      mul_ln73_239_fu_140     |    1    |    0    |    5    |
|          |      mul_ln73_238_fu_141     |    1    |    0    |    5    |
|          |       mul_ln42_3_fu_142      |    1    |    0    |    5    |
|    mul   |       mul_ln42_6_fu_143      |    1    |    0    |    5    |
|          |       mul_ln42_1_fu_144      |    1    |    0    |    5    |
|          |      mul_ln73_241_fu_145     |    1    |    0    |    5    |
|          |       mul_ln42_5_fu_146      |    1    |    0    |    5    |
|          |      mul_ln73_242_fu_147     |    1    |    0    |    5    |
|          |      mul_ln73_240_fu_148     |    1    |    0    |    5    |
|          |       mul_ln42_7_fu_149      |    1    |    0    |    5    |
|          |       mul_ln42_8_fu_150      |    1    |    0    |    5    |
|          |        mul_ln42_fu_151       |    1    |    0    |    5    |
|----------|------------------------------|---------|---------|---------|
|          |  data_7_val8_read_read_fu_88 |    0    |    0    |    0    |
|          |  data_6_val7_read_read_fu_94 |    0    |    0    |    0    |
|          | data_5_val6_read_read_fu_100 |    0    |    0    |    0    |
|   read   | data_4_val5_read_read_fu_106 |    0    |    0    |    0    |
|          | data_3_val4_read_read_fu_112 |    0    |    0    |    0    |
|          | data_2_val3_read_read_fu_118 |    0    |    0    |    0    |
|          | data_1_val2_read_read_fu_124 |    0    |    0    |    0    |
|          | data_0_val1_read_read_fu_130 |    0    |    0    |    0    |
|----------|------------------------------|---------|---------|---------|
|          |       sext_ln70_fu_1289      |    0    |    0    |    0    |
|          |     sext_ln70_119_fu_1294    |    0    |    0    |    0    |
|          |       sext_ln42_fu_1319      |    0    |    0    |    0    |
|          |       sext_ln73_fu_1323      |    0    |    0    |    0    |
|          |     sext_ln70_120_fu_1349    |    0    |    0    |    0    |
|          |     sext_ln70_121_fu_1375    |    0    |    0    |    0    |
|          |     sext_ln42_112_fu_1401    |    0    |    0    |    0    |
|          |     sext_ln70_122_fu_1406    |    0    |    0    |    0    |
|   sext   |      sext_ln73_1_fu_1431     |    0    |    0    |    0    |
|          |     sext_ln42_114_fu_1457    |    0    |    0    |    0    |
|          |     sext_ln70_123_fu_1462    |    0    |    0    |    0    |
|          |      sext_ln73_2_fu_1487     |    0    |    0    |    0    |
|          |      sext_ln73_3_fu_1549     |    0    |    0    |    0    |
|          |     sext_ln42_113_fu_1552    |    0    |    0    |    0    |
|          |     sext_ln42_115_fu_1555    |    0    |    0    |    0    |
|          |       sext_ln58_fu_1573      |    0    |    0    |    0    |
|          |      sext_ln110_fu_1622      |    0    |    0    |    0    |
|          |       sext_ln18_fu_1634      |    0    |    0    |    0    |
|----------|------------------------------|---------|---------|---------|
|          |       trunc_ln_fu_1299       |    0    |    0    |    0    |
|          |     trunc_ln42_1_fu_1309     |    0    |    0    |    0    |
|          |     trunc_ln42_2_fu_1329     |    0    |    0    |    0    |
|          |     trunc_ln42_3_fu_1339     |    0    |    0    |    0    |
|          |     trunc_ln42_4_fu_1355     |    0    |    0    |    0    |
|          |     trunc_ln42_5_fu_1365     |    0    |    0    |    0    |
|          |     trunc_ln42_6_fu_1381     |    0    |    0    |    0    |
|partselect|     trunc_ln42_7_fu_1391     |    0    |    0    |    0    |
|          |     trunc_ln42_8_fu_1411     |    0    |    0    |    0    |
|          |     trunc_ln42_9_fu_1421     |    0    |    0    |    0    |
|          |     trunc_ln42_s_fu_1437     |    0    |    0    |    0    |
|          |     trunc_ln42_10_fu_1447    |    0    |    0    |    0    |
|          |     trunc_ln42_11_fu_1467    |    0    |    0    |    0    |
|          |     trunc_ln42_12_fu_1477    |    0    |    0    |    0    |
|          |     trunc_ln42_13_fu_1493    |    0    |    0    |    0    |
|          |     trunc_ln42_14_fu_1503    |    0    |    0    |    0    |
|----------|------------------------------|---------|---------|---------|
|bitconcatenate|        shl_ln_fu_1614        |    0    |    0    |    0    |
|          |      shl_ln111_8_fu_1626     |    0    |    0    |    0    |
|----------|------------------------------|---------|---------|---------|
|insertvalue|          mrv_fu_1638         |    0    |    0    |    0    |
|          |         mrv_1_fu_1644        |    0    |    0    |    0    |
|----------|------------------------------|---------|---------|---------|
|   Total  |                              |    16   |    0    |   375   |
|----------|------------------------------|---------|---------|---------|

Memories:
N/A

* Register list:
+----------------------+--------+
|                      |   FF   |
+----------------------+--------+
| add_ln58_288_reg_1685|   16   |
| add_ln58_295_reg_1690|   16   |
| add_ln58_296_reg_1695|   16   |
| add_ln58_300_reg_1700|   16   |
|   add_ln58_reg_1680  |   16   |
|trunc_ln42_10_reg_1660|   16   |
|trunc_ln42_11_reg_1665|   15   |
|trunc_ln42_12_reg_1670|   16   |
|trunc_ln42_13_reg_1675|   16   |
| trunc_ln42_8_reg_1655|   15   |
|   trunc_ln_reg_1650  |   14   |
+----------------------+--------+
|         Total        |   172  |
+----------------------+--------+

* Multiplexer (MUX) list: 
|--------|------|------|------|--------|
|  Comp  |  Pin | Size |  BW  | S x BW |
|--------|------|------|------|--------|
|  Total |      |      |      |    0   |
|--------|------|------|------|--------|



* Summary:
+-----------+--------+--------+--------+
|           |   DSP  |   FF   |   LUT  |
+-----------+--------+--------+--------+
|  Function |   16   |    0   |   375  |
|   Memory  |    -   |    -   |    -   |
|Multiplexer|    -   |    -   |    -   |
|  Register |    -   |   172  |    -   |
+-----------+--------+--------+--------+
|   Total   |   16   |   172  |   375  |
+-----------+--------+--------+--------+
