

================================================================
== Vitis HLS Report for 'dense_array_ap_fixed_4u_array_ap_fixed_39_19_5_3_0_8u_config6_s'
================================================================
* Date:           Mon Mar 23 21:37:55 2026

* Version:        2024.2 (Build 5238294 on Nov  8 2024)
* Project:        myproject_prj
* Solution:       solution1 (Vivado IP Flow Target)
* Product family: zynquplus
* Target device:  xczu7ev-ffvc1156-2-e


================================================================
== Performance Estimates
================================================================
+ Timing: 
    * Summary: 
    +--------+---------+----------+------------+
    |  Clock |  Target | Estimated| Uncertainty|
    +--------+---------+----------+------------+
    |ap_clk  |  5.00 ns|  3.289 ns|     1.35 ns|
    +--------+---------+----------+------------+

+ Latency: 
    * Summary: 
    +---------+---------+-----------+-----------+-----+-----+---------+
    |  Latency (cycles) |   Latency (absolute)  |  Interval | Pipeline|
    |   min   |   max   |    min    |    max    | min | max |   Type  |
    +---------+---------+-----------+-----------+-----+-----+---------+
    |       14|       14|  70.000 ns|  70.000 ns|   14|   14|       no|
    +---------+---------+-----------+-----------+-----+-----+---------+

    + Detail: 
        * Instance: 
        +-----------------------------------------------------------------------------------+------------------------------------------------------------------------+---------+---------+-----------+-----------+-----+-----+------------------------------------------------+
        |                                                                                   |                                                                        |  Latency (cycles) |   Latency (absolute)  |  Interval |                    Pipeline                    |
        |                                      Instance                                     |                                 Module                                 |   min   |   max   |    min    |    max    | min | max |                      Type                      |
        +-----------------------------------------------------------------------------------+------------------------------------------------------------------------+---------+---------+-----------+-----------+-----+-----+------------------------------------------------+
        |grp_dense_array_array_ap_fixed_39_19_5_3_0_8u_config6_Pipeline_DataPrepare_fu_177  |dense_array_array_ap_fixed_39_19_5_3_0_8u_config6_Pipeline_DataPrepare  |       10|       10|  50.000 ns|  50.000 ns|    9|    9|  loop auto-rewind stp (delay=0 clock cycles(s))|
        |grp_dense_latency_wrapper_ap_fixed_ap_fixed_39_19_5_3_0_config6_s_fu_219           |dense_latency_wrapper_ap_fixed_ap_fixed_39_19_5_3_0_config6_s           |        2|        2|  10.000 ns|  10.000 ns|    1|    1|                                             yes|
        +-----------------------------------------------------------------------------------+------------------------------------------------------------------------+---------+---------+-----------+-----------+-----+-----+------------------------------------------------+

        * Loop: 
        N/A

============================================================
+ Verbose Summary: Synthesis Manager
============================================================
InlineROM: 1
ExposeGlobal: 0
============================================================
+ Verbose Summary: CDFG Model
============================================================
IsTopModel: 0
ResetActiveHigh: 1
IsCombinational: 2
IsDatapathOnly: 0
HasWiredReturn: 1
HasMFsm: 0
HasVarLatency: 1
IsPipeline: 0
IsRtlPipelined: 0
IsInstanceOverlapped: 0
IsDontTouch: 0
HasImplIP: 0
IsGatedGlobalClock: 0


============================================================
+ Verbose Summary: Schedule
============================================================
* Number of FSM states : 5
* Pipeline : 0
* Dataflow Pipeline: 0

* FSM state transitions: 
1 --> 2 
2 --> 3 
3 --> 4 
4 --> 5 
5 --> 

* FSM state operations: 

State 1 <SV = 0> <Delay = 0.00>
ST_1 : Operation 6 [1/1] (0.00ns)   --->   "%data_loc = alloca i64 1"   --->   Operation 6 'alloca' 'data_loc' <Predicate = true> <Delay = 0.00>
ST_1 : Operation 7 [1/1] (0.00ns)   --->   "%data_8_loc = alloca i64 1"   --->   Operation 7 'alloca' 'data_8_loc' <Predicate = true> <Delay = 0.00>
ST_1 : Operation 8 [1/1] (0.00ns)   --->   "%data_9_loc = alloca i64 1"   --->   Operation 8 'alloca' 'data_9_loc' <Predicate = true> <Delay = 0.00>
ST_1 : Operation 9 [1/1] (0.00ns)   --->   "%data_10_loc = alloca i64 1"   --->   Operation 9 'alloca' 'data_10_loc' <Predicate = true> <Delay = 0.00>
ST_1 : Operation 10 [1/1] (0.00ns)   --->   "%data_11_loc = alloca i64 1"   --->   Operation 10 'alloca' 'data_11_loc' <Predicate = true> <Delay = 0.00>
ST_1 : Operation 11 [1/1] (0.00ns)   --->   "%data_12_loc = alloca i64 1"   --->   Operation 11 'alloca' 'data_12_loc' <Predicate = true> <Delay = 0.00>
ST_1 : Operation 12 [1/1] (0.00ns)   --->   "%data_13_loc = alloca i64 1"   --->   Operation 12 'alloca' 'data_13_loc' <Predicate = true> <Delay = 0.00>
ST_1 : Operation 13 [1/1] (0.00ns)   --->   "%data_14_loc = alloca i64 1"   --->   Operation 13 'alloca' 'data_14_loc' <Predicate = true> <Delay = 0.00>
ST_1 : Operation 14 [1/1] (0.00ns)   --->   "%data_15_loc = alloca i64 1"   --->   Operation 14 'alloca' 'data_15_loc' <Predicate = true> <Delay = 0.00>
ST_1 : Operation 15 [1/1] (0.00ns)   --->   "%data_16_loc = alloca i64 1"   --->   Operation 15 'alloca' 'data_16_loc' <Predicate = true> <Delay = 0.00>
ST_1 : Operation 16 [1/1] (0.00ns)   --->   "%data_17_loc = alloca i64 1"   --->   Operation 16 'alloca' 'data_17_loc' <Predicate = true> <Delay = 0.00>
ST_1 : Operation 17 [1/1] (0.00ns)   --->   "%data_18_loc = alloca i64 1"   --->   Operation 17 'alloca' 'data_18_loc' <Predicate = true> <Delay = 0.00>
ST_1 : Operation 18 [1/1] (0.00ns)   --->   "%data_19_loc = alloca i64 1"   --->   Operation 18 'alloca' 'data_19_loc' <Predicate = true> <Delay = 0.00>
ST_1 : Operation 19 [1/1] (0.00ns)   --->   "%data_20_loc = alloca i64 1"   --->   Operation 19 'alloca' 'data_20_loc' <Predicate = true> <Delay = 0.00>
ST_1 : Operation 20 [1/1] (0.00ns)   --->   "%data_21_loc = alloca i64 1"   --->   Operation 20 'alloca' 'data_21_loc' <Predicate = true> <Delay = 0.00>
ST_1 : Operation 21 [1/1] (0.00ns)   --->   "%data_22_loc = alloca i64 1"   --->   Operation 21 'alloca' 'data_22_loc' <Predicate = true> <Delay = 0.00>
ST_1 : Operation 22 [1/1] (0.00ns)   --->   "%data_23_loc = alloca i64 1"   --->   Operation 22 'alloca' 'data_23_loc' <Predicate = true> <Delay = 0.00>
ST_1 : Operation 23 [1/1] (0.00ns)   --->   "%data_24_loc = alloca i64 1"   --->   Operation 23 'alloca' 'data_24_loc' <Predicate = true> <Delay = 0.00>
ST_1 : Operation 24 [1/1] (0.00ns)   --->   "%data_25_loc = alloca i64 1"   --->   Operation 24 'alloca' 'data_25_loc' <Predicate = true> <Delay = 0.00>
ST_1 : Operation 25 [1/1] (0.00ns)   --->   "%data_26_loc = alloca i64 1"   --->   Operation 25 'alloca' 'data_26_loc' <Predicate = true> <Delay = 0.00>
ST_1 : Operation 26 [1/1] (0.00ns)   --->   "%data_27_loc = alloca i64 1"   --->   Operation 26 'alloca' 'data_27_loc' <Predicate = true> <Delay = 0.00>
ST_1 : Operation 27 [1/1] (0.00ns)   --->   "%data_28_loc = alloca i64 1"   --->   Operation 27 'alloca' 'data_28_loc' <Predicate = true> <Delay = 0.00>
ST_1 : Operation 28 [1/1] (0.00ns)   --->   "%data_29_loc = alloca i64 1"   --->   Operation 28 'alloca' 'data_29_loc' <Predicate = true> <Delay = 0.00>
ST_1 : Operation 29 [1/1] (0.00ns)   --->   "%data_30_loc = alloca i64 1"   --->   Operation 29 'alloca' 'data_30_loc' <Predicate = true> <Delay = 0.00>
ST_1 : Operation 30 [1/1] (0.00ns)   --->   "%data_31_loc = alloca i64 1"   --->   Operation 30 'alloca' 'data_31_loc' <Predicate = true> <Delay = 0.00>
ST_1 : Operation 31 [1/1] (0.00ns)   --->   "%data_32_loc = alloca i64 1"   --->   Operation 31 'alloca' 'data_32_loc' <Predicate = true> <Delay = 0.00>
ST_1 : Operation 32 [1/1] (0.00ns)   --->   "%data_33_loc = alloca i64 1"   --->   Operation 32 'alloca' 'data_33_loc' <Predicate = true> <Delay = 0.00>
ST_1 : Operation 33 [1/1] (0.00ns)   --->   "%data_34_loc = alloca i64 1"   --->   Operation 33 'alloca' 'data_34_loc' <Predicate = true> <Delay = 0.00>
ST_1 : Operation 34 [1/1] (0.00ns)   --->   "%data_35_loc = alloca i64 1"   --->   Operation 34 'alloca' 'data_35_loc' <Predicate = true> <Delay = 0.00>
ST_1 : Operation 35 [1/1] (0.00ns)   --->   "%data_36_loc = alloca i64 1"   --->   Operation 35 'alloca' 'data_36_loc' <Predicate = true> <Delay = 0.00>
ST_1 : Operation 36 [1/1] (0.00ns)   --->   "%data_37_loc = alloca i64 1"   --->   Operation 36 'alloca' 'data_37_loc' <Predicate = true> <Delay = 0.00>
ST_1 : Operation 37 [1/1] (0.00ns)   --->   "%data_38_loc = alloca i64 1"   --->   Operation 37 'alloca' 'data_38_loc' <Predicate = true> <Delay = 0.00>
ST_1 : Operation 38 [1/1] (0.00ns)   --->   "%data_39_loc = alloca i64 1"   --->   Operation 38 'alloca' 'data_39_loc' <Predicate = true> <Delay = 0.00>
ST_1 : Operation 39 [1/1] (0.00ns)   --->   "%data_40_loc = alloca i64 1"   --->   Operation 39 'alloca' 'data_40_loc' <Predicate = true> <Delay = 0.00>
ST_1 : Operation 40 [1/1] (0.00ns)   --->   "%data_41_loc = alloca i64 1"   --->   Operation 40 'alloca' 'data_41_loc' <Predicate = true> <Delay = 0.00>
ST_1 : Operation 41 [1/1] (0.00ns)   --->   "%data_42_loc = alloca i64 1"   --->   Operation 41 'alloca' 'data_42_loc' <Predicate = true> <Delay = 0.00>
ST_1 : Operation 42 [2/2] (0.00ns)   --->   "%call_ln0 = call void @dense<array,array<ap_fixed<39,19,5,3,0>,8u>,config6>_Pipeline_DataPrepare, i64 %layer4_out, i16 %data_42_loc, i16 %data_41_loc, i16 %data_40_loc, i16 %data_39_loc, i16 %data_38_loc, i16 %data_37_loc, i16 %data_36_loc, i16 %data_35_loc, i16 %data_34_loc, i16 %data_33_loc, i16 %data_32_loc, i16 %data_31_loc, i16 %data_30_loc, i16 %data_29_loc, i16 %data_28_loc, i16 %data_27_loc, i16 %data_26_loc, i16 %data_25_loc, i16 %data_24_loc, i16 %data_23_loc, i16 %data_22_loc, i16 %data_21_loc, i16 %data_20_loc, i16 %data_19_loc, i16 %data_18_loc, i16 %data_17_loc, i16 %data_16_loc, i16 %data_15_loc, i16 %data_14_loc, i16 %data_13_loc, i16 %data_12_loc, i16 %data_11_loc, i16 %data_10_loc, i16 %data_9_loc, i16 %data_8_loc, i16 %data_loc"   --->   Operation 42 'call' 'call_ln0' <Predicate = true> <Delay = 0.00> <CoreType = "Generic">   --->   Generic Core

State 2 <SV = 1> <Delay = 1.82>
ST_2 : Operation 43 [1/2] (1.82ns)   --->   "%call_ln0 = call void @dense<array,array<ap_fixed<39,19,5,3,0>,8u>,config6>_Pipeline_DataPrepare, i64 %layer4_out, i16 %data_42_loc, i16 %data_41_loc, i16 %data_40_loc, i16 %data_39_loc, i16 %data_38_loc, i16 %data_37_loc, i16 %data_36_loc, i16 %data_35_loc, i16 %data_34_loc, i16 %data_33_loc, i16 %data_32_loc, i16 %data_31_loc, i16 %data_30_loc, i16 %data_29_loc, i16 %data_28_loc, i16 %data_27_loc, i16 %data_26_loc, i16 %data_25_loc, i16 %data_24_loc, i16 %data_23_loc, i16 %data_22_loc, i16 %data_21_loc, i16 %data_20_loc, i16 %data_19_loc, i16 %data_18_loc, i16 %data_17_loc, i16 %data_16_loc, i16 %data_15_loc, i16 %data_14_loc, i16 %data_13_loc, i16 %data_12_loc, i16 %data_11_loc, i16 %data_10_loc, i16 %data_9_loc, i16 %data_8_loc, i16 %data_loc"   --->   Operation 43 'call' 'call_ln0' <Predicate = true> <Delay = 1.82> <CoreType = "Generic">   --->   Generic Core

State 3 <SV = 2> <Delay = 3.28>
ST_3 : Operation 44 [1/1] (0.00ns)   --->   "%fence_ln87 = fence void @_ssdm_op_Fence, i64 %layer4_out, i32 4294967295, i312 %layer6_out" [firmware/nnet_utils/nnet_dense_stream.h:87]   --->   Operation 44 'fence' 'fence_ln87' <Predicate = true> <Delay = 0.00>
ST_3 : Operation 45 [1/1] (0.00ns)   --->   "%data_42_loc_load = load i16 %data_42_loc"   --->   Operation 45 'load' 'data_42_loc_load' <Predicate = true> <Delay = 0.00>
ST_3 : Operation 46 [1/1] (0.00ns)   --->   "%data_41_loc_load = load i16 %data_41_loc"   --->   Operation 46 'load' 'data_41_loc_load' <Predicate = true> <Delay = 0.00>
ST_3 : Operation 47 [1/1] (0.00ns)   --->   "%data_40_loc_load = load i16 %data_40_loc"   --->   Operation 47 'load' 'data_40_loc_load' <Predicate = true> <Delay = 0.00>
ST_3 : Operation 48 [1/1] (0.00ns)   --->   "%data_39_loc_load = load i16 %data_39_loc"   --->   Operation 48 'load' 'data_39_loc_load' <Predicate = true> <Delay = 0.00>
ST_3 : Operation 49 [1/1] (0.00ns)   --->   "%data_38_loc_load = load i16 %data_38_loc"   --->   Operation 49 'load' 'data_38_loc_load' <Predicate = true> <Delay = 0.00>
ST_3 : Operation 50 [1/1] (0.00ns)   --->   "%data_37_loc_load = load i16 %data_37_loc"   --->   Operation 50 'load' 'data_37_loc_load' <Predicate = true> <Delay = 0.00>
ST_3 : Operation 51 [1/1] (0.00ns)   --->   "%data_36_loc_load = load i16 %data_36_loc"   --->   Operation 51 'load' 'data_36_loc_load' <Predicate = true> <Delay = 0.00>
ST_3 : Operation 52 [1/1] (0.00ns)   --->   "%data_35_loc_load = load i16 %data_35_loc"   --->   Operation 52 'load' 'data_35_loc_load' <Predicate = true> <Delay = 0.00>
ST_3 : Operation 53 [1/1] (0.00ns)   --->   "%data_34_loc_load = load i16 %data_34_loc"   --->   Operation 53 'load' 'data_34_loc_load' <Predicate = true> <Delay = 0.00>
ST_3 : Operation 54 [1/1] (0.00ns)   --->   "%data_33_loc_load = load i16 %data_33_loc"   --->   Operation 54 'load' 'data_33_loc_load' <Predicate = true> <Delay = 0.00>
ST_3 : Operation 55 [1/1] (0.00ns)   --->   "%data_32_loc_load = load i16 %data_32_loc"   --->   Operation 55 'load' 'data_32_loc_load' <Predicate = true> <Delay = 0.00>
ST_3 : Operation 56 [1/1] (0.00ns)   --->   "%data_31_loc_load = load i16 %data_31_loc"   --->   Operation 56 'load' 'data_31_loc_load' <Predicate = true> <Delay = 0.00>
ST_3 : Operation 57 [1/1] (0.00ns)   --->   "%data_30_loc_load = load i16 %data_30_loc"   --->   Operation 57 'load' 'data_30_loc_load' <Predicate = true> <Delay = 0.00>
ST_3 : Operation 58 [1/1] (0.00ns)   --->   "%data_29_loc_load = load i16 %data_29_loc"   --->   Operation 58 'load' 'data_29_loc_load' <Predicate = true> <Delay = 0.00>
ST_3 : Operation 59 [1/1] (0.00ns)   --->   "%data_28_loc_load = load i16 %data_28_loc"   --->   Operation 59 'load' 'data_28_loc_load' <Predicate = true> <Delay = 0.00>
ST_3 : Operation 60 [1/1] (0.00ns)   --->   "%data_27_loc_load = load i16 %data_27_loc"   --->   Operation 60 'load' 'data_27_loc_load' <Predicate = true> <Delay = 0.00>
ST_3 : Operation 61 [1/1] (0.00ns)   --->   "%data_26_loc_load = load i16 %data_26_loc"   --->   Operation 61 'load' 'data_26_loc_load' <Predicate = true> <Delay = 0.00>
ST_3 : Operation 62 [1/1] (0.00ns)   --->   "%data_25_loc_load = load i16 %data_25_loc"   --->   Operation 62 'load' 'data_25_loc_load' <Predicate = true> <Delay = 0.00>
ST_3 : Operation 63 [1/1] (0.00ns)   --->   "%data_24_loc_load = load i16 %data_24_loc"   --->   Operation 63 'load' 'data_24_loc_load' <Predicate = true> <Delay = 0.00>
ST_3 : Operation 64 [1/1] (0.00ns)   --->   "%data_23_loc_load = load i16 %data_23_loc"   --->   Operation 64 'load' 'data_23_loc_load' <Predicate = true> <Delay = 0.00>
ST_3 : Operation 65 [1/1] (0.00ns)   --->   "%data_22_loc_load = load i16 %data_22_loc"   --->   Operation 65 'load' 'data_22_loc_load' <Predicate = true> <Delay = 0.00>
ST_3 : Operation 66 [1/1] (0.00ns)   --->   "%data_21_loc_load = load i16 %data_21_loc"   --->   Operation 66 'load' 'data_21_loc_load' <Predicate = true> <Delay = 0.00>
ST_3 : Operation 67 [1/1] (0.00ns)   --->   "%data_20_loc_load = load i16 %data_20_loc"   --->   Operation 67 'load' 'data_20_loc_load' <Predicate = true> <Delay = 0.00>
ST_3 : Operation 68 [1/1] (0.00ns)   --->   "%data_19_loc_load = load i16 %data_19_loc"   --->   Operation 68 'load' 'data_19_loc_load' <Predicate = true> <Delay = 0.00>
ST_3 : Operation 69 [1/1] (0.00ns)   --->   "%data_18_loc_load = load i16 %data_18_loc"   --->   Operation 69 'load' 'data_18_loc_load' <Predicate = true> <Delay = 0.00>
ST_3 : Operation 70 [1/1] (0.00ns)   --->   "%data_17_loc_load = load i16 %data_17_loc"   --->   Operation 70 'load' 'data_17_loc_load' <Predicate = true> <Delay = 0.00>
ST_3 : Operation 71 [1/1] (0.00ns)   --->   "%data_16_loc_load = load i16 %data_16_loc"   --->   Operation 71 'load' 'data_16_loc_load' <Predicate = true> <Delay = 0.00>
ST_3 : Operation 72 [1/1] (0.00ns)   --->   "%data_15_loc_load = load i16 %data_15_loc"   --->   Operation 72 'load' 'data_15_loc_load' <Predicate = true> <Delay = 0.00>
ST_3 : Operation 73 [1/1] (0.00ns)   --->   "%data_14_loc_load = load i16 %data_14_loc"   --->   Operation 73 'load' 'data_14_loc_load' <Predicate = true> <Delay = 0.00>
ST_3 : Operation 74 [1/1] (0.00ns)   --->   "%data_13_loc_load = load i16 %data_13_loc"   --->   Operation 74 'load' 'data_13_loc_load' <Predicate = true> <Delay = 0.00>
ST_3 : Operation 75 [1/1] (0.00ns)   --->   "%data_12_loc_load = load i16 %data_12_loc"   --->   Operation 75 'load' 'data_12_loc_load' <Predicate = true> <Delay = 0.00>
ST_3 : Operation 76 [1/1] (0.00ns)   --->   "%data_11_loc_load = load i16 %data_11_loc"   --->   Operation 76 'load' 'data_11_loc_load' <Predicate = true> <Delay = 0.00>
ST_3 : Operation 77 [1/1] (0.00ns)   --->   "%data_10_loc_load = load i16 %data_10_loc"   --->   Operation 77 'load' 'data_10_loc_load' <Predicate = true> <Delay = 0.00>
ST_3 : Operation 78 [1/1] (0.00ns)   --->   "%data_9_loc_load = load i16 %data_9_loc"   --->   Operation 78 'load' 'data_9_loc_load' <Predicate = true> <Delay = 0.00>
ST_3 : Operation 79 [1/1] (0.00ns)   --->   "%data_8_loc_load = load i16 %data_8_loc"   --->   Operation 79 'load' 'data_8_loc_load' <Predicate = true> <Delay = 0.00>
ST_3 : Operation 80 [1/1] (0.00ns)   --->   "%data_loc_load = load i16 %data_loc"   --->   Operation 80 'load' 'data_loc_load' <Predicate = true> <Delay = 0.00>
ST_3 : Operation 81 [3/3] (3.28ns)   --->   "%call_ret = call i312 @dense_latency_wrapper<ap_fixed,ap_fixed<39,19,5,3,0>,config6>, i16 %data_35_loc_load, i16 %data_36_loc_load, i16 %data_37_loc_load, i16 %data_38_loc_load, i16 %data_31_loc_load, i16 %data_32_loc_load, i16 %data_33_loc_load, i16 %data_34_loc_load, i16 %data_27_loc_load, i16 %data_28_loc_load, i16 %data_29_loc_load, i16 %data_30_loc_load, i16 %data_23_loc_load, i16 %data_24_loc_load, i16 %data_25_loc_load, i16 %data_26_loc_load, i16 %data_19_loc_load, i16 %data_20_loc_load, i16 %data_21_loc_load, i16 %data_22_loc_load, i16 %data_15_loc_load, i16 %data_16_loc_load, i16 %data_17_loc_load, i16 %data_18_loc_load, i16 %data_11_loc_load, i16 %data_12_loc_load, i16 %data_13_loc_load, i16 %data_14_loc_load, i16 %data_loc_load, i16 %data_8_loc_load, i16 %data_9_loc_load, i16 %data_10_loc_load, i16 %data_39_loc_load, i16 %data_40_loc_load, i16 %data_41_loc_load, i16 %data_42_loc_load" [firmware/nnet_utils/nnet_dense_stream.h:95]   --->   Operation 81 'call' 'call_ret' <Predicate = true> <Delay = 3.28> <CoreType = "Generic">   --->   Generic Core

State 4 <SV = 3> <Delay = 3.28>
ST_4 : Operation 82 [2/3] (3.28ns)   --->   "%call_ret = call i312 @dense_latency_wrapper<ap_fixed,ap_fixed<39,19,5,3,0>,config6>, i16 %data_35_loc_load, i16 %data_36_loc_load, i16 %data_37_loc_load, i16 %data_38_loc_load, i16 %data_31_loc_load, i16 %data_32_loc_load, i16 %data_33_loc_load, i16 %data_34_loc_load, i16 %data_27_loc_load, i16 %data_28_loc_load, i16 %data_29_loc_load, i16 %data_30_loc_load, i16 %data_23_loc_load, i16 %data_24_loc_load, i16 %data_25_loc_load, i16 %data_26_loc_load, i16 %data_19_loc_load, i16 %data_20_loc_load, i16 %data_21_loc_load, i16 %data_22_loc_load, i16 %data_15_loc_load, i16 %data_16_loc_load, i16 %data_17_loc_load, i16 %data_18_loc_load, i16 %data_11_loc_load, i16 %data_12_loc_load, i16 %data_13_loc_load, i16 %data_14_loc_load, i16 %data_loc_load, i16 %data_8_loc_load, i16 %data_9_loc_load, i16 %data_10_loc_load, i16 %data_39_loc_load, i16 %data_40_loc_load, i16 %data_41_loc_load, i16 %data_42_loc_load" [firmware/nnet_utils/nnet_dense_stream.h:95]   --->   Operation 82 'call' 'call_ret' <Predicate = true> <Delay = 3.28> <CoreType = "Generic">   --->   Generic Core

State 5 <SV = 4> <Delay = 2.51>
ST_5 : Operation 83 [1/1] (0.00ns)   --->   "%specinterface_ln0 = specinterface void @_ssdm_op_SpecInterface, i312 %layer6_out, void @empty_6, i32 0, i32 0, void @empty_3, i32 0, i32 0, void @empty_3, void @empty_3, void @empty_3, i32 0, i32 0, i32 0, i32 0, void @empty_3, void @empty_3, i32 4294967295, i32 0, i32 0"   --->   Operation 83 'specinterface' 'specinterface_ln0' <Predicate = true> <Delay = 0.00>
ST_5 : Operation 84 [1/1] (0.00ns)   --->   "%specinterface_ln0 = specinterface void @_ssdm_op_SpecInterface, i64 %layer4_out, void @empty_6, i32 0, i32 0, void @empty_3, i32 0, i32 0, void @empty_3, void @empty_3, void @empty_3, i32 0, i32 0, i32 0, i32 0, void @empty_3, void @empty_3, i32 4294967295, i32 0, i32 0"   --->   Operation 84 'specinterface' 'specinterface_ln0' <Predicate = true> <Delay = 0.00>
ST_5 : Operation 85 [1/3] (0.68ns)   --->   "%call_ret = call i312 @dense_latency_wrapper<ap_fixed,ap_fixed<39,19,5,3,0>,config6>, i16 %data_35_loc_load, i16 %data_36_loc_load, i16 %data_37_loc_load, i16 %data_38_loc_load, i16 %data_31_loc_load, i16 %data_32_loc_load, i16 %data_33_loc_load, i16 %data_34_loc_load, i16 %data_27_loc_load, i16 %data_28_loc_load, i16 %data_29_loc_load, i16 %data_30_loc_load, i16 %data_23_loc_load, i16 %data_24_loc_load, i16 %data_25_loc_load, i16 %data_26_loc_load, i16 %data_19_loc_load, i16 %data_20_loc_load, i16 %data_21_loc_load, i16 %data_22_loc_load, i16 %data_15_loc_load, i16 %data_16_loc_load, i16 %data_17_loc_load, i16 %data_18_loc_load, i16 %data_11_loc_load, i16 %data_12_loc_load, i16 %data_13_loc_load, i16 %data_14_loc_load, i16 %data_loc_load, i16 %data_8_loc_load, i16 %data_9_loc_load, i16 %data_10_loc_load, i16 %data_39_loc_load, i16 %data_40_loc_load, i16 %data_41_loc_load, i16 %data_42_loc_load" [firmware/nnet_utils/nnet_dense_stream.h:95]   --->   Operation 85 'call' 'call_ret' <Predicate = true> <Delay = 0.68> <CoreType = "Generic">   --->   Generic Core
ST_5 : Operation 86 [1/1] (0.00ns)   --->   "%res = extractvalue i312 %call_ret" [firmware/nnet_utils/nnet_dense_stream.h:95]   --->   Operation 86 'extractvalue' 'res' <Predicate = true> <Delay = 0.00>
ST_5 : Operation 87 [1/1] (0.00ns)   --->   "%res_1 = extractvalue i312 %call_ret" [firmware/nnet_utils/nnet_dense_stream.h:95]   --->   Operation 87 'extractvalue' 'res_1' <Predicate = true> <Delay = 0.00>
ST_5 : Operation 88 [1/1] (0.00ns)   --->   "%res_2 = extractvalue i312 %call_ret" [firmware/nnet_utils/nnet_dense_stream.h:95]   --->   Operation 88 'extractvalue' 'res_2' <Predicate = true> <Delay = 0.00>
ST_5 : Operation 89 [1/1] (0.00ns)   --->   "%res_3 = extractvalue i312 %call_ret" [firmware/nnet_utils/nnet_dense_stream.h:95]   --->   Operation 89 'extractvalue' 'res_3' <Predicate = true> <Delay = 0.00>
ST_5 : Operation 90 [1/1] (0.00ns)   --->   "%res_4 = extractvalue i312 %call_ret" [firmware/nnet_utils/nnet_dense_stream.h:95]   --->   Operation 90 'extractvalue' 'res_4' <Predicate = true> <Delay = 0.00>
ST_5 : Operation 91 [1/1] (0.00ns)   --->   "%res_5 = extractvalue i312 %call_ret" [firmware/nnet_utils/nnet_dense_stream.h:95]   --->   Operation 91 'extractvalue' 'res_5' <Predicate = true> <Delay = 0.00>
ST_5 : Operation 92 [1/1] (0.00ns)   --->   "%res_6 = extractvalue i312 %call_ret" [firmware/nnet_utils/nnet_dense_stream.h:95]   --->   Operation 92 'extractvalue' 'res_6' <Predicate = true> <Delay = 0.00>
ST_5 : Operation 93 [1/1] (0.00ns)   --->   "%res_7 = extractvalue i312 %call_ret" [firmware/nnet_utils/nnet_dense_stream.h:95]   --->   Operation 93 'extractvalue' 'res_7' <Predicate = true> <Delay = 0.00>
ST_5 : Operation 94 [1/1] (0.00ns)   --->   "%p_0 = bitconcatenate i312 @_ssdm_op_BitConcatenate.i312.i39.i39.i39.i39.i39.i39.i39.i39, i39 %res_7, i39 %res_6, i39 %res_5, i39 %res_4, i39 %res_3, i39 %res_2, i39 %res_1, i39 %res" [firmware/nnet_utils/nnet_dense_stream.h:77->firmware/nnet_utils/nnet_dense_stream.h:100]   --->   Operation 94 'bitconcatenate' 'p_0' <Predicate = true> <Delay = 0.00>
ST_5 : Operation 95 [1/1] ( I:1.82ns O:1.82ns )   --->   "%write_ln77 = write void @_ssdm_op_Write.ap_fifo.volatile.i312P0A, i312 %layer6_out, i312 %p_0" [firmware/nnet_utils/nnet_dense_stream.h:77->firmware/nnet_utils/nnet_dense_stream.h:100]   --->   Operation 95 'write' 'write_ln77' <Predicate = true> <Delay = 1.82> <CoreInst = "FIFO_SRL">   --->   Core 80 'FIFO_SRL' <Latency = 0> <II = 1> <Delay = 1.83> <Storage> <Opcode : 'read' 'write' 'nbread' 'nbwrite'> <Ports = 0> <Width = 312> <Depth = 1> <FIFO>
ST_5 : Operation 96 [1/1] (0.00ns)   --->   "%ret_ln101 = ret" [firmware/nnet_utils/nnet_dense_stream.h:101]   --->   Operation 96 'ret' 'ret_ln101' <Predicate = true> <Delay = 0.00>


============================================================
+ Verbose Summary: Binding
============================================================
STG Binding: 
---------------- STG Properties BEGIN ----------------
- Is combinational: 0
- Is one-state seq: 0
- Is datapath-only: 0
- Is pipelined: 0
- Is top level: 0
Port [ Return ] is wired: 1; IO mode=ap_ctrl_hs:ce=0
Port [ layer4_out]:  wired=1; compound=1; hidden=0; nouse=0; global=0; static=0; extern=0; dir=0; type=3; pingpong=0; private_global=0; IO mode=ap_fifo:ce=0
Port [ layer6_out]:  wired=1; compound=1; hidden=0; nouse=0; global=0; static=0; extern=0; dir=1; type=3; pingpong=0; private_global=0; IO mode=ap_fifo:ce=0
---------------- STG Properties END ------------------

---------------- Datapath Model BEGIN ----------------

<LifeTime>
<method=bitvector/>
data_loc          (alloca        ) [ 011100]
data_8_loc        (alloca        ) [ 011100]
data_9_loc        (alloca        ) [ 011100]
data_10_loc       (alloca        ) [ 011100]
data_11_loc       (alloca        ) [ 011100]
data_12_loc       (alloca        ) [ 011100]
data_13_loc       (alloca        ) [ 011100]
data_14_loc       (alloca        ) [ 011100]
data_15_loc       (alloca        ) [ 011100]
data_16_loc       (alloca        ) [ 011100]
data_17_loc       (alloca        ) [ 011100]
data_18_loc       (alloca        ) [ 011100]
data_19_loc       (alloca        ) [ 011100]
data_20_loc       (alloca        ) [ 011100]
data_21_loc       (alloca        ) [ 011100]
data_22_loc       (alloca        ) [ 011100]
data_23_loc       (alloca        ) [ 011100]
data_24_loc       (alloca        ) [ 011100]
data_25_loc       (alloca        ) [ 011100]
data_26_loc       (alloca        ) [ 011100]
data_27_loc       (alloca        ) [ 011100]
data_28_loc       (alloca        ) [ 011100]
data_29_loc       (alloca        ) [ 011100]
data_30_loc       (alloca        ) [ 011100]
data_31_loc       (alloca        ) [ 011100]
data_32_loc       (alloca        ) [ 011100]
data_33_loc       (alloca        ) [ 011100]
data_34_loc       (alloca        ) [ 011100]
data_35_loc       (alloca        ) [ 011100]
data_36_loc       (alloca        ) [ 011100]
data_37_loc       (alloca        ) [ 011100]
data_38_loc       (alloca        ) [ 011100]
data_39_loc       (alloca        ) [ 011100]
data_40_loc       (alloca        ) [ 011100]
data_41_loc       (alloca        ) [ 011100]
data_42_loc       (alloca        ) [ 011100]
call_ln0          (call          ) [ 000000]
fence_ln87        (fence         ) [ 000000]
data_42_loc_load  (load          ) [ 000000]
data_41_loc_load  (load          ) [ 000000]
data_40_loc_load  (load          ) [ 000000]
data_39_loc_load  (load          ) [ 000000]
data_38_loc_load  (load          ) [ 000000]
data_37_loc_load  (load          ) [ 000000]
data_36_loc_load  (load          ) [ 000000]
data_35_loc_load  (load          ) [ 000000]
data_34_loc_load  (load          ) [ 000000]
data_33_loc_load  (load          ) [ 000000]
data_32_loc_load  (load          ) [ 000000]
data_31_loc_load  (load          ) [ 000000]
data_30_loc_load  (load          ) [ 000000]
data_29_loc_load  (load          ) [ 000000]
data_28_loc_load  (load          ) [ 000000]
data_27_loc_load  (load          ) [ 000000]
data_26_loc_load  (load          ) [ 000000]
data_25_loc_load  (load          ) [ 000000]
data_24_loc_load  (load          ) [ 000000]
data_23_loc_load  (load          ) [ 000000]
data_22_loc_load  (load          ) [ 000000]
data_21_loc_load  (load          ) [ 000000]
data_20_loc_load  (load          ) [ 000000]
data_19_loc_load  (load          ) [ 000000]
data_18_loc_load  (load          ) [ 000000]
data_17_loc_load  (load          ) [ 000000]
data_16_loc_load  (load          ) [ 000000]
data_15_loc_load  (load          ) [ 000000]
data_14_loc_load  (load          ) [ 000000]
data_13_loc_load  (load          ) [ 000000]
data_12_loc_load  (load          ) [ 000000]
data_11_loc_load  (load          ) [ 000000]
data_10_loc_load  (load          ) [ 000000]
data_9_loc_load   (load          ) [ 000000]
data_8_loc_load   (load          ) [ 000000]
data_loc_load     (load          ) [ 000000]
specinterface_ln0 (specinterface ) [ 000000]
specinterface_ln0 (specinterface ) [ 000000]
call_ret          (call          ) [ 000000]
res               (extractvalue  ) [ 000000]
res_1             (extractvalue  ) [ 000000]
res_2             (extractvalue  ) [ 000000]
res_3             (extractvalue  ) [ 000000]
res_4             (extractvalue  ) [ 000000]
res_5             (extractvalue  ) [ 000000]
res_6             (extractvalue  ) [ 000000]
res_7             (extractvalue  ) [ 000000]
p_0               (bitconcatenate) [ 000000]
write_ln77        (write         ) [ 000000]
ret_ln101         (ret           ) [ 000000]
</LifeTime>

<model>

<comp_list>
<comp id="0" class="1000" name="layer4_out">
<pin_list>
<pin id="1" dir="1" index="0" bw="1" slack="0"/>
</pin_list>
<bind>
<StgValue><ssdm name="layer4_out"/></StgValue>
</bind>
</comp>

<comp id="2" class="1000" name="layer6_out">
<pin_list>
<pin id="3" dir="1" index="0" bw="1" slack="0"/>
</pin_list>
<bind>
<StgValue><ssdm name="layer6_out"/></StgValue>
</bind>
</comp>

<comp id="4" class="1001" name="const_4">
<pin_list>
<pin id="5" dir="1" index="0" bw="1" slack="0"/>
</pin_list>
<bind>
<StgValue><ssdm name=""/></StgValue>
</bind>
</comp>

<comp id="6" class="1001" name="const_6">
<pin_list>
<pin id="7" dir="1" index="0" bw="1" slack="0"/>
</pin_list>
<bind>
<StgValue><ssdm name="dense<array,array<ap_fixed<39,19,5,3,0>,8u>,config6>_Pipeline_DataPrepare"/></StgValue>
</bind>
</comp>

<comp id="8" class="1001" name="const_8">
<pin_list>
<pin id="9" dir="1" index="0" bw="1" slack="0"/>
</pin_list>
<bind>
<StgValue><ssdm name="_ssdm_op_Fence"/></StgValue>
</bind>
</comp>

<comp id="10" class="1001" name="const_10">
<pin_list>
<pin id="11" dir="1" index="0" bw="1" slack="0"/>
</pin_list>
<bind>
<StgValue><ssdm name=""/></StgValue>
</bind>
</comp>

<comp id="12" class="1001" name="const_12">
<pin_list>
<pin id="13" dir="1" index="0" bw="1" slack="0"/>
</pin_list>
<bind>
<StgValue><ssdm name="dense_latency_wrapper<ap_fixed,ap_fixed<39,19,5,3,0>,config6>"/></StgValue>
</bind>
</comp>

<comp id="14" class="1001" name="const_14">
<pin_list>
<pin id="15" dir="1" index="0" bw="1" slack="2147483647"/>
</pin_list>
<bind>
<StgValue><ssdm name="_ssdm_op_SpecInterface"/></StgValue>
</bind>
</comp>

<comp id="16" class="1001" name="const_16">
<pin_list>
<pin id="17" dir="1" index="0" bw="1" slack="2147483647"/>
</pin_list>
<bind>
<StgValue><ssdm name="empty_6"/></StgValue>
</bind>
</comp>

<comp id="18" class="1001" name="const_18">
<pin_list>
<pin id="19" dir="1" index="0" bw="1" slack="2147483647"/>
</pin_list>
<bind>
<StgValue><ssdm name=""/></StgValue>
</bind>
</comp>

<comp id="20" class="1001" name="const_20">
<pin_list>
<pin id="21" dir="1" index="0" bw="1" slack="2147483647"/>
</pin_list>
<bind>
<StgValue><ssdm name="empty_3"/></StgValue>
</bind>
</comp>

<comp id="22" class="1001" name="const_22">
<pin_list>
<pin id="23" dir="1" index="0" bw="1" slack="0"/>
</pin_list>
<bind>
<StgValue><ssdm name="_ssdm_op_BitConcatenate.i312.i39.i39.i39.i39.i39.i39.i39.i39"/></StgValue>
</bind>
</comp>

<comp id="24" class="1001" name="const_24">
<pin_list>
<pin id="25" dir="1" index="0" bw="1" slack="0"/>
</pin_list>
<bind>
<StgValue><ssdm name="_ssdm_op_Write.ap_fifo.volatile.i312P0A"/></StgValue>
</bind>
</comp>

<comp id="26" class="1004" name="data_loc_fu_26">
<pin_list>
<pin id="27" dir="0" index="0" bw="1" slack="0"/>
<pin id="28" dir="1" index="1" bw="16" slack="0"/>
</pin_list>
<bind>
<opcode="alloca(26) " fcode="alloca"/>
<opset="data_loc/1 "/>
</bind>
</comp>

<comp id="30" class="1004" name="data_8_loc_fu_30">
<pin_list>
<pin id="31" dir="0" index="0" bw="1" slack="0"/>
<pin id="32" dir="1" index="1" bw="16" slack="0"/>
</pin_list>
<bind>
<opcode="alloca(26) " fcode="alloca"/>
<opset="data_8_loc/1 "/>
</bind>
</comp>

<comp id="34" class="1004" name="data_9_loc_fu_34">
<pin_list>
<pin id="35" dir="0" index="0" bw="1" slack="0"/>
<pin id="36" dir="1" index="1" bw="16" slack="0"/>
</pin_list>
<bind>
<opcode="alloca(26) " fcode="alloca"/>
<opset="data_9_loc/1 "/>
</bind>
</comp>

<comp id="38" class="1004" name="data_10_loc_fu_38">
<pin_list>
<pin id="39" dir="0" index="0" bw="1" slack="0"/>
<pin id="40" dir="1" index="1" bw="16" slack="0"/>
</pin_list>
<bind>
<opcode="alloca(26) " fcode="alloca"/>
<opset="data_10_loc/1 "/>
</bind>
</comp>

<comp id="42" class="1004" name="data_11_loc_fu_42">
<pin_list>
<pin id="43" dir="0" index="0" bw="1" slack="0"/>
<pin id="44" dir="1" index="1" bw="16" slack="0"/>
</pin_list>
<bind>
<opcode="alloca(26) " fcode="alloca"/>
<opset="data_11_loc/1 "/>
</bind>
</comp>

<comp id="46" class="1004" name="data_12_loc_fu_46">
<pin_list>
<pin id="47" dir="0" index="0" bw="1" slack="0"/>
<pin id="48" dir="1" index="1" bw="16" slack="0"/>
</pin_list>
<bind>
<opcode="alloca(26) " fcode="alloca"/>
<opset="data_12_loc/1 "/>
</bind>
</comp>

<comp id="50" class="1004" name="data_13_loc_fu_50">
<pin_list>
<pin id="51" dir="0" index="0" bw="1" slack="0"/>
<pin id="52" dir="1" index="1" bw="16" slack="0"/>
</pin_list>
<bind>
<opcode="alloca(26) " fcode="alloca"/>
<opset="data_13_loc/1 "/>
</bind>
</comp>

<comp id="54" class="1004" name="data_14_loc_fu_54">
<pin_list>
<pin id="55" dir="0" index="0" bw="1" slack="0"/>
<pin id="56" dir="1" index="1" bw="16" slack="0"/>
</pin_list>
<bind>
<opcode="alloca(26) " fcode="alloca"/>
<opset="data_14_loc/1 "/>
</bind>
</comp>

<comp id="58" class="1004" name="data_15_loc_fu_58">
<pin_list>
<pin id="59" dir="0" index="0" bw="1" slack="0"/>
<pin id="60" dir="1" index="1" bw="16" slack="0"/>
</pin_list>
<bind>
<opcode="alloca(26) " fcode="alloca"/>
<opset="data_15_loc/1 "/>
</bind>
</comp>

<comp id="62" class="1004" name="data_16_loc_fu_62">
<pin_list>
<pin id="63" dir="0" index="0" bw="1" slack="0"/>
<pin id="64" dir="1" index="1" bw="16" slack="0"/>
</pin_list>
<bind>
<opcode="alloca(26) " fcode="alloca"/>
<opset="data_16_loc/1 "/>
</bind>
</comp>

<comp id="66" class="1004" name="data_17_loc_fu_66">
<pin_list>
<pin id="67" dir="0" index="0" bw="1" slack="0"/>
<pin id="68" dir="1" index="1" bw="16" slack="0"/>
</pin_list>
<bind>
<opcode="alloca(26) " fcode="alloca"/>
<opset="data_17_loc/1 "/>
</bind>
</comp>

<comp id="70" class="1004" name="data_18_loc_fu_70">
<pin_list>
<pin id="71" dir="0" index="0" bw="1" slack="0"/>
<pin id="72" dir="1" index="1" bw="16" slack="0"/>
</pin_list>
<bind>
<opcode="alloca(26) " fcode="alloca"/>
<opset="data_18_loc/1 "/>
</bind>
</comp>

<comp id="74" class="1004" name="data_19_loc_fu_74">
<pin_list>
<pin id="75" dir="0" index="0" bw="1" slack="0"/>
<pin id="76" dir="1" index="1" bw="16" slack="0"/>
</pin_list>
<bind>
<opcode="alloca(26) " fcode="alloca"/>
<opset="data_19_loc/1 "/>
</bind>
</comp>

<comp id="78" class="1004" name="data_20_loc_fu_78">
<pin_list>
<pin id="79" dir="0" index="0" bw="1" slack="0"/>
<pin id="80" dir="1" index="1" bw="16" slack="0"/>
</pin_list>
<bind>
<opcode="alloca(26) " fcode="alloca"/>
<opset="data_20_loc/1 "/>
</bind>
</comp>

<comp id="82" class="1004" name="data_21_loc_fu_82">
<pin_list>
<pin id="83" dir="0" index="0" bw="1" slack="0"/>
<pin id="84" dir="1" index="1" bw="16" slack="0"/>
</pin_list>
<bind>
<opcode="alloca(26) " fcode="alloca"/>
<opset="data_21_loc/1 "/>
</bind>
</comp>

<comp id="86" class="1004" name="data_22_loc_fu_86">
<pin_list>
<pin id="87" dir="0" index="0" bw="1" slack="0"/>
<pin id="88" dir="1" index="1" bw="16" slack="0"/>
</pin_list>
<bind>
<opcode="alloca(26) " fcode="alloca"/>
<opset="data_22_loc/1 "/>
</bind>
</comp>

<comp id="90" class="1004" name="data_23_loc_fu_90">
<pin_list>
<pin id="91" dir="0" index="0" bw="1" slack="0"/>
<pin id="92" dir="1" index="1" bw="16" slack="0"/>
</pin_list>
<bind>
<opcode="alloca(26) " fcode="alloca"/>
<opset="data_23_loc/1 "/>
</bind>
</comp>

<comp id="94" class="1004" name="data_24_loc_fu_94">
<pin_list>
<pin id="95" dir="0" index="0" bw="1" slack="0"/>
<pin id="96" dir="1" index="1" bw="16" slack="0"/>
</pin_list>
<bind>
<opcode="alloca(26) " fcode="alloca"/>
<opset="data_24_loc/1 "/>
</bind>
</comp>

<comp id="98" class="1004" name="data_25_loc_fu_98">
<pin_list>
<pin id="99" dir="0" index="0" bw="1" slack="0"/>
<pin id="100" dir="1" index="1" bw="16" slack="0"/>
</pin_list>
<bind>
<opcode="alloca(26) " fcode="alloca"/>
<opset="data_25_loc/1 "/>
</bind>
</comp>

<comp id="102" class="1004" name="data_26_loc_fu_102">
<pin_list>
<pin id="103" dir="0" index="0" bw="1" slack="0"/>
<pin id="104" dir="1" index="1" bw="16" slack="0"/>
</pin_list>
<bind>
<opcode="alloca(26) " fcode="alloca"/>
<opset="data_26_loc/1 "/>
</bind>
</comp>

<comp id="106" class="1004" name="data_27_loc_fu_106">
<pin_list>
<pin id="107" dir="0" index="0" bw="1" slack="0"/>
<pin id="108" dir="1" index="1" bw="16" slack="0"/>
</pin_list>
<bind>
<opcode="alloca(26) " fcode="alloca"/>
<opset="data_27_loc/1 "/>
</bind>
</comp>

<comp id="110" class="1004" name="data_28_loc_fu_110">
<pin_list>
<pin id="111" dir="0" index="0" bw="1" slack="0"/>
<pin id="112" dir="1" index="1" bw="16" slack="0"/>
</pin_list>
<bind>
<opcode="alloca(26) " fcode="alloca"/>
<opset="data_28_loc/1 "/>
</bind>
</comp>

<comp id="114" class="1004" name="data_29_loc_fu_114">
<pin_list>
<pin id="115" dir="0" index="0" bw="1" slack="0"/>
<pin id="116" dir="1" index="1" bw="16" slack="0"/>
</pin_list>
<bind>
<opcode="alloca(26) " fcode="alloca"/>
<opset="data_29_loc/1 "/>
</bind>
</comp>

<comp id="118" class="1004" name="data_30_loc_fu_118">
<pin_list>
<pin id="119" dir="0" index="0" bw="1" slack="0"/>
<pin id="120" dir="1" index="1" bw="16" slack="0"/>
</pin_list>
<bind>
<opcode="alloca(26) " fcode="alloca"/>
<opset="data_30_loc/1 "/>
</bind>
</comp>

<comp id="122" class="1004" name="data_31_loc_fu_122">
<pin_list>
<pin id="123" dir="0" index="0" bw="1" slack="0"/>
<pin id="124" dir="1" index="1" bw="16" slack="0"/>
</pin_list>
<bind>
<opcode="alloca(26) " fcode="alloca"/>
<opset="data_31_loc/1 "/>
</bind>
</comp>

<comp id="126" class="1004" name="data_32_loc_fu_126">
<pin_list>
<pin id="127" dir="0" index="0" bw="1" slack="0"/>
<pin id="128" dir="1" index="1" bw="16" slack="0"/>
</pin_list>
<bind>
<opcode="alloca(26) " fcode="alloca"/>
<opset="data_32_loc/1 "/>
</bind>
</comp>

<comp id="130" class="1004" name="data_33_loc_fu_130">
<pin_list>
<pin id="131" dir="0" index="0" bw="1" slack="0"/>
<pin id="132" dir="1" index="1" bw="16" slack="0"/>
</pin_list>
<bind>
<opcode="alloca(26) " fcode="alloca"/>
<opset="data_33_loc/1 "/>
</bind>
</comp>

<comp id="134" class="1004" name="data_34_loc_fu_134">
<pin_list>
<pin id="135" dir="0" index="0" bw="1" slack="0"/>
<pin id="136" dir="1" index="1" bw="16" slack="0"/>
</pin_list>
<bind>
<opcode="alloca(26) " fcode="alloca"/>
<opset="data_34_loc/1 "/>
</bind>
</comp>

<comp id="138" class="1004" name="data_35_loc_fu_138">
<pin_list>
<pin id="139" dir="0" index="0" bw="1" slack="0"/>
<pin id="140" dir="1" index="1" bw="16" slack="0"/>
</pin_list>
<bind>
<opcode="alloca(26) " fcode="alloca"/>
<opset="data_35_loc/1 "/>
</bind>
</comp>

<comp id="142" class="1004" name="data_36_loc_fu_142">
<pin_list>
<pin id="143" dir="0" index="0" bw="1" slack="0"/>
<pin id="144" dir="1" index="1" bw="16" slack="0"/>
</pin_list>
<bind>
<opcode="alloca(26) " fcode="alloca"/>
<opset="data_36_loc/1 "/>
</bind>
</comp>

<comp id="146" class="1004" name="data_37_loc_fu_146">
<pin_list>
<pin id="147" dir="0" index="0" bw="1" slack="0"/>
<pin id="148" dir="1" index="1" bw="16" slack="0"/>
</pin_list>
<bind>
<opcode="alloca(26) " fcode="alloca"/>
<opset="data_37_loc/1 "/>
</bind>
</comp>

<comp id="150" class="1004" name="data_38_loc_fu_150">
<pin_list>
<pin id="151" dir="0" index="0" bw="1" slack="0"/>
<pin id="152" dir="1" index="1" bw="16" slack="0"/>
</pin_list>
<bind>
<opcode="alloca(26) " fcode="alloca"/>
<opset="data_38_loc/1 "/>
</bind>
</comp>

<comp id="154" class="1004" name="data_39_loc_fu_154">
<pin_list>
<pin id="155" dir="0" index="0" bw="1" slack="0"/>
<pin id="156" dir="1" index="1" bw="16" slack="0"/>
</pin_list>
<bind>
<opcode="alloca(26) " fcode="alloca"/>
<opset="data_39_loc/1 "/>
</bind>
</comp>

<comp id="158" class="1004" name="data_40_loc_fu_158">
<pin_list>
<pin id="159" dir="0" index="0" bw="1" slack="0"/>
<pin id="160" dir="1" index="1" bw="16" slack="0"/>
</pin_list>
<bind>
<opcode="alloca(26) " fcode="alloca"/>
<opset="data_40_loc/1 "/>
</bind>
</comp>

<comp id="162" class="1004" name="data_41_loc_fu_162">
<pin_list>
<pin id="163" dir="0" index="0" bw="1" slack="0"/>
<pin id="164" dir="1" index="1" bw="16" slack="0"/>
</pin_list>
<bind>
<opcode="alloca(26) " fcode="alloca"/>
<opset="data_41_loc/1 "/>
</bind>
</comp>

<comp id="166" class="1004" name="data_42_loc_fu_166">
<pin_list>
<pin id="167" dir="0" index="0" bw="1" slack="0"/>
<pin id="168" dir="1" index="1" bw="16" slack="0"/>
</pin_list>
<bind>
<opcode="alloca(26) " fcode="alloca"/>
<opset="data_42_loc/1 "/>
</bind>
</comp>

<comp id="170" class="1004" name="write_ln77_write_fu_170">
<pin_list>
<pin id="171" dir="0" index="0" bw="0" slack="0"/>
<pin id="172" dir="0" index="1" bw="312" slack="0"/>
<pin id="173" dir="0" index="2" bw="312" slack="0"/>
<pin id="174" dir="1" index="3" bw="0" slack="2147483647"/>
</pin_list>
<bind>
<opcode="write(1151) " fcode="write"/>
<opset="write_ln77/5 "/>
</bind>
</comp>

<comp id="177" class="1004" name="grp_dense_array_array_ap_fixed_39_19_5_3_0_8u_config6_Pipeline_DataPrepare_fu_177">
<pin_list>
<pin id="178" dir="0" index="0" bw="0" slack="0"/>
<pin id="179" dir="0" index="1" bw="64" slack="0"/>
<pin id="180" dir="0" index="2" bw="16" slack="0"/>
<pin id="181" dir="0" index="3" bw="16" slack="0"/>
<pin id="182" dir="0" index="4" bw="16" slack="0"/>
<pin id="183" dir="0" index="5" bw="16" slack="0"/>
<pin id="184" dir="0" index="6" bw="16" slack="0"/>
<pin id="185" dir="0" index="7" bw="16" slack="0"/>
<pin id="186" dir="0" index="8" bw="16" slack="0"/>
<pin id="187" dir="0" index="9" bw="16" slack="0"/>
<pin id="188" dir="0" index="10" bw="16" slack="0"/>
<pin id="189" dir="0" index="11" bw="16" slack="0"/>
<pin id="190" dir="0" index="12" bw="16" slack="0"/>
<pin id="191" dir="0" index="13" bw="16" slack="0"/>
<pin id="192" dir="0" index="14" bw="16" slack="0"/>
<pin id="193" dir="0" index="15" bw="16" slack="0"/>
<pin id="194" dir="0" index="16" bw="16" slack="0"/>
<pin id="195" dir="0" index="17" bw="16" slack="0"/>
<pin id="196" dir="0" index="18" bw="16" slack="0"/>
<pin id="197" dir="0" index="19" bw="16" slack="0"/>
<pin id="198" dir="0" index="20" bw="16" slack="0"/>
<pin id="199" dir="0" index="21" bw="16" slack="0"/>
<pin id="200" dir="0" index="22" bw="16" slack="0"/>
<pin id="201" dir="0" index="23" bw="16" slack="0"/>
<pin id="202" dir="0" index="24" bw="16" slack="0"/>
<pin id="203" dir="0" index="25" bw="16" slack="0"/>
<pin id="204" dir="0" index="26" bw="16" slack="0"/>
<pin id="205" dir="0" index="27" bw="16" slack="0"/>
<pin id="206" dir="0" index="28" bw="16" slack="0"/>
<pin id="207" dir="0" index="29" bw="16" slack="0"/>
<pin id="208" dir="0" index="30" bw="16" slack="0"/>
<pin id="209" dir="0" index="31" bw="16" slack="0"/>
<pin id="210" dir="0" index="32" bw="16" slack="0"/>
<pin id="211" dir="0" index="33" bw="16" slack="0"/>
<pin id="212" dir="0" index="34" bw="16" slack="0"/>
<pin id="213" dir="0" index="35" bw="16" slack="0"/>
<pin id="214" dir="0" index="36" bw="16" slack="0"/>
<pin id="215" dir="0" index="37" bw="16" slack="0"/>
<pin id="216" dir="1" index="38" bw="0" slack="2147483647"/>
</pin_list>
<bind>
<opcode="call(48) " fcode="call"/>
<opset="call_ln0/1 "/>
</bind>
</comp>

<comp id="219" class="1004" name="grp_dense_latency_wrapper_ap_fixed_ap_fixed_39_19_5_3_0_config6_s_fu_219">
<pin_list>
<pin id="220" dir="0" index="0" bw="312" slack="0"/>
<pin id="221" dir="0" index="1" bw="16" slack="0"/>
<pin id="222" dir="0" index="2" bw="16" slack="0"/>
<pin id="223" dir="0" index="3" bw="16" slack="0"/>
<pin id="224" dir="0" index="4" bw="16" slack="0"/>
<pin id="225" dir="0" index="5" bw="16" slack="0"/>
<pin id="226" dir="0" index="6" bw="16" slack="0"/>
<pin id="227" dir="0" index="7" bw="16" slack="0"/>
<pin id="228" dir="0" index="8" bw="16" slack="0"/>
<pin id="229" dir="0" index="9" bw="16" slack="0"/>
<pin id="230" dir="0" index="10" bw="16" slack="0"/>
<pin id="231" dir="0" index="11" bw="16" slack="0"/>
<pin id="232" dir="0" index="12" bw="16" slack="0"/>
<pin id="233" dir="0" index="13" bw="16" slack="0"/>
<pin id="234" dir="0" index="14" bw="16" slack="0"/>
<pin id="235" dir="0" index="15" bw="16" slack="0"/>
<pin id="236" dir="0" index="16" bw="16" slack="0"/>
<pin id="237" dir="0" index="17" bw="16" slack="0"/>
<pin id="238" dir="0" index="18" bw="16" slack="0"/>
<pin id="239" dir="0" index="19" bw="16" slack="0"/>
<pin id="240" dir="0" index="20" bw="16" slack="0"/>
<pin id="241" dir="0" index="21" bw="16" slack="0"/>
<pin id="242" dir="0" index="22" bw="16" slack="0"/>
<pin id="243" dir="0" index="23" bw="16" slack="0"/>
<pin id="244" dir="0" index="24" bw="16" slack="0"/>
<pin id="245" dir="0" index="25" bw="16" slack="0"/>
<pin id="246" dir="0" index="26" bw="16" slack="0"/>
<pin id="247" dir="0" index="27" bw="16" slack="0"/>
<pin id="248" dir="0" index="28" bw="16" slack="0"/>
<pin id="249" dir="0" index="29" bw="16" slack="0"/>
<pin id="250" dir="0" index="30" bw="16" slack="0"/>
<pin id="251" dir="0" index="31" bw="16" slack="0"/>
<pin id="252" dir="0" index="32" bw="16" slack="0"/>
<pin id="253" dir="0" index="33" bw="16" slack="0"/>
<pin id="254" dir="0" index="34" bw="16" slack="0"/>
<pin id="255" dir="0" index="35" bw="16" slack="0"/>
<pin id="256" dir="0" index="36" bw="16" slack="0"/>
<pin id="257" dir="1" index="37" bw="312" slack="0"/>
</pin_list>
<bind>
<opcode="call(48) " fcode="call"/>
<opset="call_ret/3 "/>
</bind>
</comp>

<comp id="259" class="1004" name="fence_ln87_fu_259">
<pin_list>
<pin id="260" dir="0" index="0" bw="0" slack="0"/>
<pin id="261" dir="0" index="1" bw="64" slack="0"/>
<pin id="262" dir="0" index="2" bw="1" slack="0"/>
<pin id="263" dir="0" index="3" bw="312" slack="0"/>
<pin id="264" dir="1" index="4" bw="0" slack="2147483647"/>
</pin_list>
<bind>
<opcode="fence(30) " fcode="fence"/>
<opset="fence_ln87/3 "/>
</bind>
</comp>

<comp id="269" class="1004" name="data_42_loc_load_load_fu_269">
<pin_list>
<pin id="270" dir="0" index="0" bw="16" slack="2"/>
<pin id="271" dir="1" index="1" bw="16" slack="0"/>
</pin_list>
<bind>
<opcode="load(27) " fcode="load"/>
<opset="data_42_loc_load/3 "/>
</bind>
</comp>

<comp id="273" class="1004" name="data_41_loc_load_load_fu_273">
<pin_list>
<pin id="274" dir="0" index="0" bw="16" slack="2"/>
<pin id="275" dir="1" index="1" bw="16" slack="0"/>
</pin_list>
<bind>
<opcode="load(27) " fcode="load"/>
<opset="data_41_loc_load/3 "/>
</bind>
</comp>

<comp id="277" class="1004" name="data_40_loc_load_load_fu_277">
<pin_list>
<pin id="278" dir="0" index="0" bw="16" slack="2"/>
<pin id="279" dir="1" index="1" bw="16" slack="0"/>
</pin_list>
<bind>
<opcode="load(27) " fcode="load"/>
<opset="data_40_loc_load/3 "/>
</bind>
</comp>

<comp id="281" class="1004" name="data_39_loc_load_load_fu_281">
<pin_list>
<pin id="282" dir="0" index="0" bw="16" slack="2"/>
<pin id="283" dir="1" index="1" bw="16" slack="0"/>
</pin_list>
<bind>
<opcode="load(27) " fcode="load"/>
<opset="data_39_loc_load/3 "/>
</bind>
</comp>

<comp id="285" class="1004" name="data_38_loc_load_load_fu_285">
<pin_list>
<pin id="286" dir="0" index="0" bw="16" slack="2"/>
<pin id="287" dir="1" index="1" bw="16" slack="0"/>
</pin_list>
<bind>
<opcode="load(27) " fcode="load"/>
<opset="data_38_loc_load/3 "/>
</bind>
</comp>

<comp id="289" class="1004" name="data_37_loc_load_load_fu_289">
<pin_list>
<pin id="290" dir="0" index="0" bw="16" slack="2"/>
<pin id="291" dir="1" index="1" bw="16" slack="0"/>
</pin_list>
<bind>
<opcode="load(27) " fcode="load"/>
<opset="data_37_loc_load/3 "/>
</bind>
</comp>

<comp id="293" class="1004" name="data_36_loc_load_load_fu_293">
<pin_list>
<pin id="294" dir="0" index="0" bw="16" slack="2"/>
<pin id="295" dir="1" index="1" bw="16" slack="0"/>
</pin_list>
<bind>
<opcode="load(27) " fcode="load"/>
<opset="data_36_loc_load/3 "/>
</bind>
</comp>

<comp id="297" class="1004" name="data_35_loc_load_load_fu_297">
<pin_list>
<pin id="298" dir="0" index="0" bw="16" slack="2"/>
<pin id="299" dir="1" index="1" bw="16" slack="0"/>
</pin_list>
<bind>
<opcode="load(27) " fcode="load"/>
<opset="data_35_loc_load/3 "/>
</bind>
</comp>

<comp id="301" class="1004" name="data_34_loc_load_load_fu_301">
<pin_list>
<pin id="302" dir="0" index="0" bw="16" slack="2"/>
<pin id="303" dir="1" index="1" bw="16" slack="0"/>
</pin_list>
<bind>
<opcode="load(27) " fcode="load"/>
<opset="data_34_loc_load/3 "/>
</bind>
</comp>

<comp id="305" class="1004" name="data_33_loc_load_load_fu_305">
<pin_list>
<pin id="306" dir="0" index="0" bw="16" slack="2"/>
<pin id="307" dir="1" index="1" bw="16" slack="0"/>
</pin_list>
<bind>
<opcode="load(27) " fcode="load"/>
<opset="data_33_loc_load/3 "/>
</bind>
</comp>

<comp id="309" class="1004" name="data_32_loc_load_load_fu_309">
<pin_list>
<pin id="310" dir="0" index="0" bw="16" slack="2"/>
<pin id="311" dir="1" index="1" bw="16" slack="0"/>
</pin_list>
<bind>
<opcode="load(27) " fcode="load"/>
<opset="data_32_loc_load/3 "/>
</bind>
</comp>

<comp id="313" class="1004" name="data_31_loc_load_load_fu_313">
<pin_list>
<pin id="314" dir="0" index="0" bw="16" slack="2"/>
<pin id="315" dir="1" index="1" bw="16" slack="0"/>
</pin_list>
<bind>
<opcode="load(27) " fcode="load"/>
<opset="data_31_loc_load/3 "/>
</bind>
</comp>

<comp id="317" class="1004" name="data_30_loc_load_load_fu_317">
<pin_list>
<pin id="318" dir="0" index="0" bw="16" slack="2"/>
<pin id="319" dir="1" index="1" bw="16" slack="0"/>
</pin_list>
<bind>
<opcode="load(27) " fcode="load"/>
<opset="data_30_loc_load/3 "/>
</bind>
</comp>

<comp id="321" class="1004" name="data_29_loc_load_load_fu_321">
<pin_list>
<pin id="322" dir="0" index="0" bw="16" slack="2"/>
<pin id="323" dir="1" index="1" bw="16" slack="0"/>
</pin_list>
<bind>
<opcode="load(27) " fcode="load"/>
<opset="data_29_loc_load/3 "/>
</bind>
</comp>

<comp id="325" class="1004" name="data_28_loc_load_load_fu_325">
<pin_list>
<pin id="326" dir="0" index="0" bw="16" slack="2"/>
<pin id="327" dir="1" index="1" bw="16" slack="0"/>
</pin_list>
<bind>
<opcode="load(27) " fcode="load"/>
<opset="data_28_loc_load/3 "/>
</bind>
</comp>

<comp id="329" class="1004" name="data_27_loc_load_load_fu_329">
<pin_list>
<pin id="330" dir="0" index="0" bw="16" slack="2"/>
<pin id="331" dir="1" index="1" bw="16" slack="0"/>
</pin_list>
<bind>
<opcode="load(27) " fcode="load"/>
<opset="data_27_loc_load/3 "/>
</bind>
</comp>

<comp id="333" class="1004" name="data_26_loc_load_load_fu_333">
<pin_list>
<pin id="334" dir="0" index="0" bw="16" slack="2"/>
<pin id="335" dir="1" index="1" bw="16" slack="0"/>
</pin_list>
<bind>
<opcode="load(27) " fcode="load"/>
<opset="data_26_loc_load/3 "/>
</bind>
</comp>

<comp id="337" class="1004" name="data_25_loc_load_load_fu_337">
<pin_list>
<pin id="338" dir="0" index="0" bw="16" slack="2"/>
<pin id="339" dir="1" index="1" bw="16" slack="0"/>
</pin_list>
<bind>
<opcode="load(27) " fcode="load"/>
<opset="data_25_loc_load/3 "/>
</bind>
</comp>

<comp id="341" class="1004" name="data_24_loc_load_load_fu_341">
<pin_list>
<pin id="342" dir="0" index="0" bw="16" slack="2"/>
<pin id="343" dir="1" index="1" bw="16" slack="0"/>
</pin_list>
<bind>
<opcode="load(27) " fcode="load"/>
<opset="data_24_loc_load/3 "/>
</bind>
</comp>

<comp id="345" class="1004" name="data_23_loc_load_load_fu_345">
<pin_list>
<pin id="346" dir="0" index="0" bw="16" slack="2"/>
<pin id="347" dir="1" index="1" bw="16" slack="0"/>
</pin_list>
<bind>
<opcode="load(27) " fcode="load"/>
<opset="data_23_loc_load/3 "/>
</bind>
</comp>

<comp id="349" class="1004" name="data_22_loc_load_load_fu_349">
<pin_list>
<pin id="350" dir="0" index="0" bw="16" slack="2"/>
<pin id="351" dir="1" index="1" bw="16" slack="0"/>
</pin_list>
<bind>
<opcode="load(27) " fcode="load"/>
<opset="data_22_loc_load/3 "/>
</bind>
</comp>

<comp id="353" class="1004" name="data_21_loc_load_load_fu_353">
<pin_list>
<pin id="354" dir="0" index="0" bw="16" slack="2"/>
<pin id="355" dir="1" index="1" bw="16" slack="0"/>
</pin_list>
<bind>
<opcode="load(27) " fcode="load"/>
<opset="data_21_loc_load/3 "/>
</bind>
</comp>

<comp id="357" class="1004" name="data_20_loc_load_load_fu_357">
<pin_list>
<pin id="358" dir="0" index="0" bw="16" slack="2"/>
<pin id="359" dir="1" index="1" bw="16" slack="0"/>
</pin_list>
<bind>
<opcode="load(27) " fcode="load"/>
<opset="data_20_loc_load/3 "/>
</bind>
</comp>

<comp id="361" class="1004" name="data_19_loc_load_load_fu_361">
<pin_list>
<pin id="362" dir="0" index="0" bw="16" slack="2"/>
<pin id="363" dir="1" index="1" bw="16" slack="0"/>
</pin_list>
<bind>
<opcode="load(27) " fcode="load"/>
<opset="data_19_loc_load/3 "/>
</bind>
</comp>

<comp id="365" class="1004" name="data_18_loc_load_load_fu_365">
<pin_list>
<pin id="366" dir="0" index="0" bw="16" slack="2"/>
<pin id="367" dir="1" index="1" bw="16" slack="0"/>
</pin_list>
<bind>
<opcode="load(27) " fcode="load"/>
<opset="data_18_loc_load/3 "/>
</bind>
</comp>

<comp id="369" class="1004" name="data_17_loc_load_load_fu_369">
<pin_list>
<pin id="370" dir="0" index="0" bw="16" slack="2"/>
<pin id="371" dir="1" index="1" bw="16" slack="0"/>
</pin_list>
<bind>
<opcode="load(27) " fcode="load"/>
<opset="data_17_loc_load/3 "/>
</bind>
</comp>

<comp id="373" class="1004" name="data_16_loc_load_load_fu_373">
<pin_list>
<pin id="374" dir="0" index="0" bw="16" slack="2"/>
<pin id="375" dir="1" index="1" bw="16" slack="0"/>
</pin_list>
<bind>
<opcode="load(27) " fcode="load"/>
<opset="data_16_loc_load/3 "/>
</bind>
</comp>

<comp id="377" class="1004" name="data_15_loc_load_load_fu_377">
<pin_list>
<pin id="378" dir="0" index="0" bw="16" slack="2"/>
<pin id="379" dir="1" index="1" bw="16" slack="0"/>
</pin_list>
<bind>
<opcode="load(27) " fcode="load"/>
<opset="data_15_loc_load/3 "/>
</bind>
</comp>

<comp id="381" class="1004" name="data_14_loc_load_load_fu_381">
<pin_list>
<pin id="382" dir="0" index="0" bw="16" slack="2"/>
<pin id="383" dir="1" index="1" bw="16" slack="0"/>
</pin_list>
<bind>
<opcode="load(27) " fcode="load"/>
<opset="data_14_loc_load/3 "/>
</bind>
</comp>

<comp id="385" class="1004" name="data_13_loc_load_load_fu_385">
<pin_list>
<pin id="386" dir="0" index="0" bw="16" slack="2"/>
<pin id="387" dir="1" index="1" bw="16" slack="0"/>
</pin_list>
<bind>
<opcode="load(27) " fcode="load"/>
<opset="data_13_loc_load/3 "/>
</bind>
</comp>

<comp id="389" class="1004" name="data_12_loc_load_load_fu_389">
<pin_list>
<pin id="390" dir="0" index="0" bw="16" slack="2"/>
<pin id="391" dir="1" index="1" bw="16" slack="0"/>
</pin_list>
<bind>
<opcode="load(27) " fcode="load"/>
<opset="data_12_loc_load/3 "/>
</bind>
</comp>

<comp id="393" class="1004" name="data_11_loc_load_load_fu_393">
<pin_list>
<pin id="394" dir="0" index="0" bw="16" slack="2"/>
<pin id="395" dir="1" index="1" bw="16" slack="0"/>
</pin_list>
<bind>
<opcode="load(27) " fcode="load"/>
<opset="data_11_loc_load/3 "/>
</bind>
</comp>

<comp id="397" class="1004" name="data_10_loc_load_load_fu_397">
<pin_list>
<pin id="398" dir="0" index="0" bw="16" slack="2"/>
<pin id="399" dir="1" index="1" bw="16" slack="0"/>
</pin_list>
<bind>
<opcode="load(27) " fcode="load"/>
<opset="data_10_loc_load/3 "/>
</bind>
</comp>

<comp id="401" class="1004" name="data_9_loc_load_load_fu_401">
<pin_list>
<pin id="402" dir="0" index="0" bw="16" slack="2"/>
<pin id="403" dir="1" index="1" bw="16" slack="0"/>
</pin_list>
<bind>
<opcode="load(27) " fcode="load"/>
<opset="data_9_loc_load/3 "/>
</bind>
</comp>

<comp id="405" class="1004" name="data_8_loc_load_load_fu_405">
<pin_list>
<pin id="406" dir="0" index="0" bw="16" slack="2"/>
<pin id="407" dir="1" index="1" bw="16" slack="0"/>
</pin_list>
<bind>
<opcode="load(27) " fcode="load"/>
<opset="data_8_loc_load/3 "/>
</bind>
</comp>

<comp id="409" class="1004" name="data_loc_load_load_fu_409">
<pin_list>
<pin id="410" dir="0" index="0" bw="16" slack="2"/>
<pin id="411" dir="1" index="1" bw="16" slack="0"/>
</pin_list>
<bind>
<opcode="load(27) " fcode="load"/>
<opset="data_loc_load/3 "/>
</bind>
</comp>

<comp id="413" class="1004" name="res_fu_413">
<pin_list>
<pin id="414" dir="0" index="0" bw="312" slack="0"/>
<pin id="415" dir="1" index="1" bw="39" slack="0"/>
</pin_list>
<bind>
<opcode="extractvalue(56) " fcode="extractvalue"/>
<opset="res/5 "/>
</bind>
</comp>

<comp id="417" class="1004" name="res_1_fu_417">
<pin_list>
<pin id="418" dir="0" index="0" bw="312" slack="0"/>
<pin id="419" dir="1" index="1" bw="39" slack="0"/>
</pin_list>
<bind>
<opcode="extractvalue(56) " fcode="extractvalue"/>
<opset="res_1/5 "/>
</bind>
</comp>

<comp id="421" class="1004" name="res_2_fu_421">
<pin_list>
<pin id="422" dir="0" index="0" bw="312" slack="0"/>
<pin id="423" dir="1" index="1" bw="39" slack="0"/>
</pin_list>
<bind>
<opcode="extractvalue(56) " fcode="extractvalue"/>
<opset="res_2/5 "/>
</bind>
</comp>

<comp id="425" class="1004" name="res_3_fu_425">
<pin_list>
<pin id="426" dir="0" index="0" bw="312" slack="0"/>
<pin id="427" dir="1" index="1" bw="39" slack="0"/>
</pin_list>
<bind>
<opcode="extractvalue(56) " fcode="extractvalue"/>
<opset="res_3/5 "/>
</bind>
</comp>

<comp id="429" class="1004" name="res_4_fu_429">
<pin_list>
<pin id="430" dir="0" index="0" bw="312" slack="0"/>
<pin id="431" dir="1" index="1" bw="39" slack="0"/>
</pin_list>
<bind>
<opcode="extractvalue(56) " fcode="extractvalue"/>
<opset="res_4/5 "/>
</bind>
</comp>

<comp id="433" class="1004" name="res_5_fu_433">
<pin_list>
<pin id="434" dir="0" index="0" bw="312" slack="0"/>
<pin id="435" dir="1" index="1" bw="39" slack="0"/>
</pin_list>
<bind>
<opcode="extractvalue(56) " fcode="extractvalue"/>
<opset="res_5/5 "/>
</bind>
</comp>

<comp id="437" class="1004" name="res_6_fu_437">
<pin_list>
<pin id="438" dir="0" index="0" bw="312" slack="0"/>
<pin id="439" dir="1" index="1" bw="39" slack="0"/>
</pin_list>
<bind>
<opcode="extractvalue(56) " fcode="extractvalue"/>
<opset="res_6/5 "/>
</bind>
</comp>

<comp id="441" class="1004" name="res_7_fu_441">
<pin_list>
<pin id="442" dir="0" index="0" bw="312" slack="0"/>
<pin id="443" dir="1" index="1" bw="39" slack="0"/>
</pin_list>
<bind>
<opcode="extractvalue(56) " fcode="extractvalue"/>
<opset="res_7/5 "/>
</bind>
</comp>

<comp id="445" class="1004" name="p_0_fu_445">
<pin_list>
<pin id="446" dir="0" index="0" bw="312" slack="0"/>
<pin id="447" dir="0" index="1" bw="39" slack="0"/>
<pin id="448" dir="0" index="2" bw="39" slack="0"/>
<pin id="449" dir="0" index="3" bw="39" slack="0"/>
<pin id="450" dir="0" index="4" bw="39" slack="0"/>
<pin id="451" dir="0" index="5" bw="39" slack="0"/>
<pin id="452" dir="0" index="6" bw="39" slack="0"/>
<pin id="453" dir="0" index="7" bw="39" slack="0"/>
<pin id="454" dir="0" index="8" bw="39" slack="0"/>
<pin id="455" dir="1" index="9" bw="312" slack="0"/>
</pin_list>
<bind>
<opcode="bitconcatenate(1004) " fcode="bitconcatenate"/>
<opset="p_0/5 "/>
</bind>
</comp>

<comp id="466" class="1005" name="data_loc_reg_466">
<pin_list>
<pin id="467" dir="0" index="0" bw="16" slack="0"/>
<pin id="468" dir="1" index="1" bw="16" slack="0"/>
</pin_list>
<bind>
<opset="data_loc "/>
</bind>
</comp>

<comp id="472" class="1005" name="data_8_loc_reg_472">
<pin_list>
<pin id="473" dir="0" index="0" bw="16" slack="0"/>
<pin id="474" dir="1" index="1" bw="16" slack="0"/>
</pin_list>
<bind>
<opset="data_8_loc "/>
</bind>
</comp>

<comp id="478" class="1005" name="data_9_loc_reg_478">
<pin_list>
<pin id="479" dir="0" index="0" bw="16" slack="0"/>
<pin id="480" dir="1" index="1" bw="16" slack="0"/>
</pin_list>
<bind>
<opset="data_9_loc "/>
</bind>
</comp>

<comp id="484" class="1005" name="data_10_loc_reg_484">
<pin_list>
<pin id="485" dir="0" index="0" bw="16" slack="0"/>
<pin id="486" dir="1" index="1" bw="16" slack="0"/>
</pin_list>
<bind>
<opset="data_10_loc "/>
</bind>
</comp>

<comp id="490" class="1005" name="data_11_loc_reg_490">
<pin_list>
<pin id="491" dir="0" index="0" bw="16" slack="0"/>
<pin id="492" dir="1" index="1" bw="16" slack="0"/>
</pin_list>
<bind>
<opset="data_11_loc "/>
</bind>
</comp>

<comp id="496" class="1005" name="data_12_loc_reg_496">
<pin_list>
<pin id="497" dir="0" index="0" bw="16" slack="0"/>
<pin id="498" dir="1" index="1" bw="16" slack="0"/>
</pin_list>
<bind>
<opset="data_12_loc "/>
</bind>
</comp>

<comp id="502" class="1005" name="data_13_loc_reg_502">
<pin_list>
<pin id="503" dir="0" index="0" bw="16" slack="0"/>
<pin id="504" dir="1" index="1" bw="16" slack="0"/>
</pin_list>
<bind>
<opset="data_13_loc "/>
</bind>
</comp>

<comp id="508" class="1005" name="data_14_loc_reg_508">
<pin_list>
<pin id="509" dir="0" index="0" bw="16" slack="0"/>
<pin id="510" dir="1" index="1" bw="16" slack="0"/>
</pin_list>
<bind>
<opset="data_14_loc "/>
</bind>
</comp>

<comp id="514" class="1005" name="data_15_loc_reg_514">
<pin_list>
<pin id="515" dir="0" index="0" bw="16" slack="0"/>
<pin id="516" dir="1" index="1" bw="16" slack="0"/>
</pin_list>
<bind>
<opset="data_15_loc "/>
</bind>
</comp>

<comp id="520" class="1005" name="data_16_loc_reg_520">
<pin_list>
<pin id="521" dir="0" index="0" bw="16" slack="0"/>
<pin id="522" dir="1" index="1" bw="16" slack="0"/>
</pin_list>
<bind>
<opset="data_16_loc "/>
</bind>
</comp>

<comp id="526" class="1005" name="data_17_loc_reg_526">
<pin_list>
<pin id="527" dir="0" index="0" bw="16" slack="0"/>
<pin id="528" dir="1" index="1" bw="16" slack="0"/>
</pin_list>
<bind>
<opset="data_17_loc "/>
</bind>
</comp>

<comp id="532" class="1005" name="data_18_loc_reg_532">
<pin_list>
<pin id="533" dir="0" index="0" bw="16" slack="0"/>
<pin id="534" dir="1" index="1" bw="16" slack="0"/>
</pin_list>
<bind>
<opset="data_18_loc "/>
</bind>
</comp>

<comp id="538" class="1005" name="data_19_loc_reg_538">
<pin_list>
<pin id="539" dir="0" index="0" bw="16" slack="0"/>
<pin id="540" dir="1" index="1" bw="16" slack="0"/>
</pin_list>
<bind>
<opset="data_19_loc "/>
</bind>
</comp>

<comp id="544" class="1005" name="data_20_loc_reg_544">
<pin_list>
<pin id="545" dir="0" index="0" bw="16" slack="0"/>
<pin id="546" dir="1" index="1" bw="16" slack="0"/>
</pin_list>
<bind>
<opset="data_20_loc "/>
</bind>
</comp>

<comp id="550" class="1005" name="data_21_loc_reg_550">
<pin_list>
<pin id="551" dir="0" index="0" bw="16" slack="0"/>
<pin id="552" dir="1" index="1" bw="16" slack="0"/>
</pin_list>
<bind>
<opset="data_21_loc "/>
</bind>
</comp>

<comp id="556" class="1005" name="data_22_loc_reg_556">
<pin_list>
<pin id="557" dir="0" index="0" bw="16" slack="0"/>
<pin id="558" dir="1" index="1" bw="16" slack="0"/>
</pin_list>
<bind>
<opset="data_22_loc "/>
</bind>
</comp>

<comp id="562" class="1005" name="data_23_loc_reg_562">
<pin_list>
<pin id="563" dir="0" index="0" bw="16" slack="0"/>
<pin id="564" dir="1" index="1" bw="16" slack="0"/>
</pin_list>
<bind>
<opset="data_23_loc "/>
</bind>
</comp>

<comp id="568" class="1005" name="data_24_loc_reg_568">
<pin_list>
<pin id="569" dir="0" index="0" bw="16" slack="0"/>
<pin id="570" dir="1" index="1" bw="16" slack="0"/>
</pin_list>
<bind>
<opset="data_24_loc "/>
</bind>
</comp>

<comp id="574" class="1005" name="data_25_loc_reg_574">
<pin_list>
<pin id="575" dir="0" index="0" bw="16" slack="0"/>
<pin id="576" dir="1" index="1" bw="16" slack="0"/>
</pin_list>
<bind>
<opset="data_25_loc "/>
</bind>
</comp>

<comp id="580" class="1005" name="data_26_loc_reg_580">
<pin_list>
<pin id="581" dir="0" index="0" bw="16" slack="0"/>
<pin id="582" dir="1" index="1" bw="16" slack="0"/>
</pin_list>
<bind>
<opset="data_26_loc "/>
</bind>
</comp>

<comp id="586" class="1005" name="data_27_loc_reg_586">
<pin_list>
<pin id="587" dir="0" index="0" bw="16" slack="0"/>
<pin id="588" dir="1" index="1" bw="16" slack="0"/>
</pin_list>
<bind>
<opset="data_27_loc "/>
</bind>
</comp>

<comp id="592" class="1005" name="data_28_loc_reg_592">
<pin_list>
<pin id="593" dir="0" index="0" bw="16" slack="0"/>
<pin id="594" dir="1" index="1" bw="16" slack="0"/>
</pin_list>
<bind>
<opset="data_28_loc "/>
</bind>
</comp>

<comp id="598" class="1005" name="data_29_loc_reg_598">
<pin_list>
<pin id="599" dir="0" index="0" bw="16" slack="0"/>
<pin id="600" dir="1" index="1" bw="16" slack="0"/>
</pin_list>
<bind>
<opset="data_29_loc "/>
</bind>
</comp>

<comp id="604" class="1005" name="data_30_loc_reg_604">
<pin_list>
<pin id="605" dir="0" index="0" bw="16" slack="0"/>
<pin id="606" dir="1" index="1" bw="16" slack="0"/>
</pin_list>
<bind>
<opset="data_30_loc "/>
</bind>
</comp>

<comp id="610" class="1005" name="data_31_loc_reg_610">
<pin_list>
<pin id="611" dir="0" index="0" bw="16" slack="0"/>
<pin id="612" dir="1" index="1" bw="16" slack="0"/>
</pin_list>
<bind>
<opset="data_31_loc "/>
</bind>
</comp>

<comp id="616" class="1005" name="data_32_loc_reg_616">
<pin_list>
<pin id="617" dir="0" index="0" bw="16" slack="0"/>
<pin id="618" dir="1" index="1" bw="16" slack="0"/>
</pin_list>
<bind>
<opset="data_32_loc "/>
</bind>
</comp>

<comp id="622" class="1005" name="data_33_loc_reg_622">
<pin_list>
<pin id="623" dir="0" index="0" bw="16" slack="0"/>
<pin id="624" dir="1" index="1" bw="16" slack="0"/>
</pin_list>
<bind>
<opset="data_33_loc "/>
</bind>
</comp>

<comp id="628" class="1005" name="data_34_loc_reg_628">
<pin_list>
<pin id="629" dir="0" index="0" bw="16" slack="0"/>
<pin id="630" dir="1" index="1" bw="16" slack="0"/>
</pin_list>
<bind>
<opset="data_34_loc "/>
</bind>
</comp>

<comp id="634" class="1005" name="data_35_loc_reg_634">
<pin_list>
<pin id="635" dir="0" index="0" bw="16" slack="0"/>
<pin id="636" dir="1" index="1" bw="16" slack="0"/>
</pin_list>
<bind>
<opset="data_35_loc "/>
</bind>
</comp>

<comp id="640" class="1005" name="data_36_loc_reg_640">
<pin_list>
<pin id="641" dir="0" index="0" bw="16" slack="0"/>
<pin id="642" dir="1" index="1" bw="16" slack="0"/>
</pin_list>
<bind>
<opset="data_36_loc "/>
</bind>
</comp>

<comp id="646" class="1005" name="data_37_loc_reg_646">
<pin_list>
<pin id="647" dir="0" index="0" bw="16" slack="0"/>
<pin id="648" dir="1" index="1" bw="16" slack="0"/>
</pin_list>
<bind>
<opset="data_37_loc "/>
</bind>
</comp>

<comp id="652" class="1005" name="data_38_loc_reg_652">
<pin_list>
<pin id="653" dir="0" index="0" bw="16" slack="0"/>
<pin id="654" dir="1" index="1" bw="16" slack="0"/>
</pin_list>
<bind>
<opset="data_38_loc "/>
</bind>
</comp>

<comp id="658" class="1005" name="data_39_loc_reg_658">
<pin_list>
<pin id="659" dir="0" index="0" bw="16" slack="0"/>
<pin id="660" dir="1" index="1" bw="16" slack="0"/>
</pin_list>
<bind>
<opset="data_39_loc "/>
</bind>
</comp>

<comp id="664" class="1005" name="data_40_loc_reg_664">
<pin_list>
<pin id="665" dir="0" index="0" bw="16" slack="0"/>
<pin id="666" dir="1" index="1" bw="16" slack="0"/>
</pin_list>
<bind>
<opset="data_40_loc "/>
</bind>
</comp>

<comp id="670" class="1005" name="data_41_loc_reg_670">
<pin_list>
<pin id="671" dir="0" index="0" bw="16" slack="0"/>
<pin id="672" dir="1" index="1" bw="16" slack="0"/>
</pin_list>
<bind>
<opset="data_41_loc "/>
</bind>
</comp>

<comp id="676" class="1005" name="data_42_loc_reg_676">
<pin_list>
<pin id="677" dir="0" index="0" bw="16" slack="0"/>
<pin id="678" dir="1" index="1" bw="16" slack="0"/>
</pin_list>
<bind>
<opset="data_42_loc "/>
</bind>
</comp>

</comp_list>

<net_list>
<net id="29"><net_src comp="4" pin="0"/><net_sink comp="26" pin=0"/></net>

<net id="33"><net_src comp="4" pin="0"/><net_sink comp="30" pin=0"/></net>

<net id="37"><net_src comp="4" pin="0"/><net_sink comp="34" pin=0"/></net>

<net id="41"><net_src comp="4" pin="0"/><net_sink comp="38" pin=0"/></net>

<net id="45"><net_src comp="4" pin="0"/><net_sink comp="42" pin=0"/></net>

<net id="49"><net_src comp="4" pin="0"/><net_sink comp="46" pin=0"/></net>

<net id="53"><net_src comp="4" pin="0"/><net_sink comp="50" pin=0"/></net>

<net id="57"><net_src comp="4" pin="0"/><net_sink comp="54" pin=0"/></net>

<net id="61"><net_src comp="4" pin="0"/><net_sink comp="58" pin=0"/></net>

<net id="65"><net_src comp="4" pin="0"/><net_sink comp="62" pin=0"/></net>

<net id="69"><net_src comp="4" pin="0"/><net_sink comp="66" pin=0"/></net>

<net id="73"><net_src comp="4" pin="0"/><net_sink comp="70" pin=0"/></net>

<net id="77"><net_src comp="4" pin="0"/><net_sink comp="74" pin=0"/></net>

<net id="81"><net_src comp="4" pin="0"/><net_sink comp="78" pin=0"/></net>

<net id="85"><net_src comp="4" pin="0"/><net_sink comp="82" pin=0"/></net>

<net id="89"><net_src comp="4" pin="0"/><net_sink comp="86" pin=0"/></net>

<net id="93"><net_src comp="4" pin="0"/><net_sink comp="90" pin=0"/></net>

<net id="97"><net_src comp="4" pin="0"/><net_sink comp="94" pin=0"/></net>

<net id="101"><net_src comp="4" pin="0"/><net_sink comp="98" pin=0"/></net>

<net id="105"><net_src comp="4" pin="0"/><net_sink comp="102" pin=0"/></net>

<net id="109"><net_src comp="4" pin="0"/><net_sink comp="106" pin=0"/></net>

<net id="113"><net_src comp="4" pin="0"/><net_sink comp="110" pin=0"/></net>

<net id="117"><net_src comp="4" pin="0"/><net_sink comp="114" pin=0"/></net>

<net id="121"><net_src comp="4" pin="0"/><net_sink comp="118" pin=0"/></net>

<net id="125"><net_src comp="4" pin="0"/><net_sink comp="122" pin=0"/></net>

<net id="129"><net_src comp="4" pin="0"/><net_sink comp="126" pin=0"/></net>

<net id="133"><net_src comp="4" pin="0"/><net_sink comp="130" pin=0"/></net>

<net id="137"><net_src comp="4" pin="0"/><net_sink comp="134" pin=0"/></net>

<net id="141"><net_src comp="4" pin="0"/><net_sink comp="138" pin=0"/></net>

<net id="145"><net_src comp="4" pin="0"/><net_sink comp="142" pin=0"/></net>

<net id="149"><net_src comp="4" pin="0"/><net_sink comp="146" pin=0"/></net>

<net id="153"><net_src comp="4" pin="0"/><net_sink comp="150" pin=0"/></net>

<net id="157"><net_src comp="4" pin="0"/><net_sink comp="154" pin=0"/></net>

<net id="161"><net_src comp="4" pin="0"/><net_sink comp="158" pin=0"/></net>

<net id="165"><net_src comp="4" pin="0"/><net_sink comp="162" pin=0"/></net>

<net id="169"><net_src comp="4" pin="0"/><net_sink comp="166" pin=0"/></net>

<net id="175"><net_src comp="24" pin="0"/><net_sink comp="170" pin=0"/></net>

<net id="176"><net_src comp="2" pin="0"/><net_sink comp="170" pin=1"/></net>

<net id="217"><net_src comp="6" pin="0"/><net_sink comp="177" pin=0"/></net>

<net id="218"><net_src comp="0" pin="0"/><net_sink comp="177" pin=1"/></net>

<net id="258"><net_src comp="12" pin="0"/><net_sink comp="219" pin=0"/></net>

<net id="265"><net_src comp="8" pin="0"/><net_sink comp="259" pin=0"/></net>

<net id="266"><net_src comp="0" pin="0"/><net_sink comp="259" pin=1"/></net>

<net id="267"><net_src comp="10" pin="0"/><net_sink comp="259" pin=2"/></net>

<net id="268"><net_src comp="2" pin="0"/><net_sink comp="259" pin=3"/></net>

<net id="272"><net_src comp="269" pin="1"/><net_sink comp="219" pin=36"/></net>

<net id="276"><net_src comp="273" pin="1"/><net_sink comp="219" pin=35"/></net>

<net id="280"><net_src comp="277" pin="1"/><net_sink comp="219" pin=34"/></net>

<net id="284"><net_src comp="281" pin="1"/><net_sink comp="219" pin=33"/></net>

<net id="288"><net_src comp="285" pin="1"/><net_sink comp="219" pin=4"/></net>

<net id="292"><net_src comp="289" pin="1"/><net_sink comp="219" pin=3"/></net>

<net id="296"><net_src comp="293" pin="1"/><net_sink comp="219" pin=2"/></net>

<net id="300"><net_src comp="297" pin="1"/><net_sink comp="219" pin=1"/></net>

<net id="304"><net_src comp="301" pin="1"/><net_sink comp="219" pin=8"/></net>

<net id="308"><net_src comp="305" pin="1"/><net_sink comp="219" pin=7"/></net>

<net id="312"><net_src comp="309" pin="1"/><net_sink comp="219" pin=6"/></net>

<net id="316"><net_src comp="313" pin="1"/><net_sink comp="219" pin=5"/></net>

<net id="320"><net_src comp="317" pin="1"/><net_sink comp="219" pin=12"/></net>

<net id="324"><net_src comp="321" pin="1"/><net_sink comp="219" pin=11"/></net>

<net id="328"><net_src comp="325" pin="1"/><net_sink comp="219" pin=10"/></net>

<net id="332"><net_src comp="329" pin="1"/><net_sink comp="219" pin=9"/></net>

<net id="336"><net_src comp="333" pin="1"/><net_sink comp="219" pin=16"/></net>

<net id="340"><net_src comp="337" pin="1"/><net_sink comp="219" pin=15"/></net>

<net id="344"><net_src comp="341" pin="1"/><net_sink comp="219" pin=14"/></net>

<net id="348"><net_src comp="345" pin="1"/><net_sink comp="219" pin=13"/></net>

<net id="352"><net_src comp="349" pin="1"/><net_sink comp="219" pin=20"/></net>

<net id="356"><net_src comp="353" pin="1"/><net_sink comp="219" pin=19"/></net>

<net id="360"><net_src comp="357" pin="1"/><net_sink comp="219" pin=18"/></net>

<net id="364"><net_src comp="361" pin="1"/><net_sink comp="219" pin=17"/></net>

<net id="368"><net_src comp="365" pin="1"/><net_sink comp="219" pin=24"/></net>

<net id="372"><net_src comp="369" pin="1"/><net_sink comp="219" pin=23"/></net>

<net id="376"><net_src comp="373" pin="1"/><net_sink comp="219" pin=22"/></net>

<net id="380"><net_src comp="377" pin="1"/><net_sink comp="219" pin=21"/></net>

<net id="384"><net_src comp="381" pin="1"/><net_sink comp="219" pin=28"/></net>

<net id="388"><net_src comp="385" pin="1"/><net_sink comp="219" pin=27"/></net>

<net id="392"><net_src comp="389" pin="1"/><net_sink comp="219" pin=26"/></net>

<net id="396"><net_src comp="393" pin="1"/><net_sink comp="219" pin=25"/></net>

<net id="400"><net_src comp="397" pin="1"/><net_sink comp="219" pin=32"/></net>

<net id="404"><net_src comp="401" pin="1"/><net_sink comp="219" pin=31"/></net>

<net id="408"><net_src comp="405" pin="1"/><net_sink comp="219" pin=30"/></net>

<net id="412"><net_src comp="409" pin="1"/><net_sink comp="219" pin=29"/></net>

<net id="416"><net_src comp="219" pin="37"/><net_sink comp="413" pin=0"/></net>

<net id="420"><net_src comp="219" pin="37"/><net_sink comp="417" pin=0"/></net>

<net id="424"><net_src comp="219" pin="37"/><net_sink comp="421" pin=0"/></net>

<net id="428"><net_src comp="219" pin="37"/><net_sink comp="425" pin=0"/></net>

<net id="432"><net_src comp="219" pin="37"/><net_sink comp="429" pin=0"/></net>

<net id="436"><net_src comp="219" pin="37"/><net_sink comp="433" pin=0"/></net>

<net id="440"><net_src comp="219" pin="37"/><net_sink comp="437" pin=0"/></net>

<net id="444"><net_src comp="219" pin="37"/><net_sink comp="441" pin=0"/></net>

<net id="456"><net_src comp="22" pin="0"/><net_sink comp="445" pin=0"/></net>

<net id="457"><net_src comp="441" pin="1"/><net_sink comp="445" pin=1"/></net>

<net id="458"><net_src comp="437" pin="1"/><net_sink comp="445" pin=2"/></net>

<net id="459"><net_src comp="433" pin="1"/><net_sink comp="445" pin=3"/></net>

<net id="460"><net_src comp="429" pin="1"/><net_sink comp="445" pin=4"/></net>

<net id="461"><net_src comp="425" pin="1"/><net_sink comp="445" pin=5"/></net>

<net id="462"><net_src comp="421" pin="1"/><net_sink comp="445" pin=6"/></net>

<net id="463"><net_src comp="417" pin="1"/><net_sink comp="445" pin=7"/></net>

<net id="464"><net_src comp="413" pin="1"/><net_sink comp="445" pin=8"/></net>

<net id="465"><net_src comp="445" pin="9"/><net_sink comp="170" pin=2"/></net>

<net id="469"><net_src comp="26" pin="1"/><net_sink comp="466" pin=0"/></net>

<net id="470"><net_src comp="466" pin="1"/><net_sink comp="177" pin=37"/></net>

<net id="471"><net_src comp="466" pin="1"/><net_sink comp="409" pin=0"/></net>

<net id="475"><net_src comp="30" pin="1"/><net_sink comp="472" pin=0"/></net>

<net id="476"><net_src comp="472" pin="1"/><net_sink comp="177" pin=36"/></net>

<net id="477"><net_src comp="472" pin="1"/><net_sink comp="405" pin=0"/></net>

<net id="481"><net_src comp="34" pin="1"/><net_sink comp="478" pin=0"/></net>

<net id="482"><net_src comp="478" pin="1"/><net_sink comp="177" pin=35"/></net>

<net id="483"><net_src comp="478" pin="1"/><net_sink comp="401" pin=0"/></net>

<net id="487"><net_src comp="38" pin="1"/><net_sink comp="484" pin=0"/></net>

<net id="488"><net_src comp="484" pin="1"/><net_sink comp="177" pin=34"/></net>

<net id="489"><net_src comp="484" pin="1"/><net_sink comp="397" pin=0"/></net>

<net id="493"><net_src comp="42" pin="1"/><net_sink comp="490" pin=0"/></net>

<net id="494"><net_src comp="490" pin="1"/><net_sink comp="177" pin=33"/></net>

<net id="495"><net_src comp="490" pin="1"/><net_sink comp="393" pin=0"/></net>

<net id="499"><net_src comp="46" pin="1"/><net_sink comp="496" pin=0"/></net>

<net id="500"><net_src comp="496" pin="1"/><net_sink comp="177" pin=32"/></net>

<net id="501"><net_src comp="496" pin="1"/><net_sink comp="389" pin=0"/></net>

<net id="505"><net_src comp="50" pin="1"/><net_sink comp="502" pin=0"/></net>

<net id="506"><net_src comp="502" pin="1"/><net_sink comp="177" pin=31"/></net>

<net id="507"><net_src comp="502" pin="1"/><net_sink comp="385" pin=0"/></net>

<net id="511"><net_src comp="54" pin="1"/><net_sink comp="508" pin=0"/></net>

<net id="512"><net_src comp="508" pin="1"/><net_sink comp="177" pin=30"/></net>

<net id="513"><net_src comp="508" pin="1"/><net_sink comp="381" pin=0"/></net>

<net id="517"><net_src comp="58" pin="1"/><net_sink comp="514" pin=0"/></net>

<net id="518"><net_src comp="514" pin="1"/><net_sink comp="177" pin=29"/></net>

<net id="519"><net_src comp="514" pin="1"/><net_sink comp="377" pin=0"/></net>

<net id="523"><net_src comp="62" pin="1"/><net_sink comp="520" pin=0"/></net>

<net id="524"><net_src comp="520" pin="1"/><net_sink comp="177" pin=28"/></net>

<net id="525"><net_src comp="520" pin="1"/><net_sink comp="373" pin=0"/></net>

<net id="529"><net_src comp="66" pin="1"/><net_sink comp="526" pin=0"/></net>

<net id="530"><net_src comp="526" pin="1"/><net_sink comp="177" pin=27"/></net>

<net id="531"><net_src comp="526" pin="1"/><net_sink comp="369" pin=0"/></net>

<net id="535"><net_src comp="70" pin="1"/><net_sink comp="532" pin=0"/></net>

<net id="536"><net_src comp="532" pin="1"/><net_sink comp="177" pin=26"/></net>

<net id="537"><net_src comp="532" pin="1"/><net_sink comp="365" pin=0"/></net>

<net id="541"><net_src comp="74" pin="1"/><net_sink comp="538" pin=0"/></net>

<net id="542"><net_src comp="538" pin="1"/><net_sink comp="177" pin=25"/></net>

<net id="543"><net_src comp="538" pin="1"/><net_sink comp="361" pin=0"/></net>

<net id="547"><net_src comp="78" pin="1"/><net_sink comp="544" pin=0"/></net>

<net id="548"><net_src comp="544" pin="1"/><net_sink comp="177" pin=24"/></net>

<net id="549"><net_src comp="544" pin="1"/><net_sink comp="357" pin=0"/></net>

<net id="553"><net_src comp="82" pin="1"/><net_sink comp="550" pin=0"/></net>

<net id="554"><net_src comp="550" pin="1"/><net_sink comp="177" pin=23"/></net>

<net id="555"><net_src comp="550" pin="1"/><net_sink comp="353" pin=0"/></net>

<net id="559"><net_src comp="86" pin="1"/><net_sink comp="556" pin=0"/></net>

<net id="560"><net_src comp="556" pin="1"/><net_sink comp="177" pin=22"/></net>

<net id="561"><net_src comp="556" pin="1"/><net_sink comp="349" pin=0"/></net>

<net id="565"><net_src comp="90" pin="1"/><net_sink comp="562" pin=0"/></net>

<net id="566"><net_src comp="562" pin="1"/><net_sink comp="177" pin=21"/></net>

<net id="567"><net_src comp="562" pin="1"/><net_sink comp="345" pin=0"/></net>

<net id="571"><net_src comp="94" pin="1"/><net_sink comp="568" pin=0"/></net>

<net id="572"><net_src comp="568" pin="1"/><net_sink comp="177" pin=20"/></net>

<net id="573"><net_src comp="568" pin="1"/><net_sink comp="341" pin=0"/></net>

<net id="577"><net_src comp="98" pin="1"/><net_sink comp="574" pin=0"/></net>

<net id="578"><net_src comp="574" pin="1"/><net_sink comp="177" pin=19"/></net>

<net id="579"><net_src comp="574" pin="1"/><net_sink comp="337" pin=0"/></net>

<net id="583"><net_src comp="102" pin="1"/><net_sink comp="580" pin=0"/></net>

<net id="584"><net_src comp="580" pin="1"/><net_sink comp="177" pin=18"/></net>

<net id="585"><net_src comp="580" pin="1"/><net_sink comp="333" pin=0"/></net>

<net id="589"><net_src comp="106" pin="1"/><net_sink comp="586" pin=0"/></net>

<net id="590"><net_src comp="586" pin="1"/><net_sink comp="177" pin=17"/></net>

<net id="591"><net_src comp="586" pin="1"/><net_sink comp="329" pin=0"/></net>

<net id="595"><net_src comp="110" pin="1"/><net_sink comp="592" pin=0"/></net>

<net id="596"><net_src comp="592" pin="1"/><net_sink comp="177" pin=16"/></net>

<net id="597"><net_src comp="592" pin="1"/><net_sink comp="325" pin=0"/></net>

<net id="601"><net_src comp="114" pin="1"/><net_sink comp="598" pin=0"/></net>

<net id="602"><net_src comp="598" pin="1"/><net_sink comp="177" pin=15"/></net>

<net id="603"><net_src comp="598" pin="1"/><net_sink comp="321" pin=0"/></net>

<net id="607"><net_src comp="118" pin="1"/><net_sink comp="604" pin=0"/></net>

<net id="608"><net_src comp="604" pin="1"/><net_sink comp="177" pin=14"/></net>

<net id="609"><net_src comp="604" pin="1"/><net_sink comp="317" pin=0"/></net>

<net id="613"><net_src comp="122" pin="1"/><net_sink comp="610" pin=0"/></net>

<net id="614"><net_src comp="610" pin="1"/><net_sink comp="177" pin=13"/></net>

<net id="615"><net_src comp="610" pin="1"/><net_sink comp="313" pin=0"/></net>

<net id="619"><net_src comp="126" pin="1"/><net_sink comp="616" pin=0"/></net>

<net id="620"><net_src comp="616" pin="1"/><net_sink comp="177" pin=12"/></net>

<net id="621"><net_src comp="616" pin="1"/><net_sink comp="309" pin=0"/></net>

<net id="625"><net_src comp="130" pin="1"/><net_sink comp="622" pin=0"/></net>

<net id="626"><net_src comp="622" pin="1"/><net_sink comp="177" pin=11"/></net>

<net id="627"><net_src comp="622" pin="1"/><net_sink comp="305" pin=0"/></net>

<net id="631"><net_src comp="134" pin="1"/><net_sink comp="628" pin=0"/></net>

<net id="632"><net_src comp="628" pin="1"/><net_sink comp="177" pin=10"/></net>

<net id="633"><net_src comp="628" pin="1"/><net_sink comp="301" pin=0"/></net>

<net id="637"><net_src comp="138" pin="1"/><net_sink comp="634" pin=0"/></net>

<net id="638"><net_src comp="634" pin="1"/><net_sink comp="177" pin=9"/></net>

<net id="639"><net_src comp="634" pin="1"/><net_sink comp="297" pin=0"/></net>

<net id="643"><net_src comp="142" pin="1"/><net_sink comp="640" pin=0"/></net>

<net id="644"><net_src comp="640" pin="1"/><net_sink comp="177" pin=8"/></net>

<net id="645"><net_src comp="640" pin="1"/><net_sink comp="293" pin=0"/></net>

<net id="649"><net_src comp="146" pin="1"/><net_sink comp="646" pin=0"/></net>

<net id="650"><net_src comp="646" pin="1"/><net_sink comp="177" pin=7"/></net>

<net id="651"><net_src comp="646" pin="1"/><net_sink comp="289" pin=0"/></net>

<net id="655"><net_src comp="150" pin="1"/><net_sink comp="652" pin=0"/></net>

<net id="656"><net_src comp="652" pin="1"/><net_sink comp="177" pin=6"/></net>

<net id="657"><net_src comp="652" pin="1"/><net_sink comp="285" pin=0"/></net>

<net id="661"><net_src comp="154" pin="1"/><net_sink comp="658" pin=0"/></net>

<net id="662"><net_src comp="658" pin="1"/><net_sink comp="177" pin=5"/></net>

<net id="663"><net_src comp="658" pin="1"/><net_sink comp="281" pin=0"/></net>

<net id="667"><net_src comp="158" pin="1"/><net_sink comp="664" pin=0"/></net>

<net id="668"><net_src comp="664" pin="1"/><net_sink comp="177" pin=4"/></net>

<net id="669"><net_src comp="664" pin="1"/><net_sink comp="277" pin=0"/></net>

<net id="673"><net_src comp="162" pin="1"/><net_sink comp="670" pin=0"/></net>

<net id="674"><net_src comp="670" pin="1"/><net_sink comp="177" pin=3"/></net>

<net id="675"><net_src comp="670" pin="1"/><net_sink comp="273" pin=0"/></net>

<net id="679"><net_src comp="166" pin="1"/><net_sink comp="676" pin=0"/></net>

<net id="680"><net_src comp="676" pin="1"/><net_sink comp="177" pin=2"/></net>

<net id="681"><net_src comp="676" pin="1"/><net_sink comp="269" pin=0"/></net>

</net_list>

</model> 
---------------- Datapath Model END ------------------

* FSMD analyzer results:
  - Output states:
	Port: layer6_out | {5 }
 - Input state : 
	Port: dense<array<ap_fixed,4u>,array<ap_fixed<39,19,5,3,0>,8u>,config6> : layer4_out | {1 2 }
  - Chain level:
	State 1
		call_ln0 : 1
	State 2
	State 3
		call_ret : 1
	State 4
	State 5
		res : 1
		res_1 : 1
		res_2 : 1
		res_3 : 1
		res_4 : 1
		res_5 : 1
		res_6 : 1
		res_7 : 1
		p_0 : 2
		write_ln77 : 3


============================================================
+ Verbose Summary: Datapath Resource usage 
============================================================

* Functional unit list:
|----------|-----------------------------------------------------------------------------------|---------|---------|---------|
| Operation|                                  Functional Unit                                  |   DSP   |    FF   |   LUT   |
|----------|-----------------------------------------------------------------------------------|---------|---------|---------|
|   call   | grp_dense_array_array_ap_fixed_39_19_5_3_0_8u_config6_Pipeline_DataPrepare_fu_177 |    0    |   580   |    24   |
|          |      grp_dense_latency_wrapper_ap_fixed_ap_fixed_39_19_5_3_0_config6_s_fu_219     |   238   |   2803  |   7833  |
|----------|-----------------------------------------------------------------------------------|---------|---------|---------|
|   write  |                              write_ln77_write_fu_170                              |    0    |    0    |    0    |
|----------|-----------------------------------------------------------------------------------|---------|---------|---------|
|   fence  |                                 fence_ln87_fu_259                                 |    0    |    0    |    0    |
|----------|-----------------------------------------------------------------------------------|---------|---------|---------|
|          |                                     res_fu_413                                    |    0    |    0    |    0    |
|          |                                    res_1_fu_417                                   |    0    |    0    |    0    |
|          |                                    res_2_fu_421                                   |    0    |    0    |    0    |
|extractvalue|                                    res_3_fu_425                                   |    0    |    0    |    0    |
|          |                                    res_4_fu_429                                   |    0    |    0    |    0    |
|          |                                    res_5_fu_433                                   |    0    |    0    |    0    |
|          |                                    res_6_fu_437                                   |    0    |    0    |    0    |
|          |                                    res_7_fu_441                                   |    0    |    0    |    0    |
|----------|-----------------------------------------------------------------------------------|---------|---------|---------|
|bitconcatenate|                                     p_0_fu_445                                    |    0    |    0    |    0    |
|----------|-----------------------------------------------------------------------------------|---------|---------|---------|
|   Total  |                                                                                   |   238   |   3383  |   7857  |
|----------|-----------------------------------------------------------------------------------|---------|---------|---------|

Memories:
N/A

* Register list:
+-------------------+--------+
|                   |   FF   |
+-------------------+--------+
|data_10_loc_reg_484|   16   |
|data_11_loc_reg_490|   16   |
|data_12_loc_reg_496|   16   |
|data_13_loc_reg_502|   16   |
|data_14_loc_reg_508|   16   |
|data_15_loc_reg_514|   16   |
|data_16_loc_reg_520|   16   |
|data_17_loc_reg_526|   16   |
|data_18_loc_reg_532|   16   |
|data_19_loc_reg_538|   16   |
|data_20_loc_reg_544|   16   |
|data_21_loc_reg_550|   16   |
|data_22_loc_reg_556|   16   |
|data_23_loc_reg_562|   16   |
|data_24_loc_reg_568|   16   |
|data_25_loc_reg_574|   16   |
|data_26_loc_reg_580|   16   |
|data_27_loc_reg_586|   16   |
|data_28_loc_reg_592|   16   |
|data_29_loc_reg_598|   16   |
|data_30_loc_reg_604|   16   |
|data_31_loc_reg_610|   16   |
|data_32_loc_reg_616|   16   |
|data_33_loc_reg_622|   16   |
|data_34_loc_reg_628|   16   |
|data_35_loc_reg_634|   16   |
|data_36_loc_reg_640|   16   |
|data_37_loc_reg_646|   16   |
|data_38_loc_reg_652|   16   |
|data_39_loc_reg_658|   16   |
|data_40_loc_reg_664|   16   |
|data_41_loc_reg_670|   16   |
|data_42_loc_reg_676|   16   |
| data_8_loc_reg_472|   16   |
| data_9_loc_reg_478|   16   |
|  data_loc_reg_466 |   16   |
+-------------------+--------+
|       Total       |   576  |
+-------------------+--------+

* Multiplexer (MUX) list: 
|--------|------|------|------|--------|
|  Comp  |  Pin | Size |  BW  | S x BW |
|--------|------|------|------|--------|
|  Total |      |      |      |    0   |
|--------|------|------|------|--------|



* Summary:
+-----------+--------+--------+--------+
|           |   DSP  |   FF   |   LUT  |
+-----------+--------+--------+--------+
|  Function |   238  |  3383  |  7857  |
|   Memory  |    -   |    -   |    -   |
|Multiplexer|    -   |    -   |    -   |
|  Register |    -   |   576  |    -   |
+-----------+--------+--------+--------+
|   Total   |   238  |  3959  |  7857  |
+-----------+--------+--------+--------+
