

================================================================
== Vitis HLS Report for 'dense_array_ap_fixed_8u_array_ap_fixed_36_16_5_3_0_2u_config8_s'
================================================================
* Date:           Mon Mar 23 21:37:56 2026

* Version:        2024.2 (Build 5238294 on Nov  8 2024)
* Project:        myproject_prj
* Solution:       solution1 (Vivado IP Flow Target)
* Product family: zynquplus
* Target device:  xczu7ev-ffvc1156-2-e


================================================================
== Performance Estimates
================================================================
+ Timing: 
    * Summary: 
    +--------+---------+----------+------------+
    |  Clock |  Target | Estimated| Uncertainty|
    +--------+---------+----------+------------+
    |ap_clk  |  5.00 ns|  3.233 ns|     1.35 ns|
    +--------+---------+----------+------------+

+ Latency: 
    * Summary: 
    +---------+---------+-----------+-----------+-----+-----+---------+
    |  Latency (cycles) |   Latency (absolute)  |  Interval | Pipeline|
    |   min   |   max   |    min    |    max    | min | max |   Type  |
    +---------+---------+-----------+-----------+-----+-----+---------+
    |        3|        3|  15.000 ns|  15.000 ns|    3|    3|       no|
    +---------+---------+-----------+-----------+-----+-----+---------+

    + Detail: 
        * Instance: 
        N/A

        * Loop: 
        N/A

============================================================
+ Verbose Summary: Synthesis Manager
============================================================
InlineROM: 1
ExposeGlobal: 0
============================================================
+ Verbose Summary: CDFG Model
============================================================
IsTopModel: 0
ResetActiveHigh: 1
IsCombinational: 2
IsDatapathOnly: 0
HasWiredReturn: 1
HasMFsm: 0
HasVarLatency: 1
IsPipeline: 0
IsRtlPipelined: 0
IsInstanceOverlapped: 0
IsDontTouch: 0
HasImplIP: 0
IsGatedGlobalClock: 0


============================================================
+ Verbose Summary: Schedule
============================================================
* Number of FSM states : 4
* Pipeline : 0
* Dataflow Pipeline: 0

* FSM state transitions: 
1 --> 2 
2 --> 3 
3 --> 4 
4 --> 

* FSM state operations: 

State 1 <SV = 0> <Delay = 1.82>
ST_1 : Operation 5 [1/1] ( I:1.82ns O:1.82ns )   --->   "%layer7_out_read = read i128 @_ssdm_op_Read.ap_fifo.volatile.i128P0A, i128 %layer7_out" [firmware/nnet_utils/nnet_dense_stream.h:43->firmware/nnet_utils/nnet_dense_stream.h:93]   --->   Operation 5 'read' 'layer7_out_read' <Predicate = true> <Delay = 1.82> <CoreInst = "FIFO_SRL">   --->   Core 80 'FIFO_SRL' <Latency = 0> <II = 1> <Delay = 1.83> <Storage> <Opcode : 'read' 'write' 'nbread' 'nbwrite'> <Ports = 0> <Width = 128> <Depth = 1> <FIFO>
ST_1 : Operation 6 [1/1] (0.00ns)   --->   "%data = trunc i128 %layer7_out_read" [firmware/nnet_utils/nnet_dense_stream.h:43->firmware/nnet_utils/nnet_dense_stream.h:93]   --->   Operation 6 'trunc' 'data' <Predicate = true> <Delay = 0.00>
ST_1 : Operation 7 [1/1] (0.00ns)   --->   "%data_1 = partselect i16 @_ssdm_op_PartSelect.i16.i128.i32.i32, i128 %layer7_out_read, i32 16, i32 31" [firmware/nnet_utils/nnet_dense_stream.h:43->firmware/nnet_utils/nnet_dense_stream.h:93]   --->   Operation 7 'partselect' 'data_1' <Predicate = true> <Delay = 0.00>
ST_1 : Operation 8 [1/1] (0.00ns)   --->   "%data_2 = partselect i16 @_ssdm_op_PartSelect.i16.i128.i32.i32, i128 %layer7_out_read, i32 32, i32 47" [firmware/nnet_utils/nnet_dense_stream.h:43->firmware/nnet_utils/nnet_dense_stream.h:93]   --->   Operation 8 'partselect' 'data_2' <Predicate = true> <Delay = 0.00>
ST_1 : Operation 9 [1/1] (0.00ns)   --->   "%data_3 = partselect i16 @_ssdm_op_PartSelect.i16.i128.i32.i32, i128 %layer7_out_read, i32 48, i32 63" [firmware/nnet_utils/nnet_dense_stream.h:43->firmware/nnet_utils/nnet_dense_stream.h:93]   --->   Operation 9 'partselect' 'data_3' <Predicate = true> <Delay = 0.00>
ST_1 : Operation 10 [1/1] (0.00ns)   --->   "%data_4 = partselect i16 @_ssdm_op_PartSelect.i16.i128.i32.i32, i128 %layer7_out_read, i32 64, i32 79" [firmware/nnet_utils/nnet_dense_stream.h:43->firmware/nnet_utils/nnet_dense_stream.h:93]   --->   Operation 10 'partselect' 'data_4' <Predicate = true> <Delay = 0.00>
ST_1 : Operation 11 [1/1] (0.00ns)   --->   "%data_5 = partselect i16 @_ssdm_op_PartSelect.i16.i128.i32.i32, i128 %layer7_out_read, i32 80, i32 95" [firmware/nnet_utils/nnet_dense_stream.h:43->firmware/nnet_utils/nnet_dense_stream.h:93]   --->   Operation 11 'partselect' 'data_5' <Predicate = true> <Delay = 0.00>
ST_1 : Operation 12 [1/1] (0.00ns)   --->   "%data_6 = partselect i16 @_ssdm_op_PartSelect.i16.i128.i32.i32, i128 %layer7_out_read, i32 96, i32 111" [firmware/nnet_utils/nnet_dense_stream.h:43->firmware/nnet_utils/nnet_dense_stream.h:93]   --->   Operation 12 'partselect' 'data_6' <Predicate = true> <Delay = 0.00>
ST_1 : Operation 13 [1/1] (0.00ns)   --->   "%data_7 = partselect i16 @_ssdm_op_PartSelect.i16.i128.i32.i32, i128 %layer7_out_read, i32 112, i32 127" [firmware/nnet_utils/nnet_dense_stream.h:43->firmware/nnet_utils/nnet_dense_stream.h:93]   --->   Operation 13 'partselect' 'data_7' <Predicate = true> <Delay = 0.00>

State 2 <SV = 1> <Delay = 3.23>
ST_2 : Operation 14 [2/2] (3.23ns)   --->   "%call_ret = call i72 @dense_latency_wrapper<ap_fixed,ap_fixed<36,16,5,3,0>,config8>, i16 %data, i16 %data_1, i16 %data_2, i16 %data_3, i16 %data_4, i16 %data_5, i16 %data_6, i16 %data_7" [firmware/nnet_utils/nnet_dense_stream.h:95]   --->   Operation 14 'call' 'call_ret' <Predicate = true> <Delay = 3.23> <CoreType = "Generic">   --->   Generic Core

State 3 <SV = 2> <Delay = 3.04>
ST_3 : Operation 15 [1/2] (3.04ns)   --->   "%call_ret = call i72 @dense_latency_wrapper<ap_fixed,ap_fixed<36,16,5,3,0>,config8>, i16 %data, i16 %data_1, i16 %data_2, i16 %data_3, i16 %data_4, i16 %data_5, i16 %data_6, i16 %data_7" [firmware/nnet_utils/nnet_dense_stream.h:95]   --->   Operation 15 'call' 'call_ret' <Predicate = true> <Delay = 3.04> <CoreType = "Generic">   --->   Generic Core
ST_3 : Operation 16 [1/1] (0.00ns)   --->   "%res = extractvalue i72 %call_ret" [firmware/nnet_utils/nnet_dense_stream.h:95]   --->   Operation 16 'extractvalue' 'res' <Predicate = true> <Delay = 0.00>
ST_3 : Operation 17 [1/1] (0.00ns)   --->   "%res_1 = extractvalue i72 %call_ret" [firmware/nnet_utils/nnet_dense_stream.h:95]   --->   Operation 17 'extractvalue' 'res_1' <Predicate = true> <Delay = 0.00>

State 4 <SV = 3> <Delay = 1.82>
ST_4 : Operation 18 [1/1] (0.00ns)   --->   "%specinterface_ln0 = specinterface void @_ssdm_op_SpecInterface, i72 %layer8_out, void @empty_6, i32 0, i32 0, void @empty_3, i32 0, i32 0, void @empty_3, void @empty_3, void @empty_3, i32 0, i32 0, i32 0, i32 0, void @empty_3, void @empty_3, i32 4294967295, i32 0, i32 0"   --->   Operation 18 'specinterface' 'specinterface_ln0' <Predicate = true> <Delay = 0.00>
ST_4 : Operation 19 [1/1] (0.00ns)   --->   "%specinterface_ln0 = specinterface void @_ssdm_op_SpecInterface, i128 %layer7_out, void @empty_6, i32 0, i32 0, void @empty_3, i32 0, i32 0, void @empty_3, void @empty_3, void @empty_3, i32 0, i32 0, i32 0, i32 0, void @empty_3, void @empty_3, i32 4294967295, i32 0, i32 0"   --->   Operation 19 'specinterface' 'specinterface_ln0' <Predicate = true> <Delay = 0.00>
ST_4 : Operation 20 [1/1] (0.00ns)   --->   "%p_s = bitconcatenate i72 @_ssdm_op_BitConcatenate.i72.i36.i36, i36 %res_1, i36 %res" [firmware/nnet_utils/nnet_dense_stream.h:77->firmware/nnet_utils/nnet_dense_stream.h:100]   --->   Operation 20 'bitconcatenate' 'p_s' <Predicate = true> <Delay = 0.00>
ST_4 : Operation 21 [1/1] ( I:1.82ns O:1.82ns )   --->   "%write_ln77 = write void @_ssdm_op_Write.ap_fifo.volatile.i72P0A, i72 %layer8_out, i72 %p_s" [firmware/nnet_utils/nnet_dense_stream.h:77->firmware/nnet_utils/nnet_dense_stream.h:100]   --->   Operation 21 'write' 'write_ln77' <Predicate = true> <Delay = 1.82> <CoreInst = "FIFO_SRL">   --->   Core 80 'FIFO_SRL' <Latency = 0> <II = 1> <Delay = 1.83> <Storage> <Opcode : 'read' 'write' 'nbread' 'nbwrite'> <Ports = 0> <Width = 72> <Depth = 1> <FIFO>
ST_4 : Operation 22 [1/1] (0.00ns)   --->   "%ret_ln101 = ret" [firmware/nnet_utils/nnet_dense_stream.h:101]   --->   Operation 22 'ret' 'ret_ln101' <Predicate = true> <Delay = 0.00>


============================================================
+ Verbose Summary: Timing violations
============================================================
Target clock period: 5.000ns, clock uncertainty: 1.350ns.

 <State 1>: 1.825ns
The critical path consists of the following:
	fifo read operation ('layer7_out_read', firmware/nnet_utils/nnet_dense_stream.h:43->firmware/nnet_utils/nnet_dense_stream.h:93) on port 'layer7_out' (firmware/nnet_utils/nnet_dense_stream.h:43->firmware/nnet_utils/nnet_dense_stream.h:93) [5]  (1.825 ns)

 <State 2>: 3.233ns
The critical path consists of the following:
	'call' operation 72 bit ('call_ret', firmware/nnet_utils/nnet_dense_stream.h:95) to 'dense_latency_wrapper<ap_fixed,ap_fixed<36,16,5,3,0>,config8>' [14]  (3.233 ns)

 <State 3>: 3.047ns
The critical path consists of the following:
	'call' operation 72 bit ('call_ret', firmware/nnet_utils/nnet_dense_stream.h:95) to 'dense_latency_wrapper<ap_fixed,ap_fixed<36,16,5,3,0>,config8>' [14]  (3.047 ns)

 <State 4>: 1.825ns
The critical path consists of the following:
	fifo write operation ('write_ln77', firmware/nnet_utils/nnet_dense_stream.h:77->firmware/nnet_utils/nnet_dense_stream.h:100) on port 'layer8_out' (firmware/nnet_utils/nnet_dense_stream.h:77->firmware/nnet_utils/nnet_dense_stream.h:100) [18]  (1.825 ns)


============================================================
+ Verbose Summary: Binding
============================================================
N/A
* FSMD analyzer results:
  - Output states:
 - Input state : 
  - Chain level:
	State 1
	State 2
	State 3
	State 4


============================================================
+ Verbose Summary: Datapath Resource usage 
============================================================
N/A
