

================================================================
== Vitis HLS Report for 'init_exp_table_ap_ufixed_35_15_5_3_0_softmax_config9_s'
================================================================
* Date:           Mon Mar 23 21:37:57 2026

* Version:        2024.2 (Build 5238294 on Nov  8 2024)
* Project:        myproject_prj
* Solution:       solution1 (Vivado IP Flow Target)
* Product family: zynquplus
* Target device:  xczu7ev-ffvc1156-2-e


================================================================
== Performance Estimates
================================================================
+ Timing: 
    * Summary: 
    +--------+---------+----------+------------+
    |  Clock |  Target | Estimated| Uncertainty|
    +--------+---------+----------+------------+
    |ap_clk  |  5.00 ns|  3.644 ns|     1.35 ns|
    +--------+---------+----------+------------+

+ Latency: 
    * Summary: 
    +---------+---------+----------+----------+------+------+------------------------------------------------+
    |  Latency (cycles) |  Latency (absolute) |   Interval  |                    Pipeline                    |
    |   min   |   max   |    min   |    max   |  min |  max |                      Type                      |
    +---------+---------+----------+----------+------+------+------------------------------------------------+
    |     1045|     1045|  5.225 us|  5.225 us|  1025|  1025|  loop auto-rewind stp (delay=0 clock cycles(s))|
    +---------+---------+----------+----------+------+------+------------------------------------------------+

    + Detail: 
        * Instance: 
        N/A

        * Loop: 
        +--------------------+---------+---------+----------+-----------+-----------+------+----------+
        |                    |  Latency (cycles) | Iteration|  Initiation Interval  | Trip |          |
        |      Loop Name     |   min   |   max   |  Latency |  achieved |   target  | Count| Pipelined|
        +--------------------+---------+---------+----------+-----------+-----------+------+----------+
        |- VITIS_LOOP_151_1  |     1043|     1043|        21|          1|          1|  1024|       yes|
        +--------------------+---------+---------+----------+-----------+-----------+------+----------+

============================================================
+ Verbose Summary: Synthesis Manager
============================================================
InlineROM: 1
ExposeGlobal: 0
============================================================
+ Verbose Summary: CDFG Model
============================================================
IsTopModel: 0
ResetActiveHigh: 1
IsCombinational: 0
IsDatapathOnly: 0
HasWiredReturn: 1
HasMFsm: 2
HasVarLatency: 1
IsPipeline: 0
IsRtlPipelined: 0
IsInstanceOverlapped: 0
IsDontTouch: 0
HasImplIP: 0
IsGatedGlobalClock: 0

+ Individual pipeline summary: 
  * Pipeline-0: initiation interval (II) = 1, depth = 21


============================================================
+ Verbose Summary: Schedule
============================================================
* Number of FSM states : 21
* Pipeline : 1
  Pipeline-0 : II = 1, D = 21, States = { 1 2 3 4 5 6 7 8 9 10 11 12 13 14 15 16 17 18 19 20 21 }
* Dataflow Pipeline: 0

* FSM state transitions: 
1 --> 2 
2 --> 3 
3 --> 4 
4 --> 5 
5 --> 6 
6 --> 7 
7 --> 8 
8 --> 9 
9 --> 10 
10 --> 11 
11 --> 12 
12 --> 13 
13 --> 14 
14 --> 15 
15 --> 16 
16 --> 17 
17 --> 18 
18 --> 19 
19 --> 20 
20 --> 21 
21 --> 

* FSM state operations: 

State 1 <SV = 0> <Delay = 2.60>
ST_1 : Operation 24 [1/1] (0.00ns)   --->   "%i = alloca i32 1" [firmware/nnet_utils/nnet_activation.h:151]   --->   Operation 24 'alloca' 'i' <Predicate = true> <Delay = 0.00>
ST_1 : Operation 25 [1/1] (0.42ns)   --->   "%store_ln151 = store i11 0, i11 %i" [firmware/nnet_utils/nnet_activation.h:151]   --->   Operation 25 'store' 'store_ln151' <Predicate = true> <Delay = 0.42>
ST_1 : Operation 26 [1/1] (0.00ns)   --->   "%br_ln151 = br void %for.body" [firmware/nnet_utils/nnet_activation.h:151]   --->   Operation 26 'br' 'br_ln151' <Predicate = true> <Delay = 0.00>
ST_1 : Operation 27 [1/1] (0.00ns)   --->   "%i_1 = load i11 %i" [firmware/nnet_utils/nnet_activation.h:137->firmware/nnet_utils/nnet_activation.h:153]   --->   Operation 27 'load' 'i_1' <Predicate = true> <Delay = 0.00>
ST_1 : Operation 28 [1/1] (0.79ns)   --->   "%icmp_ln151 = icmp_eq  i11 %i_1, i11 1024" [firmware/nnet_utils/nnet_activation.h:151]   --->   Operation 28 'icmp' 'icmp_ln151' <Predicate = true> <Delay = 0.79> <CoreInst = "Cmp">   --->   Core 9 'Cmp' <Latency = 0> <II = 1> <Delay = 0.79> <FuncUnit> <Opcode : 'seteq' 'setne' 'setle' 'setge' 'setlt' 'setgt'> <InPorts = 2> <OutPorts = 1>
ST_1 : Operation 29 [1/1] (0.79ns)   --->   "%add_ln151 = add i11 %i_1, i11 1" [firmware/nnet_utils/nnet_activation.h:151]   --->   Operation 29 'add' 'add_ln151' <Predicate = true> <Delay = 0.79> <CoreInst = "Adder">   --->   Core 1 'Adder' <Latency = 0> <II = 1> <Delay = 0.79> <FuncUnit> <Opcode : 'add' 'sub'> <InPorts = 2> <OutPorts = 1>
ST_1 : Operation 30 [1/1] (0.00ns)   --->   "%br_ln151 = br i1 %icmp_ln151, void %for.body.split_ifconv, void %for.end" [firmware/nnet_utils/nnet_activation.h:151]   --->   Operation 30 'br' 'br_ln151' <Predicate = true> <Delay = 0.00>
ST_1 : Operation 31 [1/1] (0.00ns)   --->   "%trunc_ln137 = trunc i11 %i_1" [firmware/nnet_utils/nnet_activation.h:137->firmware/nnet_utils/nnet_activation.h:153]   --->   Operation 31 'trunc' 'trunc_ln137' <Predicate = (!icmp_ln151)> <Delay = 0.00>
ST_1 : Operation 32 [1/1] (0.00ns)   --->   "%x = bitconcatenate i35 @_ssdm_op_BitConcatenate.i35.i10.i25, i10 %trunc_ln137, i25 0" [firmware/nnet_utils/nnet_activation.h:137->firmware/nnet_utils/nnet_activation.h:153]   --->   Operation 32 'bitconcatenate' 'x' <Predicate = (!icmp_ln151)> <Delay = 0.00>
ST_1 : Operation 33 [1/1] (0.61ns)   --->   "%tmp = ctlz i35 @llvm.ctlz.i35, i35 %x, i1 0" [firmware/nnet_utils/nnet_activation.h:138->firmware/nnet_utils/nnet_activation.h:153]   --->   Operation 33 'ctlz' 'tmp' <Predicate = (!icmp_ln151)> <Delay = 0.61> <CoreInst = "ctlz">   --->   Core 145 'ctlz' <Latency = 0> <II = 1> <Delay = 0.61> <FuncUnit> <Opcode : 'ctlz'> <InPorts = 1> <OutPorts = 1>
ST_1 : Operation 34 [1/1] (0.00ns)   --->   "%trunc_ln138 = trunc i35 %tmp" [firmware/nnet_utils/nnet_activation.h:138->firmware/nnet_utils/nnet_activation.h:153]   --->   Operation 34 'trunc' 'trunc_ln138' <Predicate = (!icmp_ln151)> <Delay = 0.00>
ST_1 : Operation 35 [1/1] (0.78ns)   --->   "%sub_ln138 = sub i6 35, i6 %trunc_ln138" [firmware/nnet_utils/nnet_activation.h:138->firmware/nnet_utils/nnet_activation.h:153]   --->   Operation 35 'sub' 'sub_ln138' <Predicate = (!icmp_ln151)> <Delay = 0.78> <CoreInst = "Adder">   --->   Core 1 'Adder' <Latency = 0> <II = 1> <Delay = 0.78> <FuncUnit> <Opcode : 'add' 'sub'> <InPorts = 2> <OutPorts = 1>
ST_1 : Operation 36 [1/1] (0.78ns)   --->   "%add_ln138_1 = add i6 %sub_ln138, i6 39" [firmware/nnet_utils/nnet_activation.h:138->firmware/nnet_utils/nnet_activation.h:153]   --->   Operation 36 'add' 'add_ln138_1' <Predicate = (!icmp_ln151)> <Delay = 0.78> <CoreInst = "Adder">   --->   Core 1 'Adder' <Latency = 0> <II = 1> <Delay = 0.78> <FuncUnit> <Opcode : 'add' 'sub'> <InPorts = 2> <OutPorts = 1>
ST_1 : Operation 37 [1/1] (0.78ns)   --->   "%sub_ln138_1 = sub i6 25, i6 %sub_ln138" [firmware/nnet_utils/nnet_activation.h:138->firmware/nnet_utils/nnet_activation.h:153]   --->   Operation 37 'sub' 'sub_ln138_1' <Predicate = (!icmp_ln151)> <Delay = 0.78> <CoreInst = "Adder">   --->   Core 1 'Adder' <Latency = 0> <II = 1> <Delay = 0.78> <FuncUnit> <Opcode : 'add' 'sub'> <InPorts = 2> <OutPorts = 1>
ST_1 : Operation 38 [1/1] (0.42ns)   --->   "%store_ln151 = store i11 %add_ln151, i11 %i" [firmware/nnet_utils/nnet_activation.h:151]   --->   Operation 38 'store' 'store_ln151' <Predicate = (!icmp_ln151)> <Delay = 0.42>

State 2 <SV = 1> <Delay = 3.34>
ST_2 : Operation 39 [1/1] (1.02ns)   --->   "%icmp_ln138 = icmp_eq  i35 %x, i35 0" [firmware/nnet_utils/nnet_activation.h:138->firmware/nnet_utils/nnet_activation.h:153]   --->   Operation 39 'icmp' 'icmp_ln138' <Predicate = true> <Delay = 1.02> <CoreInst = "Cmp">   --->   Core 9 'Cmp' <Latency = 0> <II = 1> <Delay = 1.02> <FuncUnit> <Opcode : 'seteq' 'setne' 'setle' 'setge' 'setlt' 'setgt'> <InPorts = 2> <OutPorts = 1>
ST_2 : Operation 40 [1/1] (0.78ns)   --->   "%add_ln138 = add i6 %sub_ln138, i6 40" [firmware/nnet_utils/nnet_activation.h:138->firmware/nnet_utils/nnet_activation.h:153]   --->   Operation 40 'add' 'add_ln138' <Predicate = true> <Delay = 0.78> <CoreInst = "Adder">   --->   Core 1 'Adder' <Latency = 0> <II = 1> <Delay = 0.78> <FuncUnit> <Opcode : 'add' 'sub'> <InPorts = 2> <OutPorts = 1>
ST_2 : Operation 41 [1/1] (0.00ns)   --->   "%sext_ln138 = sext i6 %add_ln138" [firmware/nnet_utils/nnet_activation.h:138->firmware/nnet_utils/nnet_activation.h:153]   --->   Operation 41 'sext' 'sext_ln138' <Predicate = true> <Delay = 0.00>
ST_2 : Operation 42 [1/1] (0.00ns) (grouped into LUT with out node add_ln138_2)   --->   "%tmp_1 = bitselect i1 @_ssdm_op_BitSelect.i1.i6.i32, i6 %add_ln138, i32 5" [firmware/nnet_utils/nnet_activation.h:138->firmware/nnet_utils/nnet_activation.h:153]   --->   Operation 42 'bitselect' 'tmp_1' <Predicate = true> <Delay = 0.00>
ST_2 : Operation 43 [1/1] (0.00ns) (grouped into LUT with out node add_ln138_2)   --->   "%xor_ln138 = xor i1 %tmp_1, i1 1" [firmware/nnet_utils/nnet_activation.h:138->firmware/nnet_utils/nnet_activation.h:153]   --->   Operation 43 'xor' 'xor_ln138' <Predicate = true> <Delay = 0.00> <CoreInst = "LogicGate">   --->   Core 74 'LogicGate' <Latency = 0> <II = 1> <Delay = 0.28> <FuncUnit> <Opcode : 'and' 'or' 'xor'> <InPorts = 2> <OutPorts = 1>
ST_2 : Operation 44 [1/1] (0.65ns)   --->   "%tmp_2 = bitselect i1 @_ssdm_op_BitSelect.i1.i35.i32, i35 %x, i32 %sext_ln138" [firmware/nnet_utils/nnet_activation.h:138->firmware/nnet_utils/nnet_activation.h:153]   --->   Operation 44 'bitselect' 'tmp_2' <Predicate = true> <Delay = 0.65> <CoreInst = "BitSelector">   --->   Core 153 'BitSelector' <Latency = 0> <II = 1> <Delay = 0.65> <FuncUnit> <Opcode : 'bitselect'> <InPorts = 2> <OutPorts = 1>
ST_2 : Operation 45 [1/1] (0.00ns) (grouped into LUT with out node add_ln138_2)   --->   "%phi_ln138_1 = and i1 %tmp_2, i1 %xor_ln138" [firmware/nnet_utils/nnet_activation.h:138->firmware/nnet_utils/nnet_activation.h:153]   --->   Operation 45 'and' 'phi_ln138_1' <Predicate = true> <Delay = 0.00> <CoreInst = "LogicGate">   --->   Core 74 'LogicGate' <Latency = 0> <II = 1> <Delay = 0.28> <FuncUnit> <Opcode : 'and' 'or' 'xor'> <InPorts = 2> <OutPorts = 1>
ST_2 : Operation 46 [1/1] (0.78ns)   --->   "%icmp_ln138_1 = icmp_sgt  i6 %add_ln138, i6 0" [firmware/nnet_utils/nnet_activation.h:138->firmware/nnet_utils/nnet_activation.h:153]   --->   Operation 46 'icmp' 'icmp_ln138_1' <Predicate = true> <Delay = 0.78> <CoreInst = "Cmp">   --->   Core 9 'Cmp' <Latency = 0> <II = 1> <Delay = 0.78> <FuncUnit> <Opcode : 'seteq' 'setne' 'setle' 'setge' 'setlt' 'setgt'> <InPorts = 2> <OutPorts = 1>
ST_2 : Operation 47 [1/1] (0.00ns)   --->   "%sext_ln138_1 = sext i6 %add_ln138_1" [firmware/nnet_utils/nnet_activation.h:138->firmware/nnet_utils/nnet_activation.h:153]   --->   Operation 47 'sext' 'sext_ln138_1' <Predicate = true> <Delay = 0.00>
ST_2 : Operation 48 [1/1] (0.00ns)   --->   "%zext_ln138 = zext i32 %sext_ln138_1" [firmware/nnet_utils/nnet_activation.h:138->firmware/nnet_utils/nnet_activation.h:153]   --->   Operation 48 'zext' 'zext_ln138' <Predicate = true> <Delay = 0.00>
ST_2 : Operation 49 [1/1] (1.46ns)   --->   "%lshr_ln138 = lshr i35 %x, i35 %zext_ln138" [firmware/nnet_utils/nnet_activation.h:138->firmware/nnet_utils/nnet_activation.h:153]   --->   Operation 49 'lshr' 'lshr_ln138' <Predicate = true> <Delay = 1.46> <CoreInst = "Shifter">   --->   Core 75 'Shifter' <Latency = 0> <II = 1> <Delay = 1.46> <FuncUnit> <Opcode : 'shl' 'lshr' 'ashr'> <InPorts = 2> <OutPorts = 1>
ST_2 : Operation 50 [1/1] (0.00ns)   --->   "%sext_ln138_2 = sext i6 %sub_ln138_1" [firmware/nnet_utils/nnet_activation.h:138->firmware/nnet_utils/nnet_activation.h:153]   --->   Operation 50 'sext' 'sext_ln138_2' <Predicate = true> <Delay = 0.00>
ST_2 : Operation 51 [1/1] (0.00ns)   --->   "%zext_ln138_1 = zext i32 %sext_ln138_2" [firmware/nnet_utils/nnet_activation.h:138->firmware/nnet_utils/nnet_activation.h:153]   --->   Operation 51 'zext' 'zext_ln138_1' <Predicate = true> <Delay = 0.00>
ST_2 : Operation 52 [1/1] (1.46ns)   --->   "%shl_ln138 = shl i35 %x, i35 %zext_ln138_1" [firmware/nnet_utils/nnet_activation.h:138->firmware/nnet_utils/nnet_activation.h:153]   --->   Operation 52 'shl' 'shl_ln138' <Predicate = true> <Delay = 1.46> <CoreInst = "Shifter">   --->   Core 75 'Shifter' <Latency = 0> <II = 1> <Delay = 1.46> <FuncUnit> <Opcode : 'shl' 'lshr' 'ashr'> <InPorts = 2> <OutPorts = 1>
ST_2 : Operation 53 [1/1] (0.00ns) (grouped into LUT with out node add_ln138_2)   --->   "%cond42_i_i_i_in = select i1 %icmp_ln138_1, i35 %lshr_ln138, i35 %shl_ln138" [firmware/nnet_utils/nnet_activation.h:138->firmware/nnet_utils/nnet_activation.h:153]   --->   Operation 53 'select' 'cond42_i_i_i_in' <Predicate = true> <Delay = 0.00> <CoreInst = "Sel">   --->   Core 73 'Sel' <Latency = 0> <II = 1> <Delay = 0.39> <FuncUnit> <Opcode : 'select'> <InPorts = 3> <OutPorts = 1>
ST_2 : Operation 54 [1/1] (0.00ns) (grouped into LUT with out node add_ln138_2)   --->   "%zext_ln138_2 = zext i35 %cond42_i_i_i_in" [firmware/nnet_utils/nnet_activation.h:138->firmware/nnet_utils/nnet_activation.h:153]   --->   Operation 54 'zext' 'zext_ln138_2' <Predicate = true> <Delay = 0.00>
ST_2 : Operation 55 [1/1] (0.00ns) (grouped into LUT with out node add_ln138_2)   --->   "%zext_ln138_3 = zext i1 %phi_ln138_1" [firmware/nnet_utils/nnet_activation.h:138->firmware/nnet_utils/nnet_activation.h:153]   --->   Operation 55 'zext' 'zext_ln138_3' <Predicate = true> <Delay = 0.00>
ST_2 : Operation 56 [1/1] (1.02ns) (out node of the LUT)   --->   "%add_ln138_2 = add i36 %zext_ln138_2, i36 %zext_ln138_3" [firmware/nnet_utils/nnet_activation.h:138->firmware/nnet_utils/nnet_activation.h:153]   --->   Operation 56 'add' 'add_ln138_2' <Predicate = true> <Delay = 1.02> <CoreInst = "Adder">   --->   Core 1 'Adder' <Latency = 0> <II = 1> <Delay = 1.02> <FuncUnit> <Opcode : 'add' 'sub'> <InPorts = 2> <OutPorts = 1>
ST_2 : Operation 57 [1/1] (0.00ns)   --->   "%lshr_ln138_1 = partselect i35 @_ssdm_op_PartSelect.i35.i36.i32.i32, i36 %add_ln138_2, i32 1, i32 35" [firmware/nnet_utils/nnet_activation.h:138->firmware/nnet_utils/nnet_activation.h:153]   --->   Operation 57 'partselect' 'lshr_ln138_1' <Predicate = true> <Delay = 0.00>
ST_2 : Operation 58 [1/1] (0.00ns)   --->   "%zext_ln138_4 = zext i35 %lshr_ln138_1" [firmware/nnet_utils/nnet_activation.h:138->firmware/nnet_utils/nnet_activation.h:153]   --->   Operation 58 'zext' 'zext_ln138_4' <Predicate = true> <Delay = 0.00>
ST_2 : Operation 59 [1/1] (0.00ns) (grouped into LUT with out node add_ln138_3)   --->   "%tmp_3 = bitselect i1 @_ssdm_op_BitSelect.i1.i36.i32, i36 %add_ln138_2, i32 25" [firmware/nnet_utils/nnet_activation.h:138->firmware/nnet_utils/nnet_activation.h:153]   --->   Operation 59 'bitselect' 'tmp_3' <Predicate = true> <Delay = 0.00>
ST_2 : Operation 60 [1/1] (0.00ns) (grouped into LUT with out node add_ln138_3)   --->   "%select_ln138 = select i1 %tmp_3, i8 127, i8 126" [firmware/nnet_utils/nnet_activation.h:138->firmware/nnet_utils/nnet_activation.h:153]   --->   Operation 60 'select' 'select_ln138' <Predicate = true> <Delay = 0.00> <CoreInst = "Sel">   --->   Core 73 'Sel' <Latency = 0> <II = 1> <Delay = 0.39> <FuncUnit> <Opcode : 'select'> <InPorts = 3> <OutPorts = 1>
ST_2 : Operation 61 [1/1] (0.78ns)   --->   "%sub_ln138_2 = sub i6 15, i6 %trunc_ln138" [firmware/nnet_utils/nnet_activation.h:138->firmware/nnet_utils/nnet_activation.h:153]   --->   Operation 61 'sub' 'sub_ln138_2' <Predicate = true> <Delay = 0.78> <CoreInst = "Adder">   --->   Core 1 'Adder' <Latency = 0> <II = 1> <Delay = 0.78> <FuncUnit> <Opcode : 'add' 'sub'> <InPorts = 2> <OutPorts = 1>
ST_2 : Operation 62 [1/1] (0.00ns) (grouped into LUT with out node add_ln138_3)   --->   "%sext_ln138_3 = sext i6 %sub_ln138_2" [firmware/nnet_utils/nnet_activation.h:138->firmware/nnet_utils/nnet_activation.h:153]   --->   Operation 62 'sext' 'sext_ln138_3' <Predicate = true> <Delay = 0.00>
ST_2 : Operation 63 [1/1] (0.76ns) (out node of the LUT)   --->   "%add_ln138_3 = add i8 %select_ln138, i8 %sext_ln138_3" [firmware/nnet_utils/nnet_activation.h:138->firmware/nnet_utils/nnet_activation.h:153]   --->   Operation 63 'add' 'add_ln138_3' <Predicate = true> <Delay = 0.76> <CoreInst = "Adder">   --->   Core 1 'Adder' <Latency = 0> <II = 1> <Delay = 0.76> <FuncUnit> <Opcode : 'add' 'sub'> <InPorts = 2> <OutPorts = 1>
ST_2 : Operation 64 [1/1] (0.00ns)   --->   "%zext_ln138_5 = zext i8 %add_ln138_3" [firmware/nnet_utils/nnet_activation.h:138->firmware/nnet_utils/nnet_activation.h:153]   --->   Operation 64 'zext' 'zext_ln138_5' <Predicate = true> <Delay = 0.00>
ST_2 : Operation 65 [1/1] (0.00ns)   --->   "%pi_assign = partset i64 @_ssdm_op_PartSet.i64.i64.i9.i32.i32, i64 %zext_ln138_4, i9 %zext_ln138_5, i32 23, i32 31" [firmware/nnet_utils/nnet_activation.h:138->firmware/nnet_utils/nnet_activation.h:153]   --->   Operation 65 'partset' 'pi_assign' <Predicate = true> <Delay = 0.00>
ST_2 : Operation 66 [1/1] (0.00ns)   --->   "%trunc_ln157 = trunc i64 %pi_assign" [firmware/nnet_utils/nnet_activation.h:157]   --->   Operation 66 'trunc' 'trunc_ln157' <Predicate = true> <Delay = 0.00>

State 3 <SV = 2> <Delay = 0.44>
ST_3 : Operation 67 [1/1] (0.00ns)   --->   "%xor_ln = bitconcatenate i32 @_ssdm_op_BitConcatenate.i32.i1.i31, i1 1, i31 %trunc_ln157" [firmware/nnet_utils/nnet_activation.h:157]   --->   Operation 67 'bitconcatenate' 'xor_ln' <Predicate = (!icmp_ln138)> <Delay = 0.00>
ST_3 : Operation 68 [1/1] (0.00ns)   --->   "%bitcast_ln157 = bitcast i32 %xor_ln" [firmware/nnet_utils/nnet_activation.h:157]   --->   Operation 68 'bitcast' 'bitcast_ln157' <Predicate = (!icmp_ln138)> <Delay = 0.00>
ST_3 : Operation 69 [1/1] (0.44ns)   --->   "%x_2 = select i1 %icmp_ln138, i32 -0, i32 %bitcast_ln157" [firmware/nnet_utils/nnet_activation.h:157]   --->   Operation 69 'select' 'x_2' <Predicate = true> <Delay = 0.44> <CoreInst = "Sel">   --->   Core 73 'Sel' <Latency = 0> <II = 1> <Delay = 0.44> <FuncUnit> <Opcode : 'select'> <InPorts = 3> <OutPorts = 1>

State 4 <SV = 3> <Delay = 3.64>
ST_4 : Operation 70 [13/13] (3.64ns)   --->   "%tmp_4 = fexp i32 @llvm.exp.f32, i32 %x_2" [C:/Xilinx/Vitis/2024.2/tps/mingw/8.3.0/win64.o/nt\lib\gcc\x86_64-w64-mingw32\8.3.0\include\c++\cmath:223->firmware/nnet_utils/nnet_activation.h:131->firmware/nnet_utils/nnet_activation.h:159]   --->   Operation 70 'fexp' 'tmp_4' <Predicate = true> <Delay = 3.64> <CoreInst = "FExp_fulldsp">   --->   Core 23 'FExp_fulldsp' <Latency = 12> <II = 1> <Delay = 3.64> <FuncUnit> <Opcode : 'fexp'> <InPorts = 1> <OutPorts = 1>

State 5 <SV = 4> <Delay = 3.64>
ST_5 : Operation 71 [12/13] (3.64ns)   --->   "%tmp_4 = fexp i32 @llvm.exp.f32, i32 %x_2" [C:/Xilinx/Vitis/2024.2/tps/mingw/8.3.0/win64.o/nt\lib\gcc\x86_64-w64-mingw32\8.3.0\include\c++\cmath:223->firmware/nnet_utils/nnet_activation.h:131->firmware/nnet_utils/nnet_activation.h:159]   --->   Operation 71 'fexp' 'tmp_4' <Predicate = true> <Delay = 3.64> <CoreInst = "FExp_fulldsp">   --->   Core 23 'FExp_fulldsp' <Latency = 12> <II = 1> <Delay = 3.64> <FuncUnit> <Opcode : 'fexp'> <InPorts = 1> <OutPorts = 1>

State 6 <SV = 5> <Delay = 3.64>
ST_6 : Operation 72 [11/13] (3.64ns)   --->   "%tmp_4 = fexp i32 @llvm.exp.f32, i32 %x_2" [C:/Xilinx/Vitis/2024.2/tps/mingw/8.3.0/win64.o/nt\lib\gcc\x86_64-w64-mingw32\8.3.0\include\c++\cmath:223->firmware/nnet_utils/nnet_activation.h:131->firmware/nnet_utils/nnet_activation.h:159]   --->   Operation 72 'fexp' 'tmp_4' <Predicate = true> <Delay = 3.64> <CoreInst = "FExp_fulldsp">   --->   Core 23 'FExp_fulldsp' <Latency = 12> <II = 1> <Delay = 3.64> <FuncUnit> <Opcode : 'fexp'> <InPorts = 1> <OutPorts = 1>

State 7 <SV = 6> <Delay = 3.64>
ST_7 : Operation 73 [10/13] (3.64ns)   --->   "%tmp_4 = fexp i32 @llvm.exp.f32, i32 %x_2" [C:/Xilinx/Vitis/2024.2/tps/mingw/8.3.0/win64.o/nt\lib\gcc\x86_64-w64-mingw32\8.3.0\include\c++\cmath:223->firmware/nnet_utils/nnet_activation.h:131->firmware/nnet_utils/nnet_activation.h:159]   --->   Operation 73 'fexp' 'tmp_4' <Predicate = true> <Delay = 3.64> <CoreInst = "FExp_fulldsp">   --->   Core 23 'FExp_fulldsp' <Latency = 12> <II = 1> <Delay = 3.64> <FuncUnit> <Opcode : 'fexp'> <InPorts = 1> <OutPorts = 1>

State 8 <SV = 7> <Delay = 3.64>
ST_8 : Operation 74 [9/13] (3.64ns)   --->   "%tmp_4 = fexp i32 @llvm.exp.f32, i32 %x_2" [C:/Xilinx/Vitis/2024.2/tps/mingw/8.3.0/win64.o/nt\lib\gcc\x86_64-w64-mingw32\8.3.0\include\c++\cmath:223->firmware/nnet_utils/nnet_activation.h:131->firmware/nnet_utils/nnet_activation.h:159]   --->   Operation 74 'fexp' 'tmp_4' <Predicate = true> <Delay = 3.64> <CoreInst = "FExp_fulldsp">   --->   Core 23 'FExp_fulldsp' <Latency = 12> <II = 1> <Delay = 3.64> <FuncUnit> <Opcode : 'fexp'> <InPorts = 1> <OutPorts = 1>

State 9 <SV = 8> <Delay = 3.64>
ST_9 : Operation 75 [8/13] (3.64ns)   --->   "%tmp_4 = fexp i32 @llvm.exp.f32, i32 %x_2" [C:/Xilinx/Vitis/2024.2/tps/mingw/8.3.0/win64.o/nt\lib\gcc\x86_64-w64-mingw32\8.3.0\include\c++\cmath:223->firmware/nnet_utils/nnet_activation.h:131->firmware/nnet_utils/nnet_activation.h:159]   --->   Operation 75 'fexp' 'tmp_4' <Predicate = true> <Delay = 3.64> <CoreInst = "FExp_fulldsp">   --->   Core 23 'FExp_fulldsp' <Latency = 12> <II = 1> <Delay = 3.64> <FuncUnit> <Opcode : 'fexp'> <InPorts = 1> <OutPorts = 1>

State 10 <SV = 9> <Delay = 3.64>
ST_10 : Operation 76 [7/13] (3.64ns)   --->   "%tmp_4 = fexp i32 @llvm.exp.f32, i32 %x_2" [C:/Xilinx/Vitis/2024.2/tps/mingw/8.3.0/win64.o/nt\lib\gcc\x86_64-w64-mingw32\8.3.0\include\c++\cmath:223->firmware/nnet_utils/nnet_activation.h:131->firmware/nnet_utils/nnet_activation.h:159]   --->   Operation 76 'fexp' 'tmp_4' <Predicate = true> <Delay = 3.64> <CoreInst = "FExp_fulldsp">   --->   Core 23 'FExp_fulldsp' <Latency = 12> <II = 1> <Delay = 3.64> <FuncUnit> <Opcode : 'fexp'> <InPorts = 1> <OutPorts = 1>

State 11 <SV = 10> <Delay = 3.64>
ST_11 : Operation 77 [6/13] (3.64ns)   --->   "%tmp_4 = fexp i32 @llvm.exp.f32, i32 %x_2" [C:/Xilinx/Vitis/2024.2/tps/mingw/8.3.0/win64.o/nt\lib\gcc\x86_64-w64-mingw32\8.3.0\include\c++\cmath:223->firmware/nnet_utils/nnet_activation.h:131->firmware/nnet_utils/nnet_activation.h:159]   --->   Operation 77 'fexp' 'tmp_4' <Predicate = true> <Delay = 3.64> <CoreInst = "FExp_fulldsp">   --->   Core 23 'FExp_fulldsp' <Latency = 12> <II = 1> <Delay = 3.64> <FuncUnit> <Opcode : 'fexp'> <InPorts = 1> <OutPorts = 1>

State 12 <SV = 11> <Delay = 3.64>
ST_12 : Operation 78 [5/13] (3.64ns)   --->   "%tmp_4 = fexp i32 @llvm.exp.f32, i32 %x_2" [C:/Xilinx/Vitis/2024.2/tps/mingw/8.3.0/win64.o/nt\lib\gcc\x86_64-w64-mingw32\8.3.0\include\c++\cmath:223->firmware/nnet_utils/nnet_activation.h:131->firmware/nnet_utils/nnet_activation.h:159]   --->   Operation 78 'fexp' 'tmp_4' <Predicate = true> <Delay = 3.64> <CoreInst = "FExp_fulldsp">   --->   Core 23 'FExp_fulldsp' <Latency = 12> <II = 1> <Delay = 3.64> <FuncUnit> <Opcode : 'fexp'> <InPorts = 1> <OutPorts = 1>

State 13 <SV = 12> <Delay = 3.64>
ST_13 : Operation 79 [4/13] (3.64ns)   --->   "%tmp_4 = fexp i32 @llvm.exp.f32, i32 %x_2" [C:/Xilinx/Vitis/2024.2/tps/mingw/8.3.0/win64.o/nt\lib\gcc\x86_64-w64-mingw32\8.3.0\include\c++\cmath:223->firmware/nnet_utils/nnet_activation.h:131->firmware/nnet_utils/nnet_activation.h:159]   --->   Operation 79 'fexp' 'tmp_4' <Predicate = true> <Delay = 3.64> <CoreInst = "FExp_fulldsp">   --->   Core 23 'FExp_fulldsp' <Latency = 12> <II = 1> <Delay = 3.64> <FuncUnit> <Opcode : 'fexp'> <InPorts = 1> <OutPorts = 1>

State 14 <SV = 13> <Delay = 3.64>
ST_14 : Operation 80 [3/13] (3.64ns)   --->   "%tmp_4 = fexp i32 @llvm.exp.f32, i32 %x_2" [C:/Xilinx/Vitis/2024.2/tps/mingw/8.3.0/win64.o/nt\lib\gcc\x86_64-w64-mingw32\8.3.0\include\c++\cmath:223->firmware/nnet_utils/nnet_activation.h:131->firmware/nnet_utils/nnet_activation.h:159]   --->   Operation 80 'fexp' 'tmp_4' <Predicate = true> <Delay = 3.64> <CoreInst = "FExp_fulldsp">   --->   Core 23 'FExp_fulldsp' <Latency = 12> <II = 1> <Delay = 3.64> <FuncUnit> <Opcode : 'fexp'> <InPorts = 1> <OutPorts = 1>

State 15 <SV = 14> <Delay = 3.64>
ST_15 : Operation 81 [2/13] (3.64ns)   --->   "%tmp_4 = fexp i32 @llvm.exp.f32, i32 %x_2" [C:/Xilinx/Vitis/2024.2/tps/mingw/8.3.0/win64.o/nt\lib\gcc\x86_64-w64-mingw32\8.3.0\include\c++\cmath:223->firmware/nnet_utils/nnet_activation.h:131->firmware/nnet_utils/nnet_activation.h:159]   --->   Operation 81 'fexp' 'tmp_4' <Predicate = true> <Delay = 3.64> <CoreInst = "FExp_fulldsp">   --->   Core 23 'FExp_fulldsp' <Latency = 12> <II = 1> <Delay = 3.64> <FuncUnit> <Opcode : 'fexp'> <InPorts = 1> <OutPorts = 1>

State 16 <SV = 15> <Delay = 3.64>
ST_16 : Operation 82 [1/13] (3.64ns)   --->   "%tmp_4 = fexp i32 @llvm.exp.f32, i32 %x_2" [C:/Xilinx/Vitis/2024.2/tps/mingw/8.3.0/win64.o/nt\lib\gcc\x86_64-w64-mingw32\8.3.0\include\c++\cmath:223->firmware/nnet_utils/nnet_activation.h:131->firmware/nnet_utils/nnet_activation.h:159]   --->   Operation 82 'fexp' 'tmp_4' <Predicate = true> <Delay = 3.64> <CoreInst = "FExp_fulldsp">   --->   Core 23 'FExp_fulldsp' <Latency = 12> <II = 1> <Delay = 3.64> <FuncUnit> <Opcode : 'fexp'> <InPorts = 1> <OutPorts = 1>

State 17 <SV = 16> <Delay = 2.30>
ST_17 : Operation 83 [2/2] (2.30ns)   --->   "%pf = fpext i32 %tmp_4" [firmware/nnet_utils/nnet_activation.h:159]   --->   Operation 83 'fpext' 'pf' <Predicate = true> <Delay = 2.30> <CoreInst = "Float2Double">   --->   Core 64 'Float2Double' <Latency = 1> <II = 1> <Delay = 2.30> <FuncUnit> <Opcode : 'fpext'> <InPorts = 1> <OutPorts = 1>

State 18 <SV = 17> <Delay = 3.39>
ST_18 : Operation 84 [1/2] (2.30ns)   --->   "%pf = fpext i32 %tmp_4" [firmware/nnet_utils/nnet_activation.h:159]   --->   Operation 84 'fpext' 'pf' <Predicate = true> <Delay = 2.30> <CoreInst = "Float2Double">   --->   Core 64 'Float2Double' <Latency = 1> <II = 1> <Delay = 2.30> <FuncUnit> <Opcode : 'fpext'> <InPorts = 1> <OutPorts = 1>
ST_18 : Operation 85 [1/1] (0.00ns)   --->   "%bitcast_ln716 = bitcast i64 %pf" [firmware/nnet_utils/nnet_activation.h:159]   --->   Operation 85 'bitcast' 'bitcast_ln716' <Predicate = true> <Delay = 0.00>
ST_18 : Operation 86 [1/1] (0.00ns)   --->   "%trunc_ln159 = trunc i64 %bitcast_ln716" [firmware/nnet_utils/nnet_activation.h:159]   --->   Operation 86 'trunc' 'trunc_ln159' <Predicate = true> <Delay = 0.00>
ST_18 : Operation 87 [1/1] (0.00ns)   --->   "%tmp_5 = bitselect i1 @_ssdm_op_BitSelect.i1.i64.i32, i64 %bitcast_ln716, i32 63" [firmware/nnet_utils/nnet_activation.h:159]   --->   Operation 87 'bitselect' 'tmp_5' <Predicate = true> <Delay = 0.00>
ST_18 : Operation 88 [1/1] (0.00ns)   --->   "%tmp_6 = partselect i11 @_ssdm_op_PartSelect.i11.i64.i32, i64 %bitcast_ln716, i32 52" [firmware/nnet_utils/nnet_activation.h:159]   --->   Operation 88 'partselect' 'tmp_6' <Predicate = true> <Delay = 0.00>
ST_18 : Operation 89 [1/1] (0.00ns)   --->   "%trunc_ln159_1 = trunc i64 %bitcast_ln716" [firmware/nnet_utils/nnet_activation.h:159]   --->   Operation 89 'trunc' 'trunc_ln159_1' <Predicate = true> <Delay = 0.00>
ST_18 : Operation 90 [1/1] (1.08ns)   --->   "%icmp_ln159 = icmp_eq  i63 %trunc_ln159, i63 0" [firmware/nnet_utils/nnet_activation.h:159]   --->   Operation 90 'icmp' 'icmp_ln159' <Predicate = true> <Delay = 1.08> <CoreInst = "Cmp">   --->   Core 9 'Cmp' <Latency = 0> <II = 1> <Delay = 1.08> <FuncUnit> <Opcode : 'seteq' 'setne' 'setle' 'setge' 'setlt' 'setgt'> <InPorts = 2> <OutPorts = 1>

State 19 <SV = 18> <Delay = 3.19>
ST_19 : Operation 91 [1/1] (0.00ns)   --->   "%zext_ln159 = zext i11 %tmp_6" [firmware/nnet_utils/nnet_activation.h:159]   --->   Operation 91 'zext' 'zext_ln159' <Predicate = true> <Delay = 0.00>
ST_19 : Operation 92 [1/1] (0.00ns)   --->   "%zext_ln159_1_cast = bitconcatenate i53 @_ssdm_op_BitConcatenate.i53.i1.i52, i1 1, i52 %trunc_ln159_1" [firmware/nnet_utils/nnet_activation.h:159]   --->   Operation 92 'bitconcatenate' 'zext_ln159_1_cast' <Predicate = true> <Delay = 0.00>
ST_19 : Operation 93 [1/1] (0.00ns)   --->   "%zext_ln159_1 = zext i53 %zext_ln159_1_cast" [firmware/nnet_utils/nnet_activation.h:159]   --->   Operation 93 'zext' 'zext_ln159_1' <Predicate = true> <Delay = 0.00>
ST_19 : Operation 94 [1/1] (1.10ns)   --->   "%sub_ln159 = sub i54 0, i54 %zext_ln159_1" [firmware/nnet_utils/nnet_activation.h:159]   --->   Operation 94 'sub' 'sub_ln159' <Predicate = (tmp_5)> <Delay = 1.10> <CoreInst = "Adder">   --->   Core 1 'Adder' <Latency = 0> <II = 1> <Delay = 1.10> <FuncUnit> <Opcode : 'add' 'sub'> <InPorts = 2> <OutPorts = 1>
ST_19 : Operation 95 [1/1] (0.40ns)   --->   "%select_ln159 = select i1 %tmp_5, i54 %sub_ln159, i54 %zext_ln159_1" [firmware/nnet_utils/nnet_activation.h:159]   --->   Operation 95 'select' 'select_ln159' <Predicate = true> <Delay = 0.40> <CoreInst = "Sel">   --->   Core 73 'Sel' <Latency = 0> <II = 1> <Delay = 0.40> <FuncUnit> <Opcode : 'select'> <InPorts = 3> <OutPorts = 1>
ST_19 : Operation 96 [1/1] (0.80ns)   --->   "%sub_ln159_1 = sub i12 1075, i12 %zext_ln159" [firmware/nnet_utils/nnet_activation.h:159]   --->   Operation 96 'sub' 'sub_ln159_1' <Predicate = true> <Delay = 0.80> <CoreInst = "Adder">   --->   Core 1 'Adder' <Latency = 0> <II = 1> <Delay = 0.80> <FuncUnit> <Opcode : 'add' 'sub'> <InPorts = 2> <OutPorts = 1>
ST_19 : Operation 97 [1/1] (0.00ns)   --->   "%trunc_ln159_2 = trunc i12 %sub_ln159_1" [firmware/nnet_utils/nnet_activation.h:159]   --->   Operation 97 'trunc' 'trunc_ln159_2' <Predicate = true> <Delay = 0.00>
ST_19 : Operation 98 [1/1] (0.80ns)   --->   "%icmp_ln159_1 = icmp_sgt  i12 %sub_ln159_1, i12 10" [firmware/nnet_utils/nnet_activation.h:159]   --->   Operation 98 'icmp' 'icmp_ln159_1' <Predicate = true> <Delay = 0.80> <CoreInst = "Cmp">   --->   Core 9 'Cmp' <Latency = 0> <II = 1> <Delay = 0.80> <FuncUnit> <Opcode : 'seteq' 'setne' 'setle' 'setge' 'setlt' 'setgt'> <InPorts = 2> <OutPorts = 1>
ST_19 : Operation 99 [1/1] (0.80ns)   --->   "%add_ln159 = add i12 %sub_ln159_1, i12 4086" [firmware/nnet_utils/nnet_activation.h:159]   --->   Operation 99 'add' 'add_ln159' <Predicate = true> <Delay = 0.80> <CoreInst = "Adder">   --->   Core 1 'Adder' <Latency = 0> <II = 1> <Delay = 0.80> <FuncUnit> <Opcode : 'add' 'sub'> <InPorts = 2> <OutPorts = 1>
ST_19 : Operation 100 [1/1] (0.00ns)   --->   "%trunc_ln159_3 = trunc i12 %add_ln159" [firmware/nnet_utils/nnet_activation.h:159]   --->   Operation 100 'trunc' 'trunc_ln159_3' <Predicate = true> <Delay = 0.00>
ST_19 : Operation 101 [1/1] (0.79ns)   --->   "%sub_ln159_2 = sub i11 10, i11 %trunc_ln159_2" [firmware/nnet_utils/nnet_activation.h:159]   --->   Operation 101 'sub' 'sub_ln159_2' <Predicate = true> <Delay = 0.79> <CoreInst = "Adder">   --->   Core 1 'Adder' <Latency = 0> <II = 1> <Delay = 0.79> <FuncUnit> <Opcode : 'add' 'sub'> <InPorts = 2> <OutPorts = 1>
ST_19 : Operation 102 [1/1] (0.38ns)   --->   "%select_ln159_1 = select i1 %icmp_ln159_1, i11 %trunc_ln159_3, i11 %sub_ln159_2" [firmware/nnet_utils/nnet_activation.h:159]   --->   Operation 102 'select' 'select_ln159_1' <Predicate = true> <Delay = 0.38> <CoreInst = "Sel">   --->   Core 73 'Sel' <Latency = 0> <II = 1> <Delay = 0.38> <FuncUnit> <Opcode : 'select'> <InPorts = 3> <OutPorts = 1>
ST_19 : Operation 103 [1/1] (0.80ns)   --->   "%icmp_ln159_2 = icmp_eq  i12 %sub_ln159_1, i12 10" [firmware/nnet_utils/nnet_activation.h:159]   --->   Operation 103 'icmp' 'icmp_ln159_2' <Predicate = true> <Delay = 0.80> <CoreInst = "Cmp">   --->   Core 9 'Cmp' <Latency = 0> <II = 1> <Delay = 0.80> <FuncUnit> <Opcode : 'seteq' 'setne' 'setle' 'setge' 'setlt' 'setgt'> <InPorts = 2> <OutPorts = 1>
ST_19 : Operation 104 [1/1] (0.00ns)   --->   "%trunc_ln159_4 = trunc i54 %select_ln159" [firmware/nnet_utils/nnet_activation.h:159]   --->   Operation 104 'trunc' 'trunc_ln159_4' <Predicate = true> <Delay = 0.00>
ST_19 : Operation 105 [1/1] (0.80ns)   --->   "%icmp_ln159_4 = icmp_sgt  i12 %add_ln159, i12 54" [firmware/nnet_utils/nnet_activation.h:159]   --->   Operation 105 'icmp' 'icmp_ln159_4' <Predicate = true> <Delay = 0.80> <CoreInst = "Cmp">   --->   Core 9 'Cmp' <Latency = 0> <II = 1> <Delay = 0.80> <FuncUnit> <Opcode : 'seteq' 'setne' 'setle' 'setge' 'setlt' 'setgt'> <InPorts = 2> <OutPorts = 1>
ST_19 : Operation 106 [1/1] (0.79ns)   --->   "%add_ln159_1 = add i11 %trunc_ln159_2, i11 2037" [firmware/nnet_utils/nnet_activation.h:159]   --->   Operation 106 'add' 'add_ln159_1' <Predicate = true> <Delay = 0.79> <CoreInst = "Adder">   --->   Core 1 'Adder' <Latency = 0> <II = 1> <Delay = 0.79> <FuncUnit> <Opcode : 'add' 'sub'> <InPorts = 2> <OutPorts = 1>
ST_19 : Operation 107 [1/1] (0.00ns)   --->   "%zext_ln159_5 = zext i11 %add_ln159_1" [firmware/nnet_utils/nnet_activation.h:159]   --->   Operation 107 'zext' 'zext_ln159_5' <Predicate = true> <Delay = 0.00>
ST_19 : Operation 108 [1/1] (0.65ns)   --->   "%tmp_7 = bitselect i1 @_ssdm_op_BitSelect.i1.i54.i32, i54 %select_ln159, i32 %zext_ln159_5" [firmware/nnet_utils/nnet_activation.h:159]   --->   Operation 108 'bitselect' 'tmp_7' <Predicate = true> <Delay = 0.65> <CoreInst = "BitSelector">   --->   Core 153 'BitSelector' <Latency = 0> <II = 1> <Delay = 0.65> <FuncUnit> <Opcode : 'bitselect'> <InPorts = 2> <OutPorts = 1>
ST_19 : Operation 109 [1/1] (0.00ns)   --->   "%or_ln159_4 = bitconcatenate i11 @_ssdm_op_BitConcatenate.i11.i10.i1, i10 513, i1 %icmp_ln159_1" [firmware/nnet_utils/nnet_activation.h:159]   --->   Operation 109 'bitconcatenate' 'or_ln159_4' <Predicate = true> <Delay = 0.00>
ST_19 : Operation 110 [1/1] (0.00ns)   --->   "%sext_ln159_1 = sext i11 %or_ln159_4" [firmware/nnet_utils/nnet_activation.h:159]   --->   Operation 110 'sext' 'sext_ln159_1' <Predicate = true> <Delay = 0.00>
ST_19 : Operation 111 [1/1] (0.79ns)   --->   "%add_ln159_3 = add i12 %sext_ln159_1, i12 %zext_ln159" [firmware/nnet_utils/nnet_activation.h:159]   --->   Operation 111 'add' 'add_ln159_3' <Predicate = true> <Delay = 0.79> <CoreInst = "Adder">   --->   Core 1 'Adder' <Latency = 0> <II = 1> <Delay = 0.79> <FuncUnit> <Opcode : 'add' 'sub'> <InPorts = 2> <OutPorts = 1>
ST_19 : Operation 112 [1/1] (0.00ns)   --->   "%tmp_10 = partselect i9 @_ssdm_op_PartSelect.i9.i12.i32.i32, i12 %add_ln159_3, i32 3, i32 11" [firmware/nnet_utils/nnet_activation.h:159]   --->   Operation 112 'partselect' 'tmp_10' <Predicate = true> <Delay = 0.00>
ST_19 : Operation 113 [1/1] (0.77ns)   --->   "%icmp_ln159_6 = icmp_sgt  i9 %tmp_10, i9 0" [firmware/nnet_utils/nnet_activation.h:159]   --->   Operation 113 'icmp' 'icmp_ln159_6' <Predicate = true> <Delay = 0.77> <CoreInst = "Cmp">   --->   Core 9 'Cmp' <Latency = 0> <II = 1> <Delay = 0.77> <FuncUnit> <Opcode : 'seteq' 'setne' 'setle' 'setge' 'setlt' 'setgt'> <InPorts = 2> <OutPorts = 1>
ST_19 : Operation 114 [1/1] (0.80ns)   --->   "%add_ln159_4 = add i12 %sub_ln159_1, i12 8" [firmware/nnet_utils/nnet_activation.h:159]   --->   Operation 114 'add' 'add_ln159_4' <Predicate = true> <Delay = 0.80> <CoreInst = "Adder">   --->   Core 1 'Adder' <Latency = 0> <II = 1> <Delay = 0.80> <FuncUnit> <Opcode : 'add' 'sub'> <InPorts = 2> <OutPorts = 1>
ST_19 : Operation 115 [1/1] (0.00ns)   --->   "%sext_ln159_2 = sext i12 %add_ln159_4" [firmware/nnet_utils/nnet_activation.h:159]   --->   Operation 115 'sext' 'sext_ln159_2' <Predicate = true> <Delay = 0.00>
ST_19 : Operation 116 [1/1] (0.80ns)   --->   "%add_ln159_5 = add i12 %sub_ln159_1, i12 9" [firmware/nnet_utils/nnet_activation.h:159]   --->   Operation 116 'add' 'add_ln159_5' <Predicate = true> <Delay = 0.80> <CoreInst = "Adder">   --->   Core 1 'Adder' <Latency = 0> <II = 1> <Delay = 0.80> <FuncUnit> <Opcode : 'add' 'sub'> <InPorts = 2> <OutPorts = 1>
ST_19 : Operation 117 [1/1] (0.80ns)   --->   "%icmp_ln159_7 = icmp_slt  i12 %add_ln159_4, i12 54" [firmware/nnet_utils/nnet_activation.h:159]   --->   Operation 117 'icmp' 'icmp_ln159_7' <Predicate = true> <Delay = 0.80> <CoreInst = "Cmp">   --->   Core 9 'Cmp' <Latency = 0> <II = 1> <Delay = 0.80> <FuncUnit> <Opcode : 'seteq' 'setne' 'setle' 'setge' 'setlt' 'setgt'> <InPorts = 2> <OutPorts = 1>
ST_19 : Operation 118 [1/1] (0.00ns)   --->   "%tmp_12 = bitselect i1 @_ssdm_op_BitSelect.i1.i12.i32, i12 %add_ln159_4, i32 11" [firmware/nnet_utils/nnet_activation.h:159]   --->   Operation 118 'bitselect' 'tmp_12' <Predicate = true> <Delay = 0.00>
ST_19 : Operation 119 [1/1] (0.80ns)   --->   "%icmp_ln159_8 = icmp_ult  i12 %add_ln159_4, i12 54" [firmware/nnet_utils/nnet_activation.h:159]   --->   Operation 119 'icmp' 'icmp_ln159_8' <Predicate = true> <Delay = 0.80> <CoreInst = "Cmp">   --->   Core 9 'Cmp' <Latency = 0> <II = 1> <Delay = 0.80> <FuncUnit> <Opcode : 'seteq' 'setne' 'setle' 'setge' 'setlt' 'setgt'> <InPorts = 2> <OutPorts = 1>
ST_19 : Operation 120 [1/1] (0.65ns)   --->   "%tobool134_i = bitselect i1 @_ssdm_op_BitSelect.i1.i54.i32, i54 %select_ln159, i32 %sext_ln159_2" [firmware/nnet_utils/nnet_activation.h:159]   --->   Operation 120 'bitselect' 'tobool134_i' <Predicate = true> <Delay = 0.65> <CoreInst = "BitSelector">   --->   Core 153 'BitSelector' <Latency = 0> <II = 1> <Delay = 0.65> <FuncUnit> <Opcode : 'bitselect'> <InPorts = 2> <OutPorts = 1>
ST_19 : Operation 121 [1/1] (0.28ns)   --->   "%lD_0_i = and i1 %icmp_ln159_8, i1 %tobool134_i" [firmware/nnet_utils/nnet_activation.h:159]   --->   Operation 121 'and' 'lD_0_i' <Predicate = true> <Delay = 0.28> <CoreInst = "LogicGate">   --->   Core 74 'LogicGate' <Latency = 0> <II = 1> <Delay = 0.28> <FuncUnit> <Opcode : 'and' 'or' 'xor'> <InPorts = 2> <OutPorts = 1>
ST_19 : Operation 122 [1/1] (0.00ns)   --->   "%trunc_ln159_8 = trunc i12 %add_ln159_5" [firmware/nnet_utils/nnet_activation.h:159]   --->   Operation 122 'trunc' 'trunc_ln159_8' <Predicate = true> <Delay = 0.00>

State 20 <SV = 19> <Delay = 3.60>
ST_20 : Operation 123 [1/1] (0.79ns)   --->   "%icmp_ln159_3 = icmp_ult  i11 %select_ln159_1, i11 54" [firmware/nnet_utils/nnet_activation.h:159]   --->   Operation 123 'icmp' 'icmp_ln159_3' <Predicate = true> <Delay = 0.79> <CoreInst = "Cmp">   --->   Core 9 'Cmp' <Latency = 0> <II = 1> <Delay = 0.79> <FuncUnit> <Opcode : 'seteq' 'setne' 'setle' 'setge' 'setlt' 'setgt'> <InPorts = 2> <OutPorts = 1>
ST_20 : Operation 124 [1/1] (0.00ns) (grouped into LUT with out node select_ln159_2)   --->   "%select_ln159_5 = select i1 %tmp_5, i18 262143, i18 0" [firmware/nnet_utils/nnet_activation.h:159]   --->   Operation 124 'select' 'select_ln159_5' <Predicate = true> <Delay = 0.00> <CoreInst = "Sel">   --->   Core 73 'Sel' <Latency = 0> <II = 1> <Delay = 0.17> <FuncUnit> <Opcode : 'select'> <InPorts = 3> <OutPorts = 1>
ST_20 : Operation 125 [1/1] (0.00ns)   --->   "%zext_ln159_2 = zext i11 %select_ln159_1" [firmware/nnet_utils/nnet_activation.h:159]   --->   Operation 125 'zext' 'zext_ln159_2' <Predicate = true> <Delay = 0.00>
ST_20 : Operation 126 [1/1] (1.50ns)   --->   "%ashr_ln159 = ashr i54 %select_ln159, i54 %zext_ln159_2" [firmware/nnet_utils/nnet_activation.h:159]   --->   Operation 126 'ashr' 'ashr_ln159' <Predicate = true> <Delay = 1.50> <CoreInst = "Shifter">   --->   Core 75 'Shifter' <Latency = 0> <II = 1> <Delay = 1.50> <FuncUnit> <Opcode : 'shl' 'lshr' 'ashr'> <InPorts = 2> <OutPorts = 1>
ST_20 : Operation 127 [1/1] (0.00ns) (grouped into LUT with out node select_ln159_2)   --->   "%trunc_ln159_5 = trunc i54 %ashr_ln159" [firmware/nnet_utils/nnet_activation.h:159]   --->   Operation 127 'trunc' 'trunc_ln159_5' <Predicate = true> <Delay = 0.00>
ST_20 : Operation 128 [1/1] (0.36ns) (out node of the LUT)   --->   "%select_ln159_2 = select i1 %icmp_ln159_3, i18 %trunc_ln159_5, i18 %select_ln159_5" [firmware/nnet_utils/nnet_activation.h:159]   --->   Operation 128 'select' 'select_ln159_2' <Predicate = true> <Delay = 0.36> <CoreInst = "Sel">   --->   Core 73 'Sel' <Latency = 0> <II = 1> <Delay = 0.36> <FuncUnit> <Opcode : 'select'> <InPorts = 3> <OutPorts = 1>
ST_20 : Operation 129 [1/1] (0.79ns)   --->   "%icmp_ln159_5 = icmp_ult  i11 %select_ln159_1, i11 18" [firmware/nnet_utils/nnet_activation.h:159]   --->   Operation 129 'icmp' 'icmp_ln159_5' <Predicate = true> <Delay = 0.79> <CoreInst = "Cmp">   --->   Core 9 'Cmp' <Latency = 0> <II = 1> <Delay = 0.79> <FuncUnit> <Opcode : 'seteq' 'setne' 'setle' 'setge' 'setlt' 'setgt'> <InPorts = 2> <OutPorts = 1>
ST_20 : Operation 130 [1/1] (0.00ns)   --->   "%select_ln159_1cast = zext i11 %select_ln159_1" [firmware/nnet_utils/nnet_activation.h:159]   --->   Operation 130 'zext' 'select_ln159_1cast' <Predicate = true> <Delay = 0.00>
ST_20 : Operation 131 [1/1] (1.21ns)   --->   "%shl_ln159 = shl i18 %trunc_ln159_4, i18 %select_ln159_1cast" [firmware/nnet_utils/nnet_activation.h:159]   --->   Operation 131 'shl' 'shl_ln159' <Predicate = true> <Delay = 1.21> <CoreInst = "Shifter">   --->   Core 75 'Shifter' <Latency = 0> <II = 1> <Delay = 1.21> <FuncUnit> <Opcode : 'shl' 'lshr' 'ashr'> <InPorts = 2> <OutPorts = 1>
ST_20 : Operation 132 [1/1] (0.36ns)   --->   "%select_ln159_3 = select i1 %icmp_ln159_5, i18 %shl_ln159, i18 0" [firmware/nnet_utils/nnet_activation.h:159]   --->   Operation 132 'select' 'select_ln159_3' <Predicate = true> <Delay = 0.36> <CoreInst = "Sel">   --->   Core 73 'Sel' <Latency = 0> <II = 1> <Delay = 0.36> <FuncUnit> <Opcode : 'select'> <InPorts = 3> <OutPorts = 1>
ST_20 : Operation 133 [1/1] (0.00ns) (grouped into LUT with out node add_ln159_2)   --->   "%cond64_i = select i1 %icmp_ln159_4, i1 %tmp_5, i1 %tmp_7" [firmware/nnet_utils/nnet_activation.h:159]   --->   Operation 133 'select' 'cond64_i' <Predicate = true> <Delay = 0.00> <CoreInst = "Sel">   --->   Core 73 'Sel' <Latency = 0> <II = 1> <Delay = 0.17> <FuncUnit> <Opcode : 'select'> <InPorts = 3> <OutPorts = 1>
ST_20 : Operation 134 [1/1] (0.00ns) (grouped into LUT with out node carry_1_i)   --->   "%tmp_8 = bitselect i1 @_ssdm_op_BitSelect.i1.i18.i32, i18 %select_ln159_2, i32 17" [firmware/nnet_utils/nnet_activation.h:159]   --->   Operation 134 'bitselect' 'tmp_8' <Predicate = true> <Delay = 0.00>
ST_20 : Operation 135 [1/1] (0.00ns) (grouped into LUT with out node add_ln159_2)   --->   "%zext_ln159_3 = zext i1 %cond64_i" [firmware/nnet_utils/nnet_activation.h:159]   --->   Operation 135 'zext' 'zext_ln159_3' <Predicate = true> <Delay = 0.00>
ST_20 : Operation 136 [1/1] (0.87ns) (out node of the LUT)   --->   "%add_ln159_2 = add i18 %select_ln159_2, i18 %zext_ln159_3" [firmware/nnet_utils/nnet_activation.h:159]   --->   Operation 136 'add' 'add_ln159_2' <Predicate = true> <Delay = 0.87> <CoreInst = "Adder">   --->   Core 1 'Adder' <Latency = 0> <II = 1> <Delay = 0.87> <FuncUnit> <Opcode : 'add' 'sub'> <InPorts = 2> <OutPorts = 1>
ST_20 : Operation 137 [1/1] (0.00ns) (grouped into LUT with out node carry_1_i)   --->   "%tmp_9 = bitselect i1 @_ssdm_op_BitSelect.i1.i18.i32, i18 %add_ln159_2, i32 17" [firmware/nnet_utils/nnet_activation.h:159]   --->   Operation 137 'bitselect' 'tmp_9' <Predicate = true> <Delay = 0.00>
ST_20 : Operation 138 [1/1] (0.00ns) (grouped into LUT with out node carry_1_i)   --->   "%xor_ln159 = xor i1 %tmp_9, i1 1" [firmware/nnet_utils/nnet_activation.h:159]   --->   Operation 138 'xor' 'xor_ln159' <Predicate = true> <Delay = 0.00> <CoreInst = "LogicGate">   --->   Core 74 'LogicGate' <Latency = 0> <II = 1> <Delay = 0.28> <FuncUnit> <Opcode : 'and' 'or' 'xor'> <InPorts = 2> <OutPorts = 1>
ST_20 : Operation 139 [1/1] (0.00ns) (grouped into LUT with out node and_ln159_9)   --->   "%xor_ln159_2 = xor i1 %icmp_ln159_2, i1 1" [firmware/nnet_utils/nnet_activation.h:159]   --->   Operation 139 'xor' 'xor_ln159_2' <Predicate = true> <Delay = 0.00> <CoreInst = "LogicGate">   --->   Core 74 'LogicGate' <Latency = 0> <II = 1> <Delay = 0.28> <FuncUnit> <Opcode : 'and' 'or' 'xor'> <InPorts = 2> <OutPorts = 1>
ST_20 : Operation 140 [1/1] (0.28ns) (out node of the LUT)   --->   "%and_ln159_9 = and i1 %icmp_ln159_1, i1 %xor_ln159_2" [firmware/nnet_utils/nnet_activation.h:159]   --->   Operation 140 'and' 'and_ln159_9' <Predicate = true> <Delay = 0.28> <CoreInst = "LogicGate">   --->   Core 74 'LogicGate' <Latency = 0> <II = 1> <Delay = 0.28> <FuncUnit> <Opcode : 'and' 'or' 'xor'> <InPorts = 2> <OutPorts = 1>
ST_20 : Operation 141 [1/1] (0.00ns) (grouped into LUT with out node carry_1_i)   --->   "%and_ln159_10 = and i1 %and_ln159_9, i1 %tmp_8" [firmware/nnet_utils/nnet_activation.h:159]   --->   Operation 141 'and' 'and_ln159_10' <Predicate = true> <Delay = 0.00> <CoreInst = "LogicGate">   --->   Core 74 'LogicGate' <Latency = 0> <II = 1> <Delay = 0.28> <FuncUnit> <Opcode : 'and' 'or' 'xor'> <InPorts = 2> <OutPorts = 1>
ST_20 : Operation 142 [1/1] (0.28ns) (out node of the LUT)   --->   "%carry_1_i = and i1 %and_ln159_10, i1 %xor_ln159" [firmware/nnet_utils/nnet_activation.h:159]   --->   Operation 142 'and' 'carry_1_i' <Predicate = true> <Delay = 0.28> <CoreInst = "LogicGate">   --->   Core 74 'LogicGate' <Latency = 0> <II = 1> <Delay = 0.28> <FuncUnit> <Opcode : 'and' 'or' 'xor'> <InPorts = 2> <OutPorts = 1>
ST_20 : Operation 143 [1/1] (0.28ns)   --->   "%xor_ln159_9 = xor i1 %tmp_12, i1 1" [firmware/nnet_utils/nnet_activation.h:159]   --->   Operation 143 'xor' 'xor_ln159_9' <Predicate = true> <Delay = 0.28> <CoreInst = "LogicGate">   --->   Core 74 'LogicGate' <Latency = 0> <II = 1> <Delay = 0.28> <FuncUnit> <Opcode : 'and' 'or' 'xor'> <InPorts = 2> <OutPorts = 1>
ST_20 : Operation 144 [1/1] (0.80ns)   --->   "%icmp_ln159_9 = icmp_slt  i12 %add_ln159_5, i12 54" [firmware/nnet_utils/nnet_activation.h:159]   --->   Operation 144 'icmp' 'icmp_ln159_9' <Predicate = true> <Delay = 0.80> <CoreInst = "Cmp">   --->   Core 9 'Cmp' <Latency = 0> <II = 1> <Delay = 0.80> <FuncUnit> <Opcode : 'seteq' 'setne' 'setle' 'setge' 'setlt' 'setgt'> <InPorts = 2> <OutPorts = 1>
ST_20 : Operation 145 [1/1] (0.80ns)   --->   "%icmp_ln159_10 = icmp_ult  i12 %add_ln159_5, i12 54" [firmware/nnet_utils/nnet_activation.h:159]   --->   Operation 145 'icmp' 'icmp_ln159_10' <Predicate = true> <Delay = 0.80> <CoreInst = "Cmp">   --->   Core 9 'Cmp' <Latency = 0> <II = 1> <Delay = 0.80> <FuncUnit> <Opcode : 'seteq' 'setne' 'setle' 'setge' 'setlt' 'setgt'> <InPorts = 2> <OutPorts = 1>
ST_20 : Operation 146 [1/1] (0.00ns)   --->   "%zext_ln159_6 = zext i6 %trunc_ln159_8" [firmware/nnet_utils/nnet_activation.h:159]   --->   Operation 146 'zext' 'zext_ln159_6' <Predicate = true> <Delay = 0.00>
ST_20 : Operation 147 [1/1] (1.50ns)   --->   "%lshr_ln159 = lshr i54 %select_ln159, i54 %zext_ln159_6" [firmware/nnet_utils/nnet_activation.h:159]   --->   Operation 147 'lshr' 'lshr_ln159' <Predicate = true> <Delay = 1.50> <CoreInst = "Shifter">   --->   Core 75 'Shifter' <Latency = 0> <II = 1> <Delay = 1.50> <FuncUnit> <Opcode : 'shl' 'lshr' 'ashr'> <InPorts = 2> <OutPorts = 1>
ST_20 : Operation 148 [1/1] (0.73ns)   --->   "%lshr_ln159_1 = lshr i54 18014398509481983, i54 %zext_ln159_6" [firmware/nnet_utils/nnet_activation.h:159]   --->   Operation 148 'lshr' 'lshr_ln159_1' <Predicate = true> <Delay = 0.73> <CoreInst = "Shifter">   --->   Core 75 'Shifter' <Latency = 0> <II = 1> <Delay = 0.73> <FuncUnit> <Opcode : 'shl' 'lshr' 'ashr'> <InPorts = 2> <OutPorts = 1>
ST_20 : Operation 149 [1/1] (1.09ns)   --->   "%icmp_ln159_11 = icmp_eq  i54 %lshr_ln159, i54 %lshr_ln159_1" [firmware/nnet_utils/nnet_activation.h:159]   --->   Operation 149 'icmp' 'icmp_ln159_11' <Predicate = true> <Delay = 1.09> <CoreInst = "Cmp">   --->   Core 9 'Cmp' <Latency = 0> <II = 1> <Delay = 1.09> <FuncUnit> <Opcode : 'seteq' 'setne' 'setle' 'setge' 'setlt' 'setgt'> <InPorts = 2> <OutPorts = 1>
ST_20 : Operation 150 [1/1] (0.00ns) (grouped into LUT with out node Range2_all_ones_1_i)   --->   "%tmp_13 = bitselect i1 @_ssdm_op_BitSelect.i1.i12.i32, i12 %add_ln159_5, i32 11" [firmware/nnet_utils/nnet_activation.h:159]   --->   Operation 150 'bitselect' 'tmp_13' <Predicate = true> <Delay = 0.00>
ST_20 : Operation 151 [1/1] (0.00ns) (grouped into LUT with out node Range2_all_ones_1_i)   --->   "%xor_ln159_10 = xor i1 %tmp_13, i1 1" [firmware/nnet_utils/nnet_activation.h:159]   --->   Operation 151 'xor' 'xor_ln159_10' <Predicate = true> <Delay = 0.00> <CoreInst = "LogicGate">   --->   Core 74 'LogicGate' <Latency = 0> <II = 1> <Delay = 0.28> <FuncUnit> <Opcode : 'and' 'or' 'xor'> <InPorts = 2> <OutPorts = 1>
ST_20 : Operation 152 [1/1] (0.28ns) (out node of the LUT)   --->   "%Range2_all_ones_1_i = select i1 %icmp_ln159_10, i1 %icmp_ln159_11, i1 %xor_ln159_10" [firmware/nnet_utils/nnet_activation.h:159]   --->   Operation 152 'select' 'Range2_all_ones_1_i' <Predicate = true> <Delay = 0.28> <CoreInst = "Sel">   --->   Core 73 'Sel' <Latency = 0> <II = 1> <Delay = 0.17> <FuncUnit> <Opcode : 'select'> <InPorts = 3> <OutPorts = 1>
ST_20 : Operation 153 [1/1] (0.28ns)   --->   "%and_ln159_1 = and i1 %icmp_ln159_9, i1 %xor_ln159_9" [firmware/nnet_utils/nnet_activation.h:159]   --->   Operation 153 'and' 'and_ln159_1' <Predicate = true> <Delay = 0.28> <CoreInst = "LogicGate">   --->   Core 74 'LogicGate' <Latency = 0> <II = 1> <Delay = 0.28> <FuncUnit> <Opcode : 'and' 'or' 'xor'> <InPorts = 2> <OutPorts = 1>
ST_20 : Operation 154 [1/1] (0.28ns)   --->   "%and_ln159_2 = and i1 %Range2_all_ones_1_i, i1 %lD_0_i" [firmware/nnet_utils/nnet_activation.h:159]   --->   Operation 154 'and' 'and_ln159_2' <Predicate = true> <Delay = 0.28> <CoreInst = "LogicGate">   --->   Core 74 'LogicGate' <Latency = 0> <II = 1> <Delay = 0.28> <FuncUnit> <Opcode : 'and' 'or' 'xor'> <InPorts = 2> <OutPorts = 1>
ST_20 : Operation 155 [1/1] (0.28ns)   --->   "%xor_ln159_1 = xor i1 %lD_0_i, i1 1" [firmware/nnet_utils/nnet_activation.h:159]   --->   Operation 155 'xor' 'xor_ln159_1' <Predicate = true> <Delay = 0.28> <CoreInst = "LogicGate">   --->   Core 74 'LogicGate' <Latency = 0> <II = 1> <Delay = 0.28> <FuncUnit> <Opcode : 'and' 'or' 'xor'> <InPorts = 2> <OutPorts = 1>
ST_20 : Operation 156 [1/1] (1.09ns)   --->   "%icmp_ln159_12 = icmp_eq  i54 %lshr_ln159, i54 0" [firmware/nnet_utils/nnet_activation.h:159]   --->   Operation 156 'icmp' 'icmp_ln159_12' <Predicate = true> <Delay = 1.09> <CoreInst = "Cmp">   --->   Core 9 'Cmp' <Latency = 0> <II = 1> <Delay = 1.09> <FuncUnit> <Opcode : 'seteq' 'setne' 'setle' 'setge' 'setlt' 'setgt'> <InPorts = 2> <OutPorts = 1>
ST_20 : Operation 157 [1/1] (0.28ns)   --->   "%and_ln159_3 = and i1 %icmp_ln159_12, i1 %xor_ln159_1" [firmware/nnet_utils/nnet_activation.h:159]   --->   Operation 157 'and' 'and_ln159_3' <Predicate = true> <Delay = 0.28> <CoreInst = "LogicGate">   --->   Core 74 'LogicGate' <Latency = 0> <II = 1> <Delay = 0.28> <FuncUnit> <Opcode : 'and' 'or' 'xor'> <InPorts = 2> <OutPorts = 1>
ST_20 : Operation 158 [1/1] (0.80ns)   --->   "%icmp_ln159_13 = icmp_eq  i12 %add_ln159_5, i12 54" [firmware/nnet_utils/nnet_activation.h:159]   --->   Operation 158 'icmp' 'icmp_ln159_13' <Predicate = true> <Delay = 0.80> <CoreInst = "Cmp">   --->   Core 9 'Cmp' <Latency = 0> <II = 1> <Delay = 0.80> <FuncUnit> <Opcode : 'seteq' 'setne' 'setle' 'setge' 'setlt' 'setgt'> <InPorts = 2> <OutPorts = 1>
ST_20 : Operation 159 [1/1] (1.09ns)   --->   "%icmp_ln159_14 = icmp_eq  i54 %select_ln159, i54 0" [firmware/nnet_utils/nnet_activation.h:159]   --->   Operation 159 'icmp' 'icmp_ln159_14' <Predicate = true> <Delay = 1.09> <CoreInst = "Cmp">   --->   Core 9 'Cmp' <Latency = 0> <II = 1> <Delay = 1.09> <FuncUnit> <Opcode : 'seteq' 'setne' 'setle' 'setge' 'setlt' 'setgt'> <InPorts = 2> <OutPorts = 1>
ST_20 : Operation 160 [1/1] (0.28ns)   --->   "%or_ln159 = or i1 %icmp_ln159_14, i1 %xor_ln159_9" [firmware/nnet_utils/nnet_activation.h:159]   --->   Operation 160 'or' 'or_ln159' <Predicate = true> <Delay = 0.28> <CoreInst = "LogicGate">   --->   Core 74 'LogicGate' <Latency = 0> <II = 1> <Delay = 0.28> <FuncUnit> <Opcode : 'and' 'or' 'xor'> <InPorts = 2> <OutPorts = 1>
ST_20 : Operation 161 [1/1] (0.00ns) (grouped into LUT with out node and_ln159_11)   --->   "%xor_ln159_11 = xor i1 %icmp_ln159_9, i1 1" [firmware/nnet_utils/nnet_activation.h:159]   --->   Operation 161 'xor' 'xor_ln159_11' <Predicate = true> <Delay = 0.00> <CoreInst = "LogicGate">   --->   Core 74 'LogicGate' <Latency = 0> <II = 1> <Delay = 0.28> <FuncUnit> <Opcode : 'and' 'or' 'xor'> <InPorts = 2> <OutPorts = 1>
ST_20 : Operation 162 [1/1] (0.00ns) (grouped into LUT with out node and_ln159_11)   --->   "%or_ln159_5 = or i1 %tmp_12, i1 %xor_ln159_11" [firmware/nnet_utils/nnet_activation.h:159]   --->   Operation 162 'or' 'or_ln159_5' <Predicate = true> <Delay = 0.00> <CoreInst = "LogicGate">   --->   Core 74 'LogicGate' <Latency = 0> <II = 1> <Delay = 0.28> <FuncUnit> <Opcode : 'and' 'or' 'xor'> <InPorts = 2> <OutPorts = 1>
ST_20 : Operation 163 [1/1] (0.28ns) (out node of the LUT)   --->   "%and_ln159_11 = and i1 %icmp_ln159_13, i1 %or_ln159_5" [firmware/nnet_utils/nnet_activation.h:159]   --->   Operation 163 'and' 'and_ln159_11' <Predicate = true> <Delay = 0.28> <CoreInst = "LogicGate">   --->   Core 74 'LogicGate' <Latency = 0> <II = 1> <Delay = 0.28> <FuncUnit> <Opcode : 'and' 'or' 'xor'> <InPorts = 2> <OutPorts = 1>
ST_20 : Operation 164 [1/1] (0.00ns)   --->   "%sel_tmp = bitconcatenate i2 @_ssdm_op_BitConcatenate.i2.i1.i1, i1 %and_ln159_1, i1 %and_ln159_11" [firmware/nnet_utils/nnet_activation.h:159]   --->   Operation 164 'bitconcatenate' 'sel_tmp' <Predicate = true> <Delay = 0.00>
ST_20 : Operation 165 [1/1] (0.42ns)   --->   "%Range1_all_ones_2_i = sparsemux i1 @_ssdm_op_SparseMux.ap_auto.3i1.i1.i2, i2 2, i1 %and_ln159_2, i2 1, i1 %lD_0_i, i2 0, i1 %xor_ln159_9, i1 0, i2 %sel_tmp" [firmware/nnet_utils/nnet_activation.h:159]   --->   Operation 165 'sparsemux' 'Range1_all_ones_2_i' <Predicate = true> <Delay = 0.42> <CoreInst = "OneHotSparseMux_HasDef">   --->   Core 152 'OneHotSparseMux_HasDef' <Latency = 0> <II = 1> <Delay = 0.42> <FuncUnit> <Opcode : 'sparsemux'> <InPorts = 2> <OutPorts = 1>
ST_20 : Operation 166 [1/1] (0.42ns)   --->   "%Range1_all_zeros_2_i = sparsemux i1 @_ssdm_op_SparseMux.ap_auto.3i1.i1.i2, i2 2, i1 %and_ln159_3, i2 1, i1 %xor_ln159_1, i2 0, i1 %or_ln159, i1 0, i2 %sel_tmp" [firmware/nnet_utils/nnet_activation.h:159]   --->   Operation 166 'sparsemux' 'Range1_all_zeros_2_i' <Predicate = true> <Delay = 0.42> <CoreInst = "OneHotSparseMux_HasDef">   --->   Core 152 'OneHotSparseMux_HasDef' <Latency = 0> <II = 1> <Delay = 0.42> <FuncUnit> <Opcode : 'sparsemux'> <InPorts = 2> <OutPorts = 1>
ST_20 : Operation 205 [1/1] (0.42ns)   --->   "%ret_ln162 = ret" [firmware/nnet_utils/nnet_activation.h:162]   --->   Operation 205 'ret' 'ret_ln162' <Predicate = (icmp_ln151)> <Delay = 0.42>

State 21 <SV = 20> <Delay = 2.81>
ST_21 : Operation 167 [1/1] (0.00ns)   --->   "%zext_ln151 = zext i11 %i_1" [firmware/nnet_utils/nnet_activation.h:151]   --->   Operation 167 'zext' 'zext_ln151' <Predicate = true> <Delay = 0.00>
ST_21 : Operation 168 [1/1] (0.00ns)   --->   "%specpipeline_ln151 = specpipeline void @_ssdm_op_SpecPipeline, i32 4294967295, i32 0, i32 0, i32 0, void @empty_3" [firmware/nnet_utils/nnet_activation.h:151]   --->   Operation 168 'specpipeline' 'specpipeline_ln151' <Predicate = true> <Delay = 0.00>
ST_21 : Operation 169 [1/1] (0.00ns)   --->   "%speclooptripcount_ln151 = speclooptripcount void @_ssdm_op_SpecLoopTripCount, i64 1024, i64 1024, i64 1024" [firmware/nnet_utils/nnet_activation.h:151]   --->   Operation 169 'speclooptripcount' 'speclooptripcount_ln151' <Predicate = true> <Delay = 0.00>
ST_21 : Operation 170 [1/1] (0.00ns)   --->   "%specloopname_ln151 = specloopname void @_ssdm_op_SpecLoopName, void @empty_1" [firmware/nnet_utils/nnet_activation.h:151]   --->   Operation 170 'specloopname' 'specloopname_ln151' <Predicate = true> <Delay = 0.00>
ST_21 : Operation 171 [1/1] (0.00ns)   --->   "%sel_tmp3 = bitconcatenate i2 @_ssdm_op_BitConcatenate.i2.i1.i1, i1 %icmp_ln159_2, i1 %and_ln159_9" [firmware/nnet_utils/nnet_activation.h:159]   --->   Operation 171 'bitconcatenate' 'sel_tmp3' <Predicate = true> <Delay = 0.00>
ST_21 : Operation 172 [1/1] (0.42ns)   --->   "%ref_tmp_i_i = sparsemux i18 @_ssdm_op_SparseMux.ap_auto.3i18.i18.i2, i2 2, i18 %trunc_ln159_4, i2 1, i18 %add_ln159_2, i2 0, i18 %select_ln159_3, i18 0, i2 %sel_tmp3" [firmware/nnet_utils/nnet_activation.h:159]   --->   Operation 172 'sparsemux' 'ref_tmp_i_i' <Predicate = true> <Delay = 0.42> <CoreInst = "OneHotSparseMux_HasDef">   --->   Core 152 'OneHotSparseMux_HasDef' <Latency = 0> <II = 1> <Delay = 0.42> <FuncUnit> <Opcode : 'sparsemux'> <InPorts = 2> <OutPorts = 1>
ST_21 : Operation 173 [1/1] (0.00ns) (grouped into LUT with out node exp_x)   --->   "%trunc_ln159_7 = trunc i18 %ref_tmp_i_i" [firmware/nnet_utils/nnet_activation.h:159]   --->   Operation 173 'trunc' 'trunc_ln159_7' <Predicate = true> <Delay = 0.00>
ST_21 : Operation 174 [1/1] (0.00ns)   --->   "%tmp_11 = bitselect i1 @_ssdm_op_BitSelect.i1.i18.i32, i18 %ref_tmp_i_i, i32 17" [firmware/nnet_utils/nnet_activation.h:159]   --->   Operation 174 'bitselect' 'tmp_11' <Predicate = true> <Delay = 0.00>
ST_21 : Operation 175 [1/1] (0.00ns) (grouped into LUT with out node neg_src_0_i)   --->   "%and_ln159 = and i1 %tmp_5, i1 %tmp_11" [firmware/nnet_utils/nnet_activation.h:159]   --->   Operation 175 'and' 'and_ln159' <Predicate = true> <Delay = 0.00> <CoreInst = "LogicGate">   --->   Core 74 'LogicGate' <Latency = 0> <II = 1> <Delay = 0.28> <FuncUnit> <Opcode : 'and' 'or' 'xor'> <InPorts = 2> <OutPorts = 1>
ST_21 : Operation 176 [1/1] (0.00ns) (grouped into LUT with out node and_ln159_6)   --->   "%select_ln159_4 = select i1 %carry_1_i, i1 %Range1_all_ones_2_i, i1 %Range1_all_zeros_2_i" [firmware/nnet_utils/nnet_activation.h:159]   --->   Operation 176 'select' 'select_ln159_4' <Predicate = true> <Delay = 0.00> <CoreInst = "Sel">   --->   Core 73 'Sel' <Latency = 0> <II = 1> <Delay = 0.17> <FuncUnit> <Opcode : 'select'> <InPorts = 3> <OutPorts = 1>
ST_21 : Operation 177 [1/1] (0.00ns) (grouped into LUT with out node deleted_ones_0_i)   --->   "%or_ln159_1 = or i1 %tmp_12, i1 %xor_ln159_1" [firmware/nnet_utils/nnet_activation.h:159]   --->   Operation 177 'or' 'or_ln159_1' <Predicate = true> <Delay = 0.00> <CoreInst = "LogicGate">   --->   Core 74 'LogicGate' <Latency = 0> <II = 1> <Delay = 0.28> <FuncUnit> <Opcode : 'and' 'or' 'xor'> <InPorts = 2> <OutPorts = 1>
ST_21 : Operation 178 [1/1] (0.00ns) (grouped into LUT with out node deleted_ones_0_i)   --->   "%and_ln159_4 = and i1 %Range2_all_ones_1_i, i1 %or_ln159_1" [firmware/nnet_utils/nnet_activation.h:159]   --->   Operation 178 'and' 'and_ln159_4' <Predicate = true> <Delay = 0.00> <CoreInst = "LogicGate">   --->   Core 74 'LogicGate' <Latency = 0> <II = 1> <Delay = 0.28> <FuncUnit> <Opcode : 'and' 'or' 'xor'> <InPorts = 2> <OutPorts = 1>
ST_21 : Operation 179 [1/1] (0.00ns) (grouped into LUT with out node deleted_ones_0_i)   --->   "%cond193_i = select i1 %carry_1_i, i1 %and_ln159_4, i1 %Range1_all_ones_2_i" [firmware/nnet_utils/nnet_activation.h:159]   --->   Operation 179 'select' 'cond193_i' <Predicate = true> <Delay = 0.00> <CoreInst = "Sel">   --->   Core 73 'Sel' <Latency = 0> <II = 1> <Delay = 0.17> <FuncUnit> <Opcode : 'select'> <InPorts = 3> <OutPorts = 1>
ST_21 : Operation 180 [1/1] (0.00ns) (grouped into LUT with out node neg_src_0_i)   --->   "%and_ln159_5 = and i1 %carry_1_i, i1 %Range1_all_ones_2_i" [firmware/nnet_utils/nnet_activation.h:159]   --->   Operation 180 'and' 'and_ln159_5' <Predicate = true> <Delay = 0.00> <CoreInst = "LogicGate">   --->   Core 74 'LogicGate' <Latency = 0> <II = 1> <Delay = 0.28> <FuncUnit> <Opcode : 'and' 'or' 'xor'> <InPorts = 2> <OutPorts = 1>
ST_21 : Operation 181 [1/1] (0.00ns) (grouped into LUT with out node neg_src_0_i)   --->   "%xor_ln159_4 = xor i1 %and_ln159_5, i1 1" [firmware/nnet_utils/nnet_activation.h:159]   --->   Operation 181 'xor' 'xor_ln159_4' <Predicate = true> <Delay = 0.00> <CoreInst = "LogicGate">   --->   Core 74 'LogicGate' <Latency = 0> <II = 1> <Delay = 0.28> <FuncUnit> <Opcode : 'and' 'or' 'xor'> <InPorts = 2> <OutPorts = 1>
ST_21 : Operation 182 [1/1] (0.28ns)   --->   "%not_icmp_ln159_749 = xor i1 %icmp_ln159_7, i1 1" [firmware/nnet_utils/nnet_activation.h:159]   --->   Operation 182 'xor' 'not_icmp_ln159_749' <Predicate = true> <Delay = 0.28> <CoreInst = "LogicGate">   --->   Core 74 'LogicGate' <Latency = 0> <II = 1> <Delay = 0.28> <FuncUnit> <Opcode : 'and' 'or' 'xor'> <InPorts = 2> <OutPorts = 1>
ST_21 : Operation 183 [1/1] (0.28ns) (out node of the LUT)   --->   "%deleted_ones_0_i = or i1 %cond193_i, i1 %not_icmp_ln159_749" [firmware/nnet_utils/nnet_activation.h:159]   --->   Operation 183 'or' 'deleted_ones_0_i' <Predicate = true> <Delay = 0.28> <CoreInst = "LogicGate">   --->   Core 74 'LogicGate' <Latency = 0> <II = 1> <Delay = 0.28> <FuncUnit> <Opcode : 'and' 'or' 'xor'> <InPorts = 2> <OutPorts = 1>
ST_21 : Operation 184 [1/1] (0.00ns) (grouped into LUT with out node neg_src_0_i)   --->   "%and_ln159_12 = and i1 %icmp_ln159_7, i1 %tmp_5" [firmware/nnet_utils/nnet_activation.h:159]   --->   Operation 184 'and' 'and_ln159_12' <Predicate = true> <Delay = 0.00> <CoreInst = "LogicGate">   --->   Core 74 'LogicGate' <Latency = 0> <II = 1> <Delay = 0.28> <FuncUnit> <Opcode : 'and' 'or' 'xor'> <InPorts = 2> <OutPorts = 1>
ST_21 : Operation 185 [1/1] (0.00ns) (grouped into LUT with out node neg_src_0_i)   --->   "%sel_tmp1 = bitconcatenate i2 @_ssdm_op_BitConcatenate.i2.i1.i1, i1 %not_icmp_ln159_749, i1 %and_ln159_12" [firmware/nnet_utils/nnet_activation.h:159]   --->   Operation 185 'bitconcatenate' 'sel_tmp1' <Predicate = true> <Delay = 0.00>
ST_21 : Operation 186 [1/1] (0.42ns) (out node of the LUT)   --->   "%neg_src_0_i = sparsemux i1 @_ssdm_op_SparseMux.ap_auto.3i1.i1.i2, i2 2, i1 %and_ln159, i2 1, i1 %xor_ln159_4, i2 0, i1 0, i1 0, i2 %sel_tmp1" [firmware/nnet_utils/nnet_activation.h:159]   --->   Operation 186 'sparsemux' 'neg_src_0_i' <Predicate = true> <Delay = 0.42> <CoreInst = "OneHotSparseMux_HasDef">   --->   Core 152 'OneHotSparseMux_HasDef' <Latency = 0> <II = 1> <Delay = 0.42> <FuncUnit> <Opcode : 'sparsemux'> <InPorts = 2> <OutPorts = 1>
ST_21 : Operation 187 [1/1] (0.00ns) (grouped into LUT with out node and_ln159_6)   --->   "%xor_ln159_5 = xor i1 %select_ln159_4, i1 1" [firmware/nnet_utils/nnet_activation.h:159]   --->   Operation 187 'xor' 'xor_ln159_5' <Predicate = true> <Delay = 0.00> <CoreInst = "LogicGate">   --->   Core 74 'LogicGate' <Latency = 0> <II = 1> <Delay = 0.28> <FuncUnit> <Opcode : 'and' 'or' 'xor'> <InPorts = 2> <OutPorts = 1>
ST_21 : Operation 188 [1/1] (0.00ns) (grouped into LUT with out node and_ln159_6)   --->   "%and_ln159_13 = and i1 %icmp_ln159_7, i1 %xor_ln159_5" [firmware/nnet_utils/nnet_activation.h:159]   --->   Operation 188 'and' 'and_ln159_13' <Predicate = true> <Delay = 0.00> <CoreInst = "LogicGate">   --->   Core 74 'LogicGate' <Latency = 0> <II = 1> <Delay = 0.28> <FuncUnit> <Opcode : 'and' 'or' 'xor'> <InPorts = 2> <OutPorts = 1>
ST_21 : Operation 189 [1/1] (0.00ns) (grouped into LUT with out node and_ln159_6)   --->   "%or_ln159_2 = or i1 %tmp_11, i1 %and_ln159_13" [firmware/nnet_utils/nnet_activation.h:159]   --->   Operation 189 'or' 'or_ln159_2' <Predicate = true> <Delay = 0.00> <CoreInst = "LogicGate">   --->   Core 74 'LogicGate' <Latency = 0> <II = 1> <Delay = 0.28> <FuncUnit> <Opcode : 'and' 'or' 'xor'> <InPorts = 2> <OutPorts = 1>
ST_21 : Operation 190 [1/1] (0.00ns) (grouped into LUT with out node and_ln159_6)   --->   "%xor_ln159_6 = xor i1 %tmp_5, i1 1" [firmware/nnet_utils/nnet_activation.h:159]   --->   Operation 190 'xor' 'xor_ln159_6' <Predicate = true> <Delay = 0.00> <CoreInst = "LogicGate">   --->   Core 74 'LogicGate' <Latency = 0> <II = 1> <Delay = 0.28> <FuncUnit> <Opcode : 'and' 'or' 'xor'> <InPorts = 2> <OutPorts = 1>
ST_21 : Operation 191 [1/1] (0.28ns) (out node of the LUT)   --->   "%and_ln159_6 = and i1 %or_ln159_2, i1 %xor_ln159_6" [firmware/nnet_utils/nnet_activation.h:159]   --->   Operation 191 'and' 'and_ln159_6' <Predicate = true> <Delay = 0.28> <CoreInst = "LogicGate">   --->   Core 74 'LogicGate' <Latency = 0> <II = 1> <Delay = 0.28> <FuncUnit> <Opcode : 'and' 'or' 'xor'> <InPorts = 2> <OutPorts = 1>
ST_21 : Operation 192 [1/1] (0.00ns) (grouped into LUT with out node xor_ln159_7)   --->   "%and_ln159_7 = and i1 %tmp_11, i1 %deleted_ones_0_i" [firmware/nnet_utils/nnet_activation.h:159]   --->   Operation 192 'and' 'and_ln159_7' <Predicate = true> <Delay = 0.00> <CoreInst = "LogicGate">   --->   Core 74 'LogicGate' <Latency = 0> <II = 1> <Delay = 0.28> <FuncUnit> <Opcode : 'and' 'or' 'xor'> <InPorts = 2> <OutPorts = 1>
ST_21 : Operation 193 [1/1] (0.28ns) (out node of the LUT)   --->   "%xor_ln159_7 = xor i1 %and_ln159_7, i1 1" [firmware/nnet_utils/nnet_activation.h:159]   --->   Operation 193 'xor' 'xor_ln159_7' <Predicate = true> <Delay = 0.28> <CoreInst = "LogicGate">   --->   Core 74 'LogicGate' <Latency = 0> <II = 1> <Delay = 0.28> <FuncUnit> <Opcode : 'and' 'or' 'xor'> <InPorts = 2> <OutPorts = 1>
ST_21 : Operation 194 [1/1] (0.00ns) (grouped into LUT with out node sel_tmp2)   --->   "%and_ln159_8 = and i1 %neg_src_0_i, i1 %xor_ln159_7" [firmware/nnet_utils/nnet_activation.h:159]   --->   Operation 194 'and' 'and_ln159_8' <Predicate = true> <Delay = 0.00> <CoreInst = "LogicGate">   --->   Core 74 'LogicGate' <Latency = 0> <II = 1> <Delay = 0.28> <FuncUnit> <Opcode : 'and' 'or' 'xor'> <InPorts = 2> <OutPorts = 1>
ST_21 : Operation 195 [1/1] (0.00ns) (grouped into LUT with out node sel_tmp2)   --->   "%or_ln159_3 = or i1 %and_ln159_8, i1 %and_ln159_6" [firmware/nnet_utils/nnet_activation.h:159]   --->   Operation 195 'or' 'or_ln159_3' <Predicate = true> <Delay = 0.00> <CoreInst = "LogicGate">   --->   Core 74 'LogicGate' <Latency = 0> <II = 1> <Delay = 0.28> <FuncUnit> <Opcode : 'and' 'or' 'xor'> <InPorts = 2> <OutPorts = 1>
ST_21 : Operation 196 [1/1] (0.00ns) (grouped into LUT with out node exp_x)   --->   "%select_ln159_6 = select i1 %and_ln159_6, i16 65535, i16 0" [firmware/nnet_utils/nnet_activation.h:159]   --->   Operation 196 'select' 'select_ln159_6' <Predicate = true> <Delay = 0.00> <CoreInst = "Sel">   --->   Core 73 'Sel' <Latency = 0> <II = 1> <Delay = 0.17> <FuncUnit> <Opcode : 'select'> <InPorts = 3> <OutPorts = 1>
ST_21 : Operation 197 [1/1] (0.00ns) (grouped into LUT with out node sel_tmp2)   --->   "%xor_ln159_8 = xor i1 %icmp_ln159, i1 1" [firmware/nnet_utils/nnet_activation.h:159]   --->   Operation 197 'xor' 'xor_ln159_8' <Predicate = true> <Delay = 0.00> <CoreInst = "LogicGate">   --->   Core 74 'LogicGate' <Latency = 0> <II = 1> <Delay = 0.28> <FuncUnit> <Opcode : 'and' 'or' 'xor'> <InPorts = 2> <OutPorts = 1>
ST_21 : Operation 198 [1/1] (0.00ns) (grouped into LUT with out node sel_tmp2)   --->   "%and_ln159_14 = and i1 %or_ln159_3, i1 %xor_ln159_8" [firmware/nnet_utils/nnet_activation.h:159]   --->   Operation 198 'and' 'and_ln159_14' <Predicate = true> <Delay = 0.00> <CoreInst = "LogicGate">   --->   Core 74 'LogicGate' <Latency = 0> <II = 1> <Delay = 0.28> <FuncUnit> <Opcode : 'and' 'or' 'xor'> <InPorts = 2> <OutPorts = 1>
ST_21 : Operation 199 [1/1] (0.00ns) (grouped into LUT with out node sel_tmp2)   --->   "%and_ln159_15 = and i1 %and_ln159_14, i1 %icmp_ln159_6" [firmware/nnet_utils/nnet_activation.h:159]   --->   Operation 199 'and' 'and_ln159_15' <Predicate = true> <Delay = 0.00> <CoreInst = "LogicGate">   --->   Core 74 'LogicGate' <Latency = 0> <II = 1> <Delay = 0.28> <FuncUnit> <Opcode : 'and' 'or' 'xor'> <InPorts = 2> <OutPorts = 1>
ST_21 : Operation 200 [1/1] (0.28ns) (out node of the LUT)   --->   "%sel_tmp2 = bitconcatenate i2 @_ssdm_op_BitConcatenate.i2.i1.i1, i1 %icmp_ln159, i1 %and_ln159_15" [firmware/nnet_utils/nnet_activation.h:159]   --->   Operation 200 'bitconcatenate' 'sel_tmp2' <Predicate = true> <Delay = 0.28>
ST_21 : Operation 201 [1/1] (0.42ns) (out node of the LUT)   --->   "%exp_x = sparsemux i16 @_ssdm_op_SparseMux.ap_auto.3i16.i16.i2, i2 2, i16 0, i2 1, i16 %select_ln159_6, i2 0, i16 %trunc_ln159_7, i16 0, i2 %sel_tmp2" [firmware/nnet_utils/nnet_activation.h:159]   --->   Operation 201 'sparsemux' 'exp_x' <Predicate = true> <Delay = 0.42> <CoreInst = "OneHotSparseMux_HasDef">   --->   Core 152 'OneHotSparseMux_HasDef' <Latency = 0> <II = 1> <Delay = 0.42> <FuncUnit> <Opcode : 'sparsemux'> <InPorts = 2> <OutPorts = 1>
ST_21 : Operation 202 [1/1] (0.00ns)   --->   "%table_out_addr = getelementptr i16 %table_out, i64 0, i64 %zext_ln151" [firmware/nnet_utils/nnet_activation.h:160]   --->   Operation 202 'getelementptr' 'table_out_addr' <Predicate = true> <Delay = 0.00>
ST_21 : Operation 203 [1/1] ( I:1.23ns O:1.23ns )   --->   "%store_ln160 = store i16 %exp_x, i10 %table_out_addr" [firmware/nnet_utils/nnet_activation.h:160]   --->   Operation 203 'store' 'store_ln160' <Predicate = true> <Delay = 1.23> <CoreInst = "RAM">   --->   Core 82 'RAM' <Latency = 1> <II = 1> <Delay = 1.23> <Storage> <Opcode : 'load' 'store'> <Ports = 2> <Width = 16> <Depth = 1024> <RAM>
ST_21 : Operation 204 [1/1] (0.00ns)   --->   "%br_ln151 = br void %for.body" [firmware/nnet_utils/nnet_activation.h:151]   --->   Operation 204 'br' 'br_ln151' <Predicate = true> <Delay = 0.00>


============================================================
+ Verbose Summary: Timing violations
============================================================
Target clock period: 5.000ns, clock uncertainty: 1.350ns.

 <State 1>: 2.607ns
The critical path consists of the following:
	'store' operation 0 bit ('store_ln151', firmware/nnet_utils/nnet_activation.h:151) of constant 0 on local variable 'i', firmware/nnet_utils/nnet_activation.h:151 [3]  (0.427 ns)
	'load' operation 11 bit ('i', firmware/nnet_utils/nnet_activation.h:137->firmware/nnet_utils/nnet_activation.h:153) on local variable 'i', firmware/nnet_utils/nnet_activation.h:151 [6]  (0.000 ns)
	'ctlz' operation 35 bit ('tmp', firmware/nnet_utils/nnet_activation.h:138->firmware/nnet_utils/nnet_activation.h:153) [18]  (0.618 ns)
	'sub' operation 6 bit ('sub_ln138', firmware/nnet_utils/nnet_activation.h:138->firmware/nnet_utils/nnet_activation.h:153) [20]  (0.781 ns)
	'add' operation 6 bit ('add_ln138_1', firmware/nnet_utils/nnet_activation.h:138->firmware/nnet_utils/nnet_activation.h:153) [28]  (0.781 ns)

 <State 2>: 3.350ns
The critical path consists of the following:
	'add' operation 6 bit ('add_ln138', firmware/nnet_utils/nnet_activation.h:138->firmware/nnet_utils/nnet_activation.h:153) [21]  (0.781 ns)
	'icmp' operation 1 bit ('icmp_ln138_1', firmware/nnet_utils/nnet_activation.h:138->firmware/nnet_utils/nnet_activation.h:153) [27]  (0.781 ns)
	'select' operation 35 bit ('cond42_i_i_i_in', firmware/nnet_utils/nnet_activation.h:138->firmware/nnet_utils/nnet_activation.h:153) [36]  (0.000 ns)
	'add' operation 36 bit ('add_ln138_2', firmware/nnet_utils/nnet_activation.h:138->firmware/nnet_utils/nnet_activation.h:153) [39]  (1.023 ns)
	'select' operation 8 bit ('select_ln138', firmware/nnet_utils/nnet_activation.h:138->firmware/nnet_utils/nnet_activation.h:153) [43]  (0.000 ns)
	'add' operation 8 bit ('add_ln138_3', firmware/nnet_utils/nnet_activation.h:138->firmware/nnet_utils/nnet_activation.h:153) [46]  (0.765 ns)

 <State 3>: 0.449ns
The critical path consists of the following:
	'select' operation 32 bit ('x', firmware/nnet_utils/nnet_activation.h:157) [52]  (0.449 ns)

 <State 4>: 3.644ns
The critical path consists of the following:
	'fexp' operation 32 bit ('tmp_4', C:/Xilinx/Vitis/2024.2/tps/mingw/8.3.0/win64.o/nt\lib\gcc\x86_64-w64-mingw32\8.3.0\include\c++\cmath:223->firmware/nnet_utils/nnet_activation.h:131->firmware/nnet_utils/nnet_activation.h:159) [53]  (3.644 ns)

 <State 5>: 3.644ns
The critical path consists of the following:
	'fexp' operation 32 bit ('tmp_4', C:/Xilinx/Vitis/2024.2/tps/mingw/8.3.0/win64.o/nt\lib\gcc\x86_64-w64-mingw32\8.3.0\include\c++\cmath:223->firmware/nnet_utils/nnet_activation.h:131->firmware/nnet_utils/nnet_activation.h:159) [53]  (3.644 ns)

 <State 6>: 3.644ns
The critical path consists of the following:
	'fexp' operation 32 bit ('tmp_4', C:/Xilinx/Vitis/2024.2/tps/mingw/8.3.0/win64.o/nt\lib\gcc\x86_64-w64-mingw32\8.3.0\include\c++\cmath:223->firmware/nnet_utils/nnet_activation.h:131->firmware/nnet_utils/nnet_activation.h:159) [53]  (3.644 ns)

 <State 7>: 3.644ns
The critical path consists of the following:
	'fexp' operation 32 bit ('tmp_4', C:/Xilinx/Vitis/2024.2/tps/mingw/8.3.0/win64.o/nt\lib\gcc\x86_64-w64-mingw32\8.3.0\include\c++\cmath:223->firmware/nnet_utils/nnet_activation.h:131->firmware/nnet_utils/nnet_activation.h:159) [53]  (3.644 ns)

 <State 8>: 3.644ns
The critical path consists of the following:
	'fexp' operation 32 bit ('tmp_4', C:/Xilinx/Vitis/2024.2/tps/mingw/8.3.0/win64.o/nt\lib\gcc\x86_64-w64-mingw32\8.3.0\include\c++\cmath:223->firmware/nnet_utils/nnet_activation.h:131->firmware/nnet_utils/nnet_activation.h:159) [53]  (3.644 ns)

 <State 9>: 3.644ns
The critical path consists of the following:
	'fexp' operation 32 bit ('tmp_4', C:/Xilinx/Vitis/2024.2/tps/mingw/8.3.0/win64.o/nt\lib\gcc\x86_64-w64-mingw32\8.3.0\include\c++\cmath:223->firmware/nnet_utils/nnet_activation.h:131->firmware/nnet_utils/nnet_activation.h:159) [53]  (3.644 ns)

 <State 10>: 3.644ns
The critical path consists of the following:
	'fexp' operation 32 bit ('tmp_4', C:/Xilinx/Vitis/2024.2/tps/mingw/8.3.0/win64.o/nt\lib\gcc\x86_64-w64-mingw32\8.3.0\include\c++\cmath:223->firmware/nnet_utils/nnet_activation.h:131->firmware/nnet_utils/nnet_activation.h:159) [53]  (3.644 ns)

 <State 11>: 3.644ns
The critical path consists of the following:
	'fexp' operation 32 bit ('tmp_4', C:/Xilinx/Vitis/2024.2/tps/mingw/8.3.0/win64.o/nt\lib\gcc\x86_64-w64-mingw32\8.3.0\include\c++\cmath:223->firmware/nnet_utils/nnet_activation.h:131->firmware/nnet_utils/nnet_activation.h:159) [53]  (3.644 ns)

 <State 12>: 3.644ns
The critical path consists of the following:
	'fexp' operation 32 bit ('tmp_4', C:/Xilinx/Vitis/2024.2/tps/mingw/8.3.0/win64.o/nt\lib\gcc\x86_64-w64-mingw32\8.3.0\include\c++\cmath:223->firmware/nnet_utils/nnet_activation.h:131->firmware/nnet_utils/nnet_activation.h:159) [53]  (3.644 ns)

 <State 13>: 3.644ns
The critical path consists of the following:
	'fexp' operation 32 bit ('tmp_4', C:/Xilinx/Vitis/2024.2/tps/mingw/8.3.0/win64.o/nt\lib\gcc\x86_64-w64-mingw32\8.3.0\include\c++\cmath:223->firmware/nnet_utils/nnet_activation.h:131->firmware/nnet_utils/nnet_activation.h:159) [53]  (3.644 ns)

 <State 14>: 3.644ns
The critical path consists of the following:
	'fexp' operation 32 bit ('tmp_4', C:/Xilinx/Vitis/2024.2/tps/mingw/8.3.0/win64.o/nt\lib\gcc\x86_64-w64-mingw32\8.3.0\include\c++\cmath:223->firmware/nnet_utils/nnet_activation.h:131->firmware/nnet_utils/nnet_activation.h:159) [53]  (3.644 ns)

 <State 15>: 3.644ns
The critical path consists of the following:
	'fexp' operation 32 bit ('tmp_4', C:/Xilinx/Vitis/2024.2/tps/mingw/8.3.0/win64.o/nt\lib\gcc\x86_64-w64-mingw32\8.3.0\include\c++\cmath:223->firmware/nnet_utils/nnet_activation.h:131->firmware/nnet_utils/nnet_activation.h:159) [53]  (3.644 ns)

 <State 16>: 3.644ns
The critical path consists of the following:
	'fexp' operation 32 bit ('tmp_4', C:/Xilinx/Vitis/2024.2/tps/mingw/8.3.0/win64.o/nt\lib\gcc\x86_64-w64-mingw32\8.3.0\include\c++\cmath:223->firmware/nnet_utils/nnet_activation.h:131->firmware/nnet_utils/nnet_activation.h:159) [53]  (3.644 ns)

 <State 17>: 2.306ns
The critical path consists of the following:
	'fpext' operation 64 bit ('pf', firmware/nnet_utils/nnet_activation.h:159) [54]  (2.306 ns)

 <State 18>: 3.392ns
The critical path consists of the following:
	'fpext' operation 64 bit ('pf', firmware/nnet_utils/nnet_activation.h:159) [54]  (2.306 ns)
	'icmp' operation 1 bit ('icmp_ln159', firmware/nnet_utils/nnet_activation.h:159) [65]  (1.086 ns)

 <State 19>: 3.192ns
The critical path consists of the following:
	'sub' operation 12 bit ('sub_ln159_1', firmware/nnet_utils/nnet_activation.h:159) [66]  (0.809 ns)
	'icmp' operation 1 bit ('icmp_ln159_1', firmware/nnet_utils/nnet_activation.h:159) [68]  (0.809 ns)
	'add' operation 12 bit ('add_ln159_3', firmware/nnet_utils/nnet_activation.h:159) [104]  (0.798 ns)
	'icmp' operation 1 bit ('icmp_ln159_6', firmware/nnet_utils/nnet_activation.h:159) [106]  (0.776 ns)

 <State 20>: 3.605ns
The critical path consists of the following:
	'lshr' operation 54 bit ('lshr_ln159', firmware/nnet_utils/nnet_activation.h:159) [122]  (1.506 ns)
	'icmp' operation 1 bit ('icmp_ln159_11', firmware/nnet_utils/nnet_activation.h:159) [124]  (1.099 ns)
	'select' operation 1 bit ('Range2_all_ones_1_i', firmware/nnet_utils/nnet_activation.h:159) [127]  (0.287 ns)
	'and' operation 1 bit ('and_ln159_2', firmware/nnet_utils/nnet_activation.h:159) [129]  (0.287 ns)
	'sparsemux' operation 1 bit ('Range1_all_ones_2_i', firmware/nnet_utils/nnet_activation.h:159) [140]  (0.427 ns)

 <State 21>: 2.812ns
The critical path consists of the following:
	'xor' operation 1 bit ('not_icmp_ln159_749', firmware/nnet_utils/nnet_activation.h:159) [148]  (0.287 ns)
	'or' operation 1 bit ('deleted_ones_0_i', firmware/nnet_utils/nnet_activation.h:159) [149]  (0.287 ns)
	'and' operation 1 bit ('and_ln159_7', firmware/nnet_utils/nnet_activation.h:159) [158]  (0.000 ns)
	'xor' operation 1 bit ('xor_ln159_7', firmware/nnet_utils/nnet_activation.h:159) [159]  (0.287 ns)
	'and' operation 1 bit ('and_ln159_8', firmware/nnet_utils/nnet_activation.h:159) [160]  (0.000 ns)
	'or' operation 1 bit ('or_ln159_3', firmware/nnet_utils/nnet_activation.h:159) [161]  (0.000 ns)
	'and' operation 1 bit ('and_ln159_14', firmware/nnet_utils/nnet_activation.h:159) [164]  (0.000 ns)
	'and' operation 1 bit ('and_ln159_15', firmware/nnet_utils/nnet_activation.h:159) [165]  (0.000 ns)
	'sparsemux' operation 16 bit ('exp_x', firmware/nnet_utils/nnet_activation.h:159) [167]  (0.427 ns)
	'store' operation 0 bit ('store_ln160', firmware/nnet_utils/nnet_activation.h:160) of variable 'exp_x', firmware/nnet_utils/nnet_activation.h:159 on array 'table_out' [169]  (1.237 ns)
	blocking operation 0.287 ns on control path)


============================================================
+ Verbose Summary: Binding
============================================================
N/A
* FSMD analyzer results:
  - Output states:
 - Input state : 
  - Chain level:
	State 1
	State 2
	State 3
	State 4
	State 5
	State 6
	State 7
	State 8
	State 9
	State 10
	State 11
	State 12
	State 13
	State 14
	State 15
	State 16
	State 17
	State 18
	State 19
	State 20
	State 21


============================================================
+ Verbose Summary: Datapath Resource usage 
============================================================
N/A
