C:\Users\OmilosNeonTexn\Desktop\fpga_cnn_hls4ml\hls4ml_init\hls4ml_cnn_zcu106\myproject_prj\solution1\.autopilot\db\myproject.pp.0.cpp:26700:5: warning: Added loop label VITIS_LOOP_676_1:   [xilinx-label-all-loops]
    for (unsigned i = low; i != high+1; ++i) {
    ^~~
    VITIS_LOOP_676_1: 
C:\Users\OmilosNeonTexn\Desktop\fpga_cnn_hls4ml\hls4ml_init\hls4ml_cnn_zcu106\myproject_prj\solution1\.autopilot\db\myproject.pp.0.cpp:26700:5: note: FIX-IT applied suggested code changes
C:\Users\OmilosNeonTexn\Desktop\fpga_cnn_hls4ml\hls4ml_init\hls4ml_cnn_zcu106\myproject_prj\solution1\.autopilot\db\myproject.pp.0.cpp:26714:5: warning: Added loop label VITIS_LOOP_690_1:   [xilinx-label-all-loops]
    for (unsigned i = low; i != high+1; ++i) {
    ^~~
    VITIS_LOOP_690_1: 
C:\Users\OmilosNeonTexn\Desktop\fpga_cnn_hls4ml\hls4ml_init\hls4ml_cnn_zcu106\myproject_prj\solution1\.autopilot\db\myproject.pp.0.cpp:26714:5: note: FIX-IT applied suggested code changes
C:\Users\OmilosNeonTexn\Desktop\fpga_cnn_hls4ml\hls4ml_init\hls4ml_cnn_zcu106\myproject_prj\solution1\.autopilot\db\myproject.pp.0.cpp:26728:5: warning: Added loop label VITIS_LOOP_704_1:   [xilinx-label-all-loops]
    for (unsigned i = low; i != high+1; ++i) {
    ^~~
    VITIS_LOOP_704_1: 
C:\Users\OmilosNeonTexn\Desktop\fpga_cnn_hls4ml\hls4ml_init\hls4ml_cnn_zcu106\myproject_prj\solution1\.autopilot\db\myproject.pp.0.cpp:26728:5: note: FIX-IT applied suggested code changes
C:\Users\OmilosNeonTexn\Desktop\fpga_cnn_hls4ml\hls4ml_init\hls4ml_cnn_zcu106\myproject_prj\solution1\.autopilot\db\myproject.pp.0.cpp:28350:7: warning: Added loop label VITIS_LOOP_1248_1:   [xilinx-label-all-loops]
      for (i = 0; i < __N - 1; ++i) {
      ^~~
      VITIS_LOOP_1248_1: 
C:\Users\OmilosNeonTexn\Desktop\fpga_cnn_hls4ml\hls4ml_init\hls4ml_cnn_zcu106\myproject_prj\solution1\.autopilot\db\myproject.pp.0.cpp:28350:7: note: FIX-IT applied suggested code changes
C:\Users\OmilosNeonTexn\Desktop\fpga_cnn_hls4ml\hls4ml_init\hls4ml_cnn_zcu106\myproject_prj\solution1\.autopilot\db\myproject.pp.0.cpp:30371:9: warning: Added loop label VITIS_LOOP_27_1:   [xilinx-label-all-loops]
        for (unsigned i = 0; i < N; i++) {
        ^~~
        VITIS_LOOP_27_1: 
C:\Users\OmilosNeonTexn\Desktop\fpga_cnn_hls4ml\hls4ml_init\hls4ml_cnn_zcu106\myproject_prj\solution1\.autopilot\db\myproject.pp.0.cpp:30371:9: note: FIX-IT applied suggested code changes
C:\Users\OmilosNeonTexn\Desktop\fpga_cnn_hls4ml\hls4ml_init\hls4ml_cnn_zcu106\myproject_prj\solution1\.autopilot\db\myproject.pp.0.cpp:30383:9: warning: Added loop label VITIS_LOOP_39_1:   [xilinx-label-all-loops]
        for (unsigned i = 0; i < N; i++) {
        ^~~
        VITIS_LOOP_39_1: 
C:\Users\OmilosNeonTexn\Desktop\fpga_cnn_hls4ml\hls4ml_init\hls4ml_cnn_zcu106\myproject_prj\solution1\.autopilot\db\myproject.pp.0.cpp:30383:9: note: FIX-IT applied suggested code changes
C:\Users\OmilosNeonTexn\Desktop\fpga_cnn_hls4ml\hls4ml_init\hls4ml_cnn_zcu106\myproject_prj\solution1\.autopilot\db\myproject.pp.0.cpp:30400:9: warning: Added loop label VITIS_LOOP_56_1:   [xilinx-label-all-loops]
        for (size_t i = 0; i < N; i++) {
        ^~~
        VITIS_LOOP_56_1: 
C:\Users\OmilosNeonTexn\Desktop\fpga_cnn_hls4ml\hls4ml_init\hls4ml_cnn_zcu106\myproject_prj\solution1\.autopilot\db\myproject.pp.0.cpp:30400:9: note: FIX-IT applied suggested code changes
C:\Users\OmilosNeonTexn\Desktop\fpga_cnn_hls4ml\hls4ml_init\hls4ml_cnn_zcu106\myproject_prj\solution1\.autopilot\db\myproject.pp.0.cpp:51152:5: warning: Added loop label VITIS_LOOP_265_1:   [xilinx-label-all-loops]
    for (typename std::vector<src_T>::const_iterator i = in_begin; i != in_end; ++i) {
    ^~~
    VITIS_LOOP_265_1: 
C:\Users\OmilosNeonTexn\Desktop\fpga_cnn_hls4ml\hls4ml_init\hls4ml_cnn_zcu106\myproject_prj\solution1\.autopilot\db\myproject.pp.0.cpp:51152:5: note: FIX-IT applied suggested code changes
C:\Users\OmilosNeonTexn\Desktop\fpga_cnn_hls4ml\hls4ml_init\hls4ml_cnn_zcu106\myproject_prj\solution1\.autopilot\db\myproject.pp.0.cpp:51162:5: warning: Added loop label VITIS_LOOP_275_1:   [xilinx-label-all-loops]
    for (auto i = 0; i < SIZE; i++)
    ^~~
    VITIS_LOOP_275_1: 
C:\Users\OmilosNeonTexn\Desktop\fpga_cnn_hls4ml\hls4ml_init\hls4ml_cnn_zcu106\myproject_prj\solution1\.autopilot\db\myproject.pp.0.cpp:51162:5: note: FIX-IT applied suggested code changes
C:\Users\OmilosNeonTexn\Desktop\fpga_cnn_hls4ml\hls4ml_init\hls4ml_cnn_zcu106\myproject_prj\solution1\.autopilot\db\myproject.pp.0.cpp:51173:5: warning: Added loop label VITIS_LOOP_286_1:   [xilinx-label-all-loops]
    for (int i = 0; i < SIZE; i++) {
    ^~~
    VITIS_LOOP_286_1: 
C:\Users\OmilosNeonTexn\Desktop\fpga_cnn_hls4ml\hls4ml_init\hls4ml_cnn_zcu106\myproject_prj\solution1\.autopilot\db\myproject.pp.0.cpp:51173:5: note: FIX-IT applied suggested code changes
C:\Users\OmilosNeonTexn\Desktop\fpga_cnn_hls4ml\hls4ml_init\hls4ml_cnn_zcu106\myproject_prj\solution1\.autopilot\db\myproject.pp.0.cpp:51180:5: warning: Added loop label VITIS_LOOP_293_1:   [xilinx-label-all-loops]
    for (int i = 0; i < SIZE / res_T::size; i++) {
    ^~~
    VITIS_LOOP_293_1: 
C:\Users\OmilosNeonTexn\Desktop\fpga_cnn_hls4ml\hls4ml_init\hls4ml_cnn_zcu106\myproject_prj\solution1\.autopilot\db\myproject.pp.0.cpp:51180:5: note: FIX-IT applied suggested code changes
C:\Users\OmilosNeonTexn\Desktop\fpga_cnn_hls4ml\hls4ml_init\hls4ml_cnn_zcu106\myproject_prj\solution1\.autopilot\db\myproject.pp.0.cpp:51182:9: warning: Added loop label VITIS_LOOP_295_2:   [xilinx-label-all-loops]
        for (int j = 0; j < res_T::size; j++) {
        ^~~
        VITIS_LOOP_295_2: 
C:\Users\OmilosNeonTexn\Desktop\fpga_cnn_hls4ml\hls4ml_init\hls4ml_cnn_zcu106\myproject_prj\solution1\.autopilot\db\myproject.pp.0.cpp:51182:9: note: FIX-IT applied suggested code changes
C:\Users\OmilosNeonTexn\Desktop\fpga_cnn_hls4ml\hls4ml_init\hls4ml_cnn_zcu106\myproject_prj\solution1\.autopilot\db\myproject.pp.0.cpp:51194:5: warning: Added loop label VITIS_LOOP_307_1:   [xilinx-label-all-loops]
    for (int i = 0; i < SIZE / data_T::size; i++) {
    ^~~
    VITIS_LOOP_307_1: 
C:\Users\OmilosNeonTexn\Desktop\fpga_cnn_hls4ml\hls4ml_init\hls4ml_cnn_zcu106\myproject_prj\solution1\.autopilot\db\myproject.pp.0.cpp:51194:5: note: FIX-IT applied suggested code changes
C:\Users\OmilosNeonTexn\Desktop\fpga_cnn_hls4ml\hls4ml_init\hls4ml_cnn_zcu106\myproject_prj\solution1\.autopilot\db\myproject.pp.0.cpp:51196:9: warning: Added loop label VITIS_LOOP_309_2:   [xilinx-label-all-loops]
        for (int j = 0; j < data_T::size; j++) {
        ^~~
        VITIS_LOOP_309_2: 
C:\Users\OmilosNeonTexn\Desktop\fpga_cnn_hls4ml\hls4ml_init\hls4ml_cnn_zcu106\myproject_prj\solution1\.autopilot\db\myproject.pp.0.cpp:51196:9: note: FIX-IT applied suggested code changes
C:\Users\OmilosNeonTexn\Desktop\fpga_cnn_hls4ml\hls4ml_init\hls4ml_cnn_zcu106\myproject_prj\solution1\.autopilot\db\myproject.pp.0.cpp:51211:5: warning: Added loop label VITIS_LOOP_324_1:   [xilinx-label-all-loops]
    for (int ii = 0; ii < nrows; ii++) {
    ^~~
    VITIS_LOOP_324_1: 
C:\Users\OmilosNeonTexn\Desktop\fpga_cnn_hls4ml\hls4ml_init\hls4ml_cnn_zcu106\myproject_prj\solution1\.autopilot\db\myproject.pp.0.cpp:51211:5: note: FIX-IT applied suggested code changes
C:\Users\OmilosNeonTexn\Desktop\fpga_cnn_hls4ml\hls4ml_init\hls4ml_cnn_zcu106\myproject_prj\solution1\.autopilot\db\myproject.pp.0.cpp:51231:5: warning: Added loop label VITIS_LOOP_344_1:   [xilinx-label-all-loops]
    for (int ii = 0; ii < nrows; ii++) {
    ^~~
    VITIS_LOOP_344_1: 
C:\Users\OmilosNeonTexn\Desktop\fpga_cnn_hls4ml\hls4ml_init\hls4ml_cnn_zcu106\myproject_prj\solution1\.autopilot\db\myproject.pp.0.cpp:51231:5: note: FIX-IT applied suggested code changes
C:\Users\OmilosNeonTexn\Desktop\fpga_cnn_hls4ml\hls4ml_init\hls4ml_cnn_zcu106\myproject_prj\solution1\.autopilot\db\myproject.pp.0.cpp:51232:9: warning: Added loop label VITIS_LOOP_345_2:   [xilinx-label-all-loops]
        for (int jj = 0; jj < ncols; jj++) {
        ^~~
        VITIS_LOOP_345_2: 
C:\Users\OmilosNeonTexn\Desktop\fpga_cnn_hls4ml\hls4ml_init\hls4ml_cnn_zcu106\myproject_prj\solution1\.autopilot\db\myproject.pp.0.cpp:51232:9: note: FIX-IT applied suggested code changes
C:\Users\OmilosNeonTexn\Desktop\fpga_cnn_hls4ml\hls4ml_init\hls4ml_cnn_zcu106\myproject_prj\solution1\.autopilot\db\myproject.pp.0.cpp:51247:5: warning: Added loop label VITIS_LOOP_360_1:   [xilinx-label-all-loops]
    for (int ii = 0; ii < N_IN; ii++) {
    ^~~
    VITIS_LOOP_360_1: 
C:\Users\OmilosNeonTexn\Desktop\fpga_cnn_hls4ml\hls4ml_init\hls4ml_cnn_zcu106\myproject_prj\solution1\.autopilot\db\myproject.pp.0.cpp:51247:5: note: FIX-IT applied suggested code changes
C:\Users\OmilosNeonTexn\Desktop\fpga_cnn_hls4ml\hls4ml_init\hls4ml_cnn_zcu106\myproject_prj\solution1\.autopilot\db\myproject.pp.0.cpp:51254:5: warning: Added loop label VITIS_LOOP_367_1:   [xilinx-label-all-loops]
    for (int ii = 0; ii < N_IN; ii++) {
    ^~~
    VITIS_LOOP_367_1: 
C:\Users\OmilosNeonTexn\Desktop\fpga_cnn_hls4ml\hls4ml_init\hls4ml_cnn_zcu106\myproject_prj\solution1\.autopilot\db\myproject.pp.0.cpp:51254:5: note: FIX-IT applied suggested code changes
C:\Users\OmilosNeonTexn\Desktop\fpga_cnn_hls4ml\hls4ml_init\hls4ml_cnn_zcu106\myproject_prj\solution1\.autopilot\db\myproject.pp.0.cpp:51564:5: warning: Added loop label VITIS_LOOP_136_1:   [xilinx-label-all-loops]
    for (int ii = 0; ii < CONFIG_T::out_width / CONFIG_T::n_partitions; ii++) {
    ^~~
    VITIS_LOOP_136_1: 
C:\Users\OmilosNeonTexn\Desktop\fpga_cnn_hls4ml\hls4ml_init\hls4ml_cnn_zcu106\myproject_prj\solution1\.autopilot\db\myproject.pp.0.cpp:51564:5: note: FIX-IT applied suggested code changes
C:\Users\OmilosNeonTexn\Desktop\fpga_cnn_hls4ml\hls4ml_init\hls4ml_cnn_zcu106\myproject_prj\solution1\.autopilot\db\myproject.pp.0.cpp:51565:9: warning: Added loop label VITIS_LOOP_137_2:   [xilinx-label-all-loops]
        for (int ff = 0; ff < CONFIG_T::n_filt; ff++) {
        ^~~
        VITIS_LOOP_137_2: 
C:\Users\OmilosNeonTexn\Desktop\fpga_cnn_hls4ml\hls4ml_init\hls4ml_cnn_zcu106\myproject_prj\solution1\.autopilot\db\myproject.pp.0.cpp:51565:9: note: FIX-IT applied suggested code changes
C:\Users\OmilosNeonTexn\Desktop\fpga_cnn_hls4ml\hls4ml_init\hls4ml_cnn_zcu106\myproject_prj\solution1\.autopilot\db\myproject.pp.0.cpp:51586:5: warning: Added loop label VITIS_LOOP_158_3:   [xilinx-label-all-loops]
    for (int ii = 0; ii < CONFIG_T::out_width / CONFIG_T::n_partitions; ii++) {
    ^~~
    VITIS_LOOP_158_3: 
C:\Users\OmilosNeonTexn\Desktop\fpga_cnn_hls4ml\hls4ml_init\hls4ml_cnn_zcu106\myproject_prj\solution1\.autopilot\db\myproject.pp.0.cpp:51586:5: note: FIX-IT applied suggested code changes
C:\Users\OmilosNeonTexn\Desktop\fpga_cnn_hls4ml\hls4ml_init\hls4ml_cnn_zcu106\myproject_prj\solution1\.autopilot\db\myproject.pp.0.cpp:51587:9: warning: Added loop label VITIS_LOOP_159_4:   [xilinx-label-all-loops]
        for (int ff = 0; ff < CONFIG_T::n_filt; ff++) {
        ^~~
        VITIS_LOOP_159_4: 
C:\Users\OmilosNeonTexn\Desktop\fpga_cnn_hls4ml\hls4ml_init\hls4ml_cnn_zcu106\myproject_prj\solution1\.autopilot\db\myproject.pp.0.cpp:51587:9: note: FIX-IT applied suggested code changes
C:\Users\OmilosNeonTexn\Desktop\fpga_cnn_hls4ml\hls4ml_init\hls4ml_cnn_zcu106\myproject_prj\solution1\.autopilot\db\myproject.pp.0.cpp:51734:2: warning: Added loop label VITIS_LOOP_31_1:   [xilinx-label-all-loops]
 for (int ii = 0; ii < CONFIG_T::n_in; ii++) {
 ^~~
 VITIS_LOOP_31_1: 
C:\Users\OmilosNeonTexn\Desktop\fpga_cnn_hls4ml\hls4ml_init\hls4ml_cnn_zcu106\myproject_prj\solution1\.autopilot\db\myproject.pp.0.cpp:51734:2: note: FIX-IT applied suggested code changes
C:\Users\OmilosNeonTexn\Desktop\fpga_cnn_hls4ml\hls4ml_init\hls4ml_cnn_zcu106\myproject_prj\solution1\.autopilot\db\myproject.pp.0.cpp:51746:5: warning: Added loop label VITIS_LOOP_43_1:   [xilinx-label-all-loops]
    for (int ii = 0; ii < CONFIG_T::n_in; ii++) {
    ^~~
    VITIS_LOOP_43_1: 
C:\Users\OmilosNeonTexn\Desktop\fpga_cnn_hls4ml\hls4ml_init\hls4ml_cnn_zcu106\myproject_prj\solution1\.autopilot\db\myproject.pp.0.cpp:51746:5: note: FIX-IT applied suggested code changes
C:\Users\OmilosNeonTexn\Desktop\fpga_cnn_hls4ml\hls4ml_init\hls4ml_cnn_zcu106\myproject_prj\solution1\.autopilot\db\myproject.pp.0.cpp:51760:5: warning: Added loop label VITIS_LOOP_57_1:   [xilinx-label-all-loops]
    for (int ii = 0; ii < CONFIG_T::n_in; ii++) {
    ^~~
    VITIS_LOOP_57_1: 
C:\Users\OmilosNeonTexn\Desktop\fpga_cnn_hls4ml\hls4ml_init\hls4ml_cnn_zcu106\myproject_prj\solution1\.autopilot\db\myproject.pp.0.cpp:51760:5: note: FIX-IT applied suggested code changes
C:\Users\OmilosNeonTexn\Desktop\fpga_cnn_hls4ml\hls4ml_init\hls4ml_cnn_zcu106\myproject_prj\solution1\.autopilot\db\myproject.pp.0.cpp:51787:5: warning: Added loop label VITIS_LOOP_84_1:   [xilinx-label-all-loops]
    for (int ii = 0; ii < N_TABLE; ii++) {
    ^~~
    VITIS_LOOP_84_1: 
C:\Users\OmilosNeonTexn\Desktop\fpga_cnn_hls4ml\hls4ml_init\hls4ml_cnn_zcu106\myproject_prj\solution1\.autopilot\db\myproject.pp.0.cpp:51787:5: note: FIX-IT applied suggested code changes
C:\Users\OmilosNeonTexn\Desktop\fpga_cnn_hls4ml\hls4ml_init\hls4ml_cnn_zcu106\myproject_prj\solution1\.autopilot\db\myproject.pp.0.cpp:51817:5: warning: Added loop label VITIS_LOOP_114_1:   [xilinx-label-all-loops]
    for (int ii = 0; ii < CONFIG_T::n_in; ii++) {
    ^~~
    VITIS_LOOP_114_1: 
C:\Users\OmilosNeonTexn\Desktop\fpga_cnn_hls4ml\hls4ml_init\hls4ml_cnn_zcu106\myproject_prj\solution1\.autopilot\db\myproject.pp.0.cpp:51817:5: note: FIX-IT applied suggested code changes
C:\Users\OmilosNeonTexn\Desktop\fpga_cnn_hls4ml\hls4ml_init\hls4ml_cnn_zcu106\myproject_prj\solution1\.autopilot\db\myproject.pp.0.cpp:51854:5: warning: Added loop label VITIS_LOOP_151_1:   [xilinx-label-all-loops]
    for (unsigned i = 0; i < CONFIG_T::exp_table_size; i++) {
    ^~~
    VITIS_LOOP_151_1: 
C:\Users\OmilosNeonTexn\Desktop\fpga_cnn_hls4ml\hls4ml_init\hls4ml_cnn_zcu106\myproject_prj\solution1\.autopilot\db\myproject.pp.0.cpp:51854:5: note: FIX-IT applied suggested code changes
C:\Users\OmilosNeonTexn\Desktop\fpga_cnn_hls4ml\hls4ml_init\hls4ml_cnn_zcu106\myproject_prj\solution1\.autopilot\db\myproject.pp.0.cpp:51870:5: warning: Added loop label VITIS_LOOP_167_1:   [xilinx-label-all-loops]
    for (unsigned i = 0; i < CONFIG_T::inv_table_size; i++) {
    ^~~
    VITIS_LOOP_167_1: 
C:\Users\OmilosNeonTexn\Desktop\fpga_cnn_hls4ml\hls4ml_init\hls4ml_cnn_zcu106\myproject_prj\solution1\.autopilot\db\myproject.pp.0.cpp:51870:5: note: FIX-IT applied suggested code changes
C:\Users\OmilosNeonTexn\Desktop\fpga_cnn_hls4ml\hls4ml_init\hls4ml_cnn_zcu106\myproject_prj\solution1\.autopilot\db\myproject.pp.0.cpp:51903:5: warning: Added loop label VITIS_LOOP_200_1:   [xilinx-label-all-loops]
    for (unsigned i = 0; i < CONFIG_T::n_slice; i++) {
    ^~~
    VITIS_LOOP_200_1: 
C:\Users\OmilosNeonTexn\Desktop\fpga_cnn_hls4ml\hls4ml_init\hls4ml_cnn_zcu106\myproject_prj\solution1\.autopilot\db\myproject.pp.0.cpp:51903:5: note: FIX-IT applied suggested code changes
C:\Users\OmilosNeonTexn\Desktop\fpga_cnn_hls4ml\hls4ml_init\hls4ml_cnn_zcu106\myproject_prj\solution1\.autopilot\db\myproject.pp.0.cpp:51916:5: warning: Added loop label VITIS_LOOP_213_2:   [xilinx-label-all-loops]
    for (unsigned i = 0; i < CONFIG_T::n_slice; i++) {
    ^~~
    VITIS_LOOP_213_2: 
C:\Users\OmilosNeonTexn\Desktop\fpga_cnn_hls4ml\hls4ml_init\hls4ml_cnn_zcu106\myproject_prj\solution1\.autopilot\db\myproject.pp.0.cpp:51916:5: note: FIX-IT applied suggested code changes
C:\Users\OmilosNeonTexn\Desktop\fpga_cnn_hls4ml\hls4ml_init\hls4ml_cnn_zcu106\myproject_prj\solution1\.autopilot\db\myproject.pp.0.cpp:51949:5: warning: Added loop label VITIS_LOOP_246_1:   [xilinx-label-all-loops]
    for (unsigned i = 0; i < CONFIG_T::n_slice; i++) {
    ^~~
    VITIS_LOOP_246_1: 
C:\Users\OmilosNeonTexn\Desktop\fpga_cnn_hls4ml\hls4ml_init\hls4ml_cnn_zcu106\myproject_prj\solution1\.autopilot\db\myproject.pp.0.cpp:51949:5: note: FIX-IT applied suggested code changes
C:\Users\OmilosNeonTexn\Desktop\fpga_cnn_hls4ml\hls4ml_init\hls4ml_cnn_zcu106\myproject_prj\solution1\.autopilot\db\myproject.pp.0.cpp:51958:5: warning: Added loop label VITIS_LOOP_255_2:   [xilinx-label-all-loops]
    for (unsigned i = 0; i < CONFIG_T::n_slice; i++) {
    ^~~
    VITIS_LOOP_255_2: 
C:\Users\OmilosNeonTexn\Desktop\fpga_cnn_hls4ml\hls4ml_init\hls4ml_cnn_zcu106\myproject_prj\solution1\.autopilot\db\myproject.pp.0.cpp:51958:5: note: FIX-IT applied suggested code changes
C:\Users\OmilosNeonTexn\Desktop\fpga_cnn_hls4ml\hls4ml_init\hls4ml_cnn_zcu106\myproject_prj\solution1\.autopilot\db\myproject.pp.0.cpp:51971:5: warning: Added loop label VITIS_LOOP_268_3:   [xilinx-label-all-loops]
    for (unsigned i = 0; i < CONFIG_T::n_slice; i++) {
    ^~~
    VITIS_LOOP_268_3: 
C:\Users\OmilosNeonTexn\Desktop\fpga_cnn_hls4ml\hls4ml_init\hls4ml_cnn_zcu106\myproject_prj\solution1\.autopilot\db\myproject.pp.0.cpp:51971:5: note: FIX-IT applied suggested code changes
C:\Users\OmilosNeonTexn\Desktop\fpga_cnn_hls4ml\hls4ml_init\hls4ml_cnn_zcu106\myproject_prj\solution1\.autopilot\db\myproject.pp.0.cpp:51978:5: warning: Added loop label VITIS_LOOP_275_1:   [xilinx-label-all-loops]
    for (int ii = 0; ii < N_TABLE; ii++) {
    ^~~
    VITIS_LOOP_275_1: 
C:\Users\OmilosNeonTexn\Desktop\fpga_cnn_hls4ml\hls4ml_init\hls4ml_cnn_zcu106\myproject_prj\solution1\.autopilot\db\myproject.pp.0.cpp:51978:5: note: FIX-IT applied suggested code changes
C:\Users\OmilosNeonTexn\Desktop\fpga_cnn_hls4ml\hls4ml_init\hls4ml_cnn_zcu106\myproject_prj\solution1\.autopilot\db\myproject.pp.0.cpp:51991:5: warning: Added loop label VITIS_LOOP_288_1:   [xilinx-label-all-loops]
    for (int ii = 0; ii < N_TABLE; ii++) {
    ^~~
    VITIS_LOOP_288_1: 
C:\Users\OmilosNeonTexn\Desktop\fpga_cnn_hls4ml\hls4ml_init\hls4ml_cnn_zcu106\myproject_prj\solution1\.autopilot\db\myproject.pp.0.cpp:51991:5: note: FIX-IT applied suggested code changes
C:\Users\OmilosNeonTexn\Desktop\fpga_cnn_hls4ml\hls4ml_init\hls4ml_cnn_zcu106\myproject_prj\solution1\.autopilot\db\myproject.pp.0.cpp:52028:5: warning: Added loop label VITIS_LOOP_325_1:   [xilinx-label-all-loops]
    for (int ii = 0; ii < CONFIG_T::n_slice; ii++) {
    ^~~
    VITIS_LOOP_325_1: 
C:\Users\OmilosNeonTexn\Desktop\fpga_cnn_hls4ml\hls4ml_init\hls4ml_cnn_zcu106\myproject_prj\solution1\.autopilot\db\myproject.pp.0.cpp:52028:5: note: FIX-IT applied suggested code changes
C:\Users\OmilosNeonTexn\Desktop\fpga_cnn_hls4ml\hls4ml_init\hls4ml_cnn_zcu106\myproject_prj\solution1\.autopilot\db\myproject.pp.0.cpp:52033:5: warning: Added loop label VITIS_LOOP_330_2:   [xilinx-label-all-loops]
    for (int ii = 0; ii < CONFIG_T::n_slice; ii++) {
    ^~~
    VITIS_LOOP_330_2: 
C:\Users\OmilosNeonTexn\Desktop\fpga_cnn_hls4ml\hls4ml_init\hls4ml_cnn_zcu106\myproject_prj\solution1\.autopilot\db\myproject.pp.0.cpp:52033:5: note: FIX-IT applied suggested code changes
C:\Users\OmilosNeonTexn\Desktop\fpga_cnn_hls4ml\hls4ml_init\hls4ml_cnn_zcu106\myproject_prj\solution1\.autopilot\db\myproject.pp.0.cpp:52034:9: warning: Added loop label VITIS_LOOP_331_3:   [xilinx-label-all-loops]
        for (int jj = 0; jj < CONFIG_T::n_slice; jj++) {
        ^~~
        VITIS_LOOP_331_3: 
C:\Users\OmilosNeonTexn\Desktop\fpga_cnn_hls4ml\hls4ml_init\hls4ml_cnn_zcu106\myproject_prj\solution1\.autopilot\db\myproject.pp.0.cpp:52034:9: note: FIX-IT applied suggested code changes
C:\Users\OmilosNeonTexn\Desktop\fpga_cnn_hls4ml\hls4ml_init\hls4ml_cnn_zcu106\myproject_prj\solution1\.autopilot\db\myproject.pp.0.cpp:52051:5: warning: Added loop label VITIS_LOOP_348_4:   [xilinx-label-all-loops]
    for (int ii = 0; ii < CONFIG_T::n_slice; ii++) {
    ^~~
    VITIS_LOOP_348_4: 
C:\Users\OmilosNeonTexn\Desktop\fpga_cnn_hls4ml\hls4ml_init\hls4ml_cnn_zcu106\myproject_prj\solution1\.autopilot\db\myproject.pp.0.cpp:52051:5: note: FIX-IT applied suggested code changes
C:\Users\OmilosNeonTexn\Desktop\fpga_cnn_hls4ml\hls4ml_init\hls4ml_cnn_zcu106\myproject_prj\solution1\.autopilot\db\myproject.pp.0.cpp:52064:5: warning: Added loop label VITIS_LOOP_361_1:   [xilinx-label-all-loops]
    for (int i = 0; i < CONFIG_T::n_slice; i++) {
    ^~~
    VITIS_LOOP_361_1: 
C:\Users\OmilosNeonTexn\Desktop\fpga_cnn_hls4ml\hls4ml_init\hls4ml_cnn_zcu106\myproject_prj\solution1\.autopilot\db\myproject.pp.0.cpp:52064:5: note: FIX-IT applied suggested code changes
C:\Users\OmilosNeonTexn\Desktop\fpga_cnn_hls4ml\hls4ml_init\hls4ml_cnn_zcu106\myproject_prj\solution1\.autopilot\db\myproject.pp.0.cpp:52072:5: warning: Added loop label VITIS_LOOP_369_2:   [xilinx-label-all-loops]
    for (int i = 1; i < CONFIG_T::n_slice; i++) {
    ^~~
    VITIS_LOOP_369_2: 
C:\Users\OmilosNeonTexn\Desktop\fpga_cnn_hls4ml\hls4ml_init\hls4ml_cnn_zcu106\myproject_prj\solution1\.autopilot\db\myproject.pp.0.cpp:52072:5: note: FIX-IT applied suggested code changes
C:\Users\OmilosNeonTexn\Desktop\fpga_cnn_hls4ml\hls4ml_init\hls4ml_cnn_zcu106\myproject_prj\solution1\.autopilot\db\myproject.pp.0.cpp:52108:5: warning: Added loop label VITIS_LOOP_405_1:   [xilinx-label-all-loops]
    for (signed i = 0; i < CONFIG_T::n_outer; i++) {
    ^~~
    VITIS_LOOP_405_1: 
C:\Users\OmilosNeonTexn\Desktop\fpga_cnn_hls4ml\hls4ml_init\hls4ml_cnn_zcu106\myproject_prj\solution1\.autopilot\db\myproject.pp.0.cpp:52108:5: note: FIX-IT applied suggested code changes
C:\Users\OmilosNeonTexn\Desktop\fpga_cnn_hls4ml\hls4ml_init\hls4ml_cnn_zcu106\myproject_prj\solution1\.autopilot\db\myproject.pp.0.cpp:52110:2: warning: Added loop label VITIS_LOOP_407_2:   [xilinx-label-all-loops]
 for (signed k = 0; k < CONFIG_T::n_inner; k++) {
 ^~~
 VITIS_LOOP_407_2: 
C:\Users\OmilosNeonTexn\Desktop\fpga_cnn_hls4ml\hls4ml_init\hls4ml_cnn_zcu106\myproject_prj\solution1\.autopilot\db\myproject.pp.0.cpp:52110:2: note: FIX-IT applied suggested code changes
C:\Users\OmilosNeonTexn\Desktop\fpga_cnn_hls4ml\hls4ml_init\hls4ml_cnn_zcu106\myproject_prj\solution1\.autopilot\db\myproject.pp.0.cpp:52112:2: warning: Added loop label VITIS_LOOP_409_3:   [xilinx-label-all-loops]
 for (signed j = 0; j < CONFIG_T::n_slice; j++) {
 ^~~
 VITIS_LOOP_409_3: 
C:\Users\OmilosNeonTexn\Desktop\fpga_cnn_hls4ml\hls4ml_init\hls4ml_cnn_zcu106\myproject_prj\solution1\.autopilot\db\myproject.pp.0.cpp:52112:2: note: FIX-IT applied suggested code changes
C:\Users\OmilosNeonTexn\Desktop\fpga_cnn_hls4ml\hls4ml_init\hls4ml_cnn_zcu106\myproject_prj\solution1\.autopilot\db\myproject.pp.0.cpp:52117:13: warning: Added loop label VITIS_LOOP_414_4:   [xilinx-label-all-loops]
            for (signed j = 0; j < CONFIG_T::n_slice; j++) {
            ^~~
            VITIS_LOOP_414_4: 
C:\Users\OmilosNeonTexn\Desktop\fpga_cnn_hls4ml\hls4ml_init\hls4ml_cnn_zcu106\myproject_prj\solution1\.autopilot\db\myproject.pp.0.cpp:52117:13: note: FIX-IT applied suggested code changes
C:\Users\OmilosNeonTexn\Desktop\fpga_cnn_hls4ml\hls4ml_init\hls4ml_cnn_zcu106\myproject_prj\solution1\.autopilot\db\myproject.pp.0.cpp:52130:5: warning: Added loop label VITIS_LOOP_427_1:   [xilinx-label-all-loops]
    for (int ii = 0; ii < N_TABLE; ii++) {
    ^~~
    VITIS_LOOP_427_1: 
C:\Users\OmilosNeonTexn\Desktop\fpga_cnn_hls4ml\hls4ml_init\hls4ml_cnn_zcu106\myproject_prj\solution1\.autopilot\db\myproject.pp.0.cpp:52130:5: note: FIX-IT applied suggested code changes
C:\Users\OmilosNeonTexn\Desktop\fpga_cnn_hls4ml\hls4ml_init\hls4ml_cnn_zcu106\myproject_prj\solution1\.autopilot\db\myproject.pp.0.cpp:52160:5: warning: Added loop label VITIS_LOOP_457_1:   [xilinx-label-all-loops]
    for (int ii = 0; ii < CONFIG_T::n_in; ii++) {
    ^~~
    VITIS_LOOP_457_1: 
C:\Users\OmilosNeonTexn\Desktop\fpga_cnn_hls4ml\hls4ml_init\hls4ml_cnn_zcu106\myproject_prj\solution1\.autopilot\db\myproject.pp.0.cpp:52160:5: note: FIX-IT applied suggested code changes
C:\Users\OmilosNeonTexn\Desktop\fpga_cnn_hls4ml\hls4ml_init\hls4ml_cnn_zcu106\myproject_prj\solution1\.autopilot\db\myproject.pp.0.cpp:52187:2: warning: Added loop label VITIS_LOOP_484_1:   [xilinx-label-all-loops]
 for (int ii = 0; ii < CONFIG_T::n_in; ii++) {
 ^~~
 VITIS_LOOP_484_1: 
C:\Users\OmilosNeonTexn\Desktop\fpga_cnn_hls4ml\hls4ml_init\hls4ml_cnn_zcu106\myproject_prj\solution1\.autopilot\db\myproject.pp.0.cpp:52187:2: note: FIX-IT applied suggested code changes
C:\Users\OmilosNeonTexn\Desktop\fpga_cnn_hls4ml\hls4ml_init\hls4ml_cnn_zcu106\myproject_prj\solution1\.autopilot\db\myproject.pp.0.cpp:52201:2: warning: Added loop label VITIS_LOOP_498_1:   [xilinx-label-all-loops]
 for (int ii = 0; ii < CONFIG_T::n_in; ii++) {
 ^~~
 VITIS_LOOP_498_1: 
C:\Users\OmilosNeonTexn\Desktop\fpga_cnn_hls4ml\hls4ml_init\hls4ml_cnn_zcu106\myproject_prj\solution1\.autopilot\db\myproject.pp.0.cpp:52201:2: note: FIX-IT applied suggested code changes
C:\Users\OmilosNeonTexn\Desktop\fpga_cnn_hls4ml\hls4ml_init\hls4ml_cnn_zcu106\myproject_prj\solution1\.autopilot\db\myproject.pp.0.cpp:52217:5: warning: Added loop label VITIS_LOOP_514_1:   [xilinx-label-all-loops]
    for (int ii = 0; ii < CONFIG_T::n_in; ii++) {
    ^~~
    VITIS_LOOP_514_1: 
C:\Users\OmilosNeonTexn\Desktop\fpga_cnn_hls4ml\hls4ml_init\hls4ml_cnn_zcu106\myproject_prj\solution1\.autopilot\db\myproject.pp.0.cpp:52217:5: note: FIX-IT applied suggested code changes
C:\Users\OmilosNeonTexn\Desktop\fpga_cnn_hls4ml\hls4ml_init\hls4ml_cnn_zcu106\myproject_prj\solution1\.autopilot\db\myproject.pp.0.cpp:52235:5: warning: Added loop label VITIS_LOOP_532_1:   [xilinx-label-all-loops]
    for (int ii = 0; ii < CONFIG_T::n_in; ii++) {
    ^~~
    VITIS_LOOP_532_1: 
C:\Users\OmilosNeonTexn\Desktop\fpga_cnn_hls4ml\hls4ml_init\hls4ml_cnn_zcu106\myproject_prj\solution1\.autopilot\db\myproject.pp.0.cpp:52235:5: note: FIX-IT applied suggested code changes
C:\Users\OmilosNeonTexn\Desktop\fpga_cnn_hls4ml\hls4ml_init\hls4ml_cnn_zcu106\myproject_prj\solution1\.autopilot\db\myproject.pp.0.cpp:52252:5: warning: Added loop label VITIS_LOOP_549_1:   [xilinx-label-all-loops]
    for (int ii = 0; ii < CONFIG_T::n_in; ii++) {
    ^~~
    VITIS_LOOP_549_1: 
C:\Users\OmilosNeonTexn\Desktop\fpga_cnn_hls4ml\hls4ml_init\hls4ml_cnn_zcu106\myproject_prj\solution1\.autopilot\db\myproject.pp.0.cpp:52252:5: note: FIX-IT applied suggested code changes
C:\Users\OmilosNeonTexn\Desktop\fpga_cnn_hls4ml\hls4ml_init\hls4ml_cnn_zcu106\myproject_prj\solution1\.autopilot\db\myproject.pp.0.cpp:52269:5: warning: Added loop label VITIS_LOOP_566_1:   [xilinx-label-all-loops]
    for (int ii = 0; ii < N_TABLE; ii++) {
    ^~~
    VITIS_LOOP_566_1: 
C:\Users\OmilosNeonTexn\Desktop\fpga_cnn_hls4ml\hls4ml_init\hls4ml_cnn_zcu106\myproject_prj\solution1\.autopilot\db\myproject.pp.0.cpp:52269:5: note: FIX-IT applied suggested code changes
C:\Users\OmilosNeonTexn\Desktop\fpga_cnn_hls4ml\hls4ml_init\hls4ml_cnn_zcu106\myproject_prj\solution1\.autopilot\db\myproject.pp.0.cpp:52299:5: warning: Added loop label VITIS_LOOP_596_1:   [xilinx-label-all-loops]
    for (int ii = 0; ii < CONFIG_T::n_in; ii++) {
    ^~~
    VITIS_LOOP_596_1: 
C:\Users\OmilosNeonTexn\Desktop\fpga_cnn_hls4ml\hls4ml_init\hls4ml_cnn_zcu106\myproject_prj\solution1\.autopilot\db\myproject.pp.0.cpp:52299:5: note: FIX-IT applied suggested code changes
C:\Users\OmilosNeonTexn\Desktop\fpga_cnn_hls4ml\hls4ml_init\hls4ml_cnn_zcu106\myproject_prj\solution1\.autopilot\db\myproject.pp.0.cpp:52318:5: warning: Added loop label VITIS_LOOP_615_1:   [xilinx-label-all-loops]
    for (int ii = 0; ii < N_TABLE; ii++) {
    ^~~
    VITIS_LOOP_615_1: 
C:\Users\OmilosNeonTexn\Desktop\fpga_cnn_hls4ml\hls4ml_init\hls4ml_cnn_zcu106\myproject_prj\solution1\.autopilot\db\myproject.pp.0.cpp:52318:5: note: FIX-IT applied suggested code changes
C:\Users\OmilosNeonTexn\Desktop\fpga_cnn_hls4ml\hls4ml_init\hls4ml_cnn_zcu106\myproject_prj\solution1\.autopilot\db\myproject.pp.0.cpp:52348:5: warning: Added loop label VITIS_LOOP_645_1:   [xilinx-label-all-loops]
    for (int ii = 0; ii < CONFIG_T::n_in; ii++) {
    ^~~
    VITIS_LOOP_645_1: 
C:\Users\OmilosNeonTexn\Desktop\fpga_cnn_hls4ml\hls4ml_init\hls4ml_cnn_zcu106\myproject_prj\solution1\.autopilot\db\myproject.pp.0.cpp:52348:5: note: FIX-IT applied suggested code changes
C:\Users\OmilosNeonTexn\Desktop\fpga_cnn_hls4ml\hls4ml_init\hls4ml_cnn_zcu106\myproject_prj\solution1\.autopilot\db\myproject.pp.0.cpp:52367:5: warning: Added loop label VITIS_LOOP_664_1:   [xilinx-label-all-loops]
    for (int ii = 0; ii < N_TABLE; ii++) {
    ^~~
    VITIS_LOOP_664_1: 
C:\Users\OmilosNeonTexn\Desktop\fpga_cnn_hls4ml\hls4ml_init\hls4ml_cnn_zcu106\myproject_prj\solution1\.autopilot\db\myproject.pp.0.cpp:52367:5: note: FIX-IT applied suggested code changes
C:\Users\OmilosNeonTexn\Desktop\fpga_cnn_hls4ml\hls4ml_init\hls4ml_cnn_zcu106\myproject_prj\solution1\.autopilot\db\myproject.pp.0.cpp:52397:5: warning: Added loop label VITIS_LOOP_694_1:   [xilinx-label-all-loops]
    for (int ii = 0; ii < CONFIG_T::n_in; ii++) {
    ^~~
    VITIS_LOOP_694_1: 
C:\Users\OmilosNeonTexn\Desktop\fpga_cnn_hls4ml\hls4ml_init\hls4ml_cnn_zcu106\myproject_prj\solution1\.autopilot\db\myproject.pp.0.cpp:52397:5: note: FIX-IT applied suggested code changes
C:\Users\OmilosNeonTexn\Desktop\fpga_cnn_hls4ml\hls4ml_init\hls4ml_cnn_zcu106\myproject_prj\solution1\.autopilot\db\myproject.pp.0.cpp:52424:5: warning: Added loop label VITIS_LOOP_721_1:   [xilinx-label-all-loops]
    for (int ii = 0; ii < N_TABLE; ii++) {
    ^~~
    VITIS_LOOP_721_1: 
C:\Users\OmilosNeonTexn\Desktop\fpga_cnn_hls4ml\hls4ml_init\hls4ml_cnn_zcu106\myproject_prj\solution1\.autopilot\db\myproject.pp.0.cpp:52424:5: note: FIX-IT applied suggested code changes
C:\Users\OmilosNeonTexn\Desktop\fpga_cnn_hls4ml\hls4ml_init\hls4ml_cnn_zcu106\myproject_prj\solution1\.autopilot\db\myproject.pp.0.cpp:52452:2: warning: Added loop label VITIS_LOOP_749_1:   [xilinx-label-all-loops]
 for (int ii = 0; ii < CONFIG_T::n_in; ii++) {
 ^~~
 VITIS_LOOP_749_1: 
C:\Users\OmilosNeonTexn\Desktop\fpga_cnn_hls4ml\hls4ml_init\hls4ml_cnn_zcu106\myproject_prj\solution1\.autopilot\db\myproject.pp.0.cpp:52452:2: note: FIX-IT applied suggested code changes
C:\Users\OmilosNeonTexn\Desktop\fpga_cnn_hls4ml\hls4ml_init\hls4ml_cnn_zcu106\myproject_prj\solution1\.autopilot\db\myproject.pp.0.cpp:52482:5: warning: Added loop label VITIS_LOOP_779_1:   [xilinx-label-all-loops]
    for (int ii = 0; ii < CONFIG_T::n_in; ii++) {
    ^~~
    VITIS_LOOP_779_1: 
C:\Users\OmilosNeonTexn\Desktop\fpga_cnn_hls4ml\hls4ml_init\hls4ml_cnn_zcu106\myproject_prj\solution1\.autopilot\db\myproject.pp.0.cpp:52482:5: note: FIX-IT applied suggested code changes
C:\Users\OmilosNeonTexn\Desktop\fpga_cnn_hls4ml\hls4ml_init\hls4ml_cnn_zcu106\myproject_prj\solution1\.autopilot\db\myproject.pp.0.cpp:52511:5: warning: Added loop label VITIS_LOOP_808_1:   [xilinx-label-all-loops]
    for (int ii = 0; ii < CONFIG_T::n_in; ii++) {
    ^~~
    VITIS_LOOP_808_1: 
C:\Users\OmilosNeonTexn\Desktop\fpga_cnn_hls4ml\hls4ml_init\hls4ml_cnn_zcu106\myproject_prj\solution1\.autopilot\db\myproject.pp.0.cpp:52511:5: note: FIX-IT applied suggested code changes
C:\Users\OmilosNeonTexn\Desktop\fpga_cnn_hls4ml\hls4ml_init\hls4ml_cnn_zcu106\myproject_prj\solution1\.autopilot\db\myproject.pp.0.cpp:52531:5: warning: Added loop label VITIS_LOOP_828_1:   [xilinx-label-all-loops]
    for (int ii = 0; ii < CONFIG_T::n_in; ii++) {
    ^~~
    VITIS_LOOP_828_1: 
C:\Users\OmilosNeonTexn\Desktop\fpga_cnn_hls4ml\hls4ml_init\hls4ml_cnn_zcu106\myproject_prj\solution1\.autopilot\db\myproject.pp.0.cpp:52531:5: note: FIX-IT applied suggested code changes
C:\Users\OmilosNeonTexn\Desktop\fpga_cnn_hls4ml\hls4ml_init\hls4ml_cnn_zcu106\myproject_prj\solution1\.autopilot\db\myproject.pp.0.cpp:52776:9: warning: Added loop label VITIS_LOOP_229_1:   [xilinx-label-all-loops]
        for (int i = 0; i < N / data_T::size; i++) {
        ^~~
        VITIS_LOOP_229_1: 
C:\Users\OmilosNeonTexn\Desktop\fpga_cnn_hls4ml\hls4ml_init\hls4ml_cnn_zcu106\myproject_prj\solution1\.autopilot\db\myproject.pp.0.cpp:52776:9: note: FIX-IT applied suggested code changes
C:\Users\OmilosNeonTexn\Desktop\fpga_cnn_hls4ml\hls4ml_init\hls4ml_cnn_zcu106\myproject_prj\solution1\.autopilot\db\myproject.pp.0.cpp:52783:13: warning: Added loop label VITIS_LOOP_236_2:   [xilinx-label-all-loops]
            for (int j = 0; j < data_T::size; j++) {
            ^~~
            VITIS_LOOP_236_2: 
C:\Users\OmilosNeonTexn\Desktop\fpga_cnn_hls4ml\hls4ml_init\hls4ml_cnn_zcu106\myproject_prj\solution1\.autopilot\db\myproject.pp.0.cpp:52783:13: note: FIX-IT applied suggested code changes
C:\Users\OmilosNeonTexn\Desktop\fpga_cnn_hls4ml\hls4ml_init\hls4ml_cnn_zcu106\myproject_prj\solution1\.autopilot\db\myproject.pp.0.cpp:52792:9: warning: Added loop label VITIS_LOOP_245_3:   [xilinx-label-all-loops]
        for (int i = 0; i < N / data_T::size; i++) {
        ^~~
        VITIS_LOOP_245_3: 
C:\Users\OmilosNeonTexn\Desktop\fpga_cnn_hls4ml\hls4ml_init\hls4ml_cnn_zcu106\myproject_prj\solution1\.autopilot\db\myproject.pp.0.cpp:52792:9: note: FIX-IT applied suggested code changes
C:\Users\OmilosNeonTexn\Desktop\fpga_cnn_hls4ml\hls4ml_init\hls4ml_cnn_zcu106\myproject_prj\solution1\.autopilot\db\myproject.pp.0.cpp:52801:13: warning: Added loop label VITIS_LOOP_254_4:   [xilinx-label-all-loops]
            for (int j = 0; j < pack_diff; j++) {
            ^~~
            VITIS_LOOP_254_4: 
C:\Users\OmilosNeonTexn\Desktop\fpga_cnn_hls4ml\hls4ml_init\hls4ml_cnn_zcu106\myproject_prj\solution1\.autopilot\db\myproject.pp.0.cpp:52801:13: note: FIX-IT applied suggested code changes
C:\Users\OmilosNeonTexn\Desktop\fpga_cnn_hls4ml\hls4ml_init\hls4ml_cnn_zcu106\myproject_prj\solution1\.autopilot\db\myproject.pp.0.cpp:52805:17: warning: Added loop label VITIS_LOOP_258_5:   [xilinx-label-all-loops]
                for (int k = 0; k < res_T::size; k++) {
                ^~~
                VITIS_LOOP_258_5: 
C:\Users\OmilosNeonTexn\Desktop\fpga_cnn_hls4ml\hls4ml_init\hls4ml_cnn_zcu106\myproject_prj\solution1\.autopilot\db\myproject.pp.0.cpp:52805:17: note: FIX-IT applied suggested code changes
C:\Users\OmilosNeonTexn\Desktop\fpga_cnn_hls4ml\hls4ml_init\hls4ml_cnn_zcu106\myproject_prj\solution1\.autopilot\db\myproject.pp.0.cpp:52816:9: warning: Added loop label VITIS_LOOP_269_6:   [xilinx-label-all-loops]
        for (int i = 0; i < N / data_T::size; i++) {
        ^~~
        VITIS_LOOP_269_6: 
C:\Users\OmilosNeonTexn\Desktop\fpga_cnn_hls4ml\hls4ml_init\hls4ml_cnn_zcu106\myproject_prj\solution1\.autopilot\db\myproject.pp.0.cpp:52816:9: note: FIX-IT applied suggested code changes
C:\Users\OmilosNeonTexn\Desktop\fpga_cnn_hls4ml\hls4ml_init\hls4ml_cnn_zcu106\myproject_prj\solution1\.autopilot\db\myproject.pp.0.cpp:52820:13: warning: Added loop label VITIS_LOOP_273_7:   [xilinx-label-all-loops]
            for (int j = 0; j < data_T::size; j++) {
            ^~~
            VITIS_LOOP_273_7: 
C:\Users\OmilosNeonTexn\Desktop\fpga_cnn_hls4ml\hls4ml_init\hls4ml_cnn_zcu106\myproject_prj\solution1\.autopilot\db\myproject.pp.0.cpp:52820:13: note: FIX-IT applied suggested code changes
C:\Users\OmilosNeonTexn\Desktop\fpga_cnn_hls4ml\hls4ml_init\hls4ml_cnn_zcu106\myproject_prj\solution1\.autopilot\db\myproject.pp.0.cpp:52844:9: warning: Added loop label VITIS_LOOP_297_1:   [xilinx-label-all-loops]
        for (int j = 0; j < n_dupl; j++) {
        ^~~
        VITIS_LOOP_297_1: 
C:\Users\OmilosNeonTexn\Desktop\fpga_cnn_hls4ml\hls4ml_init\hls4ml_cnn_zcu106\myproject_prj\solution1\.autopilot\db\myproject.pp.0.cpp:52844:9: note: FIX-IT applied suggested code changes
C:\Users\OmilosNeonTexn\Desktop\fpga_cnn_hls4ml\hls4ml_init\hls4ml_cnn_zcu106\myproject_prj\solution1\.autopilot\db\myproject.pp.0.cpp:52848:13: warning: Added loop label VITIS_LOOP_301_2:   [xilinx-label-all-loops]
            for (int k = 0; k < res_T::size; k++) {
            ^~~
            VITIS_LOOP_301_2: 
C:\Users\OmilosNeonTexn\Desktop\fpga_cnn_hls4ml\hls4ml_init\hls4ml_cnn_zcu106\myproject_prj\solution1\.autopilot\db\myproject.pp.0.cpp:52848:13: note: FIX-IT applied suggested code changes
C:\Users\OmilosNeonTexn\Desktop\fpga_cnn_hls4ml\hls4ml_init\hls4ml_cnn_zcu106\myproject_prj\solution1\.autopilot\db\myproject.pp.0.cpp:52867:9: warning: Added loop label VITIS_LOOP_320_1:   [xilinx-label-all-loops]
        for (int k = 0; k < res_T::size; k++) {
        ^~~
        VITIS_LOOP_320_1: 
C:\Users\OmilosNeonTexn\Desktop\fpga_cnn_hls4ml\hls4ml_init\hls4ml_cnn_zcu106\myproject_prj\solution1\.autopilot\db\myproject.pp.0.cpp:52867:9: note: FIX-IT applied suggested code changes
C:\Users\OmilosNeonTexn\Desktop\fpga_cnn_hls4ml\hls4ml_init\hls4ml_cnn_zcu106\myproject_prj\solution1\.autopilot\db\myproject.pp.0.cpp:53091:9: warning: Added loop label VITIS_LOOP_211_1:   [xilinx-label-all-loops]
        for (unsigned j = 0; j < data_T::size; j++) {
        ^~~
        VITIS_LOOP_211_1: 
C:\Users\OmilosNeonTexn\Desktop\fpga_cnn_hls4ml\hls4ml_init\hls4ml_cnn_zcu106\myproject_prj\solution1\.autopilot\db\myproject.pp.0.cpp:53091:9: note: FIX-IT applied suggested code changes
C:\Users\OmilosNeonTexn\Desktop\fpga_cnn_hls4ml\hls4ml_init\hls4ml_cnn_zcu106\myproject_prj\solution1\.autopilot\db\myproject.pp.0.cpp:53100:9: warning: Added loop label VITIS_LOOP_220_2:   [xilinx-label-all-loops]
        for (unsigned j = 0; j < data_T::size; j++) {
        ^~~
        VITIS_LOOP_220_2: 
C:\Users\OmilosNeonTexn\Desktop\fpga_cnn_hls4ml\hls4ml_init\hls4ml_cnn_zcu106\myproject_prj\solution1\.autopilot\db\myproject.pp.0.cpp:53100:9: note: FIX-IT applied suggested code changes
C:\Users\OmilosNeonTexn\Desktop\fpga_cnn_hls4ml\hls4ml_init\hls4ml_cnn_zcu106\myproject_prj\solution1\.autopilot\db\myproject.pp.0.cpp:53205:5: warning: Added loop label VITIS_LOOP_325_1:   [xilinx-label-all-loops]
    for (int i = 0; i < CONFIG_T::n_in / res_T::size; i++) {
    ^~~
    VITIS_LOOP_325_1: 
C:\Users\OmilosNeonTexn\Desktop\fpga_cnn_hls4ml\hls4ml_init\hls4ml_cnn_zcu106\myproject_prj\solution1\.autopilot\db\myproject.pp.0.cpp:53205:5: note: FIX-IT applied suggested code changes
C:\Users\OmilosNeonTexn\Desktop\fpga_cnn_hls4ml\hls4ml_init\hls4ml_cnn_zcu106\myproject_prj\solution1\.autopilot\db\myproject.pp.0.cpp:53210:9: warning: Added loop label VITIS_LOOP_330_2:   [xilinx-label-all-loops]
        for (int i = 0; i < res_T::size; i++) {
        ^~~
        VITIS_LOOP_330_2: 
C:\Users\OmilosNeonTexn\Desktop\fpga_cnn_hls4ml\hls4ml_init\hls4ml_cnn_zcu106\myproject_prj\solution1\.autopilot\db\myproject.pp.0.cpp:53210:9: note: FIX-IT applied suggested code changes
C:\Users\OmilosNeonTexn\Desktop\fpga_cnn_hls4ml\hls4ml_init\hls4ml_cnn_zcu106\myproject_prj\solution1\.autopilot\db\myproject.pp.0.cpp:53218:9: warning: Added loop label VITIS_LOOP_338_3:   [xilinx-label-all-loops]
        for (int i = 1; i < res_T::size; i++) {
        ^~~
        VITIS_LOOP_338_3: 
C:\Users\OmilosNeonTexn\Desktop\fpga_cnn_hls4ml\hls4ml_init\hls4ml_cnn_zcu106\myproject_prj\solution1\.autopilot\db\myproject.pp.0.cpp:53218:9: note: FIX-IT applied suggested code changes
C:\Users\OmilosNeonTexn\Desktop\fpga_cnn_hls4ml\hls4ml_init\hls4ml_cnn_zcu106\myproject_prj\solution1\.autopilot\db\myproject.pp.0.cpp:53903:9: error: Resource with core_name: ROM_nP_BRAM pragma is ignored, because this core doesn't exist at all  [clang-diagnostic-error]
#pragma HLS RESOURCE variable=weights core=ROM_nP_BRAM
        ^
C:\Users\OmilosNeonTexn\Desktop\fpga_cnn_hls4ml\hls4ml_init\hls4ml_cnn_zcu106\myproject_prj\solution1\.autopilot\db\myproject.pp.0.cpp:53977:9: error: Resource with core_name: ROM_nP_BRAM pragma is ignored, because this core doesn't exist at all  [clang-diagnostic-error]
#pragma HLS RESOURCE variable=weights core=ROM_nP_BRAM
        ^
C:\Users\OmilosNeonTexn\Desktop\fpga_cnn_hls4ml\hls4ml_init\hls4ml_cnn_zcu106\myproject_prj\solution1\.autopilot\db\myproject.pp.0.cpp:54059:9: error: Resource with core_name: ROM_nP_BRAM pragma is ignored, because this core doesn't exist at all  [clang-diagnostic-error]
#pragma HLS RESOURCE variable=weights core=ROM_nP_BRAM
        ^
C:\Users\OmilosNeonTexn\Desktop\fpga_cnn_hls4ml\hls4ml_init\hls4ml_cnn_zcu106\myproject_prj\solution1\.autopilot\db\myproject.pp.0.cpp:54432:9: warning: Added loop label VITIS_LOOP_64_1:   [xilinx-label-all-loops]
        for (unsigned i = 0; i < __SHIFT_DEPTH__; ++i)
        ^~~
        VITIS_LOOP_64_1: 
C:\Users\OmilosNeonTexn\Desktop\fpga_cnn_hls4ml\hls4ml_init\hls4ml_cnn_zcu106\myproject_prj\solution1\.autopilot\db\myproject.pp.0.cpp:54432:9: note: FIX-IT applied suggested code changes
C:\Users\OmilosNeonTexn\Desktop\fpga_cnn_hls4ml\hls4ml_init\hls4ml_cnn_zcu106\myproject_prj\solution1\.autopilot\db\myproject.pp.0.cpp:54439:9: warning: Added loop label VITIS_LOOP_71_1:   [xilinx-label-all-loops]
        for (unsigned i = 0; i < __SHIFT_DEPTH__; ++i)
        ^~~
        VITIS_LOOP_71_1: 
C:\Users\OmilosNeonTexn\Desktop\fpga_cnn_hls4ml\hls4ml_init\hls4ml_cnn_zcu106\myproject_prj\solution1\.autopilot\db\myproject.pp.0.cpp:54439:9: note: FIX-IT applied suggested code changes
C:\Users\OmilosNeonTexn\Desktop\fpga_cnn_hls4ml\hls4ml_init\hls4ml_cnn_zcu106\myproject_prj\solution1\.autopilot\db\myproject.pp.0.cpp:54961:5: warning: Added loop label VITIS_LOOP_14_1:   [xilinx-label-all-loops]
    for (unsigned k = 0; k < CONFIG_T::n_out; k++) {
    ^~~
    VITIS_LOOP_14_1: 
C:\Users\OmilosNeonTexn\Desktop\fpga_cnn_hls4ml\hls4ml_init\hls4ml_cnn_zcu106\myproject_prj\solution1\.autopilot\db\myproject.pp.0.cpp:54961:5: note: FIX-IT applied suggested code changes
C:\Users\OmilosNeonTexn\Desktop\fpga_cnn_hls4ml\hls4ml_init\hls4ml_cnn_zcu106\myproject_prj\solution1\.autopilot\db\myproject.pp.0.cpp:55021:9: warning: Added loop label VITIS_LOOP_74_1:   [xilinx-label-all-loops]
        for (int im = 0; im < CONFIG_T::n_out; im++) {
        ^~~
        VITIS_LOOP_74_1: 
C:\Users\OmilosNeonTexn\Desktop\fpga_cnn_hls4ml\hls4ml_init\hls4ml_cnn_zcu106\myproject_prj\solution1\.autopilot\db\myproject.pp.0.cpp:55021:9: note: FIX-IT applied suggested code changes
C:\Users\OmilosNeonTexn\Desktop\fpga_cnn_hls4ml\hls4ml_init\hls4ml_cnn_zcu106\myproject_prj\solution1\.autopilot\db\myproject.pp.0.cpp:55157:5: warning: Added loop label VITIS_LOOP_13_1:   [xilinx-label-all-loops]
    for (int i = 1; i < N; i++) {
    ^~~
    VITIS_LOOP_13_1: 
C:\Users\OmilosNeonTexn\Desktop\fpga_cnn_hls4ml\hls4ml_init\hls4ml_cnn_zcu106\myproject_prj\solution1\.autopilot\db\myproject.pp.0.cpp:55157:5: note: FIX-IT applied suggested code changes
C:\Users\OmilosNeonTexn\Desktop\fpga_cnn_hls4ml\hls4ml_init\hls4ml_cnn_zcu106\myproject_prj\solution1\.autopilot\db\myproject.pp.0.cpp:55166:5: warning: Added loop label VITIS_LOOP_22_1:   [xilinx-label-all-loops]
    for (int i = 0; i < N; i++) {
    ^~~
    VITIS_LOOP_22_1: 
C:\Users\OmilosNeonTexn\Desktop\fpga_cnn_hls4ml\hls4ml_init\hls4ml_cnn_zcu106\myproject_prj\solution1\.autopilot\db\myproject.pp.0.cpp:55166:5: note: FIX-IT applied suggested code changes
C:\Users\OmilosNeonTexn\Desktop\fpga_cnn_hls4ml\hls4ml_init\hls4ml_cnn_zcu106\myproject_prj\solution1\.autopilot\db\myproject.pp.0.cpp:55241:5: warning: Added loop label VITIS_LOOP_97_1:   [xilinx-label-all-loops]
    for (int ff = 0; ff < CONFIG_T::n_filt; ff++) {
    ^~~
    VITIS_LOOP_97_1: 
C:\Users\OmilosNeonTexn\Desktop\fpga_cnn_hls4ml\hls4ml_init\hls4ml_cnn_zcu106\myproject_prj\solution1\.autopilot\db\myproject.pp.0.cpp:55241:5: note: FIX-IT applied suggested code changes
C:\Users\OmilosNeonTexn\Desktop\fpga_cnn_hls4ml\hls4ml_init\hls4ml_cnn_zcu106\myproject_prj\solution1\.autopilot\db\myproject.pp.0.cpp:55243:9: warning: Added loop label VITIS_LOOP_99_2:   [xilinx-label-all-loops]
        for (int ii = 0; ii < restricted_padded_width; ii += CONFIG_T::stride_width) {
        ^~~
        VITIS_LOOP_99_2: 
C:\Users\OmilosNeonTexn\Desktop\fpga_cnn_hls4ml\hls4ml_init\hls4ml_cnn_zcu106\myproject_prj\solution1\.autopilot\db\myproject.pp.0.cpp:55243:9: note: FIX-IT applied suggested code changes
C:\Users\OmilosNeonTexn\Desktop\fpga_cnn_hls4ml\hls4ml_init\hls4ml_cnn_zcu106\myproject_prj\solution1\.autopilot\db\myproject.pp.0.cpp:55248:2: warning: Added loop label VITIS_LOOP_104_3:   [xilinx-label-all-loops]
 for (int jj = 0; jj < CONFIG_T::pool_width; jj++) {
 ^~~
 VITIS_LOOP_104_3: 
C:\Users\OmilosNeonTexn\Desktop\fpga_cnn_hls4ml\hls4ml_init\hls4ml_cnn_zcu106\myproject_prj\solution1\.autopilot\db\myproject.pp.0.cpp:55248:2: note: FIX-IT applied suggested code changes
C:\Users\OmilosNeonTexn\Desktop\fpga_cnn_hls4ml\hls4ml_init\hls4ml_cnn_zcu106\myproject_prj\solution1\.autopilot\db\myproject.pp.0.cpp:55276:2: warning: Added loop label VITIS_LOOP_132_1:   [xilinx-label-all-loops]
 for (int ff = 0; ff < CONFIG_T::n_filt; ff++) {
 ^~~
 VITIS_LOOP_132_1: 
C:\Users\OmilosNeonTexn\Desktop\fpga_cnn_hls4ml\hls4ml_init\hls4ml_cnn_zcu106\myproject_prj\solution1\.autopilot\db\myproject.pp.0.cpp:55276:2: note: FIX-IT applied suggested code changes
C:\Users\OmilosNeonTexn\Desktop\fpga_cnn_hls4ml\hls4ml_init\hls4ml_cnn_zcu106\myproject_prj\solution1\.autopilot\db\myproject.pp.0.cpp:55279:2: warning: Added loop label VITIS_LOOP_135_2:   [xilinx-label-all-loops]
 for (int jj = 0; jj < CONFIG_T::n_in; jj++) {
 ^~~
 VITIS_LOOP_135_2: 
C:\Users\OmilosNeonTexn\Desktop\fpga_cnn_hls4ml\hls4ml_init\hls4ml_cnn_zcu106\myproject_prj\solution1\.autopilot\db\myproject.pp.0.cpp:55279:2: note: FIX-IT applied suggested code changes
C:\Users\OmilosNeonTexn\Desktop\fpga_cnn_hls4ml\hls4ml_init\hls4ml_cnn_zcu106\myproject_prj\solution1\.autopilot\db\myproject.pp.0.cpp:55334:5: warning: Added loop label VITIS_LOOP_190_1:   [xilinx-label-all-loops]
    for (int ff = 0; ff < CONFIG_T::n_filt; ff++) {
    ^~~
    VITIS_LOOP_190_1: 
C:\Users\OmilosNeonTexn\Desktop\fpga_cnn_hls4ml\hls4ml_init\hls4ml_cnn_zcu106\myproject_prj\solution1\.autopilot\db\myproject.pp.0.cpp:55334:5: note: FIX-IT applied suggested code changes
C:\Users\OmilosNeonTexn\Desktop\fpga_cnn_hls4ml\hls4ml_init\hls4ml_cnn_zcu106\myproject_prj\solution1\.autopilot\db\myproject.pp.0.cpp:55336:9: warning: Added loop label VITIS_LOOP_192_2:   [xilinx-label-all-loops]
        for (int ii = 0; ii < restricted_padded_height; ii += CONFIG_T::stride_height) {
        ^~~
        VITIS_LOOP_192_2: 
C:\Users\OmilosNeonTexn\Desktop\fpga_cnn_hls4ml\hls4ml_init\hls4ml_cnn_zcu106\myproject_prj\solution1\.autopilot\db\myproject.pp.0.cpp:55336:9: note: FIX-IT applied suggested code changes
C:\Users\OmilosNeonTexn\Desktop\fpga_cnn_hls4ml\hls4ml_init\hls4ml_cnn_zcu106\myproject_prj\solution1\.autopilot\db\myproject.pp.0.cpp:55338:13: warning: Added loop label VITIS_LOOP_194_3:   [xilinx-label-all-loops]
            for (int jj = 0; jj < restricted_padded_width; jj += CONFIG_T::stride_width) {
            ^~~
            VITIS_LOOP_194_3: 
C:\Users\OmilosNeonTexn\Desktop\fpga_cnn_hls4ml\hls4ml_init\hls4ml_cnn_zcu106\myproject_prj\solution1\.autopilot\db\myproject.pp.0.cpp:55338:13: note: FIX-IT applied suggested code changes
C:\Users\OmilosNeonTexn\Desktop\fpga_cnn_hls4ml\hls4ml_init\hls4ml_cnn_zcu106\myproject_prj\solution1\.autopilot\db\myproject.pp.0.cpp:55345:17: warning: Added loop label VITIS_LOOP_201_4:   [xilinx-label-all-loops]
                for (int kk = 0; kk < CONFIG_T::pool_height; kk++) {
                ^~~
                VITIS_LOOP_201_4: 
C:\Users\OmilosNeonTexn\Desktop\fpga_cnn_hls4ml\hls4ml_init\hls4ml_cnn_zcu106\myproject_prj\solution1\.autopilot\db\myproject.pp.0.cpp:55345:17: note: FIX-IT applied suggested code changes
C:\Users\OmilosNeonTexn\Desktop\fpga_cnn_hls4ml\hls4ml_init\hls4ml_cnn_zcu106\myproject_prj\solution1\.autopilot\db\myproject.pp.0.cpp:55347:21: warning: Added loop label VITIS_LOOP_203_5:   [xilinx-label-all-loops]
                    for (int ll = 0; ll < CONFIG_T::pool_width; ll++) {
                    ^~~
                    VITIS_LOOP_203_5: 
C:\Users\OmilosNeonTexn\Desktop\fpga_cnn_hls4ml\hls4ml_init\hls4ml_cnn_zcu106\myproject_prj\solution1\.autopilot\db\myproject.pp.0.cpp:55347:21: note: FIX-IT applied suggested code changes
C:\Users\OmilosNeonTexn\Desktop\fpga_cnn_hls4ml\hls4ml_init\hls4ml_cnn_zcu106\myproject_prj\solution1\.autopilot\db\myproject.pp.0.cpp:55388:5: warning: Added loop label VITIS_LOOP_244_1:   [xilinx-label-all-loops]
    for (int ff = 0; ff < CONFIG_T::n_filt; ff++) {
    ^~~
    VITIS_LOOP_244_1: 
C:\Users\OmilosNeonTexn\Desktop\fpga_cnn_hls4ml\hls4ml_init\hls4ml_cnn_zcu106\myproject_prj\solution1\.autopilot\db\myproject.pp.0.cpp:55388:5: note: FIX-IT applied suggested code changes
C:\Users\OmilosNeonTexn\Desktop\fpga_cnn_hls4ml\hls4ml_init\hls4ml_cnn_zcu106\myproject_prj\solution1\.autopilot\db\myproject.pp.0.cpp:55390:9: warning: Added loop label VITIS_LOOP_246_2:   [xilinx-label-all-loops]
        for (int ii = 0; ii < restricted_padded_height; ii += CONFIG_T::stride_height) {
        ^~~
        VITIS_LOOP_246_2: 
C:\Users\OmilosNeonTexn\Desktop\fpga_cnn_hls4ml\hls4ml_init\hls4ml_cnn_zcu106\myproject_prj\solution1\.autopilot\db\myproject.pp.0.cpp:55390:9: note: FIX-IT applied suggested code changes
C:\Users\OmilosNeonTexn\Desktop\fpga_cnn_hls4ml\hls4ml_init\hls4ml_cnn_zcu106\myproject_prj\solution1\.autopilot\db\myproject.pp.0.cpp:55392:13: warning: Added loop label VITIS_LOOP_248_3:   [xilinx-label-all-loops]
            for (int jj = 0; jj < restricted_padded_width; jj += CONFIG_T::stride_width) {
            ^~~
            VITIS_LOOP_248_3: 
C:\Users\OmilosNeonTexn\Desktop\fpga_cnn_hls4ml\hls4ml_init\hls4ml_cnn_zcu106\myproject_prj\solution1\.autopilot\db\myproject.pp.0.cpp:55392:13: note: FIX-IT applied suggested code changes
C:\Users\OmilosNeonTexn\Desktop\fpga_cnn_hls4ml\hls4ml_init\hls4ml_cnn_zcu106\myproject_prj\solution1\.autopilot\db\myproject.pp.0.cpp:55398:17: warning: Added loop label VITIS_LOOP_254_4:   [xilinx-label-all-loops]
                for (int kk = 0; kk < CONFIG_T::stride_height; kk++) {
                ^~~
                VITIS_LOOP_254_4: 
C:\Users\OmilosNeonTexn\Desktop\fpga_cnn_hls4ml\hls4ml_init\hls4ml_cnn_zcu106\myproject_prj\solution1\.autopilot\db\myproject.pp.0.cpp:55398:17: note: FIX-IT applied suggested code changes
C:\Users\OmilosNeonTexn\Desktop\fpga_cnn_hls4ml\hls4ml_init\hls4ml_cnn_zcu106\myproject_prj\solution1\.autopilot\db\myproject.pp.0.cpp:55400:21: warning: Added loop label VITIS_LOOP_256_5:   [xilinx-label-all-loops]
                    for (int ll = 0; ll < CONFIG_T::stride_width; ll++) {
                    ^~~
                    VITIS_LOOP_256_5: 
C:\Users\OmilosNeonTexn\Desktop\fpga_cnn_hls4ml\hls4ml_init\hls4ml_cnn_zcu106\myproject_prj\solution1\.autopilot\db\myproject.pp.0.cpp:55400:21: note: FIX-IT applied suggested code changes
