

================================================================
== Vitis HLS Report for 'relu_array_ap_fixed_8u_array_ap_fixed_16_6_5_3_0_8u_relu_config7_s'
================================================================
* Date:           Mon Mar 23 21:37:55 2026

* Version:        2024.2 (Build 5238294 on Nov  8 2024)
* Project:        myproject_prj
* Solution:       solution1 (Vivado IP Flow Target)
* Product family: zynquplus
* Target device:  xczu7ev-ffvc1156-2-e


================================================================
== Performance Estimates
================================================================
+ Timing: 
    * Summary: 
    +--------+---------+----------+------------+
    |  Clock |  Target | Estimated| Uncertainty|
    +--------+---------+----------+------------+
    |ap_clk  |  5.00 ns|  3.214 ns|     1.35 ns|
    +--------+---------+----------+------------+

+ Latency: 
    * Summary: 
    +---------+---------+----------+----------+-----+-----+---------+
    |  Latency (cycles) |  Latency (absolute) |  Interval | Pipeline|
    |   min   |   max   |    min   |    max   | min | max |   Type  |
    +---------+---------+----------+----------+-----+-----+---------+
    |        1|        1|  5.000 ns|  5.000 ns|    1|    1|       no|
    +---------+---------+----------+----------+-----+-----+---------+

    + Detail: 
        * Instance: 
        N/A

        * Loop: 
        N/A

============================================================
+ Verbose Summary: Synthesis Manager
============================================================
InlineROM: 1
ExposeGlobal: 0
============================================================
+ Verbose Summary: CDFG Model
============================================================
IsTopModel: 0
ResetActiveHigh: 1
IsCombinational: 2
IsDatapathOnly: 0
HasWiredReturn: 1
HasMFsm: 0
HasVarLatency: 1
IsPipeline: 0
IsRtlPipelined: 0
IsInstanceOverlapped: 0
IsDontTouch: 0
HasImplIP: 0
IsGatedGlobalClock: 0


============================================================
+ Verbose Summary: Schedule
============================================================
* Number of FSM states : 2
* Pipeline : 0
* Dataflow Pipeline: 0

* FSM state transitions: 
1 --> 2 
2 --> 

* FSM state operations: 

State 1 <SV = 0> <Delay = 3.21>
ST_1 : Operation 3 [1/1] ( I:1.82ns O:1.82ns )   --->   "%layer6_out_read = read i312 @_ssdm_op_Read.ap_fifo.volatile.i312P0A, i312 %layer6_out" [firmware/nnet_utils/nnet_activation_stream.h:44]   --->   Operation 3 'read' 'layer6_out_read' <Predicate = true> <Delay = 1.82> <CoreInst = "FIFO_SRL">   --->   Core 80 'FIFO_SRL' <Latency = 0> <II = 1> <Delay = 1.83> <Storage> <Opcode : 'read' 'write' 'nbread' 'nbwrite'> <Ports = 0> <Width = 312> <Depth = 1> <FIFO>
ST_1 : Operation 4 [1/1] (0.00ns)   --->   "%trunc_ln44 = trunc i312 %layer6_out_read" [firmware/nnet_utils/nnet_activation_stream.h:44]   --->   Operation 4 'trunc' 'trunc_ln44' <Predicate = true> <Delay = 0.00>
ST_1 : Operation 5 [1/1] (0.00ns)   --->   "%trunc_ln44_1 = partselect i39 @_ssdm_op_PartSelect.i39.i312.i32.i32, i312 %layer6_out_read, i32 39, i32 77" [firmware/nnet_utils/nnet_activation_stream.h:44]   --->   Operation 5 'partselect' 'trunc_ln44_1' <Predicate = true> <Delay = 0.00>
ST_1 : Operation 6 [1/1] (0.00ns)   --->   "%trunc_ln44_2 = partselect i39 @_ssdm_op_PartSelect.i39.i312.i32.i32, i312 %layer6_out_read, i32 78, i32 116" [firmware/nnet_utils/nnet_activation_stream.h:44]   --->   Operation 6 'partselect' 'trunc_ln44_2' <Predicate = true> <Delay = 0.00>
ST_1 : Operation 7 [1/1] (0.00ns)   --->   "%trunc_ln44_3 = partselect i39 @_ssdm_op_PartSelect.i39.i312.i32.i32, i312 %layer6_out_read, i32 117, i32 155" [firmware/nnet_utils/nnet_activation_stream.h:44]   --->   Operation 7 'partselect' 'trunc_ln44_3' <Predicate = true> <Delay = 0.00>
ST_1 : Operation 8 [1/1] (0.00ns)   --->   "%trunc_ln44_4 = partselect i39 @_ssdm_op_PartSelect.i39.i312.i32.i32, i312 %layer6_out_read, i32 156, i32 194" [firmware/nnet_utils/nnet_activation_stream.h:44]   --->   Operation 8 'partselect' 'trunc_ln44_4' <Predicate = true> <Delay = 0.00>
ST_1 : Operation 9 [1/1] (0.00ns)   --->   "%trunc_ln44_5 = partselect i39 @_ssdm_op_PartSelect.i39.i312.i32.i32, i312 %layer6_out_read, i32 195, i32 233" [firmware/nnet_utils/nnet_activation_stream.h:44]   --->   Operation 9 'partselect' 'trunc_ln44_5' <Predicate = true> <Delay = 0.00>
ST_1 : Operation 10 [1/1] (0.00ns)   --->   "%trunc_ln44_6 = partselect i39 @_ssdm_op_PartSelect.i39.i312.i32.i32, i312 %layer6_out_read, i32 234, i32 272" [firmware/nnet_utils/nnet_activation_stream.h:44]   --->   Operation 10 'partselect' 'trunc_ln44_6' <Predicate = true> <Delay = 0.00>
ST_1 : Operation 11 [1/1] (0.00ns)   --->   "%trunc_ln44_7 = partselect i39 @_ssdm_op_PartSelect.i39.i312.i32.i32, i312 %layer6_out_read, i32 273, i32 311" [firmware/nnet_utils/nnet_activation_stream.h:44]   --->   Operation 11 'partselect' 'trunc_ln44_7' <Predicate = true> <Delay = 0.00>
ST_1 : Operation 12 [1/1] (1.03ns)   --->   "%icmp_ln51 = icmp_sgt  i39 %trunc_ln44, i39 0" [firmware/nnet_utils/nnet_activation_stream.h:51]   --->   Operation 12 'icmp' 'icmp_ln51' <Predicate = true> <Delay = 1.03> <CoreInst = "Cmp">   --->   Core 9 'Cmp' <Latency = 0> <II = 1> <Delay = 1.03> <FuncUnit> <Opcode : 'seteq' 'setne' 'setle' 'setge' 'setlt' 'setgt'> <InPorts = 2> <OutPorts = 1>
ST_1 : Operation 13 [1/1] (0.00ns)   --->   "%trunc_ln3 = partselect i16 @_ssdm_op_PartSelect.i16.i312.i32.i32, i312 %layer6_out_read, i32 10, i32 25" [firmware/nnet_utils/nnet_activation_stream.h:52]   --->   Operation 13 'partselect' 'trunc_ln3' <Predicate = true> <Delay = 0.00>
ST_1 : Operation 14 [1/1] (0.35ns)   --->   "%select_ln51 = select i1 %icmp_ln51, i16 %trunc_ln3, i16 0" [firmware/nnet_utils/nnet_activation_stream.h:51]   --->   Operation 14 'select' 'select_ln51' <Predicate = true> <Delay = 0.35> <CoreInst = "Sel">   --->   Core 73 'Sel' <Latency = 0> <II = 1> <Delay = 0.35> <FuncUnit> <Opcode : 'select'> <InPorts = 3> <OutPorts = 1>
ST_1 : Operation 15 [1/1] (1.03ns)   --->   "%icmp_ln51_1 = icmp_sgt  i39 %trunc_ln44_1, i39 0" [firmware/nnet_utils/nnet_activation_stream.h:51]   --->   Operation 15 'icmp' 'icmp_ln51_1' <Predicate = true> <Delay = 1.03> <CoreInst = "Cmp">   --->   Core 9 'Cmp' <Latency = 0> <II = 1> <Delay = 1.03> <FuncUnit> <Opcode : 'seteq' 'setne' 'setle' 'setge' 'setlt' 'setgt'> <InPorts = 2> <OutPorts = 1>
ST_1 : Operation 16 [1/1] (0.00ns)   --->   "%trunc_ln52_1 = partselect i16 @_ssdm_op_PartSelect.i16.i312.i32.i32, i312 %layer6_out_read, i32 49, i32 64" [firmware/nnet_utils/nnet_activation_stream.h:52]   --->   Operation 16 'partselect' 'trunc_ln52_1' <Predicate = true> <Delay = 0.00>
ST_1 : Operation 17 [1/1] (0.35ns)   --->   "%select_ln51_1 = select i1 %icmp_ln51_1, i16 %trunc_ln52_1, i16 0" [firmware/nnet_utils/nnet_activation_stream.h:51]   --->   Operation 17 'select' 'select_ln51_1' <Predicate = true> <Delay = 0.35> <CoreInst = "Sel">   --->   Core 73 'Sel' <Latency = 0> <II = 1> <Delay = 0.35> <FuncUnit> <Opcode : 'select'> <InPorts = 3> <OutPorts = 1>
ST_1 : Operation 18 [1/1] (1.03ns)   --->   "%icmp_ln51_2 = icmp_sgt  i39 %trunc_ln44_2, i39 0" [firmware/nnet_utils/nnet_activation_stream.h:51]   --->   Operation 18 'icmp' 'icmp_ln51_2' <Predicate = true> <Delay = 1.03> <CoreInst = "Cmp">   --->   Core 9 'Cmp' <Latency = 0> <II = 1> <Delay = 1.03> <FuncUnit> <Opcode : 'seteq' 'setne' 'setle' 'setge' 'setlt' 'setgt'> <InPorts = 2> <OutPorts = 1>
ST_1 : Operation 19 [1/1] (0.00ns)   --->   "%trunc_ln52_2 = partselect i16 @_ssdm_op_PartSelect.i16.i312.i32.i32, i312 %layer6_out_read, i32 88, i32 103" [firmware/nnet_utils/nnet_activation_stream.h:52]   --->   Operation 19 'partselect' 'trunc_ln52_2' <Predicate = true> <Delay = 0.00>
ST_1 : Operation 20 [1/1] (0.35ns)   --->   "%select_ln51_2 = select i1 %icmp_ln51_2, i16 %trunc_ln52_2, i16 0" [firmware/nnet_utils/nnet_activation_stream.h:51]   --->   Operation 20 'select' 'select_ln51_2' <Predicate = true> <Delay = 0.35> <CoreInst = "Sel">   --->   Core 73 'Sel' <Latency = 0> <II = 1> <Delay = 0.35> <FuncUnit> <Opcode : 'select'> <InPorts = 3> <OutPorts = 1>
ST_1 : Operation 21 [1/1] (1.03ns)   --->   "%icmp_ln51_3 = icmp_sgt  i39 %trunc_ln44_3, i39 0" [firmware/nnet_utils/nnet_activation_stream.h:51]   --->   Operation 21 'icmp' 'icmp_ln51_3' <Predicate = true> <Delay = 1.03> <CoreInst = "Cmp">   --->   Core 9 'Cmp' <Latency = 0> <II = 1> <Delay = 1.03> <FuncUnit> <Opcode : 'seteq' 'setne' 'setle' 'setge' 'setlt' 'setgt'> <InPorts = 2> <OutPorts = 1>
ST_1 : Operation 22 [1/1] (0.00ns)   --->   "%trunc_ln52_3 = partselect i16 @_ssdm_op_PartSelect.i16.i312.i32.i32, i312 %layer6_out_read, i32 127, i32 142" [firmware/nnet_utils/nnet_activation_stream.h:52]   --->   Operation 22 'partselect' 'trunc_ln52_3' <Predicate = true> <Delay = 0.00>
ST_1 : Operation 23 [1/1] (0.35ns)   --->   "%select_ln51_3 = select i1 %icmp_ln51_3, i16 %trunc_ln52_3, i16 0" [firmware/nnet_utils/nnet_activation_stream.h:51]   --->   Operation 23 'select' 'select_ln51_3' <Predicate = true> <Delay = 0.35> <CoreInst = "Sel">   --->   Core 73 'Sel' <Latency = 0> <II = 1> <Delay = 0.35> <FuncUnit> <Opcode : 'select'> <InPorts = 3> <OutPorts = 1>
ST_1 : Operation 24 [1/1] (1.03ns)   --->   "%icmp_ln51_4 = icmp_sgt  i39 %trunc_ln44_4, i39 0" [firmware/nnet_utils/nnet_activation_stream.h:51]   --->   Operation 24 'icmp' 'icmp_ln51_4' <Predicate = true> <Delay = 1.03> <CoreInst = "Cmp">   --->   Core 9 'Cmp' <Latency = 0> <II = 1> <Delay = 1.03> <FuncUnit> <Opcode : 'seteq' 'setne' 'setle' 'setge' 'setlt' 'setgt'> <InPorts = 2> <OutPorts = 1>
ST_1 : Operation 25 [1/1] (0.00ns)   --->   "%trunc_ln52_4 = partselect i16 @_ssdm_op_PartSelect.i16.i312.i32.i32, i312 %layer6_out_read, i32 166, i32 181" [firmware/nnet_utils/nnet_activation_stream.h:52]   --->   Operation 25 'partselect' 'trunc_ln52_4' <Predicate = true> <Delay = 0.00>
ST_1 : Operation 26 [1/1] (0.35ns)   --->   "%select_ln51_4 = select i1 %icmp_ln51_4, i16 %trunc_ln52_4, i16 0" [firmware/nnet_utils/nnet_activation_stream.h:51]   --->   Operation 26 'select' 'select_ln51_4' <Predicate = true> <Delay = 0.35> <CoreInst = "Sel">   --->   Core 73 'Sel' <Latency = 0> <II = 1> <Delay = 0.35> <FuncUnit> <Opcode : 'select'> <InPorts = 3> <OutPorts = 1>
ST_1 : Operation 27 [1/1] (1.03ns)   --->   "%icmp_ln51_5 = icmp_sgt  i39 %trunc_ln44_5, i39 0" [firmware/nnet_utils/nnet_activation_stream.h:51]   --->   Operation 27 'icmp' 'icmp_ln51_5' <Predicate = true> <Delay = 1.03> <CoreInst = "Cmp">   --->   Core 9 'Cmp' <Latency = 0> <II = 1> <Delay = 1.03> <FuncUnit> <Opcode : 'seteq' 'setne' 'setle' 'setge' 'setlt' 'setgt'> <InPorts = 2> <OutPorts = 1>
ST_1 : Operation 28 [1/1] (0.00ns)   --->   "%trunc_ln52_5 = partselect i16 @_ssdm_op_PartSelect.i16.i312.i32.i32, i312 %layer6_out_read, i32 205, i32 220" [firmware/nnet_utils/nnet_activation_stream.h:52]   --->   Operation 28 'partselect' 'trunc_ln52_5' <Predicate = true> <Delay = 0.00>
ST_1 : Operation 29 [1/1] (0.35ns)   --->   "%select_ln51_5 = select i1 %icmp_ln51_5, i16 %trunc_ln52_5, i16 0" [firmware/nnet_utils/nnet_activation_stream.h:51]   --->   Operation 29 'select' 'select_ln51_5' <Predicate = true> <Delay = 0.35> <CoreInst = "Sel">   --->   Core 73 'Sel' <Latency = 0> <II = 1> <Delay = 0.35> <FuncUnit> <Opcode : 'select'> <InPorts = 3> <OutPorts = 1>
ST_1 : Operation 30 [1/1] (1.03ns)   --->   "%icmp_ln51_6 = icmp_sgt  i39 %trunc_ln44_6, i39 0" [firmware/nnet_utils/nnet_activation_stream.h:51]   --->   Operation 30 'icmp' 'icmp_ln51_6' <Predicate = true> <Delay = 1.03> <CoreInst = "Cmp">   --->   Core 9 'Cmp' <Latency = 0> <II = 1> <Delay = 1.03> <FuncUnit> <Opcode : 'seteq' 'setne' 'setle' 'setge' 'setlt' 'setgt'> <InPorts = 2> <OutPorts = 1>
ST_1 : Operation 31 [1/1] (0.00ns)   --->   "%trunc_ln52_6 = partselect i16 @_ssdm_op_PartSelect.i16.i312.i32.i32, i312 %layer6_out_read, i32 244, i32 259" [firmware/nnet_utils/nnet_activation_stream.h:52]   --->   Operation 31 'partselect' 'trunc_ln52_6' <Predicate = true> <Delay = 0.00>
ST_1 : Operation 32 [1/1] (0.35ns)   --->   "%select_ln51_6 = select i1 %icmp_ln51_6, i16 %trunc_ln52_6, i16 0" [firmware/nnet_utils/nnet_activation_stream.h:51]   --->   Operation 32 'select' 'select_ln51_6' <Predicate = true> <Delay = 0.35> <CoreInst = "Sel">   --->   Core 73 'Sel' <Latency = 0> <II = 1> <Delay = 0.35> <FuncUnit> <Opcode : 'select'> <InPorts = 3> <OutPorts = 1>
ST_1 : Operation 33 [1/1] (1.03ns)   --->   "%icmp_ln51_7 = icmp_sgt  i39 %trunc_ln44_7, i39 0" [firmware/nnet_utils/nnet_activation_stream.h:51]   --->   Operation 33 'icmp' 'icmp_ln51_7' <Predicate = true> <Delay = 1.03> <CoreInst = "Cmp">   --->   Core 9 'Cmp' <Latency = 0> <II = 1> <Delay = 1.03> <FuncUnit> <Opcode : 'seteq' 'setne' 'setle' 'setge' 'setlt' 'setgt'> <InPorts = 2> <OutPorts = 1>
ST_1 : Operation 34 [1/1] (0.00ns)   --->   "%trunc_ln52_7 = partselect i16 @_ssdm_op_PartSelect.i16.i312.i32.i32, i312 %layer6_out_read, i32 283, i32 298" [firmware/nnet_utils/nnet_activation_stream.h:52]   --->   Operation 34 'partselect' 'trunc_ln52_7' <Predicate = true> <Delay = 0.00>
ST_1 : Operation 35 [1/1] (0.35ns)   --->   "%select_ln51_7 = select i1 %icmp_ln51_7, i16 %trunc_ln52_7, i16 0" [firmware/nnet_utils/nnet_activation_stream.h:51]   --->   Operation 35 'select' 'select_ln51_7' <Predicate = true> <Delay = 0.35> <CoreInst = "Sel">   --->   Core 73 'Sel' <Latency = 0> <II = 1> <Delay = 0.35> <FuncUnit> <Opcode : 'select'> <InPorts = 3> <OutPorts = 1>

State 2 <SV = 1> <Delay = 1.82>
ST_2 : Operation 36 [1/1] (0.00ns)   --->   "%specinterface_ln0 = specinterface void @_ssdm_op_SpecInterface, i128 %layer7_out, void @empty_6, i32 0, i32 0, void @empty_3, i32 0, i32 0, void @empty_3, void @empty_3, void @empty_3, i32 0, i32 0, i32 0, i32 0, void @empty_3, void @empty_3, i32 4294967295, i32 0, i32 0"   --->   Operation 36 'specinterface' 'specinterface_ln0' <Predicate = true> <Delay = 0.00>
ST_2 : Operation 37 [1/1] (0.00ns)   --->   "%specinterface_ln0 = specinterface void @_ssdm_op_SpecInterface, i312 %layer6_out, void @empty_6, i32 0, i32 0, void @empty_3, i32 0, i32 0, void @empty_3, void @empty_3, void @empty_3, i32 0, i32 0, i32 0, i32 0, void @empty_3, void @empty_3, i32 4294967295, i32 0, i32 0"   --->   Operation 37 'specinterface' 'specinterface_ln0' <Predicate = true> <Delay = 0.00>
ST_2 : Operation 38 [1/1] (0.00ns)   --->   "%p_s = bitconcatenate i128 @_ssdm_op_BitConcatenate.i128.i16.i16.i16.i16.i16.i16.i16.i16, i16 %select_ln51_7, i16 %select_ln51_6, i16 %select_ln51_5, i16 %select_ln51_4, i16 %select_ln51_3, i16 %select_ln51_2, i16 %select_ln51_1, i16 %select_ln51" [firmware/nnet_utils/nnet_activation_stream.h:57]   --->   Operation 38 'bitconcatenate' 'p_s' <Predicate = true> <Delay = 0.00>
ST_2 : Operation 39 [1/1] ( I:1.82ns O:1.82ns )   --->   "%write_ln57 = write void @_ssdm_op_Write.ap_fifo.volatile.i128P0A, i128 %layer7_out, i128 %p_s" [firmware/nnet_utils/nnet_activation_stream.h:57]   --->   Operation 39 'write' 'write_ln57' <Predicate = true> <Delay = 1.82> <CoreInst = "FIFO_SRL">   --->   Core 80 'FIFO_SRL' <Latency = 0> <II = 1> <Delay = 1.83> <Storage> <Opcode : 'read' 'write' 'nbread' 'nbwrite'> <Ports = 0> <Width = 128> <Depth = 1> <FIFO>
ST_2 : Operation 40 [1/1] (0.00ns)   --->   "%ret_ln59 = ret" [firmware/nnet_utils/nnet_activation_stream.h:59]   --->   Operation 40 'ret' 'ret_ln59' <Predicate = true> <Delay = 0.00>


============================================================
+ Verbose Summary: Binding
============================================================
STG Binding: 
---------------- STG Properties BEGIN ----------------
- Is combinational: 0
- Is one-state seq: 0
- Is datapath-only: 0
- Is pipelined: 0
- Is top level: 0
Port [ Return ] is wired: 1; IO mode=ap_ctrl_hs:ce=0
Port [ layer6_out]:  wired=1; compound=1; hidden=0; nouse=0; global=0; static=0; extern=0; dir=0; type=3; pingpong=0; private_global=0; IO mode=ap_fifo:ce=0
Port [ layer7_out]:  wired=1; compound=1; hidden=0; nouse=0; global=0; static=0; extern=0; dir=1; type=3; pingpong=0; private_global=0; IO mode=ap_fifo:ce=0
---------------- STG Properties END ------------------

---------------- Datapath Model BEGIN ----------------

<LifeTime>
<method=bitvector/>
layer6_out_read   (read          ) [ 000]
trunc_ln44        (trunc         ) [ 000]
trunc_ln44_1      (partselect    ) [ 000]
trunc_ln44_2      (partselect    ) [ 000]
trunc_ln44_3      (partselect    ) [ 000]
trunc_ln44_4      (partselect    ) [ 000]
trunc_ln44_5      (partselect    ) [ 000]
trunc_ln44_6      (partselect    ) [ 000]
trunc_ln44_7      (partselect    ) [ 000]
icmp_ln51         (icmp          ) [ 000]
trunc_ln3         (partselect    ) [ 000]
select_ln51       (select        ) [ 001]
icmp_ln51_1       (icmp          ) [ 000]
trunc_ln52_1      (partselect    ) [ 000]
select_ln51_1     (select        ) [ 001]
icmp_ln51_2       (icmp          ) [ 000]
trunc_ln52_2      (partselect    ) [ 000]
select_ln51_2     (select        ) [ 001]
icmp_ln51_3       (icmp          ) [ 000]
trunc_ln52_3      (partselect    ) [ 000]
select_ln51_3     (select        ) [ 001]
icmp_ln51_4       (icmp          ) [ 000]
trunc_ln52_4      (partselect    ) [ 000]
select_ln51_4     (select        ) [ 001]
icmp_ln51_5       (icmp          ) [ 000]
trunc_ln52_5      (partselect    ) [ 000]
select_ln51_5     (select        ) [ 001]
icmp_ln51_6       (icmp          ) [ 000]
trunc_ln52_6      (partselect    ) [ 000]
select_ln51_6     (select        ) [ 001]
icmp_ln51_7       (icmp          ) [ 000]
trunc_ln52_7      (partselect    ) [ 000]
select_ln51_7     (select        ) [ 001]
specinterface_ln0 (specinterface ) [ 000]
specinterface_ln0 (specinterface ) [ 000]
p_s               (bitconcatenate) [ 000]
write_ln57        (write         ) [ 000]
ret_ln59          (ret           ) [ 000]
</LifeTime>

<model>

<comp_list>
<comp id="0" class="1000" name="layer6_out">
<pin_list>
<pin id="1" dir="1" index="0" bw="1" slack="0"/>
</pin_list>
<bind>
<StgValue><ssdm name="layer6_out"/></StgValue>
</bind>
</comp>

<comp id="2" class="1000" name="layer7_out">
<pin_list>
<pin id="3" dir="1" index="0" bw="1" slack="0"/>
</pin_list>
<bind>
<StgValue><ssdm name="layer7_out"/></StgValue>
</bind>
</comp>

<comp id="4" class="1001" name="const_4">
<pin_list>
<pin id="5" dir="1" index="0" bw="1" slack="0"/>
</pin_list>
<bind>
<StgValue><ssdm name="_ssdm_op_Read.ap_fifo.volatile.i312P0A"/></StgValue>
</bind>
</comp>

<comp id="6" class="1001" name="const_6">
<pin_list>
<pin id="7" dir="1" index="0" bw="1" slack="0"/>
</pin_list>
<bind>
<StgValue><ssdm name="_ssdm_op_PartSelect.i39.i312.i32.i32"/></StgValue>
</bind>
</comp>

<comp id="8" class="1001" name="const_8">
<pin_list>
<pin id="9" dir="1" index="0" bw="1" slack="0"/>
</pin_list>
<bind>
<StgValue><ssdm name=""/></StgValue>
</bind>
</comp>

<comp id="10" class="1001" name="const_10">
<pin_list>
<pin id="11" dir="1" index="0" bw="1" slack="0"/>
</pin_list>
<bind>
<StgValue><ssdm name=""/></StgValue>
</bind>
</comp>

<comp id="12" class="1001" name="const_12">
<pin_list>
<pin id="13" dir="1" index="0" bw="1" slack="0"/>
</pin_list>
<bind>
<StgValue><ssdm name=""/></StgValue>
</bind>
</comp>

<comp id="14" class="1001" name="const_14">
<pin_list>
<pin id="15" dir="1" index="0" bw="1" slack="0"/>
</pin_list>
<bind>
<StgValue><ssdm name=""/></StgValue>
</bind>
</comp>

<comp id="16" class="1001" name="const_16">
<pin_list>
<pin id="17" dir="1" index="0" bw="1" slack="0"/>
</pin_list>
<bind>
<StgValue><ssdm name=""/></StgValue>
</bind>
</comp>

<comp id="18" class="1001" name="const_18">
<pin_list>
<pin id="19" dir="1" index="0" bw="1" slack="0"/>
</pin_list>
<bind>
<StgValue><ssdm name=""/></StgValue>
</bind>
</comp>

<comp id="20" class="1001" name="const_20">
<pin_list>
<pin id="21" dir="1" index="0" bw="1" slack="0"/>
</pin_list>
<bind>
<StgValue><ssdm name=""/></StgValue>
</bind>
</comp>

<comp id="22" class="1001" name="const_22">
<pin_list>
<pin id="23" dir="1" index="0" bw="1" slack="0"/>
</pin_list>
<bind>
<StgValue><ssdm name=""/></StgValue>
</bind>
</comp>

<comp id="24" class="1001" name="const_24">
<pin_list>
<pin id="25" dir="1" index="0" bw="1" slack="0"/>
</pin_list>
<bind>
<StgValue><ssdm name=""/></StgValue>
</bind>
</comp>

<comp id="26" class="1001" name="const_26">
<pin_list>
<pin id="27" dir="1" index="0" bw="1" slack="0"/>
</pin_list>
<bind>
<StgValue><ssdm name=""/></StgValue>
</bind>
</comp>

<comp id="28" class="1001" name="const_28">
<pin_list>
<pin id="29" dir="1" index="0" bw="1" slack="0"/>
</pin_list>
<bind>
<StgValue><ssdm name=""/></StgValue>
</bind>
</comp>

<comp id="30" class="1001" name="const_30">
<pin_list>
<pin id="31" dir="1" index="0" bw="1" slack="0"/>
</pin_list>
<bind>
<StgValue><ssdm name=""/></StgValue>
</bind>
</comp>

<comp id="32" class="1001" name="const_32">
<pin_list>
<pin id="33" dir="1" index="0" bw="1" slack="0"/>
</pin_list>
<bind>
<StgValue><ssdm name=""/></StgValue>
</bind>
</comp>

<comp id="34" class="1001" name="const_34">
<pin_list>
<pin id="35" dir="1" index="0" bw="1" slack="0"/>
</pin_list>
<bind>
<StgValue><ssdm name=""/></StgValue>
</bind>
</comp>

<comp id="36" class="1001" name="const_36">
<pin_list>
<pin id="37" dir="1" index="0" bw="1" slack="0"/>
</pin_list>
<bind>
<StgValue><ssdm name=""/></StgValue>
</bind>
</comp>

<comp id="38" class="1001" name="const_38">
<pin_list>
<pin id="39" dir="1" index="0" bw="1" slack="0"/>
</pin_list>
<bind>
<StgValue><ssdm name="_ssdm_op_PartSelect.i16.i312.i32.i32"/></StgValue>
</bind>
</comp>

<comp id="40" class="1001" name="const_40">
<pin_list>
<pin id="41" dir="1" index="0" bw="1" slack="0"/>
</pin_list>
<bind>
<StgValue><ssdm name=""/></StgValue>
</bind>
</comp>

<comp id="42" class="1001" name="const_42">
<pin_list>
<pin id="43" dir="1" index="0" bw="1" slack="0"/>
</pin_list>
<bind>
<StgValue><ssdm name=""/></StgValue>
</bind>
</comp>

<comp id="44" class="1001" name="const_44">
<pin_list>
<pin id="45" dir="1" index="0" bw="1" slack="0"/>
</pin_list>
<bind>
<StgValue><ssdm name=""/></StgValue>
</bind>
</comp>

<comp id="46" class="1001" name="const_46">
<pin_list>
<pin id="47" dir="1" index="0" bw="1" slack="0"/>
</pin_list>
<bind>
<StgValue><ssdm name=""/></StgValue>
</bind>
</comp>

<comp id="48" class="1001" name="const_48">
<pin_list>
<pin id="49" dir="1" index="0" bw="1" slack="0"/>
</pin_list>
<bind>
<StgValue><ssdm name=""/></StgValue>
</bind>
</comp>

<comp id="50" class="1001" name="const_50">
<pin_list>
<pin id="51" dir="1" index="0" bw="1" slack="0"/>
</pin_list>
<bind>
<StgValue><ssdm name=""/></StgValue>
</bind>
</comp>

<comp id="52" class="1001" name="const_52">
<pin_list>
<pin id="53" dir="1" index="0" bw="1" slack="0"/>
</pin_list>
<bind>
<StgValue><ssdm name=""/></StgValue>
</bind>
</comp>

<comp id="54" class="1001" name="const_54">
<pin_list>
<pin id="55" dir="1" index="0" bw="1" slack="0"/>
</pin_list>
<bind>
<StgValue><ssdm name=""/></StgValue>
</bind>
</comp>

<comp id="56" class="1001" name="const_56">
<pin_list>
<pin id="57" dir="1" index="0" bw="1" slack="0"/>
</pin_list>
<bind>
<StgValue><ssdm name=""/></StgValue>
</bind>
</comp>

<comp id="58" class="1001" name="const_58">
<pin_list>
<pin id="59" dir="1" index="0" bw="1" slack="0"/>
</pin_list>
<bind>
<StgValue><ssdm name=""/></StgValue>
</bind>
</comp>

<comp id="60" class="1001" name="const_60">
<pin_list>
<pin id="61" dir="1" index="0" bw="1" slack="0"/>
</pin_list>
<bind>
<StgValue><ssdm name=""/></StgValue>
</bind>
</comp>

<comp id="62" class="1001" name="const_62">
<pin_list>
<pin id="63" dir="1" index="0" bw="1" slack="0"/>
</pin_list>
<bind>
<StgValue><ssdm name=""/></StgValue>
</bind>
</comp>

<comp id="64" class="1001" name="const_64">
<pin_list>
<pin id="65" dir="1" index="0" bw="1" slack="0"/>
</pin_list>
<bind>
<StgValue><ssdm name=""/></StgValue>
</bind>
</comp>

<comp id="66" class="1001" name="const_66">
<pin_list>
<pin id="67" dir="1" index="0" bw="1" slack="0"/>
</pin_list>
<bind>
<StgValue><ssdm name=""/></StgValue>
</bind>
</comp>

<comp id="68" class="1001" name="const_68">
<pin_list>
<pin id="69" dir="1" index="0" bw="1" slack="0"/>
</pin_list>
<bind>
<StgValue><ssdm name=""/></StgValue>
</bind>
</comp>

<comp id="70" class="1001" name="const_70">
<pin_list>
<pin id="71" dir="1" index="0" bw="1" slack="0"/>
</pin_list>
<bind>
<StgValue><ssdm name=""/></StgValue>
</bind>
</comp>

<comp id="72" class="1001" name="const_72">
<pin_list>
<pin id="73" dir="1" index="0" bw="1" slack="0"/>
</pin_list>
<bind>
<StgValue><ssdm name=""/></StgValue>
</bind>
</comp>

<comp id="74" class="1001" name="const_74">
<pin_list>
<pin id="75" dir="1" index="0" bw="1" slack="2147483647"/>
</pin_list>
<bind>
<StgValue><ssdm name="_ssdm_op_SpecInterface"/></StgValue>
</bind>
</comp>

<comp id="76" class="1001" name="const_76">
<pin_list>
<pin id="77" dir="1" index="0" bw="1" slack="2147483647"/>
</pin_list>
<bind>
<StgValue><ssdm name="empty_6"/></StgValue>
</bind>
</comp>

<comp id="78" class="1001" name="const_78">
<pin_list>
<pin id="79" dir="1" index="0" bw="1" slack="2147483647"/>
</pin_list>
<bind>
<StgValue><ssdm name=""/></StgValue>
</bind>
</comp>

<comp id="80" class="1001" name="const_80">
<pin_list>
<pin id="81" dir="1" index="0" bw="1" slack="2147483647"/>
</pin_list>
<bind>
<StgValue><ssdm name="empty_3"/></StgValue>
</bind>
</comp>

<comp id="82" class="1001" name="const_82">
<pin_list>
<pin id="83" dir="1" index="0" bw="1" slack="2147483647"/>
</pin_list>
<bind>
<StgValue><ssdm name=""/></StgValue>
</bind>
</comp>

<comp id="84" class="1001" name="const_84">
<pin_list>
<pin id="85" dir="1" index="0" bw="1" slack="0"/>
</pin_list>
<bind>
<StgValue><ssdm name="_ssdm_op_BitConcatenate.i128.i16.i16.i16.i16.i16.i16.i16.i16"/></StgValue>
</bind>
</comp>

<comp id="86" class="1001" name="const_86">
<pin_list>
<pin id="87" dir="1" index="0" bw="1" slack="0"/>
</pin_list>
<bind>
<StgValue><ssdm name="_ssdm_op_Write.ap_fifo.volatile.i128P0A"/></StgValue>
</bind>
</comp>

<comp id="88" class="1004" name="layer6_out_read_read_fu_88">
<pin_list>
<pin id="89" dir="0" index="0" bw="312" slack="0"/>
<pin id="90" dir="0" index="1" bw="312" slack="0"/>
<pin id="91" dir="1" index="2" bw="312" slack="0"/>
</pin_list>
<bind>
<opcode="read(1150) " fcode="read"/>
<opset="layer6_out_read/1 "/>
</bind>
</comp>

<comp id="94" class="1004" name="write_ln57_write_fu_94">
<pin_list>
<pin id="95" dir="0" index="0" bw="0" slack="0"/>
<pin id="96" dir="0" index="1" bw="128" slack="0"/>
<pin id="97" dir="0" index="2" bw="128" slack="0"/>
<pin id="98" dir="1" index="3" bw="0" slack="2147483647"/>
</pin_list>
<bind>
<opcode="write(1151) " fcode="write"/>
<opset="write_ln57/2 "/>
</bind>
</comp>

<comp id="101" class="1004" name="trunc_ln44_fu_101">
<pin_list>
<pin id="102" dir="0" index="0" bw="312" slack="0"/>
<pin id="103" dir="1" index="1" bw="39" slack="0"/>
</pin_list>
<bind>
<opcode="trunc(33) " fcode="trunc"/>
<opset="trunc_ln44/1 "/>
</bind>
</comp>

<comp id="105" class="1004" name="trunc_ln44_1_fu_105">
<pin_list>
<pin id="106" dir="0" index="0" bw="39" slack="0"/>
<pin id="107" dir="0" index="1" bw="312" slack="0"/>
<pin id="108" dir="0" index="2" bw="7" slack="0"/>
<pin id="109" dir="0" index="3" bw="8" slack="0"/>
<pin id="110" dir="1" index="4" bw="39" slack="0"/>
</pin_list>
<bind>
<opcode="partselect(1002) " fcode="partselect"/>
<opset="trunc_ln44_1/1 "/>
</bind>
</comp>

<comp id="115" class="1004" name="trunc_ln44_2_fu_115">
<pin_list>
<pin id="116" dir="0" index="0" bw="39" slack="0"/>
<pin id="117" dir="0" index="1" bw="312" slack="0"/>
<pin id="118" dir="0" index="2" bw="8" slack="0"/>
<pin id="119" dir="0" index="3" bw="8" slack="0"/>
<pin id="120" dir="1" index="4" bw="39" slack="0"/>
</pin_list>
<bind>
<opcode="partselect(1002) " fcode="partselect"/>
<opset="trunc_ln44_2/1 "/>
</bind>
</comp>

<comp id="125" class="1004" name="trunc_ln44_3_fu_125">
<pin_list>
<pin id="126" dir="0" index="0" bw="39" slack="0"/>
<pin id="127" dir="0" index="1" bw="312" slack="0"/>
<pin id="128" dir="0" index="2" bw="8" slack="0"/>
<pin id="129" dir="0" index="3" bw="9" slack="0"/>
<pin id="130" dir="1" index="4" bw="39" slack="0"/>
</pin_list>
<bind>
<opcode="partselect(1002) " fcode="partselect"/>
<opset="trunc_ln44_3/1 "/>
</bind>
</comp>

<comp id="135" class="1004" name="trunc_ln44_4_fu_135">
<pin_list>
<pin id="136" dir="0" index="0" bw="39" slack="0"/>
<pin id="137" dir="0" index="1" bw="312" slack="0"/>
<pin id="138" dir="0" index="2" bw="9" slack="0"/>
<pin id="139" dir="0" index="3" bw="9" slack="0"/>
<pin id="140" dir="1" index="4" bw="39" slack="0"/>
</pin_list>
<bind>
<opcode="partselect(1002) " fcode="partselect"/>
<opset="trunc_ln44_4/1 "/>
</bind>
</comp>

<comp id="145" class="1004" name="trunc_ln44_5_fu_145">
<pin_list>
<pin id="146" dir="0" index="0" bw="39" slack="0"/>
<pin id="147" dir="0" index="1" bw="312" slack="0"/>
<pin id="148" dir="0" index="2" bw="9" slack="0"/>
<pin id="149" dir="0" index="3" bw="9" slack="0"/>
<pin id="150" dir="1" index="4" bw="39" slack="0"/>
</pin_list>
<bind>
<opcode="partselect(1002) " fcode="partselect"/>
<opset="trunc_ln44_5/1 "/>
</bind>
</comp>

<comp id="155" class="1004" name="trunc_ln44_6_fu_155">
<pin_list>
<pin id="156" dir="0" index="0" bw="39" slack="0"/>
<pin id="157" dir="0" index="1" bw="312" slack="0"/>
<pin id="158" dir="0" index="2" bw="9" slack="0"/>
<pin id="159" dir="0" index="3" bw="10" slack="0"/>
<pin id="160" dir="1" index="4" bw="39" slack="0"/>
</pin_list>
<bind>
<opcode="partselect(1002) " fcode="partselect"/>
<opset="trunc_ln44_6/1 "/>
</bind>
</comp>

<comp id="165" class="1004" name="trunc_ln44_7_fu_165">
<pin_list>
<pin id="166" dir="0" index="0" bw="39" slack="0"/>
<pin id="167" dir="0" index="1" bw="312" slack="0"/>
<pin id="168" dir="0" index="2" bw="10" slack="0"/>
<pin id="169" dir="0" index="3" bw="10" slack="0"/>
<pin id="170" dir="1" index="4" bw="39" slack="0"/>
</pin_list>
<bind>
<opcode="partselect(1002) " fcode="partselect"/>
<opset="trunc_ln44_7/1 "/>
</bind>
</comp>

<comp id="175" class="1004" name="icmp_ln51_fu_175">
<pin_list>
<pin id="176" dir="0" index="0" bw="39" slack="0"/>
<pin id="177" dir="0" index="1" bw="1" slack="0"/>
<pin id="178" dir="1" index="2" bw="1" slack="0"/>
</pin_list>
<bind>
<opcode="icmp(45) " fcode="icmp"/>
<opset="icmp_ln51/1 "/>
</bind>
</comp>

<comp id="181" class="1004" name="trunc_ln3_fu_181">
<pin_list>
<pin id="182" dir="0" index="0" bw="16" slack="0"/>
<pin id="183" dir="0" index="1" bw="312" slack="0"/>
<pin id="184" dir="0" index="2" bw="5" slack="0"/>
<pin id="185" dir="0" index="3" bw="6" slack="0"/>
<pin id="186" dir="1" index="4" bw="16" slack="0"/>
</pin_list>
<bind>
<opcode="partselect(1002) " fcode="partselect"/>
<opset="trunc_ln3/1 "/>
</bind>
</comp>

<comp id="191" class="1004" name="select_ln51_fu_191">
<pin_list>
<pin id="192" dir="0" index="0" bw="1" slack="0"/>
<pin id="193" dir="0" index="1" bw="16" slack="0"/>
<pin id="194" dir="0" index="2" bw="1" slack="0"/>
<pin id="195" dir="1" index="3" bw="16" slack="1"/>
</pin_list>
<bind>
<opcode="select(49) " fcode="select"/>
<opset="select_ln51/1 "/>
</bind>
</comp>

<comp id="199" class="1004" name="icmp_ln51_1_fu_199">
<pin_list>
<pin id="200" dir="0" index="0" bw="39" slack="0"/>
<pin id="201" dir="0" index="1" bw="1" slack="0"/>
<pin id="202" dir="1" index="2" bw="1" slack="0"/>
</pin_list>
<bind>
<opcode="icmp(45) " fcode="icmp"/>
<opset="icmp_ln51_1/1 "/>
</bind>
</comp>

<comp id="205" class="1004" name="trunc_ln52_1_fu_205">
<pin_list>
<pin id="206" dir="0" index="0" bw="16" slack="0"/>
<pin id="207" dir="0" index="1" bw="312" slack="0"/>
<pin id="208" dir="0" index="2" bw="7" slack="0"/>
<pin id="209" dir="0" index="3" bw="8" slack="0"/>
<pin id="210" dir="1" index="4" bw="16" slack="0"/>
</pin_list>
<bind>
<opcode="partselect(1002) " fcode="partselect"/>
<opset="trunc_ln52_1/1 "/>
</bind>
</comp>

<comp id="215" class="1004" name="select_ln51_1_fu_215">
<pin_list>
<pin id="216" dir="0" index="0" bw="1" slack="0"/>
<pin id="217" dir="0" index="1" bw="16" slack="0"/>
<pin id="218" dir="0" index="2" bw="1" slack="0"/>
<pin id="219" dir="1" index="3" bw="16" slack="1"/>
</pin_list>
<bind>
<opcode="select(49) " fcode="select"/>
<opset="select_ln51_1/1 "/>
</bind>
</comp>

<comp id="223" class="1004" name="icmp_ln51_2_fu_223">
<pin_list>
<pin id="224" dir="0" index="0" bw="39" slack="0"/>
<pin id="225" dir="0" index="1" bw="1" slack="0"/>
<pin id="226" dir="1" index="2" bw="1" slack="0"/>
</pin_list>
<bind>
<opcode="icmp(45) " fcode="icmp"/>
<opset="icmp_ln51_2/1 "/>
</bind>
</comp>

<comp id="229" class="1004" name="trunc_ln52_2_fu_229">
<pin_list>
<pin id="230" dir="0" index="0" bw="16" slack="0"/>
<pin id="231" dir="0" index="1" bw="312" slack="0"/>
<pin id="232" dir="0" index="2" bw="8" slack="0"/>
<pin id="233" dir="0" index="3" bw="8" slack="0"/>
<pin id="234" dir="1" index="4" bw="16" slack="0"/>
</pin_list>
<bind>
<opcode="partselect(1002) " fcode="partselect"/>
<opset="trunc_ln52_2/1 "/>
</bind>
</comp>

<comp id="239" class="1004" name="select_ln51_2_fu_239">
<pin_list>
<pin id="240" dir="0" index="0" bw="1" slack="0"/>
<pin id="241" dir="0" index="1" bw="16" slack="0"/>
<pin id="242" dir="0" index="2" bw="1" slack="0"/>
<pin id="243" dir="1" index="3" bw="16" slack="1"/>
</pin_list>
<bind>
<opcode="select(49) " fcode="select"/>
<opset="select_ln51_2/1 "/>
</bind>
</comp>

<comp id="247" class="1004" name="icmp_ln51_3_fu_247">
<pin_list>
<pin id="248" dir="0" index="0" bw="39" slack="0"/>
<pin id="249" dir="0" index="1" bw="1" slack="0"/>
<pin id="250" dir="1" index="2" bw="1" slack="0"/>
</pin_list>
<bind>
<opcode="icmp(45) " fcode="icmp"/>
<opset="icmp_ln51_3/1 "/>
</bind>
</comp>

<comp id="253" class="1004" name="trunc_ln52_3_fu_253">
<pin_list>
<pin id="254" dir="0" index="0" bw="16" slack="0"/>
<pin id="255" dir="0" index="1" bw="312" slack="0"/>
<pin id="256" dir="0" index="2" bw="8" slack="0"/>
<pin id="257" dir="0" index="3" bw="9" slack="0"/>
<pin id="258" dir="1" index="4" bw="16" slack="0"/>
</pin_list>
<bind>
<opcode="partselect(1002) " fcode="partselect"/>
<opset="trunc_ln52_3/1 "/>
</bind>
</comp>

<comp id="263" class="1004" name="select_ln51_3_fu_263">
<pin_list>
<pin id="264" dir="0" index="0" bw="1" slack="0"/>
<pin id="265" dir="0" index="1" bw="16" slack="0"/>
<pin id="266" dir="0" index="2" bw="1" slack="0"/>
<pin id="267" dir="1" index="3" bw="16" slack="1"/>
</pin_list>
<bind>
<opcode="select(49) " fcode="select"/>
<opset="select_ln51_3/1 "/>
</bind>
</comp>

<comp id="271" class="1004" name="icmp_ln51_4_fu_271">
<pin_list>
<pin id="272" dir="0" index="0" bw="39" slack="0"/>
<pin id="273" dir="0" index="1" bw="1" slack="0"/>
<pin id="274" dir="1" index="2" bw="1" slack="0"/>
</pin_list>
<bind>
<opcode="icmp(45) " fcode="icmp"/>
<opset="icmp_ln51_4/1 "/>
</bind>
</comp>

<comp id="277" class="1004" name="trunc_ln52_4_fu_277">
<pin_list>
<pin id="278" dir="0" index="0" bw="16" slack="0"/>
<pin id="279" dir="0" index="1" bw="312" slack="0"/>
<pin id="280" dir="0" index="2" bw="9" slack="0"/>
<pin id="281" dir="0" index="3" bw="9" slack="0"/>
<pin id="282" dir="1" index="4" bw="16" slack="0"/>
</pin_list>
<bind>
<opcode="partselect(1002) " fcode="partselect"/>
<opset="trunc_ln52_4/1 "/>
</bind>
</comp>

<comp id="287" class="1004" name="select_ln51_4_fu_287">
<pin_list>
<pin id="288" dir="0" index="0" bw="1" slack="0"/>
<pin id="289" dir="0" index="1" bw="16" slack="0"/>
<pin id="290" dir="0" index="2" bw="1" slack="0"/>
<pin id="291" dir="1" index="3" bw="16" slack="1"/>
</pin_list>
<bind>
<opcode="select(49) " fcode="select"/>
<opset="select_ln51_4/1 "/>
</bind>
</comp>

<comp id="295" class="1004" name="icmp_ln51_5_fu_295">
<pin_list>
<pin id="296" dir="0" index="0" bw="39" slack="0"/>
<pin id="297" dir="0" index="1" bw="1" slack="0"/>
<pin id="298" dir="1" index="2" bw="1" slack="0"/>
</pin_list>
<bind>
<opcode="icmp(45) " fcode="icmp"/>
<opset="icmp_ln51_5/1 "/>
</bind>
</comp>

<comp id="301" class="1004" name="trunc_ln52_5_fu_301">
<pin_list>
<pin id="302" dir="0" index="0" bw="16" slack="0"/>
<pin id="303" dir="0" index="1" bw="312" slack="0"/>
<pin id="304" dir="0" index="2" bw="9" slack="0"/>
<pin id="305" dir="0" index="3" bw="9" slack="0"/>
<pin id="306" dir="1" index="4" bw="16" slack="0"/>
</pin_list>
<bind>
<opcode="partselect(1002) " fcode="partselect"/>
<opset="trunc_ln52_5/1 "/>
</bind>
</comp>

<comp id="311" class="1004" name="select_ln51_5_fu_311">
<pin_list>
<pin id="312" dir="0" index="0" bw="1" slack="0"/>
<pin id="313" dir="0" index="1" bw="16" slack="0"/>
<pin id="314" dir="0" index="2" bw="1" slack="0"/>
<pin id="315" dir="1" index="3" bw="16" slack="1"/>
</pin_list>
<bind>
<opcode="select(49) " fcode="select"/>
<opset="select_ln51_5/1 "/>
</bind>
</comp>

<comp id="319" class="1004" name="icmp_ln51_6_fu_319">
<pin_list>
<pin id="320" dir="0" index="0" bw="39" slack="0"/>
<pin id="321" dir="0" index="1" bw="1" slack="0"/>
<pin id="322" dir="1" index="2" bw="1" slack="0"/>
</pin_list>
<bind>
<opcode="icmp(45) " fcode="icmp"/>
<opset="icmp_ln51_6/1 "/>
</bind>
</comp>

<comp id="325" class="1004" name="trunc_ln52_6_fu_325">
<pin_list>
<pin id="326" dir="0" index="0" bw="16" slack="0"/>
<pin id="327" dir="0" index="1" bw="312" slack="0"/>
<pin id="328" dir="0" index="2" bw="9" slack="0"/>
<pin id="329" dir="0" index="3" bw="10" slack="0"/>
<pin id="330" dir="1" index="4" bw="16" slack="0"/>
</pin_list>
<bind>
<opcode="partselect(1002) " fcode="partselect"/>
<opset="trunc_ln52_6/1 "/>
</bind>
</comp>

<comp id="335" class="1004" name="select_ln51_6_fu_335">
<pin_list>
<pin id="336" dir="0" index="0" bw="1" slack="0"/>
<pin id="337" dir="0" index="1" bw="16" slack="0"/>
<pin id="338" dir="0" index="2" bw="1" slack="0"/>
<pin id="339" dir="1" index="3" bw="16" slack="1"/>
</pin_list>
<bind>
<opcode="select(49) " fcode="select"/>
<opset="select_ln51_6/1 "/>
</bind>
</comp>

<comp id="343" class="1004" name="icmp_ln51_7_fu_343">
<pin_list>
<pin id="344" dir="0" index="0" bw="39" slack="0"/>
<pin id="345" dir="0" index="1" bw="1" slack="0"/>
<pin id="346" dir="1" index="2" bw="1" slack="0"/>
</pin_list>
<bind>
<opcode="icmp(45) " fcode="icmp"/>
<opset="icmp_ln51_7/1 "/>
</bind>
</comp>

<comp id="349" class="1004" name="trunc_ln52_7_fu_349">
<pin_list>
<pin id="350" dir="0" index="0" bw="16" slack="0"/>
<pin id="351" dir="0" index="1" bw="312" slack="0"/>
<pin id="352" dir="0" index="2" bw="10" slack="0"/>
<pin id="353" dir="0" index="3" bw="10" slack="0"/>
<pin id="354" dir="1" index="4" bw="16" slack="0"/>
</pin_list>
<bind>
<opcode="partselect(1002) " fcode="partselect"/>
<opset="trunc_ln52_7/1 "/>
</bind>
</comp>

<comp id="359" class="1004" name="select_ln51_7_fu_359">
<pin_list>
<pin id="360" dir="0" index="0" bw="1" slack="0"/>
<pin id="361" dir="0" index="1" bw="16" slack="0"/>
<pin id="362" dir="0" index="2" bw="1" slack="0"/>
<pin id="363" dir="1" index="3" bw="16" slack="1"/>
</pin_list>
<bind>
<opcode="select(49) " fcode="select"/>
<opset="select_ln51_7/1 "/>
</bind>
</comp>

<comp id="367" class="1004" name="p_s_fu_367">
<pin_list>
<pin id="368" dir="0" index="0" bw="128" slack="0"/>
<pin id="369" dir="0" index="1" bw="16" slack="1"/>
<pin id="370" dir="0" index="2" bw="16" slack="1"/>
<pin id="371" dir="0" index="3" bw="16" slack="1"/>
<pin id="372" dir="0" index="4" bw="16" slack="1"/>
<pin id="373" dir="0" index="5" bw="16" slack="1"/>
<pin id="374" dir="0" index="6" bw="16" slack="1"/>
<pin id="375" dir="0" index="7" bw="16" slack="1"/>
<pin id="376" dir="0" index="8" bw="16" slack="1"/>
<pin id="377" dir="1" index="9" bw="128" slack="0"/>
</pin_list>
<bind>
<opcode="bitconcatenate(1004) " fcode="bitconcatenate"/>
<opset="p_s/2 "/>
</bind>
</comp>

<comp id="380" class="1005" name="select_ln51_reg_380">
<pin_list>
<pin id="381" dir="0" index="0" bw="16" slack="1"/>
<pin id="382" dir="1" index="1" bw="16" slack="1"/>
</pin_list>
<bind>
<opset="select_ln51 "/>
</bind>
</comp>

<comp id="385" class="1005" name="select_ln51_1_reg_385">
<pin_list>
<pin id="386" dir="0" index="0" bw="16" slack="1"/>
<pin id="387" dir="1" index="1" bw="16" slack="1"/>
</pin_list>
<bind>
<opset="select_ln51_1 "/>
</bind>
</comp>

<comp id="390" class="1005" name="select_ln51_2_reg_390">
<pin_list>
<pin id="391" dir="0" index="0" bw="16" slack="1"/>
<pin id="392" dir="1" index="1" bw="16" slack="1"/>
</pin_list>
<bind>
<opset="select_ln51_2 "/>
</bind>
</comp>

<comp id="395" class="1005" name="select_ln51_3_reg_395">
<pin_list>
<pin id="396" dir="0" index="0" bw="16" slack="1"/>
<pin id="397" dir="1" index="1" bw="16" slack="1"/>
</pin_list>
<bind>
<opset="select_ln51_3 "/>
</bind>
</comp>

<comp id="400" class="1005" name="select_ln51_4_reg_400">
<pin_list>
<pin id="401" dir="0" index="0" bw="16" slack="1"/>
<pin id="402" dir="1" index="1" bw="16" slack="1"/>
</pin_list>
<bind>
<opset="select_ln51_4 "/>
</bind>
</comp>

<comp id="405" class="1005" name="select_ln51_5_reg_405">
<pin_list>
<pin id="406" dir="0" index="0" bw="16" slack="1"/>
<pin id="407" dir="1" index="1" bw="16" slack="1"/>
</pin_list>
<bind>
<opset="select_ln51_5 "/>
</bind>
</comp>

<comp id="410" class="1005" name="select_ln51_6_reg_410">
<pin_list>
<pin id="411" dir="0" index="0" bw="16" slack="1"/>
<pin id="412" dir="1" index="1" bw="16" slack="1"/>
</pin_list>
<bind>
<opset="select_ln51_6 "/>
</bind>
</comp>

<comp id="415" class="1005" name="select_ln51_7_reg_415">
<pin_list>
<pin id="416" dir="0" index="0" bw="16" slack="1"/>
<pin id="417" dir="1" index="1" bw="16" slack="1"/>
</pin_list>
<bind>
<opset="select_ln51_7 "/>
</bind>
</comp>

</comp_list>

<net_list>
<net id="92"><net_src comp="4" pin="0"/><net_sink comp="88" pin=0"/></net>

<net id="93"><net_src comp="0" pin="0"/><net_sink comp="88" pin=1"/></net>

<net id="99"><net_src comp="86" pin="0"/><net_sink comp="94" pin=0"/></net>

<net id="100"><net_src comp="2" pin="0"/><net_sink comp="94" pin=1"/></net>

<net id="104"><net_src comp="88" pin="2"/><net_sink comp="101" pin=0"/></net>

<net id="111"><net_src comp="6" pin="0"/><net_sink comp="105" pin=0"/></net>

<net id="112"><net_src comp="88" pin="2"/><net_sink comp="105" pin=1"/></net>

<net id="113"><net_src comp="8" pin="0"/><net_sink comp="105" pin=2"/></net>

<net id="114"><net_src comp="10" pin="0"/><net_sink comp="105" pin=3"/></net>

<net id="121"><net_src comp="6" pin="0"/><net_sink comp="115" pin=0"/></net>

<net id="122"><net_src comp="88" pin="2"/><net_sink comp="115" pin=1"/></net>

<net id="123"><net_src comp="12" pin="0"/><net_sink comp="115" pin=2"/></net>

<net id="124"><net_src comp="14" pin="0"/><net_sink comp="115" pin=3"/></net>

<net id="131"><net_src comp="6" pin="0"/><net_sink comp="125" pin=0"/></net>

<net id="132"><net_src comp="88" pin="2"/><net_sink comp="125" pin=1"/></net>

<net id="133"><net_src comp="16" pin="0"/><net_sink comp="125" pin=2"/></net>

<net id="134"><net_src comp="18" pin="0"/><net_sink comp="125" pin=3"/></net>

<net id="141"><net_src comp="6" pin="0"/><net_sink comp="135" pin=0"/></net>

<net id="142"><net_src comp="88" pin="2"/><net_sink comp="135" pin=1"/></net>

<net id="143"><net_src comp="20" pin="0"/><net_sink comp="135" pin=2"/></net>

<net id="144"><net_src comp="22" pin="0"/><net_sink comp="135" pin=3"/></net>

<net id="151"><net_src comp="6" pin="0"/><net_sink comp="145" pin=0"/></net>

<net id="152"><net_src comp="88" pin="2"/><net_sink comp="145" pin=1"/></net>

<net id="153"><net_src comp="24" pin="0"/><net_sink comp="145" pin=2"/></net>

<net id="154"><net_src comp="26" pin="0"/><net_sink comp="145" pin=3"/></net>

<net id="161"><net_src comp="6" pin="0"/><net_sink comp="155" pin=0"/></net>

<net id="162"><net_src comp="88" pin="2"/><net_sink comp="155" pin=1"/></net>

<net id="163"><net_src comp="28" pin="0"/><net_sink comp="155" pin=2"/></net>

<net id="164"><net_src comp="30" pin="0"/><net_sink comp="155" pin=3"/></net>

<net id="171"><net_src comp="6" pin="0"/><net_sink comp="165" pin=0"/></net>

<net id="172"><net_src comp="88" pin="2"/><net_sink comp="165" pin=1"/></net>

<net id="173"><net_src comp="32" pin="0"/><net_sink comp="165" pin=2"/></net>

<net id="174"><net_src comp="34" pin="0"/><net_sink comp="165" pin=3"/></net>

<net id="179"><net_src comp="101" pin="1"/><net_sink comp="175" pin=0"/></net>

<net id="180"><net_src comp="36" pin="0"/><net_sink comp="175" pin=1"/></net>

<net id="187"><net_src comp="38" pin="0"/><net_sink comp="181" pin=0"/></net>

<net id="188"><net_src comp="88" pin="2"/><net_sink comp="181" pin=1"/></net>

<net id="189"><net_src comp="40" pin="0"/><net_sink comp="181" pin=2"/></net>

<net id="190"><net_src comp="42" pin="0"/><net_sink comp="181" pin=3"/></net>

<net id="196"><net_src comp="175" pin="2"/><net_sink comp="191" pin=0"/></net>

<net id="197"><net_src comp="181" pin="4"/><net_sink comp="191" pin=1"/></net>

<net id="198"><net_src comp="44" pin="0"/><net_sink comp="191" pin=2"/></net>

<net id="203"><net_src comp="105" pin="4"/><net_sink comp="199" pin=0"/></net>

<net id="204"><net_src comp="36" pin="0"/><net_sink comp="199" pin=1"/></net>

<net id="211"><net_src comp="38" pin="0"/><net_sink comp="205" pin=0"/></net>

<net id="212"><net_src comp="88" pin="2"/><net_sink comp="205" pin=1"/></net>

<net id="213"><net_src comp="46" pin="0"/><net_sink comp="205" pin=2"/></net>

<net id="214"><net_src comp="48" pin="0"/><net_sink comp="205" pin=3"/></net>

<net id="220"><net_src comp="199" pin="2"/><net_sink comp="215" pin=0"/></net>

<net id="221"><net_src comp="205" pin="4"/><net_sink comp="215" pin=1"/></net>

<net id="222"><net_src comp="44" pin="0"/><net_sink comp="215" pin=2"/></net>

<net id="227"><net_src comp="115" pin="4"/><net_sink comp="223" pin=0"/></net>

<net id="228"><net_src comp="36" pin="0"/><net_sink comp="223" pin=1"/></net>

<net id="235"><net_src comp="38" pin="0"/><net_sink comp="229" pin=0"/></net>

<net id="236"><net_src comp="88" pin="2"/><net_sink comp="229" pin=1"/></net>

<net id="237"><net_src comp="50" pin="0"/><net_sink comp="229" pin=2"/></net>

<net id="238"><net_src comp="52" pin="0"/><net_sink comp="229" pin=3"/></net>

<net id="244"><net_src comp="223" pin="2"/><net_sink comp="239" pin=0"/></net>

<net id="245"><net_src comp="229" pin="4"/><net_sink comp="239" pin=1"/></net>

<net id="246"><net_src comp="44" pin="0"/><net_sink comp="239" pin=2"/></net>

<net id="251"><net_src comp="125" pin="4"/><net_sink comp="247" pin=0"/></net>

<net id="252"><net_src comp="36" pin="0"/><net_sink comp="247" pin=1"/></net>

<net id="259"><net_src comp="38" pin="0"/><net_sink comp="253" pin=0"/></net>

<net id="260"><net_src comp="88" pin="2"/><net_sink comp="253" pin=1"/></net>

<net id="261"><net_src comp="54" pin="0"/><net_sink comp="253" pin=2"/></net>

<net id="262"><net_src comp="56" pin="0"/><net_sink comp="253" pin=3"/></net>

<net id="268"><net_src comp="247" pin="2"/><net_sink comp="263" pin=0"/></net>

<net id="269"><net_src comp="253" pin="4"/><net_sink comp="263" pin=1"/></net>

<net id="270"><net_src comp="44" pin="0"/><net_sink comp="263" pin=2"/></net>

<net id="275"><net_src comp="135" pin="4"/><net_sink comp="271" pin=0"/></net>

<net id="276"><net_src comp="36" pin="0"/><net_sink comp="271" pin=1"/></net>

<net id="283"><net_src comp="38" pin="0"/><net_sink comp="277" pin=0"/></net>

<net id="284"><net_src comp="88" pin="2"/><net_sink comp="277" pin=1"/></net>

<net id="285"><net_src comp="58" pin="0"/><net_sink comp="277" pin=2"/></net>

<net id="286"><net_src comp="60" pin="0"/><net_sink comp="277" pin=3"/></net>

<net id="292"><net_src comp="271" pin="2"/><net_sink comp="287" pin=0"/></net>

<net id="293"><net_src comp="277" pin="4"/><net_sink comp="287" pin=1"/></net>

<net id="294"><net_src comp="44" pin="0"/><net_sink comp="287" pin=2"/></net>

<net id="299"><net_src comp="145" pin="4"/><net_sink comp="295" pin=0"/></net>

<net id="300"><net_src comp="36" pin="0"/><net_sink comp="295" pin=1"/></net>

<net id="307"><net_src comp="38" pin="0"/><net_sink comp="301" pin=0"/></net>

<net id="308"><net_src comp="88" pin="2"/><net_sink comp="301" pin=1"/></net>

<net id="309"><net_src comp="62" pin="0"/><net_sink comp="301" pin=2"/></net>

<net id="310"><net_src comp="64" pin="0"/><net_sink comp="301" pin=3"/></net>

<net id="316"><net_src comp="295" pin="2"/><net_sink comp="311" pin=0"/></net>

<net id="317"><net_src comp="301" pin="4"/><net_sink comp="311" pin=1"/></net>

<net id="318"><net_src comp="44" pin="0"/><net_sink comp="311" pin=2"/></net>

<net id="323"><net_src comp="155" pin="4"/><net_sink comp="319" pin=0"/></net>

<net id="324"><net_src comp="36" pin="0"/><net_sink comp="319" pin=1"/></net>

<net id="331"><net_src comp="38" pin="0"/><net_sink comp="325" pin=0"/></net>

<net id="332"><net_src comp="88" pin="2"/><net_sink comp="325" pin=1"/></net>

<net id="333"><net_src comp="66" pin="0"/><net_sink comp="325" pin=2"/></net>

<net id="334"><net_src comp="68" pin="0"/><net_sink comp="325" pin=3"/></net>

<net id="340"><net_src comp="319" pin="2"/><net_sink comp="335" pin=0"/></net>

<net id="341"><net_src comp="325" pin="4"/><net_sink comp="335" pin=1"/></net>

<net id="342"><net_src comp="44" pin="0"/><net_sink comp="335" pin=2"/></net>

<net id="347"><net_src comp="165" pin="4"/><net_sink comp="343" pin=0"/></net>

<net id="348"><net_src comp="36" pin="0"/><net_sink comp="343" pin=1"/></net>

<net id="355"><net_src comp="38" pin="0"/><net_sink comp="349" pin=0"/></net>

<net id="356"><net_src comp="88" pin="2"/><net_sink comp="349" pin=1"/></net>

<net id="357"><net_src comp="70" pin="0"/><net_sink comp="349" pin=2"/></net>

<net id="358"><net_src comp="72" pin="0"/><net_sink comp="349" pin=3"/></net>

<net id="364"><net_src comp="343" pin="2"/><net_sink comp="359" pin=0"/></net>

<net id="365"><net_src comp="349" pin="4"/><net_sink comp="359" pin=1"/></net>

<net id="366"><net_src comp="44" pin="0"/><net_sink comp="359" pin=2"/></net>

<net id="378"><net_src comp="84" pin="0"/><net_sink comp="367" pin=0"/></net>

<net id="379"><net_src comp="367" pin="9"/><net_sink comp="94" pin=2"/></net>

<net id="383"><net_src comp="191" pin="3"/><net_sink comp="380" pin=0"/></net>

<net id="384"><net_src comp="380" pin="1"/><net_sink comp="367" pin=8"/></net>

<net id="388"><net_src comp="215" pin="3"/><net_sink comp="385" pin=0"/></net>

<net id="389"><net_src comp="385" pin="1"/><net_sink comp="367" pin=7"/></net>

<net id="393"><net_src comp="239" pin="3"/><net_sink comp="390" pin=0"/></net>

<net id="394"><net_src comp="390" pin="1"/><net_sink comp="367" pin=6"/></net>

<net id="398"><net_src comp="263" pin="3"/><net_sink comp="395" pin=0"/></net>

<net id="399"><net_src comp="395" pin="1"/><net_sink comp="367" pin=5"/></net>

<net id="403"><net_src comp="287" pin="3"/><net_sink comp="400" pin=0"/></net>

<net id="404"><net_src comp="400" pin="1"/><net_sink comp="367" pin=4"/></net>

<net id="408"><net_src comp="311" pin="3"/><net_sink comp="405" pin=0"/></net>

<net id="409"><net_src comp="405" pin="1"/><net_sink comp="367" pin=3"/></net>

<net id="413"><net_src comp="335" pin="3"/><net_sink comp="410" pin=0"/></net>

<net id="414"><net_src comp="410" pin="1"/><net_sink comp="367" pin=2"/></net>

<net id="418"><net_src comp="359" pin="3"/><net_sink comp="415" pin=0"/></net>

<net id="419"><net_src comp="415" pin="1"/><net_sink comp="367" pin=1"/></net>

</net_list>

</model> 
---------------- Datapath Model END ------------------

* FSMD analyzer results:
  - Output states:
	Port: layer7_out | {2 }
 - Input state : 
	Port: relu<array<ap_fixed,8u>,array<ap_fixed<16,6,5,3,0>,8u>,relu_config7> : layer6_out | {1 }
  - Chain level:
	State 1
		icmp_ln51 : 1
		select_ln51 : 2
		icmp_ln51_1 : 1
		select_ln51_1 : 2
		icmp_ln51_2 : 1
		select_ln51_2 : 2
		icmp_ln51_3 : 1
		select_ln51_3 : 2
		icmp_ln51_4 : 1
		select_ln51_4 : 2
		icmp_ln51_5 : 1
		select_ln51_5 : 2
		icmp_ln51_6 : 1
		select_ln51_6 : 2
		icmp_ln51_7 : 1
		select_ln51_7 : 2
	State 2
		write_ln57 : 1


============================================================
+ Verbose Summary: Datapath Resource usage 
============================================================

* Functional unit list:
|----------|----------------------------|---------|---------|
| Operation|       Functional Unit      |    FF   |   LUT   |
|----------|----------------------------|---------|---------|
|          |      icmp_ln51_fu_175      |    0    |    46   |
|          |     icmp_ln51_1_fu_199     |    0    |    46   |
|          |     icmp_ln51_2_fu_223     |    0    |    46   |
|   icmp   |     icmp_ln51_3_fu_247     |    0    |    46   |
|          |     icmp_ln51_4_fu_271     |    0    |    46   |
|          |     icmp_ln51_5_fu_295     |    0    |    46   |
|          |     icmp_ln51_6_fu_319     |    0    |    46   |
|          |     icmp_ln51_7_fu_343     |    0    |    46   |
|----------|----------------------------|---------|---------|
|          |     select_ln51_fu_191     |    0    |    16   |
|          |    select_ln51_1_fu_215    |    0    |    16   |
|          |    select_ln51_2_fu_239    |    0    |    16   |
|  select  |    select_ln51_3_fu_263    |    0    |    16   |
|          |    select_ln51_4_fu_287    |    0    |    16   |
|          |    select_ln51_5_fu_311    |    0    |    16   |
|          |    select_ln51_6_fu_335    |    0    |    16   |
|          |    select_ln51_7_fu_359    |    0    |    16   |
|----------|----------------------------|---------|---------|
|   read   | layer6_out_read_read_fu_88 |    0    |    0    |
|----------|----------------------------|---------|---------|
|   write  |   write_ln57_write_fu_94   |    0    |    0    |
|----------|----------------------------|---------|---------|
|   trunc  |      trunc_ln44_fu_101     |    0    |    0    |
|----------|----------------------------|---------|---------|
|          |     trunc_ln44_1_fu_105    |    0    |    0    |
|          |     trunc_ln44_2_fu_115    |    0    |    0    |
|          |     trunc_ln44_3_fu_125    |    0    |    0    |
|          |     trunc_ln44_4_fu_135    |    0    |    0    |
|          |     trunc_ln44_5_fu_145    |    0    |    0    |
|          |     trunc_ln44_6_fu_155    |    0    |    0    |
|          |     trunc_ln44_7_fu_165    |    0    |    0    |
|partselect|      trunc_ln3_fu_181      |    0    |    0    |
|          |     trunc_ln52_1_fu_205    |    0    |    0    |
|          |     trunc_ln52_2_fu_229    |    0    |    0    |
|          |     trunc_ln52_3_fu_253    |    0    |    0    |
|          |     trunc_ln52_4_fu_277    |    0    |    0    |
|          |     trunc_ln52_5_fu_301    |    0    |    0    |
|          |     trunc_ln52_6_fu_325    |    0    |    0    |
|          |     trunc_ln52_7_fu_349    |    0    |    0    |
|----------|----------------------------|---------|---------|
|bitconcatenate|         p_s_fu_367         |    0    |    0    |
|----------|----------------------------|---------|---------|
|   Total  |                            |    0    |   496   |
|----------|----------------------------|---------|---------|

Memories:
N/A

* Register list:
+---------------------+--------+
|                     |   FF   |
+---------------------+--------+
|select_ln51_1_reg_385|   16   |
|select_ln51_2_reg_390|   16   |
|select_ln51_3_reg_395|   16   |
|select_ln51_4_reg_400|   16   |
|select_ln51_5_reg_405|   16   |
|select_ln51_6_reg_410|   16   |
|select_ln51_7_reg_415|   16   |
| select_ln51_reg_380 |   16   |
+---------------------+--------+
|        Total        |   128  |
+---------------------+--------+

* Multiplexer (MUX) list: 
|--------|------|------|------|--------|
|  Comp  |  Pin | Size |  BW  | S x BW |
|--------|------|------|------|--------|
|  Total |      |      |      |    0   |
|--------|------|------|------|--------|



* Summary:
+-----------+--------+--------+
|           |   FF   |   LUT  |
+-----------+--------+--------+
|  Function |    0   |   496  |
|   Memory  |    -   |    -   |
|Multiplexer|    -   |    -   |
|  Register |   128  |    -   |
+-----------+--------+--------+
|   Total   |   128  |   496  |
+-----------+--------+--------+
