

================================================================
== Vitis HLS Report for 'relu_array_ap_fixed_4u_array_ap_fixed_16_6_5_3_0_4u_relu_config3_s'
================================================================
* Date:           Mon Mar 23 21:37:47 2026

* Version:        2024.2 (Build 5238294 on Nov  8 2024)
* Project:        myproject_prj
* Solution:       solution1 (Vivado IP Flow Target)
* Product family: zynquplus
* Target device:  xczu7ev-ffvc1156-2-e


================================================================
== Performance Estimates
================================================================
+ Timing: 
    * Summary: 
    +--------+---------+----------+------------+
    |  Clock |  Target | Estimated| Uncertainty|
    +--------+---------+----------+------------+
    |ap_clk  |  5.00 ns|  3.209 ns|     1.35 ns|
    +--------+---------+----------+------------+

+ Latency: 
    * Summary: 
    +---------+---------+----------+----------+-----+-----+------------------------------------------------+
    |  Latency (cycles) |  Latency (absolute) |  Interval |                    Pipeline                    |
    |   min   |   max   |    min   |    max   | min | max |                      Type                      |
    +---------+---------+----------+----------+-----+-----+------------------------------------------------+
    |       38|       38|  0.190 us|  0.190 us|   36|   36|  loop auto-rewind stp (delay=0 clock cycles(s))|
    +---------+---------+----------+----------+-----+-----+------------------------------------------------+

    + Detail: 
        * Instance: 
        N/A

        * Loop: 
        +---------------+---------+---------+----------+-----------+-----------+------+----------+
        |               |  Latency (cycles) | Iteration|  Initiation Interval  | Trip |          |
        |   Loop Name   |   min   |   max   |  Latency |  achieved |   target  | Count| Pipelined|
        +---------------+---------+---------+----------+-----------+-----------+------+----------+
        |- ReLUActLoop  |       36|       36|         2|          1|          1|    36|       yes|
        +---------------+---------+---------+----------+-----------+-----------+------+----------+

============================================================
+ Verbose Summary: Synthesis Manager
============================================================
InlineROM: 1
ExposeGlobal: 0
============================================================
+ Verbose Summary: CDFG Model
============================================================
IsTopModel: 0
ResetActiveHigh: 1
IsCombinational: 2
IsDatapathOnly: 0
HasWiredReturn: 1
HasMFsm: 2
HasVarLatency: 1
IsPipeline: 0
IsRtlPipelined: 0
IsInstanceOverlapped: 0
IsDontTouch: 0
HasImplIP: 0
IsGatedGlobalClock: 0

+ Individual pipeline summary: 
  * Pipeline-0: initiation interval (II) = 1, depth = 2


============================================================
+ Verbose Summary: Schedule
============================================================
* Number of FSM states : 2
* Pipeline : 1
  Pipeline-0 : II = 1, D = 2, States = { 1 2 }
* Dataflow Pipeline: 0

* FSM state transitions: 
1 --> 2 
2 --> 

* FSM state operations: 

State 1 <SV = 0> <Delay = 3.20>
ST_1 : Operation 5 [1/1] (0.00ns)   --->   "%i1 = alloca i32 1"   --->   Operation 5 'alloca' 'i1' <Predicate = true> <Delay = 0.00>
ST_1 : Operation 6 [1/1] (0.00ns)   --->   "%specinterface_ln0 = specinterface void @_ssdm_op_SpecInterface, i64 %layer3_out, void @empty_6, i32 0, i32 0, void @empty_3, i32 0, i32 0, void @empty_3, void @empty_3, void @empty_3, i32 0, i32 0, i32 0, i32 0, void @empty_3, void @empty_3, i32 4294967295, i32 0, i32 0"   --->   Operation 6 'specinterface' 'specinterface_ln0' <Predicate = true> <Delay = 0.00>
ST_1 : Operation 7 [1/1] (0.00ns)   --->   "%specinterface_ln0 = specinterface void @_ssdm_op_SpecInterface, i148 %layer2_out, void @empty_6, i32 0, i32 0, void @empty_3, i32 0, i32 0, void @empty_3, void @empty_3, void @empty_3, i32 0, i32 0, i32 0, i32 0, void @empty_3, void @empty_3, i32 4294967295, i32 0, i32 0"   --->   Operation 7 'specinterface' 'specinterface_ln0' <Predicate = true> <Delay = 0.00>
ST_1 : Operation 8 [1/1] (0.42ns)   --->   "%store_ln0 = store i6 0, i6 %i1"   --->   Operation 8 'store' 'store_ln0' <Predicate = true> <Delay = 0.42>
ST_1 : Operation 9 [1/1] (0.00ns)   --->   "%br_ln41 = br void %ReLUPackLoop.split" [firmware/nnet_utils/nnet_activation_stream.h:41]   --->   Operation 9 'br' 'br_ln41' <Predicate = true> <Delay = 0.00>
ST_1 : Operation 10 [1/1] (0.00ns)   --->   "%i1_load = load i6 %i1" [firmware/nnet_utils/nnet_activation_stream.h:41]   --->   Operation 10 'load' 'i1_load' <Predicate = true> <Delay = 0.00>
ST_1 : Operation 11 [1/1] ( I:1.82ns O:1.82ns )   --->   "%layer2_out_read = read i148 @_ssdm_op_Read.ap_fifo.volatile.i148P0A, i148 %layer2_out" [firmware/nnet_utils/nnet_activation_stream.h:44]   --->   Operation 11 'read' 'layer2_out_read' <Predicate = true> <Delay = 1.82> <CoreInst = "FIFO">   --->   Core 77 'FIFO' <Latency = 0> <II = 1> <Delay = 1.85> <Storage> <Opcode : 'read' 'write' 'nbread' 'nbwrite'> <Ports = 0> <Width = 148> <Depth = 36> <FIFO>
ST_1 : Operation 12 [1/1] (0.00ns)   --->   "%trunc_ln44 = trunc i148 %layer2_out_read" [firmware/nnet_utils/nnet_activation_stream.h:44]   --->   Operation 12 'trunc' 'trunc_ln44' <Predicate = true> <Delay = 0.00>
ST_1 : Operation 13 [1/1] (0.00ns)   --->   "%trunc_ln44_8 = partselect i37 @_ssdm_op_PartSelect.i37.i148.i32.i32, i148 %layer2_out_read, i32 37, i32 73" [firmware/nnet_utils/nnet_activation_stream.h:44]   --->   Operation 13 'partselect' 'trunc_ln44_8' <Predicate = true> <Delay = 0.00>
ST_1 : Operation 14 [1/1] (0.00ns)   --->   "%trunc_ln44_9 = partselect i37 @_ssdm_op_PartSelect.i37.i148.i32.i32, i148 %layer2_out_read, i32 74, i32 110" [firmware/nnet_utils/nnet_activation_stream.h:44]   --->   Operation 14 'partselect' 'trunc_ln44_9' <Predicate = true> <Delay = 0.00>
ST_1 : Operation 15 [1/1] (0.00ns)   --->   "%trunc_ln44_s = partselect i37 @_ssdm_op_PartSelect.i37.i148.i32.i32, i148 %layer2_out_read, i32 111, i32 147" [firmware/nnet_utils/nnet_activation_stream.h:44]   --->   Operation 15 'partselect' 'trunc_ln44_s' <Predicate = true> <Delay = 0.00>
ST_1 : Operation 16 [1/1] (1.02ns)   --->   "%icmp_ln51 = icmp_sgt  i37 %trunc_ln44, i37 0" [firmware/nnet_utils/nnet_activation_stream.h:51]   --->   Operation 16 'icmp' 'icmp_ln51' <Predicate = true> <Delay = 1.02> <CoreInst = "Cmp">   --->   Core 9 'Cmp' <Latency = 0> <II = 1> <Delay = 1.02> <FuncUnit> <Opcode : 'seteq' 'setne' 'setle' 'setge' 'setlt' 'setgt'> <InPorts = 2> <OutPorts = 1>
ST_1 : Operation 17 [1/1] (0.00ns)   --->   "%trunc_ln4 = partselect i16 @_ssdm_op_PartSelect.i16.i148.i32.i32, i148 %layer2_out_read, i32 10, i32 25" [firmware/nnet_utils/nnet_activation_stream.h:52]   --->   Operation 17 'partselect' 'trunc_ln4' <Predicate = true> <Delay = 0.00>
ST_1 : Operation 18 [1/1] (0.35ns)   --->   "%select_ln51 = select i1 %icmp_ln51, i16 %trunc_ln4, i16 0" [firmware/nnet_utils/nnet_activation_stream.h:51]   --->   Operation 18 'select' 'select_ln51' <Predicate = true> <Delay = 0.35> <CoreInst = "Sel">   --->   Core 73 'Sel' <Latency = 0> <II = 1> <Delay = 0.35> <FuncUnit> <Opcode : 'select'> <InPorts = 3> <OutPorts = 1>
ST_1 : Operation 19 [1/1] (1.02ns)   --->   "%icmp_ln51_8 = icmp_sgt  i37 %trunc_ln44_8, i37 0" [firmware/nnet_utils/nnet_activation_stream.h:51]   --->   Operation 19 'icmp' 'icmp_ln51_8' <Predicate = true> <Delay = 1.02> <CoreInst = "Cmp">   --->   Core 9 'Cmp' <Latency = 0> <II = 1> <Delay = 1.02> <FuncUnit> <Opcode : 'seteq' 'setne' 'setle' 'setge' 'setlt' 'setgt'> <InPorts = 2> <OutPorts = 1>
ST_1 : Operation 20 [1/1] (0.00ns)   --->   "%trunc_ln52_8 = partselect i16 @_ssdm_op_PartSelect.i16.i148.i32.i32, i148 %layer2_out_read, i32 47, i32 62" [firmware/nnet_utils/nnet_activation_stream.h:52]   --->   Operation 20 'partselect' 'trunc_ln52_8' <Predicate = true> <Delay = 0.00>
ST_1 : Operation 21 [1/1] (0.35ns)   --->   "%select_ln51_8 = select i1 %icmp_ln51_8, i16 %trunc_ln52_8, i16 0" [firmware/nnet_utils/nnet_activation_stream.h:51]   --->   Operation 21 'select' 'select_ln51_8' <Predicate = true> <Delay = 0.35> <CoreInst = "Sel">   --->   Core 73 'Sel' <Latency = 0> <II = 1> <Delay = 0.35> <FuncUnit> <Opcode : 'select'> <InPorts = 3> <OutPorts = 1>
ST_1 : Operation 22 [1/1] (1.02ns)   --->   "%icmp_ln51_9 = icmp_sgt  i37 %trunc_ln44_9, i37 0" [firmware/nnet_utils/nnet_activation_stream.h:51]   --->   Operation 22 'icmp' 'icmp_ln51_9' <Predicate = true> <Delay = 1.02> <CoreInst = "Cmp">   --->   Core 9 'Cmp' <Latency = 0> <II = 1> <Delay = 1.02> <FuncUnit> <Opcode : 'seteq' 'setne' 'setle' 'setge' 'setlt' 'setgt'> <InPorts = 2> <OutPorts = 1>
ST_1 : Operation 23 [1/1] (0.00ns)   --->   "%trunc_ln52_9 = partselect i16 @_ssdm_op_PartSelect.i16.i148.i32.i32, i148 %layer2_out_read, i32 84, i32 99" [firmware/nnet_utils/nnet_activation_stream.h:52]   --->   Operation 23 'partselect' 'trunc_ln52_9' <Predicate = true> <Delay = 0.00>
ST_1 : Operation 24 [1/1] (0.35ns)   --->   "%select_ln51_9 = select i1 %icmp_ln51_9, i16 %trunc_ln52_9, i16 0" [firmware/nnet_utils/nnet_activation_stream.h:51]   --->   Operation 24 'select' 'select_ln51_9' <Predicate = true> <Delay = 0.35> <CoreInst = "Sel">   --->   Core 73 'Sel' <Latency = 0> <II = 1> <Delay = 0.35> <FuncUnit> <Opcode : 'select'> <InPorts = 3> <OutPorts = 1>
ST_1 : Operation 25 [1/1] (1.02ns)   --->   "%icmp_ln51_10 = icmp_sgt  i37 %trunc_ln44_s, i37 0" [firmware/nnet_utils/nnet_activation_stream.h:51]   --->   Operation 25 'icmp' 'icmp_ln51_10' <Predicate = true> <Delay = 1.02> <CoreInst = "Cmp">   --->   Core 9 'Cmp' <Latency = 0> <II = 1> <Delay = 1.02> <FuncUnit> <Opcode : 'seteq' 'setne' 'setle' 'setge' 'setlt' 'setgt'> <InPorts = 2> <OutPorts = 1>
ST_1 : Operation 26 [1/1] (0.00ns)   --->   "%trunc_ln52_s = partselect i16 @_ssdm_op_PartSelect.i16.i148.i32.i32, i148 %layer2_out_read, i32 121, i32 136" [firmware/nnet_utils/nnet_activation_stream.h:52]   --->   Operation 26 'partselect' 'trunc_ln52_s' <Predicate = true> <Delay = 0.00>
ST_1 : Operation 27 [1/1] (0.35ns)   --->   "%select_ln51_10 = select i1 %icmp_ln51_10, i16 %trunc_ln52_s, i16 0" [firmware/nnet_utils/nnet_activation_stream.h:51]   --->   Operation 27 'select' 'select_ln51_10' <Predicate = true> <Delay = 0.35> <CoreInst = "Sel">   --->   Core 73 'Sel' <Latency = 0> <II = 1> <Delay = 0.35> <FuncUnit> <Opcode : 'select'> <InPorts = 3> <OutPorts = 1>
ST_1 : Operation 28 [1/1] (0.78ns)   --->   "%i = add i6 %i1_load, i6 1" [firmware/nnet_utils/nnet_activation_stream.h:41]   --->   Operation 28 'add' 'i' <Predicate = true> <Delay = 0.78> <CoreInst = "Adder">   --->   Core 1 'Adder' <Latency = 0> <II = 1> <Delay = 0.78> <FuncUnit> <Opcode : 'add' 'sub'> <InPorts = 2> <OutPorts = 1>
ST_1 : Operation 29 [1/1] (0.78ns)   --->   "%icmp_ln41 = icmp_eq  i6 %i1_load, i6 35" [firmware/nnet_utils/nnet_activation_stream.h:41]   --->   Operation 29 'icmp' 'icmp_ln41' <Predicate = true> <Delay = 0.78> <CoreInst = "Cmp">   --->   Core 9 'Cmp' <Latency = 0> <II = 1> <Delay = 0.78> <FuncUnit> <Opcode : 'seteq' 'setne' 'setle' 'setge' 'setlt' 'setgt'> <InPorts = 2> <OutPorts = 1>
ST_1 : Operation 30 [1/1] (0.42ns)   --->   "%store_ln41 = store i6 %i, i6 %i1" [firmware/nnet_utils/nnet_activation_stream.h:41]   --->   Operation 30 'store' 'store_ln41' <Predicate = true> <Delay = 0.42>
ST_1 : Operation 31 [1/1] (0.00ns)   --->   "%br_ln41 = br i1 %icmp_ln41, void %ReLUPackLoop.split, void %for.end15" [firmware/nnet_utils/nnet_activation_stream.h:41]   --->   Operation 31 'br' 'br_ln41' <Predicate = true> <Delay = 0.00>

State 2 <SV = 1> <Delay = 1.82>
ST_2 : Operation 32 [1/1] (0.00ns)   --->   "%specpipeline_ln42 = specpipeline void @_ssdm_op_SpecPipeline, i32 4294967295, i32 0, i32 0, i32 0, void @empty_3" [firmware/nnet_utils/nnet_activation_stream.h:42]   --->   Operation 32 'specpipeline' 'specpipeline_ln42' <Predicate = true> <Delay = 0.00>
ST_2 : Operation 33 [1/1] (0.00ns)   --->   "%speclooptripcount_ln41 = speclooptripcount void @_ssdm_op_SpecLoopTripCount, i64 36, i64 36, i64 36" [firmware/nnet_utils/nnet_activation_stream.h:41]   --->   Operation 33 'speclooptripcount' 'speclooptripcount_ln41' <Predicate = true> <Delay = 0.00>
ST_2 : Operation 34 [1/1] (0.00ns)   --->   "%specloopname_ln41 = specloopname void @_ssdm_op_SpecLoopName, void @empty_9" [firmware/nnet_utils/nnet_activation_stream.h:41]   --->   Operation 34 'specloopname' 'specloopname_ln41' <Predicate = true> <Delay = 0.00>
ST_2 : Operation 35 [1/1] (0.00ns)   --->   "%or_ln57_s = bitconcatenate i64 @_ssdm_op_BitConcatenate.i64.i16.i16.i16.i16, i16 %select_ln51_10, i16 %select_ln51_9, i16 %select_ln51_8, i16 %select_ln51" [firmware/nnet_utils/nnet_activation_stream.h:57]   --->   Operation 35 'bitconcatenate' 'or_ln57_s' <Predicate = true> <Delay = 0.00>
ST_2 : Operation 36 [1/1] ( I:1.82ns O:1.82ns )   --->   "%write_ln57 = write void @_ssdm_op_Write.ap_fifo.volatile.i64P0A, i64 %layer3_out, i64 %or_ln57_s" [firmware/nnet_utils/nnet_activation_stream.h:57]   --->   Operation 36 'write' 'write_ln57' <Predicate = true> <Delay = 1.82> <CoreInst = "FIFO">   --->   Core 77 'FIFO' <Latency = 0> <II = 1> <Delay = 1.85> <Storage> <Opcode : 'read' 'write' 'nbread' 'nbwrite'> <Ports = 0> <Width = 64> <Depth = 36> <FIFO>
ST_2 : Operation 37 [1/1] (0.42ns)   --->   "%ret_ln59 = ret" [firmware/nnet_utils/nnet_activation_stream.h:59]   --->   Operation 37 'ret' 'ret_ln59' <Predicate = (icmp_ln41)> <Delay = 0.42>


============================================================
+ Verbose Summary: Timing violations
============================================================
Target clock period: 5.000ns, clock uncertainty: 1.350ns.

 <State 1>: 3.209ns
The critical path consists of the following:
	fifo read operation ('layer2_out_read', firmware/nnet_utils/nnet_activation_stream.h:44) on port 'layer2_out' (firmware/nnet_utils/nnet_activation_stream.h:44) [13]  (1.825 ns)
	'icmp' operation 1 bit ('icmp_ln51', firmware/nnet_utils/nnet_activation_stream.h:51) [18]  (1.027 ns)
	'select' operation 16 bit ('select_ln51', firmware/nnet_utils/nnet_activation_stream.h:51) [20]  (0.357 ns)

 <State 2>: 1.825ns
The critical path consists of the following:
	fifo write operation ('write_ln57', firmware/nnet_utils/nnet_activation_stream.h:57) on port 'layer3_out' (firmware/nnet_utils/nnet_activation_stream.h:57) [31]  (1.825 ns)


============================================================
+ Verbose Summary: Binding
============================================================
N/A
* FSMD analyzer results:
  - Output states:
 - Input state : 
  - Chain level:
	State 1
	State 2


============================================================
+ Verbose Summary: Datapath Resource usage 
============================================================
N/A
