

================================================================
== Vitis HLS Report for 'softmax_stable_array_array_ap_fixed_16_6_5_3_0_2u_softmax_config9_s'
================================================================
* Date:           Mon Mar 23 21:37:57 2026

* Version:        2024.2 (Build 5238294 on Nov  8 2024)
* Project:        myproject_prj
* Solution:       solution1 (Vivado IP Flow Target)
* Product family: zynquplus
* Target device:  xczu7ev-ffvc1156-2-e


================================================================
== Performance Estimates
================================================================
+ Timing: 
    * Summary: 
    +--------+---------+----------+------------+
    |  Clock |  Target | Estimated| Uncertainty|
    +--------+---------+----------+------------+
    |ap_clk  |  5.00 ns|  3.644 ns|     1.35 ns|
    +--------+---------+----------+------------+

+ Latency: 
    * Summary: 
    +---------+---------+----------+----------+------+------+---------+
    |  Latency (cycles) |  Latency (absolute) |   Interval  | Pipeline|
    |   min   |   max   |    min   |    max   |  min |  max |   Type  |
    +---------+---------+----------+----------+------+------+---------+
    |     1051|     1051|  5.255 us|  5.255 us|  1051|  1051|       no|
    +---------+---------+----------+----------+------+------+---------+

    + Detail: 
        * Instance: 
        +-------------------------------------------------------------------+--------------------------------------------------------+---------+---------+----------+----------+------+------+------------------------------------------------+
        |                                                                   |                                                        |  Latency (cycles) |  Latency (absolute) |   Interval  |                    Pipeline                    |
        |                              Instance                             |                         Module                         |   min   |   max   |    min   |    max   |  min |  max |                      Type                      |
        +-------------------------------------------------------------------+--------------------------------------------------------+---------+---------+----------+----------+------+------+------------------------------------------------+
        |grp_init_exp_table_ap_ufixed_35_15_5_3_0_softmax_config9_s_fu_154  |init_exp_table_ap_ufixed_35_15_5_3_0_softmax_config9_s  |     1045|     1045|  5.225 us|  5.225 us|  1025|  1025|  loop auto-rewind stp (delay=0 clock cycles(s))|
        +-------------------------------------------------------------------+--------------------------------------------------------+---------+---------+----------+----------+------+------+------------------------------------------------+

        * Loop: 
        N/A

============================================================
+ Verbose Summary: Synthesis Manager
============================================================
InlineROM: 1
ExposeGlobal: 0
============================================================
+ Verbose Summary: CDFG Model
============================================================
IsTopModel: 0
ResetActiveHigh: 1
IsCombinational: 0
IsDatapathOnly: 0
HasWiredReturn: 1
HasMFsm: 0
HasVarLatency: 1
IsPipeline: 0
IsRtlPipelined: 0
IsInstanceOverlapped: 0
IsDontTouch: 0
HasImplIP: 0
IsGatedGlobalClock: 0


============================================================
+ Verbose Summary: Schedule
============================================================
* Number of FSM states : 7
* Pipeline : 0
* Dataflow Pipeline: 0

* FSM state transitions: 
1 --> 2 
2 --> 3 
3 --> 4 
4 --> 5 
5 --> 6 
6 --> 7 
7 --> 

* FSM state operations: 

State 1 <SV = 0> <Delay = 1.23>
ST_1 : Operation 8 [1/1] (1.23ns)   --->   "%exp_table = alloca i64 1" [firmware/nnet_utils/nnet_activation_stream.h:173]   --->   Operation 8 'alloca' 'exp_table' <Predicate = true> <Delay = 1.23> <CoreInst = "RAM">   --->   Core 82 'RAM' <Latency = 1> <II = 1> <Delay = 1.23> <Storage> <Opcode : 'load' 'store'> <Ports = 2> <Width = 16> <Depth = 1024> <RAM>
ST_1 : Operation 9 [2/2] (0.00ns)   --->   "%call_ln183 = call void @init_exp_table<ap_ufixed<35, 15, 5, 3, 0>, softmax_config9>, i16 %exp_table" [firmware/nnet_utils/nnet_activation_stream.h:183]   --->   Operation 9 'call' 'call_ln183' <Predicate = true> <Delay = 0.00> <CoreType = "Generic">   --->   Generic Core

State 2 <SV = 1> <Delay = 2.85>
ST_2 : Operation 10 [1/2] (0.00ns)   --->   "%call_ln183 = call void @init_exp_table<ap_ufixed<35, 15, 5, 3, 0>, softmax_config9>, i16 %exp_table" [firmware/nnet_utils/nnet_activation_stream.h:183]   --->   Operation 10 'call' 'call_ln183' <Predicate = true> <Delay = 0.00> <CoreType = "Generic">   --->   Generic Core
ST_2 : Operation 11 [1/1] ( I:1.82ns O:1.82ns )   --->   "%layer8_out_read = read i72 @_ssdm_op_Read.ap_fifo.volatile.i72P0A, i72 %layer8_out" [firmware/nnet_utils/nnet_activation_stream.h:198]   --->   Operation 11 'read' 'layer8_out_read' <Predicate = true> <Delay = 1.82> <CoreInst = "FIFO_SRL">   --->   Core 80 'FIFO_SRL' <Latency = 0> <II = 1> <Delay = 1.83> <Storage> <Opcode : 'read' 'write' 'nbread' 'nbwrite'> <Ports = 0> <Width = 72> <Depth = 1> <FIFO>
ST_2 : Operation 12 [1/1] (0.00ns)   --->   "%trunc_ln198 = trunc i72 %layer8_out_read" [firmware/nnet_utils/nnet_activation_stream.h:198]   --->   Operation 12 'trunc' 'trunc_ln198' <Predicate = true> <Delay = 0.00>
ST_2 : Operation 13 [1/1] (0.00ns)   --->   "%trunc_ln198_1 = partselect i36 @_ssdm_op_PartSelect.i36.i72.i32.i32, i72 %layer8_out_read, i32 36, i32 71" [firmware/nnet_utils/nnet_activation_stream.h:198]   --->   Operation 13 'partselect' 'trunc_ln198_1' <Predicate = true> <Delay = 0.00>
ST_2 : Operation 14 [1/1] (1.02ns)   --->   "%icmp_ln66 = icmp_slt  i36 %trunc_ln198, i36 %trunc_ln198_1" [firmware/nnet_utils/nnet_common.h:66->firmware/nnet_utils/nnet_common.h:44->firmware/nnet_utils/nnet_activation_stream.h:208]   --->   Operation 14 'icmp' 'icmp_ln66' <Predicate = true> <Delay = 1.02> <CoreInst = "Cmp">   --->   Core 9 'Cmp' <Latency = 0> <II = 1> <Delay = 1.02> <FuncUnit> <Opcode : 'seteq' 'setne' 'setle' 'setge' 'setlt' 'setgt'> <InPorts = 2> <OutPorts = 1>
ST_2 : Operation 15 [1/1] (0.00ns)   --->   "%trunc_ln66 = trunc i72 %layer8_out_read" [firmware/nnet_utils/nnet_common.h:66->firmware/nnet_utils/nnet_common.h:44->firmware/nnet_utils/nnet_activation_stream.h:208]   --->   Operation 15 'trunc' 'trunc_ln66' <Predicate = true> <Delay = 0.00>
ST_2 : Operation 16 [1/1] (0.00ns)   --->   "%tmp = partselect i35 @_ssdm_op_PartSelect.i35.i72.i32.i32, i72 %layer8_out_read, i32 36, i32 70" [firmware/nnet_utils/nnet_common.h:66->firmware/nnet_utils/nnet_common.h:44->firmware/nnet_utils/nnet_activation_stream.h:208]   --->   Operation 16 'partselect' 'tmp' <Predicate = true> <Delay = 0.00>

State 3 <SV = 2> <Delay = 2.65>
ST_3 : Operation 17 [1/1] (0.00ns) (grouped into LUT with out node select_ln66)   --->   "%xor_ln66 = xor i1 %icmp_ln66, i1 1" [firmware/nnet_utils/nnet_common.h:66->firmware/nnet_utils/nnet_common.h:44->firmware/nnet_utils/nnet_activation_stream.h:208]   --->   Operation 17 'xor' 'xor_ln66' <Predicate = true> <Delay = 0.00> <CoreInst = "LogicGate">   --->   Core 74 'LogicGate' <Latency = 0> <II = 1> <Delay = 0.28> <FuncUnit> <Opcode : 'and' 'or' 'xor'> <InPorts = 2> <OutPorts = 1>
ST_3 : Operation 18 [1/1] (0.39ns) (out node of the LUT)   --->   "%select_ln66 = select i1 %xor_ln66, i35 %trunc_ln66, i35 %tmp" [firmware/nnet_utils/nnet_common.h:66->firmware/nnet_utils/nnet_common.h:44->firmware/nnet_utils/nnet_activation_stream.h:208]   --->   Operation 18 'select' 'select_ln66' <Predicate = true> <Delay = 0.39> <CoreInst = "Sel">   --->   Core 73 'Sel' <Latency = 0> <II = 1> <Delay = 0.39> <FuncUnit> <Opcode : 'select'> <InPorts = 3> <OutPorts = 1>
ST_3 : Operation 19 [1/1] (1.02ns)   --->   "%x = sub i35 %select_ln66, i35 %trunc_ln66" [firmware/nnet_utils/nnet_activation_stream.h:213]   --->   Operation 19 'sub' 'x' <Predicate = true> <Delay = 1.02> <CoreInst = "Adder">   --->   Core 1 'Adder' <Latency = 0> <II = 1> <Delay = 1.02> <FuncUnit> <Opcode : 'add' 'sub'> <InPorts = 2> <OutPorts = 1>
ST_3 : Operation 20 [1/1] (1.02ns)   --->   "%x_1 = sub i35 %select_ln66, i35 %tmp" [firmware/nnet_utils/nnet_activation_stream.h:213]   --->   Operation 20 'sub' 'x_1' <Predicate = true> <Delay = 1.02> <CoreInst = "Adder">   --->   Core 1 'Adder' <Latency = 0> <II = 1> <Delay = 1.02> <FuncUnit> <Opcode : 'add' 'sub'> <InPorts = 2> <OutPorts = 1>
ST_3 : Operation 21 [1/1] (0.00ns)   --->   "%tmp_2 = partselect i10 @_ssdm_op_PartSelect.i10.i35.i32.i32, i35 %x, i32 25, i32 34" [firmware/nnet_utils/nnet_activation.h:145->firmware/nnet_utils/nnet_activation_stream.h:222]   --->   Operation 21 'partselect' 'tmp_2' <Predicate = true> <Delay = 0.00>
ST_3 : Operation 22 [1/1] (0.00ns)   --->   "%zext_ln223 = zext i10 %tmp_2" [firmware/nnet_utils/nnet_activation_stream.h:223]   --->   Operation 22 'zext' 'zext_ln223' <Predicate = true> <Delay = 0.00>
ST_3 : Operation 23 [1/1] (0.00ns)   --->   "%exp_table_addr = getelementptr i16 %exp_table, i64 0, i64 %zext_ln223" [firmware/nnet_utils/nnet_activation_stream.h:223]   --->   Operation 23 'getelementptr' 'exp_table_addr' <Predicate = true> <Delay = 0.00>
ST_3 : Operation 24 [2/2] (1.23ns)   --->   "%a = load i10 %exp_table_addr" [firmware/nnet_utils/nnet_activation_stream.h:223]   --->   Operation 24 'load' 'a' <Predicate = true> <Delay = 1.23> <CoreInst = "RAM">   --->   Core 82 'RAM' <Latency = 1> <II = 1> <Delay = 1.23> <Storage> <Opcode : 'load' 'store'> <Ports = 2> <Width = 16> <Depth = 1024> <RAM>
ST_3 : Operation 25 [1/1] (0.00ns)   --->   "%tmp_4 = partselect i10 @_ssdm_op_PartSelect.i10.i35.i32.i32, i35 %x_1, i32 25, i32 34" [firmware/nnet_utils/nnet_activation.h:145->firmware/nnet_utils/nnet_activation_stream.h:222]   --->   Operation 25 'partselect' 'tmp_4' <Predicate = true> <Delay = 0.00>
ST_3 : Operation 26 [1/1] (0.00ns)   --->   "%zext_ln223_1 = zext i10 %tmp_4" [firmware/nnet_utils/nnet_activation_stream.h:223]   --->   Operation 26 'zext' 'zext_ln223_1' <Predicate = true> <Delay = 0.00>
ST_3 : Operation 27 [1/1] (0.00ns)   --->   "%exp_table_addr_1 = getelementptr i16 %exp_table, i64 0, i64 %zext_ln223_1" [firmware/nnet_utils/nnet_activation_stream.h:223]   --->   Operation 27 'getelementptr' 'exp_table_addr_1' <Predicate = true> <Delay = 0.00>
ST_3 : Operation 28 [2/2] (1.23ns)   --->   "%b = load i10 %exp_table_addr_1" [firmware/nnet_utils/nnet_activation_stream.h:223]   --->   Operation 28 'load' 'b' <Predicate = true> <Delay = 1.23> <CoreInst = "RAM">   --->   Core 82 'RAM' <Latency = 1> <II = 1> <Delay = 1.23> <Storage> <Opcode : 'load' 'store'> <Ports = 2> <Width = 16> <Depth = 1024> <RAM>

State 4 <SV = 3> <Delay = 3.32>
ST_4 : Operation 29 [1/2] ( I:1.23ns O:1.23ns )   --->   "%a = load i10 %exp_table_addr" [firmware/nnet_utils/nnet_activation_stream.h:223]   --->   Operation 29 'load' 'a' <Predicate = true> <Delay = 1.23> <CoreInst = "RAM">   --->   Core 82 'RAM' <Latency = 1> <II = 1> <Delay = 1.23> <Storage> <Opcode : 'load' 'store'> <Ports = 2> <Width = 16> <Depth = 1024> <RAM>
ST_4 : Operation 30 [1/2] ( I:1.23ns O:1.23ns )   --->   "%b = load i10 %exp_table_addr_1" [firmware/nnet_utils/nnet_activation_stream.h:223]   --->   Operation 30 'load' 'b' <Predicate = true> <Delay = 1.23> <CoreInst = "RAM">   --->   Core 82 'RAM' <Latency = 1> <II = 1> <Delay = 1.23> <Storage> <Opcode : 'load' 'store'> <Ports = 2> <Width = 16> <Depth = 1024> <RAM>
ST_4 : Operation 31 [1/1] (0.85ns)   --->   "%add_ln51 = add i16 %b, i16 %a" [firmware/nnet_utils/nnet_common.h:51->firmware/nnet_utils/nnet_common.h:44->firmware/nnet_utils/nnet_activation_stream.h:229]   --->   Operation 31 'add' 'add_ln51' <Predicate = true> <Delay = 0.85> <CoreInst = "Adder">   --->   Core 1 'Adder' <Latency = 0> <II = 1> <Delay = 0.85> <FuncUnit> <Opcode : 'add' 'sub'> <InPorts = 2> <OutPorts = 1>
ST_4 : Operation 32 [1/1] (0.00ns)   --->   "%tmp_1 = partselect i8 @_ssdm_op_PartSelect.i8.i16.i32.i32, i16 %add_ln51, i32 8, i32 15" [firmware/nnet_utils/nnet_activation.h:145->firmware/nnet_utils/nnet_activation_stream.h:232]   --->   Operation 32 'partselect' 'tmp_1' <Predicate = true> <Delay = 0.00>
ST_4 : Operation 33 [1/1] (0.00ns)   --->   "%sext_ln232 = sext i8 %tmp_1" [firmware/nnet_utils/nnet_activation_stream.h:232]   --->   Operation 33 'sext' 'sext_ln232' <Predicate = true> <Delay = 0.00>
ST_4 : Operation 34 [1/1] (0.00ns)   --->   "%zext_ln232 = zext i10 %sext_ln232" [firmware/nnet_utils/nnet_activation_stream.h:232]   --->   Operation 34 'zext' 'zext_ln232' <Predicate = true> <Delay = 0.00>
ST_4 : Operation 35 [1/1] (0.00ns)   --->   "%invert_table_addr = getelementptr i18 %invert_table, i64 0, i64 %zext_ln232" [firmware/nnet_utils/nnet_activation_stream.h:232]   --->   Operation 35 'getelementptr' 'invert_table_addr' <Predicate = true> <Delay = 0.00>
ST_4 : Operation 36 [2/2] (1.23ns)   --->   "%inv_exp_sum = load i10 %invert_table_addr" [firmware/nnet_utils/nnet_activation_stream.h:232]   --->   Operation 36 'load' 'inv_exp_sum' <Predicate = true> <Delay = 1.23> <CoreInst = "ROM">   --->   Core 100 'ROM' <Latency = 1> <II = 1> <Delay = 1.23> <Storage> <Opcode : 'load'> <Ports = 0> <Width = 18> <Depth = 1024> <ROM>

State 5 <SV = 4> <Delay = 1.23>
ST_5 : Operation 37 [1/2] ( I:1.23ns O:1.23ns )   --->   "%inv_exp_sum = load i10 %invert_table_addr" [firmware/nnet_utils/nnet_activation_stream.h:232]   --->   Operation 37 'load' 'inv_exp_sum' <Predicate = true> <Delay = 1.23> <CoreInst = "ROM">   --->   Core 100 'ROM' <Latency = 1> <II = 1> <Delay = 1.23> <Storage> <Opcode : 'load'> <Ports = 0> <Width = 18> <Depth = 1024> <ROM>

State 6 <SV = 5> <Delay = 2.95>
ST_6 : Operation 38 [1/1] (0.00ns)   --->   "%sext_ln241 = sext i18 %inv_exp_sum" [firmware/nnet_utils/nnet_activation_stream.h:241]   --->   Operation 38 'sext' 'sext_ln241' <Predicate = true> <Delay = 0.00>
ST_6 : Operation 39 [1/1] (0.00ns)   --->   "%sext_ln241_1 = sext i16 %a" [firmware/nnet_utils/nnet_activation_stream.h:241]   --->   Operation 39 'sext' 'sext_ln241_1' <Predicate = true> <Delay = 0.00>
ST_6 : Operation 40 [1/1] (2.45ns)   --->   "%mul_ln241 = mul i26 %sext_ln241, i26 %sext_ln241_1" [firmware/nnet_utils/nnet_activation_stream.h:241]   --->   Operation 40 'mul' 'mul_ln241' <Predicate = true> <Delay = 2.45> <CoreInst = "Multiplier">   --->   Core 3 'Multiplier' <Latency = 0> <II = 1> <Delay = 2.45> <FuncUnit> <Opcode : 'mul'> <InPorts = 2> <OutPorts = 1>
ST_6 : Operation 41 [1/1] (0.00ns)   --->   "%trunc_ln2 = partselect i16 @_ssdm_op_PartSelect.i16.i26.i32.i32, i26 %mul_ln241, i32 10, i32 25" [firmware/nnet_utils/nnet_activation_stream.h:241]   --->   Operation 41 'partselect' 'trunc_ln2' <Predicate = true> <Delay = 0.00>
ST_6 : Operation 42 [1/1] (0.00ns)   --->   "%sext_ln241_2 = sext i16 %b" [firmware/nnet_utils/nnet_activation_stream.h:241]   --->   Operation 42 'sext' 'sext_ln241_2' <Predicate = true> <Delay = 0.00>
ST_6 : Operation 43 [1/1] (2.45ns)   --->   "%mul_ln241_1 = mul i26 %sext_ln241, i26 %sext_ln241_2" [firmware/nnet_utils/nnet_activation_stream.h:241]   --->   Operation 43 'mul' 'mul_ln241_1' <Predicate = true> <Delay = 2.45> <CoreInst = "Multiplier">   --->   Core 3 'Multiplier' <Latency = 0> <II = 1> <Delay = 2.45> <FuncUnit> <Opcode : 'mul'> <InPorts = 2> <OutPorts = 1>
ST_6 : Operation 44 [1/1] (0.00ns)   --->   "%trunc_ln241_1 = partselect i16 @_ssdm_op_PartSelect.i16.i26.i32.i32, i26 %mul_ln241_1, i32 10, i32 25" [firmware/nnet_utils/nnet_activation_stream.h:241]   --->   Operation 44 'partselect' 'trunc_ln241_1' <Predicate = true> <Delay = 0.00>
ST_6 : Operation 45 [1/1] (0.00ns)   --->   "%p_0 = bitconcatenate i32 @_ssdm_op_BitConcatenate.i32.i16.i16, i16 %trunc_ln241_1, i16 %trunc_ln2" [firmware/nnet_utils/nnet_activation_stream.h:243]   --->   Operation 45 'bitconcatenate' 'p_0' <Predicate = true> <Delay = 0.00>
ST_6 : Operation 46 [1/1] (0.49ns)   --->   "%write_ln243 = write void @_ssdm_op_Write.axis.volatile.i32P128A, i32 %layer9_out, i32 %p_0" [firmware/nnet_utils/nnet_activation_stream.h:243]   --->   Operation 46 'write' 'write_ln243' <Predicate = true> <Delay = 0.49> <CoreInst = "regslice">   --->   Core 147 'regslice' <Latency = 0> <II = 1> <Delay = 0.65> <Adapter> <Opcode : 'read' 'write'>

State 7 <SV = 6> <Delay = 0.00>
ST_7 : Operation 47 [1/1] (0.00ns)   --->   "%specinterface_ln0 = specinterface void @_ssdm_op_SpecInterface, i32 %layer9_out, void @empty_0, i32 0, i32 0, void @empty_10, i32 0, i32 0, void @empty_3, void @empty_3, void @empty_3, i32 0, i32 0, i32 0, i32 0, void @empty_3, void @empty_3, i32 4294967295, i32 0, i32 0"   --->   Operation 47 'specinterface' 'specinterface_ln0' <Predicate = true> <Delay = 0.00>
ST_7 : Operation 48 [1/1] (0.00ns)   --->   "%specinterface_ln0 = specinterface void @_ssdm_op_SpecInterface, i72 %layer8_out, void @empty_6, i32 0, i32 0, void @empty_3, i32 0, i32 0, void @empty_3, void @empty_3, void @empty_3, i32 0, i32 0, i32 0, i32 0, void @empty_3, void @empty_3, i32 4294967295, i32 0, i32 0"   --->   Operation 48 'specinterface' 'specinterface_ln0' <Predicate = true> <Delay = 0.00>
ST_7 : Operation 49 [1/1] (0.00ns)   --->   "%rbegin1 = specregionbegin i32 @_ssdm_op_SpecRegionBegin, void @empty" [firmware/nnet_utils/nnet_activation_stream.h:238]   --->   Operation 49 'specregionbegin' 'rbegin1' <Predicate = true> <Delay = 0.00>
ST_7 : Operation 50 [1/1] (0.00ns)   --->   "%specresourcelimit_ln242 = specresourcelimit void @_ssdm_op_SpecResourceLimit, i64 2, void @empty_8, void @empty_3, void @empty_3, void @empty_3" [firmware/nnet_utils/nnet_activation_stream.h:242]   --->   Operation 50 'specresourcelimit' 'specresourcelimit_ln242' <Predicate = true> <Delay = 0.00>
ST_7 : Operation 51 [1/1] (0.00ns)   --->   "%rend2 = specregionend i32 @_ssdm_op_SpecRegionEnd, void @empty, i32 %rbegin1" [firmware/nnet_utils/nnet_activation_stream.h:242]   --->   Operation 51 'specregionend' 'rend2' <Predicate = true> <Delay = 0.00>
ST_7 : Operation 52 [1/1] (0.00ns)   --->   "%rbegin = specregionbegin i32 @_ssdm_op_SpecRegionBegin, void @empty_2" [firmware/nnet_utils/nnet_activation_stream.h:238]   --->   Operation 52 'specregionbegin' 'rbegin' <Predicate = true> <Delay = 0.00>
ST_7 : Operation 53 [1/1] (0.00ns)   --->   "%specresourcelimit_ln242 = specresourcelimit void @_ssdm_op_SpecResourceLimit, i64 2, void @empty_8, void @empty_3, void @empty_3, void @empty_3" [firmware/nnet_utils/nnet_activation_stream.h:242]   --->   Operation 53 'specresourcelimit' 'specresourcelimit_ln242' <Predicate = true> <Delay = 0.00>
ST_7 : Operation 54 [1/1] (0.00ns)   --->   "%rend = specregionend i32 @_ssdm_op_SpecRegionEnd, void @empty_2, i32 %rbegin" [firmware/nnet_utils/nnet_activation_stream.h:242]   --->   Operation 54 'specregionend' 'rend' <Predicate = true> <Delay = 0.00>
ST_7 : Operation 55 [1/1] (0.00ns)   --->   "%ret_ln245 = ret" [firmware/nnet_utils/nnet_activation_stream.h:245]   --->   Operation 55 'ret' 'ret_ln245' <Predicate = true> <Delay = 0.00>


============================================================
+ Verbose Summary: Binding
============================================================
STG Binding: 
---------------- STG Properties BEGIN ----------------
- Is combinational: 0
- Is one-state seq: 0
- Is datapath-only: 0
- Is pipelined: 0
- Is top level: 0
Port [ Return ] is wired: 1; IO mode=ap_ctrl_hs:ce=0
Port [ layer8_out]:  wired=1; compound=1; hidden=0; nouse=0; global=0; static=0; extern=0; dir=0; type=3; pingpong=0; private_global=0; IO mode=ap_fifo:ce=0
Port [ layer9_out]:  wired=1; compound=1; hidden=0; nouse=0; global=0; static=0; extern=0; dir=1; type=0; pingpong=0; private_global=0; IO mode=axis:ce=0
Port [ invert_table]:  wired=0; compound=1; hidden=1; nouse=0; global=1; static=1; extern=0; dir=0; type=1; pingpong=0; private_global=1; MemPort=[1]; IO mode=ap_memory:ce=0
---------------- STG Properties END ------------------

---------------- Datapath Model BEGIN ----------------

<LifeTime>
<method=bitvector/>
exp_table               (alloca           ) [ 00110000]
call_ln183              (call             ) [ 00000000]
layer8_out_read         (read             ) [ 00000000]
trunc_ln198             (trunc            ) [ 00000000]
trunc_ln198_1           (partselect       ) [ 00000000]
icmp_ln66               (icmp             ) [ 00010000]
trunc_ln66              (trunc            ) [ 00010000]
tmp                     (partselect       ) [ 00010000]
xor_ln66                (xor              ) [ 00000000]
select_ln66             (select           ) [ 00000000]
x                       (sub              ) [ 00000000]
x_1                     (sub              ) [ 00000000]
tmp_2                   (partselect       ) [ 00000000]
zext_ln223              (zext             ) [ 00000000]
exp_table_addr          (getelementptr    ) [ 00001000]
tmp_4                   (partselect       ) [ 00000000]
zext_ln223_1            (zext             ) [ 00000000]
exp_table_addr_1        (getelementptr    ) [ 00001000]
a                       (load             ) [ 00000110]
b                       (load             ) [ 00000110]
add_ln51                (add              ) [ 00000000]
tmp_1                   (partselect       ) [ 00000000]
sext_ln232              (sext             ) [ 00000000]
zext_ln232              (zext             ) [ 00000000]
invert_table_addr       (getelementptr    ) [ 00000100]
inv_exp_sum             (load             ) [ 00000010]
sext_ln241              (sext             ) [ 00000000]
sext_ln241_1            (sext             ) [ 00000000]
mul_ln241               (mul              ) [ 00000000]
trunc_ln2               (partselect       ) [ 00000000]
sext_ln241_2            (sext             ) [ 00000000]
mul_ln241_1             (mul              ) [ 00000000]
trunc_ln241_1           (partselect       ) [ 00000000]
p_0                     (bitconcatenate   ) [ 00000000]
write_ln243             (write            ) [ 00000000]
specinterface_ln0       (specinterface    ) [ 00000000]
specinterface_ln0       (specinterface    ) [ 00000000]
rbegin1                 (specregionbegin  ) [ 00000000]
specresourcelimit_ln242 (specresourcelimit) [ 00000000]
rend2                   (specregionend    ) [ 00000000]
rbegin                  (specregionbegin  ) [ 00000000]
specresourcelimit_ln242 (specresourcelimit) [ 00000000]
rend                    (specregionend    ) [ 00000000]
ret_ln245               (ret              ) [ 00000000]
</LifeTime>

<model>

<comp_list>
<comp id="0" class="1000" name="layer8_out">
<pin_list>
<pin id="1" dir="1" index="0" bw="1" slack="0"/>
</pin_list>
<bind>
<StgValue><ssdm name="layer8_out"/></StgValue>
</bind>
</comp>

<comp id="2" class="1000" name="layer9_out">
<pin_list>
<pin id="3" dir="1" index="0" bw="1" slack="0"/>
</pin_list>
<bind>
<StgValue><ssdm name="layer9_out"/></StgValue>
</bind>
</comp>

<comp id="4" class="1000" name="invert_table">
<pin_list>
<pin id="5" dir="1" index="0" bw="1" slack="0"/>
</pin_list>
<bind>
<StgValue><ssdm name="invert_table"/><MemPortTyVec>1 </MemPortTyVec>
</StgValue>
</bind>
</comp>

<comp id="6" class="1001" name="const_6">
<pin_list>
<pin id="7" dir="1" index="0" bw="1" slack="0"/>
</pin_list>
<bind>
<StgValue><ssdm name=""/></StgValue>
</bind>
</comp>

<comp id="8" class="1001" name="const_8">
<pin_list>
<pin id="9" dir="1" index="0" bw="1" slack="0"/>
</pin_list>
<bind>
<StgValue><ssdm name="init_exp_table<ap_ufixed<35, 15, 5, 3, 0>, softmax_config9>"/></StgValue>
</bind>
</comp>

<comp id="10" class="1001" name="const_10">
<pin_list>
<pin id="11" dir="1" index="0" bw="1" slack="0"/>
</pin_list>
<bind>
<StgValue><ssdm name="_ssdm_op_Read.ap_fifo.volatile.i72P0A"/></StgValue>
</bind>
</comp>

<comp id="12" class="1001" name="const_12">
<pin_list>
<pin id="13" dir="1" index="0" bw="1" slack="0"/>
</pin_list>
<bind>
<StgValue><ssdm name="_ssdm_op_PartSelect.i36.i72.i32.i32"/></StgValue>
</bind>
</comp>

<comp id="14" class="1001" name="const_14">
<pin_list>
<pin id="15" dir="1" index="0" bw="1" slack="0"/>
</pin_list>
<bind>
<StgValue><ssdm name=""/></StgValue>
</bind>
</comp>

<comp id="16" class="1001" name="const_16">
<pin_list>
<pin id="17" dir="1" index="0" bw="1" slack="0"/>
</pin_list>
<bind>
<StgValue><ssdm name=""/></StgValue>
</bind>
</comp>

<comp id="18" class="1001" name="const_18">
<pin_list>
<pin id="19" dir="1" index="0" bw="1" slack="0"/>
</pin_list>
<bind>
<StgValue><ssdm name="_ssdm_op_PartSelect.i35.i72.i32.i32"/></StgValue>
</bind>
</comp>

<comp id="20" class="1001" name="const_20">
<pin_list>
<pin id="21" dir="1" index="0" bw="1" slack="0"/>
</pin_list>
<bind>
<StgValue><ssdm name=""/></StgValue>
</bind>
</comp>

<comp id="22" class="1001" name="const_22">
<pin_list>
<pin id="23" dir="1" index="0" bw="1" slack="0"/>
</pin_list>
<bind>
<StgValue><ssdm name=""/></StgValue>
</bind>
</comp>

<comp id="24" class="1001" name="const_24">
<pin_list>
<pin id="25" dir="1" index="0" bw="1" slack="0"/>
</pin_list>
<bind>
<StgValue><ssdm name="_ssdm_op_PartSelect.i10.i35.i32.i32"/></StgValue>
</bind>
</comp>

<comp id="26" class="1001" name="const_26">
<pin_list>
<pin id="27" dir="1" index="0" bw="1" slack="0"/>
</pin_list>
<bind>
<StgValue><ssdm name=""/></StgValue>
</bind>
</comp>

<comp id="28" class="1001" name="const_28">
<pin_list>
<pin id="29" dir="1" index="0" bw="1" slack="0"/>
</pin_list>
<bind>
<StgValue><ssdm name=""/></StgValue>
</bind>
</comp>

<comp id="30" class="1001" name="const_30">
<pin_list>
<pin id="31" dir="1" index="0" bw="1" slack="0"/>
</pin_list>
<bind>
<StgValue><ssdm name=""/></StgValue>
</bind>
</comp>

<comp id="32" class="1001" name="const_32">
<pin_list>
<pin id="33" dir="1" index="0" bw="1" slack="0"/>
</pin_list>
<bind>
<StgValue><ssdm name="_ssdm_op_PartSelect.i8.i16.i32.i32"/></StgValue>
</bind>
</comp>

<comp id="34" class="1001" name="const_34">
<pin_list>
<pin id="35" dir="1" index="0" bw="1" slack="0"/>
</pin_list>
<bind>
<StgValue><ssdm name=""/></StgValue>
</bind>
</comp>

<comp id="36" class="1001" name="const_36">
<pin_list>
<pin id="37" dir="1" index="0" bw="1" slack="0"/>
</pin_list>
<bind>
<StgValue><ssdm name=""/></StgValue>
</bind>
</comp>

<comp id="38" class="1001" name="const_38">
<pin_list>
<pin id="39" dir="1" index="0" bw="1" slack="0"/>
</pin_list>
<bind>
<StgValue><ssdm name="_ssdm_op_PartSelect.i16.i26.i32.i32"/></StgValue>
</bind>
</comp>

<comp id="40" class="1001" name="const_40">
<pin_list>
<pin id="41" dir="1" index="0" bw="1" slack="0"/>
</pin_list>
<bind>
<StgValue><ssdm name=""/></StgValue>
</bind>
</comp>

<comp id="42" class="1001" name="const_42">
<pin_list>
<pin id="43" dir="1" index="0" bw="1" slack="0"/>
</pin_list>
<bind>
<StgValue><ssdm name="_ssdm_op_BitConcatenate.i32.i16.i16"/></StgValue>
</bind>
</comp>

<comp id="44" class="1001" name="const_44">
<pin_list>
<pin id="45" dir="1" index="0" bw="1" slack="0"/>
</pin_list>
<bind>
<StgValue><ssdm name="_ssdm_op_Write.axis.volatile.i32P128A"/></StgValue>
</bind>
</comp>

<comp id="46" class="1001" name="const_46">
<pin_list>
<pin id="47" dir="1" index="0" bw="1" slack="2147483647"/>
</pin_list>
<bind>
<StgValue><ssdm name="_ssdm_op_SpecInterface"/></StgValue>
</bind>
</comp>

<comp id="48" class="1001" name="const_48">
<pin_list>
<pin id="49" dir="1" index="0" bw="1" slack="2147483647"/>
</pin_list>
<bind>
<StgValue><ssdm name="empty_0"/></StgValue>
</bind>
</comp>

<comp id="50" class="1001" name="const_50">
<pin_list>
<pin id="51" dir="1" index="0" bw="1" slack="2147483647"/>
</pin_list>
<bind>
<StgValue><ssdm name=""/></StgValue>
</bind>
</comp>

<comp id="52" class="1001" name="const_52">
<pin_list>
<pin id="53" dir="1" index="0" bw="1" slack="2147483647"/>
</pin_list>
<bind>
<StgValue><ssdm name="empty_10"/></StgValue>
</bind>
</comp>

<comp id="54" class="1001" name="const_54">
<pin_list>
<pin id="55" dir="1" index="0" bw="1" slack="2147483647"/>
</pin_list>
<bind>
<StgValue><ssdm name="empty_3"/></StgValue>
</bind>
</comp>

<comp id="56" class="1001" name="const_56">
<pin_list>
<pin id="57" dir="1" index="0" bw="1" slack="2147483647"/>
</pin_list>
<bind>
<StgValue><ssdm name=""/></StgValue>
</bind>
</comp>

<comp id="58" class="1001" name="const_58">
<pin_list>
<pin id="59" dir="1" index="0" bw="1" slack="2147483647"/>
</pin_list>
<bind>
<StgValue><ssdm name="empty_6"/></StgValue>
</bind>
</comp>

<comp id="60" class="1001" name="const_60">
<pin_list>
<pin id="61" dir="1" index="0" bw="1" slack="2147483647"/>
</pin_list>
<bind>
<StgValue><ssdm name="_ssdm_op_SpecRegionBegin"/></StgValue>
</bind>
</comp>

<comp id="62" class="1001" name="const_62">
<pin_list>
<pin id="63" dir="1" index="0" bw="1" slack="2147483647"/>
</pin_list>
<bind>
<StgValue><ssdm name="empty"/></StgValue>
</bind>
</comp>

<comp id="64" class="1001" name="const_64">
<pin_list>
<pin id="65" dir="1" index="0" bw="1" slack="2147483647"/>
</pin_list>
<bind>
<StgValue><ssdm name="_ssdm_op_SpecResourceLimit"/></StgValue>
</bind>
</comp>

<comp id="66" class="1001" name="const_66">
<pin_list>
<pin id="67" dir="1" index="0" bw="1" slack="2147483647"/>
</pin_list>
<bind>
<StgValue><ssdm name=""/></StgValue>
</bind>
</comp>

<comp id="68" class="1001" name="const_68">
<pin_list>
<pin id="69" dir="1" index="0" bw="1" slack="2147483647"/>
</pin_list>
<bind>
<StgValue><ssdm name="empty_8"/></StgValue>
</bind>
</comp>

<comp id="70" class="1001" name="const_70">
<pin_list>
<pin id="71" dir="1" index="0" bw="1" slack="2147483647"/>
</pin_list>
<bind>
<StgValue><ssdm name="_ssdm_op_SpecRegionEnd"/></StgValue>
</bind>
</comp>

<comp id="72" class="1001" name="const_72">
<pin_list>
<pin id="73" dir="1" index="0" bw="1" slack="2147483647"/>
</pin_list>
<bind>
<StgValue><ssdm name="empty_2"/></StgValue>
</bind>
</comp>

<comp id="74" class="1004" name="exp_table_alloca_fu_74">
<pin_list>
<pin id="75" dir="0" index="0" bw="1" slack="0"/>
<pin id="76" dir="1" index="1" bw="16" slack="0"/>
</pin_list>
<bind>
<opcode="alloca(26) " fcode="alloca"/>
<opset="exp_table/1 "/>
</bind>
</comp>

<comp id="78" class="1004" name="layer8_out_read_read_fu_78">
<pin_list>
<pin id="79" dir="0" index="0" bw="72" slack="0"/>
<pin id="80" dir="0" index="1" bw="72" slack="0"/>
<pin id="81" dir="1" index="2" bw="72" slack="0"/>
</pin_list>
<bind>
<opcode="read(1150) " fcode="read"/>
<opset="layer8_out_read/2 "/>
</bind>
</comp>

<comp id="84" class="1004" name="write_ln243_write_fu_84">
<pin_list>
<pin id="85" dir="0" index="0" bw="0" slack="0"/>
<pin id="86" dir="0" index="1" bw="32" slack="0"/>
<pin id="87" dir="0" index="2" bw="32" slack="0"/>
<pin id="88" dir="1" index="3" bw="0" slack="2147483647"/>
</pin_list>
<bind>
<opcode="write(1151) " fcode="write"/>
<opset="write_ln243/6 "/>
</bind>
</comp>

<comp id="91" class="1004" name="exp_table_addr_gep_fu_91">
<pin_list>
<pin id="92" dir="0" index="0" bw="16" slack="2147483647"/>
<pin id="93" dir="0" index="1" bw="1" slack="0"/>
<pin id="94" dir="0" index="2" bw="10" slack="0"/>
<pin id="95" dir="1" index="3" bw="10" slack="0"/>
</pin_list>
<bind>
<opcode="getelementptr(29) " fcode="getelementptr"/>
<opset="exp_table_addr/3 "/>
</bind>
</comp>

<comp id="97" class="1004" name="grp_access_fu_97">
<pin_list>
<pin id="98" dir="0" index="0" bw="10" slack="0"/>
<pin id="99" dir="0" index="1" bw="16" slack="2147483647"/>
<pin id="100" dir="0" index="2" bw="0" slack="0"/>
<pin id="102" dir="0" index="4" bw="10" slack="2147483647"/>
<pin id="103" dir="0" index="5" bw="16" slack="2147483647"/>
<pin id="104" dir="0" index="6" bw="0" slack="2147483647"/>
<pin id="101" dir="1" index="3" bw="16" slack="0"/>
<pin id="105" dir="1" index="7" bw="16" slack="0"/>
</pin_list>
<bind>
<opcode="load(27) " fcode="load"/>
<opset="a/3 b/3 "/>
</bind>
</comp>

<comp id="107" class="1004" name="exp_table_addr_1_gep_fu_107">
<pin_list>
<pin id="108" dir="0" index="0" bw="16" slack="2147483647"/>
<pin id="109" dir="0" index="1" bw="1" slack="0"/>
<pin id="110" dir="0" index="2" bw="10" slack="0"/>
<pin id="111" dir="1" index="3" bw="10" slack="0"/>
</pin_list>
<bind>
<opcode="getelementptr(29) " fcode="getelementptr"/>
<opset="exp_table_addr_1/3 "/>
</bind>
</comp>

<comp id="114" class="1004" name="invert_table_addr_gep_fu_114">
<pin_list>
<pin id="115" dir="0" index="0" bw="18" slack="0"/>
<pin id="116" dir="0" index="1" bw="1" slack="0"/>
<pin id="117" dir="0" index="2" bw="10" slack="0"/>
<pin id="118" dir="1" index="3" bw="10" slack="0"/>
</pin_list>
<bind>
<opcode="getelementptr(29) " fcode="getelementptr"/>
<opset="invert_table_addr/4 "/>
</bind>
</comp>

<comp id="121" class="1004" name="grp_access_fu_121">
<pin_list>
<pin id="122" dir="0" index="0" bw="10" slack="0"/>
<pin id="123" dir="0" index="1" bw="18" slack="2147483647"/>
<pin id="124" dir="0" index="2" bw="0" slack="2147483647"/>
<pin id="125" dir="1" index="3" bw="18" slack="1"/>
</pin_list>
<bind>
<opcode="load(27) " fcode="load"/>
<opset="inv_exp_sum/4 "/>
</bind>
</comp>

<comp id="127" class="1004" name="mul_ln241_fu_127">
<pin_list>
<pin id="141" dir="0" index="0" bw="18" slack="0"/>
<pin id="142" dir="0" index="1" bw="16" slack="0"/>
<pin id="143" dir="1" index="2" bw="26" slack="0"/>
</pin_list>
<bind>
<opcode="mul(12) " fcode="mul"/>
<opset="mul_ln241/6 "/>
</bind>
</comp>

<comp id="128" class="1004" name="mul_ln241_1_fu_128">
<pin_list>
<pin id="144" dir="0" index="0" bw="18" slack="0"/>
<pin id="145" dir="0" index="1" bw="16" slack="0"/>
<pin id="146" dir="1" index="2" bw="26" slack="0"/>
</pin_list>
<bind>
<opcode="mul(12) " fcode="mul"/>
<opset="mul_ln241_1/6 "/>
</bind>
</comp>

<comp id="154" class="1004" name="grp_init_exp_table_ap_ufixed_35_15_5_3_0_softmax_config9_s_fu_154">
<pin_list>
<pin id="155" dir="0" index="0" bw="0" slack="0"/>
<pin id="156" dir="0" index="1" bw="16" slack="0"/>
<pin id="157" dir="1" index="2" bw="0" slack="2147483647"/>
</pin_list>
<bind>
<opcode="call(48) " fcode="call"/>
<opset="call_ln183/1 "/>
</bind>
</comp>

<comp id="160" class="1004" name="trunc_ln198_fu_160">
<pin_list>
<pin id="161" dir="0" index="0" bw="72" slack="0"/>
<pin id="162" dir="1" index="1" bw="36" slack="0"/>
</pin_list>
<bind>
<opcode="trunc(33) " fcode="trunc"/>
<opset="trunc_ln198/2 "/>
</bind>
</comp>

<comp id="164" class="1004" name="trunc_ln198_1_fu_164">
<pin_list>
<pin id="165" dir="0" index="0" bw="36" slack="0"/>
<pin id="166" dir="0" index="1" bw="72" slack="0"/>
<pin id="167" dir="0" index="2" bw="7" slack="0"/>
<pin id="168" dir="0" index="3" bw="8" slack="0"/>
<pin id="169" dir="1" index="4" bw="36" slack="0"/>
</pin_list>
<bind>
<opcode="partselect(1002) " fcode="partselect"/>
<opset="trunc_ln198_1/2 "/>
</bind>
</comp>

<comp id="174" class="1004" name="icmp_ln66_fu_174">
<pin_list>
<pin id="175" dir="0" index="0" bw="36" slack="0"/>
<pin id="176" dir="0" index="1" bw="36" slack="0"/>
<pin id="177" dir="1" index="2" bw="1" slack="1"/>
</pin_list>
<bind>
<opcode="icmp(45) " fcode="icmp"/>
<opset="icmp_ln66/2 "/>
</bind>
</comp>

<comp id="180" class="1004" name="trunc_ln66_fu_180">
<pin_list>
<pin id="181" dir="0" index="0" bw="72" slack="0"/>
<pin id="182" dir="1" index="1" bw="35" slack="1"/>
</pin_list>
<bind>
<opcode="trunc(33) " fcode="trunc"/>
<opset="trunc_ln66/2 "/>
</bind>
</comp>

<comp id="184" class="1004" name="tmp_fu_184">
<pin_list>
<pin id="185" dir="0" index="0" bw="35" slack="0"/>
<pin id="186" dir="0" index="1" bw="72" slack="0"/>
<pin id="187" dir="0" index="2" bw="7" slack="0"/>
<pin id="188" dir="0" index="3" bw="8" slack="0"/>
<pin id="189" dir="1" index="4" bw="35" slack="1"/>
</pin_list>
<bind>
<opcode="partselect(1002) " fcode="partselect"/>
<opset="tmp/2 "/>
</bind>
</comp>

<comp id="194" class="1004" name="xor_ln66_fu_194">
<pin_list>
<pin id="195" dir="0" index="0" bw="1" slack="1"/>
<pin id="196" dir="0" index="1" bw="1" slack="0"/>
<pin id="197" dir="1" index="2" bw="1" slack="0"/>
</pin_list>
<bind>
<opcode="xor(25) " fcode="xor"/>
<opset="xor_ln66/3 "/>
</bind>
</comp>

<comp id="199" class="1004" name="select_ln66_fu_199">
<pin_list>
<pin id="200" dir="0" index="0" bw="1" slack="0"/>
<pin id="201" dir="0" index="1" bw="35" slack="1"/>
<pin id="202" dir="0" index="2" bw="35" slack="1"/>
<pin id="203" dir="1" index="3" bw="35" slack="0"/>
</pin_list>
<bind>
<opcode="select(49) " fcode="select"/>
<opset="select_ln66/3 "/>
</bind>
</comp>

<comp id="205" class="1004" name="x_fu_205">
<pin_list>
<pin id="206" dir="0" index="0" bw="35" slack="0"/>
<pin id="207" dir="0" index="1" bw="35" slack="1"/>
<pin id="208" dir="1" index="2" bw="35" slack="0"/>
</pin_list>
<bind>
<opcode="sub(10) " fcode="sub"/>
<opset="x/3 "/>
</bind>
</comp>

<comp id="210" class="1004" name="x_1_fu_210">
<pin_list>
<pin id="211" dir="0" index="0" bw="35" slack="0"/>
<pin id="212" dir="0" index="1" bw="35" slack="1"/>
<pin id="213" dir="1" index="2" bw="35" slack="0"/>
</pin_list>
<bind>
<opcode="sub(10) " fcode="sub"/>
<opset="x_1/3 "/>
</bind>
</comp>

<comp id="215" class="1004" name="tmp_2_fu_215">
<pin_list>
<pin id="216" dir="0" index="0" bw="10" slack="0"/>
<pin id="217" dir="0" index="1" bw="35" slack="0"/>
<pin id="218" dir="0" index="2" bw="6" slack="0"/>
<pin id="219" dir="0" index="3" bw="7" slack="0"/>
<pin id="220" dir="1" index="4" bw="10" slack="0"/>
</pin_list>
<bind>
<opcode="partselect(1002) " fcode="partselect"/>
<opset="tmp_2/3 "/>
</bind>
</comp>

<comp id="225" class="1004" name="zext_ln223_fu_225">
<pin_list>
<pin id="226" dir="0" index="0" bw="10" slack="0"/>
<pin id="227" dir="1" index="1" bw="64" slack="0"/>
</pin_list>
<bind>
<opcode="zext(34) " fcode="zext"/>
<opset="zext_ln223/3 "/>
</bind>
</comp>

<comp id="230" class="1004" name="tmp_4_fu_230">
<pin_list>
<pin id="231" dir="0" index="0" bw="10" slack="0"/>
<pin id="232" dir="0" index="1" bw="35" slack="0"/>
<pin id="233" dir="0" index="2" bw="6" slack="0"/>
<pin id="234" dir="0" index="3" bw="7" slack="0"/>
<pin id="235" dir="1" index="4" bw="10" slack="0"/>
</pin_list>
<bind>
<opcode="partselect(1002) " fcode="partselect"/>
<opset="tmp_4/3 "/>
</bind>
</comp>

<comp id="240" class="1004" name="zext_ln223_1_fu_240">
<pin_list>
<pin id="241" dir="0" index="0" bw="10" slack="0"/>
<pin id="242" dir="1" index="1" bw="64" slack="0"/>
</pin_list>
<bind>
<opcode="zext(34) " fcode="zext"/>
<opset="zext_ln223_1/3 "/>
</bind>
</comp>

<comp id="245" class="1004" name="add_ln51_fu_245">
<pin_list>
<pin id="246" dir="0" index="0" bw="16" slack="0"/>
<pin id="247" dir="0" index="1" bw="16" slack="0"/>
<pin id="248" dir="1" index="2" bw="16" slack="0"/>
</pin_list>
<bind>
<opcode="add(8) " fcode="add"/>
<opset="add_ln51/4 "/>
</bind>
</comp>

<comp id="251" class="1004" name="tmp_1_fu_251">
<pin_list>
<pin id="252" dir="0" index="0" bw="8" slack="0"/>
<pin id="253" dir="0" index="1" bw="16" slack="0"/>
<pin id="254" dir="0" index="2" bw="5" slack="0"/>
<pin id="255" dir="0" index="3" bw="5" slack="0"/>
<pin id="256" dir="1" index="4" bw="8" slack="0"/>
</pin_list>
<bind>
<opcode="partselect(1002) " fcode="partselect"/>
<opset="tmp_1/4 "/>
</bind>
</comp>

<comp id="261" class="1004" name="sext_ln232_fu_261">
<pin_list>
<pin id="262" dir="0" index="0" bw="8" slack="0"/>
<pin id="263" dir="1" index="1" bw="10" slack="0"/>
</pin_list>
<bind>
<opcode="sext(35) " fcode="sext"/>
<opset="sext_ln232/4 "/>
</bind>
</comp>

<comp id="265" class="1004" name="zext_ln232_fu_265">
<pin_list>
<pin id="266" dir="0" index="0" bw="8" slack="0"/>
<pin id="267" dir="1" index="1" bw="64" slack="0"/>
</pin_list>
<bind>
<opcode="zext(34) " fcode="zext"/>
<opset="zext_ln232/4 "/>
</bind>
</comp>

<comp id="270" class="1004" name="sext_ln241_fu_270">
<pin_list>
<pin id="271" dir="0" index="0" bw="18" slack="1"/>
<pin id="272" dir="1" index="1" bw="26" slack="0"/>
</pin_list>
<bind>
<opcode="sext(35) " fcode="sext"/>
<opset="sext_ln241/6 "/>
</bind>
</comp>

<comp id="275" class="1004" name="sext_ln241_1_fu_275">
<pin_list>
<pin id="276" dir="0" index="0" bw="16" slack="2"/>
<pin id="277" dir="1" index="1" bw="26" slack="0"/>
</pin_list>
<bind>
<opcode="sext(35) " fcode="sext"/>
<opset="sext_ln241_1/6 "/>
</bind>
</comp>

<comp id="279" class="1004" name="trunc_ln2_fu_279">
<pin_list>
<pin id="280" dir="0" index="0" bw="16" slack="0"/>
<pin id="281" dir="0" index="1" bw="26" slack="0"/>
<pin id="282" dir="0" index="2" bw="5" slack="0"/>
<pin id="283" dir="0" index="3" bw="6" slack="0"/>
<pin id="284" dir="1" index="4" bw="16" slack="0"/>
</pin_list>
<bind>
<opcode="partselect(1002) " fcode="partselect"/>
<opset="trunc_ln2/6 "/>
</bind>
</comp>

<comp id="289" class="1004" name="sext_ln241_2_fu_289">
<pin_list>
<pin id="290" dir="0" index="0" bw="16" slack="2"/>
<pin id="291" dir="1" index="1" bw="26" slack="0"/>
</pin_list>
<bind>
<opcode="sext(35) " fcode="sext"/>
<opset="sext_ln241_2/6 "/>
</bind>
</comp>

<comp id="293" class="1004" name="trunc_ln241_1_fu_293">
<pin_list>
<pin id="294" dir="0" index="0" bw="16" slack="0"/>
<pin id="295" dir="0" index="1" bw="26" slack="0"/>
<pin id="296" dir="0" index="2" bw="5" slack="0"/>
<pin id="297" dir="0" index="3" bw="6" slack="0"/>
<pin id="298" dir="1" index="4" bw="16" slack="0"/>
</pin_list>
<bind>
<opcode="partselect(1002) " fcode="partselect"/>
<opset="trunc_ln241_1/6 "/>
</bind>
</comp>

<comp id="303" class="1004" name="p_0_fu_303">
<pin_list>
<pin id="304" dir="0" index="0" bw="32" slack="0"/>
<pin id="305" dir="0" index="1" bw="16" slack="0"/>
<pin id="306" dir="0" index="2" bw="16" slack="0"/>
<pin id="307" dir="1" index="3" bw="32" slack="0"/>
</pin_list>
<bind>
<opcode="bitconcatenate(1004) " fcode="bitconcatenate"/>
<opset="p_0/6 "/>
</bind>
</comp>

<comp id="312" class="1005" name="icmp_ln66_reg_312">
<pin_list>
<pin id="313" dir="0" index="0" bw="1" slack="1"/>
<pin id="314" dir="1" index="1" bw="1" slack="1"/>
</pin_list>
<bind>
<opset="icmp_ln66 "/>
</bind>
</comp>

<comp id="317" class="1005" name="trunc_ln66_reg_317">
<pin_list>
<pin id="318" dir="0" index="0" bw="35" slack="1"/>
<pin id="319" dir="1" index="1" bw="35" slack="1"/>
</pin_list>
<bind>
<opset="trunc_ln66 "/>
</bind>
</comp>

<comp id="323" class="1005" name="tmp_reg_323">
<pin_list>
<pin id="324" dir="0" index="0" bw="35" slack="1"/>
<pin id="325" dir="1" index="1" bw="35" slack="1"/>
</pin_list>
<bind>
<opset="tmp "/>
</bind>
</comp>

<comp id="329" class="1005" name="exp_table_addr_reg_329">
<pin_list>
<pin id="330" dir="0" index="0" bw="10" slack="1"/>
<pin id="331" dir="1" index="1" bw="10" slack="1"/>
</pin_list>
<bind>
<opset="exp_table_addr "/>
</bind>
</comp>

<comp id="334" class="1005" name="exp_table_addr_1_reg_334">
<pin_list>
<pin id="335" dir="0" index="0" bw="10" slack="1"/>
<pin id="336" dir="1" index="1" bw="10" slack="1"/>
</pin_list>
<bind>
<opset="exp_table_addr_1 "/>
</bind>
</comp>

<comp id="339" class="1005" name="a_reg_339">
<pin_list>
<pin id="340" dir="0" index="0" bw="16" slack="2"/>
<pin id="341" dir="1" index="1" bw="16" slack="2"/>
</pin_list>
<bind>
<opset="a "/>
</bind>
</comp>

<comp id="344" class="1005" name="b_reg_344">
<pin_list>
<pin id="345" dir="0" index="0" bw="16" slack="2"/>
<pin id="346" dir="1" index="1" bw="16" slack="2"/>
</pin_list>
<bind>
<opset="b "/>
</bind>
</comp>

<comp id="349" class="1005" name="invert_table_addr_reg_349">
<pin_list>
<pin id="350" dir="0" index="0" bw="10" slack="1"/>
<pin id="351" dir="1" index="1" bw="10" slack="1"/>
</pin_list>
<bind>
<opset="invert_table_addr "/>
</bind>
</comp>

<comp id="354" class="1005" name="inv_exp_sum_reg_354">
<pin_list>
<pin id="355" dir="0" index="0" bw="18" slack="1"/>
<pin id="356" dir="1" index="1" bw="18" slack="1"/>
</pin_list>
<bind>
<opset="inv_exp_sum "/>
</bind>
</comp>

</comp_list>

<net_list>
<net id="77"><net_src comp="6" pin="0"/><net_sink comp="74" pin=0"/></net>

<net id="82"><net_src comp="10" pin="0"/><net_sink comp="78" pin=0"/></net>

<net id="83"><net_src comp="0" pin="0"/><net_sink comp="78" pin=1"/></net>

<net id="89"><net_src comp="44" pin="0"/><net_sink comp="84" pin=0"/></net>

<net id="90"><net_src comp="2" pin="0"/><net_sink comp="84" pin=1"/></net>

<net id="96"><net_src comp="30" pin="0"/><net_sink comp="91" pin=1"/></net>

<net id="106"><net_src comp="91" pin="3"/><net_sink comp="97" pin=2"/></net>

<net id="112"><net_src comp="30" pin="0"/><net_sink comp="107" pin=1"/></net>

<net id="113"><net_src comp="107" pin="3"/><net_sink comp="97" pin=0"/></net>

<net id="119"><net_src comp="4" pin="0"/><net_sink comp="114" pin=0"/></net>

<net id="120"><net_src comp="30" pin="0"/><net_sink comp="114" pin=1"/></net>

<net id="126"><net_src comp="114" pin="3"/><net_sink comp="121" pin=0"/></net>

<net id="158"><net_src comp="8" pin="0"/><net_sink comp="154" pin=0"/></net>

<net id="159"><net_src comp="74" pin="1"/><net_sink comp="154" pin=1"/></net>

<net id="163"><net_src comp="78" pin="2"/><net_sink comp="160" pin=0"/></net>

<net id="170"><net_src comp="12" pin="0"/><net_sink comp="164" pin=0"/></net>

<net id="171"><net_src comp="78" pin="2"/><net_sink comp="164" pin=1"/></net>

<net id="172"><net_src comp="14" pin="0"/><net_sink comp="164" pin=2"/></net>

<net id="173"><net_src comp="16" pin="0"/><net_sink comp="164" pin=3"/></net>

<net id="178"><net_src comp="160" pin="1"/><net_sink comp="174" pin=0"/></net>

<net id="179"><net_src comp="164" pin="4"/><net_sink comp="174" pin=1"/></net>

<net id="183"><net_src comp="78" pin="2"/><net_sink comp="180" pin=0"/></net>

<net id="190"><net_src comp="18" pin="0"/><net_sink comp="184" pin=0"/></net>

<net id="191"><net_src comp="78" pin="2"/><net_sink comp="184" pin=1"/></net>

<net id="192"><net_src comp="14" pin="0"/><net_sink comp="184" pin=2"/></net>

<net id="193"><net_src comp="20" pin="0"/><net_sink comp="184" pin=3"/></net>

<net id="198"><net_src comp="22" pin="0"/><net_sink comp="194" pin=1"/></net>

<net id="204"><net_src comp="194" pin="2"/><net_sink comp="199" pin=0"/></net>

<net id="209"><net_src comp="199" pin="3"/><net_sink comp="205" pin=0"/></net>

<net id="214"><net_src comp="199" pin="3"/><net_sink comp="210" pin=0"/></net>

<net id="221"><net_src comp="24" pin="0"/><net_sink comp="215" pin=0"/></net>

<net id="222"><net_src comp="205" pin="2"/><net_sink comp="215" pin=1"/></net>

<net id="223"><net_src comp="26" pin="0"/><net_sink comp="215" pin=2"/></net>

<net id="224"><net_src comp="28" pin="0"/><net_sink comp="215" pin=3"/></net>

<net id="228"><net_src comp="215" pin="4"/><net_sink comp="225" pin=0"/></net>

<net id="229"><net_src comp="225" pin="1"/><net_sink comp="91" pin=2"/></net>

<net id="236"><net_src comp="24" pin="0"/><net_sink comp="230" pin=0"/></net>

<net id="237"><net_src comp="210" pin="2"/><net_sink comp="230" pin=1"/></net>

<net id="238"><net_src comp="26" pin="0"/><net_sink comp="230" pin=2"/></net>

<net id="239"><net_src comp="28" pin="0"/><net_sink comp="230" pin=3"/></net>

<net id="243"><net_src comp="230" pin="4"/><net_sink comp="240" pin=0"/></net>

<net id="244"><net_src comp="240" pin="1"/><net_sink comp="107" pin=2"/></net>

<net id="249"><net_src comp="97" pin="3"/><net_sink comp="245" pin=0"/></net>

<net id="250"><net_src comp="97" pin="7"/><net_sink comp="245" pin=1"/></net>

<net id="257"><net_src comp="32" pin="0"/><net_sink comp="251" pin=0"/></net>

<net id="258"><net_src comp="245" pin="2"/><net_sink comp="251" pin=1"/></net>

<net id="259"><net_src comp="34" pin="0"/><net_sink comp="251" pin=2"/></net>

<net id="260"><net_src comp="36" pin="0"/><net_sink comp="251" pin=3"/></net>

<net id="264"><net_src comp="251" pin="4"/><net_sink comp="261" pin=0"/></net>

<net id="268"><net_src comp="261" pin="1"/><net_sink comp="265" pin=0"/></net>

<net id="269"><net_src comp="265" pin="1"/><net_sink comp="114" pin=2"/></net>

<net id="273"><net_src comp="270" pin="1"/><net_sink comp="127" pin=0"/></net>

<net id="274"><net_src comp="270" pin="1"/><net_sink comp="128" pin=0"/></net>

<net id="278"><net_src comp="275" pin="1"/><net_sink comp="127" pin=1"/></net>

<net id="285"><net_src comp="38" pin="0"/><net_sink comp="279" pin=0"/></net>

<net id="286"><net_src comp="127" pin="2"/><net_sink comp="279" pin=1"/></net>

<net id="287"><net_src comp="40" pin="0"/><net_sink comp="279" pin=2"/></net>

<net id="288"><net_src comp="26" pin="0"/><net_sink comp="279" pin=3"/></net>

<net id="292"><net_src comp="289" pin="1"/><net_sink comp="128" pin=1"/></net>

<net id="299"><net_src comp="38" pin="0"/><net_sink comp="293" pin=0"/></net>

<net id="300"><net_src comp="128" pin="2"/><net_sink comp="293" pin=1"/></net>

<net id="301"><net_src comp="40" pin="0"/><net_sink comp="293" pin=2"/></net>

<net id="302"><net_src comp="26" pin="0"/><net_sink comp="293" pin=3"/></net>

<net id="308"><net_src comp="42" pin="0"/><net_sink comp="303" pin=0"/></net>

<net id="309"><net_src comp="293" pin="4"/><net_sink comp="303" pin=1"/></net>

<net id="310"><net_src comp="279" pin="4"/><net_sink comp="303" pin=2"/></net>

<net id="311"><net_src comp="303" pin="3"/><net_sink comp="84" pin=2"/></net>

<net id="315"><net_src comp="174" pin="2"/><net_sink comp="312" pin=0"/></net>

<net id="316"><net_src comp="312" pin="1"/><net_sink comp="194" pin=0"/></net>

<net id="320"><net_src comp="180" pin="1"/><net_sink comp="317" pin=0"/></net>

<net id="321"><net_src comp="317" pin="1"/><net_sink comp="199" pin=1"/></net>

<net id="322"><net_src comp="317" pin="1"/><net_sink comp="205" pin=1"/></net>

<net id="326"><net_src comp="184" pin="4"/><net_sink comp="323" pin=0"/></net>

<net id="327"><net_src comp="323" pin="1"/><net_sink comp="199" pin=2"/></net>

<net id="328"><net_src comp="323" pin="1"/><net_sink comp="210" pin=1"/></net>

<net id="332"><net_src comp="91" pin="3"/><net_sink comp="329" pin=0"/></net>

<net id="333"><net_src comp="329" pin="1"/><net_sink comp="97" pin=2"/></net>

<net id="337"><net_src comp="107" pin="3"/><net_sink comp="334" pin=0"/></net>

<net id="338"><net_src comp="334" pin="1"/><net_sink comp="97" pin=0"/></net>

<net id="342"><net_src comp="97" pin="7"/><net_sink comp="339" pin=0"/></net>

<net id="343"><net_src comp="339" pin="1"/><net_sink comp="275" pin=0"/></net>

<net id="347"><net_src comp="97" pin="3"/><net_sink comp="344" pin=0"/></net>

<net id="348"><net_src comp="344" pin="1"/><net_sink comp="289" pin=0"/></net>

<net id="352"><net_src comp="114" pin="3"/><net_sink comp="349" pin=0"/></net>

<net id="353"><net_src comp="349" pin="1"/><net_sink comp="121" pin=0"/></net>

<net id="357"><net_src comp="121" pin="3"/><net_sink comp="354" pin=0"/></net>

<net id="358"><net_src comp="354" pin="1"/><net_sink comp="270" pin=0"/></net>

</net_list>

</model> 
---------------- Datapath Model END ------------------

* FSMD analyzer results:
  - Output states:
	Port: layer9_out | {6 }
 - Input state : 
	Port: softmax_stable<array,array<ap_fixed<16,6,5,3,0>,2u>,softmax_config9> : layer8_out | {2 }
	Port: softmax_stable<array,array<ap_fixed<16,6,5,3,0>,2u>,softmax_config9> : invert_table | {4 5 }
  - Chain level:
	State 1
		call_ln183 : 1
	State 2
		icmp_ln66 : 1
	State 3
		x : 1
		x_1 : 1
		tmp_2 : 2
		zext_ln223 : 3
		exp_table_addr : 4
		a : 5
		tmp_4 : 2
		zext_ln223_1 : 3
		exp_table_addr_1 : 4
		b : 5
	State 4
		add_ln51 : 1
		tmp_1 : 2
		sext_ln232 : 3
		zext_ln232 : 4
		invert_table_addr : 5
		inv_exp_sum : 6
	State 5
	State 6
		mul_ln241 : 1
		trunc_ln2 : 2
		mul_ln241_1 : 1
		trunc_ln241_1 : 2
		p_0 : 3
		write_ln243 : 4
	State 7
		rend2 : 1
		rend : 1


============================================================
+ Verbose Summary: Datapath Resource usage 
============================================================

* Functional unit list:
|----------|-------------------------------------------------------------------|---------|---------|---------|
| Operation|                          Functional Unit                          |   DSP   |    FF   |   LUT   |
|----------|-------------------------------------------------------------------|---------|---------|---------|
|   call   | grp_init_exp_table_ap_ufixed_35_15_5_3_0_softmax_config9_s_fu_154 |    7    |   775   |   2836  |
|----------|-------------------------------------------------------------------|---------|---------|---------|
|    sub   |                              x_fu_205                             |    0    |    0    |    42   |
|          |                             x_1_fu_210                            |    0    |    0    |    42   |
|----------|-------------------------------------------------------------------|---------|---------|---------|
|   icmp   |                          icmp_ln66_fu_174                         |    0    |    0    |    43   |
|----------|-------------------------------------------------------------------|---------|---------|---------|
|  select  |                         select_ln66_fu_199                        |    0    |    0    |    33   |
|----------|-------------------------------------------------------------------|---------|---------|---------|
|    add   |                          add_ln51_fu_245                          |    0    |    0    |    23   |
|----------|-------------------------------------------------------------------|---------|---------|---------|
|    mul   |                          mul_ln241_fu_127                         |    1    |    0    |    5    |
|          |                         mul_ln241_1_fu_128                        |    1    |    0    |    5    |
|----------|-------------------------------------------------------------------|---------|---------|---------|
|    xor   |                          xor_ln66_fu_194                          |    0    |    0    |    2    |
|----------|-------------------------------------------------------------------|---------|---------|---------|
|   read   |                     layer8_out_read_read_fu_78                    |    0    |    0    |    0    |
|----------|-------------------------------------------------------------------|---------|---------|---------|
|   write  |                      write_ln243_write_fu_84                      |    0    |    0    |    0    |
|----------|-------------------------------------------------------------------|---------|---------|---------|
|   trunc  |                         trunc_ln198_fu_160                        |    0    |    0    |    0    |
|          |                         trunc_ln66_fu_180                         |    0    |    0    |    0    |
|----------|-------------------------------------------------------------------|---------|---------|---------|
|          |                        trunc_ln198_1_fu_164                       |    0    |    0    |    0    |
|          |                             tmp_fu_184                            |    0    |    0    |    0    |
|          |                            tmp_2_fu_215                           |    0    |    0    |    0    |
|partselect|                            tmp_4_fu_230                           |    0    |    0    |    0    |
|          |                            tmp_1_fu_251                           |    0    |    0    |    0    |
|          |                          trunc_ln2_fu_279                         |    0    |    0    |    0    |
|          |                        trunc_ln241_1_fu_293                       |    0    |    0    |    0    |
|----------|-------------------------------------------------------------------|---------|---------|---------|
|          |                         zext_ln223_fu_225                         |    0    |    0    |    0    |
|   zext   |                        zext_ln223_1_fu_240                        |    0    |    0    |    0    |
|          |                         zext_ln232_fu_265                         |    0    |    0    |    0    |
|----------|-------------------------------------------------------------------|---------|---------|---------|
|          |                         sext_ln232_fu_261                         |    0    |    0    |    0    |
|   sext   |                         sext_ln241_fu_270                         |    0    |    0    |    0    |
|          |                        sext_ln241_1_fu_275                        |    0    |    0    |    0    |
|          |                        sext_ln241_2_fu_289                        |    0    |    0    |    0    |
|----------|-------------------------------------------------------------------|---------|---------|---------|
|bitconcatenate|                             p_0_fu_303                            |    0    |    0    |    0    |
|----------|-------------------------------------------------------------------|---------|---------|---------|
|   Total  |                                                                   |    9    |   775   |   3031  |
|----------|-------------------------------------------------------------------|---------|---------|---------|

Memories:
+---------+--------+--------+--------+--------+
|         |  BRAM  |   FF   |   LUT  |  URAM  |
+---------+--------+--------+--------+--------+
|exp_table|    1   |    0   |    0   |    0   |
+---------+--------+--------+--------+--------+
|  Total  |    1   |    0   |    0   |    0   |
+---------+--------+--------+--------+--------+

* Register list:
+-------------------------+--------+
|                         |   FF   |
+-------------------------+--------+
|        a_reg_339        |   16   |
|        b_reg_344        |   16   |
| exp_table_addr_1_reg_334|   10   |
|  exp_table_addr_reg_329 |   10   |
|    icmp_ln66_reg_312    |    1   |
|   inv_exp_sum_reg_354   |   18   |
|invert_table_addr_reg_349|   10   |
|       tmp_reg_323       |   35   |
|    trunc_ln66_reg_317   |   35   |
+-------------------------+--------+
|          Total          |   151  |
+-------------------------+--------+

* Multiplexer (MUX) list: 
|-------------------|------|------|------|--------||---------||---------||---------|
|        Comp       |  Pin | Size |  BW  | S x BW ||  Delay  ||    FF   ||   LUT   |
|-------------------|------|------|------|--------||---------||---------||---------|
|  grp_access_fu_97 |  p0  |   2  |  10  |   20   ||    0    ||    9    |
|  grp_access_fu_97 |  p2  |   2  |   0  |    0   ||    0    ||    9    |
| grp_access_fu_121 |  p0  |   2  |  10  |   20   ||    0    ||    9    |
|-------------------|------|------|------|--------||---------||---------||---------|
|       Total       |      |      |      |   40   ||  1.281  ||    0    ||    27   |
|-------------------|------|------|------|--------||---------||---------||---------|



* Summary:
+-----------+--------+--------+--------+--------+--------+--------+
|           |  BRAM  |   DSP  |  Delay |   FF   |   LUT  |  URAM  |
+-----------+--------+--------+--------+--------+--------+--------+
|  Function |    -   |    9   |    -   |   775  |  3031  |    -   |
|   Memory  |    1   |    -   |    -   |    0   |    0   |    0   |
|Multiplexer|    -   |    -   |    1   |    0   |   27   |    -   |
|  Register |    -   |    -   |    -   |   151  |    -   |    -   |
+-----------+--------+--------+--------+--------+--------+--------+
|   Total   |    1   |    9   |    1   |   926  |  3058  |    0   |
+-----------+--------+--------+--------+--------+--------+--------+
