#-----------------------------------------------------------
# Vivado v2024.2 (64-bit)
# SW Build 5239630 on Fri Nov 08 22:35:27 MST 2024
# IP Build 5239520 on Sun Nov 10 16:12:51 MST 2024
# SharedData Build 5239561 on Fri Nov 08 14:39:27 MST 2024
# Start of session at: Tue Mar 24 23:22:16 2026
# Process ID         : 10632
# Current directory  : C:/Users/OmilosNeonTexn/Desktop/fpga_cnn_hls4ml/hls4ml_init/hls4ml_init/hls4ml_init.runs/bd_cnn_min_axis_data_fifo_0_1_synth_1
# Command line       : vivado.exe -log bd_cnn_min_axis_data_fifo_0_1.vds -product Vivado -mode batch -messageDb vivado.pb -notrace -source bd_cnn_min_axis_data_fifo_0_1.tcl
# Log file           : C:/Users/OmilosNeonTexn/Desktop/fpga_cnn_hls4ml/hls4ml_init/hls4ml_init/hls4ml_init.runs/bd_cnn_min_axis_data_fifo_0_1_synth_1/bd_cnn_min_axis_data_fifo_0_1.vds
# Journal file       : C:/Users/OmilosNeonTexn/Desktop/fpga_cnn_hls4ml/hls4ml_init/hls4ml_init/hls4ml_init.runs/bd_cnn_min_axis_data_fifo_0_1_synth_1\vivado.jou
# Running On         : DESKTOP-PV75K48
# Platform           : Windows Server 2016 or Windows 10
# Operating System   : 19045
# Processor Detail   : Intel(R) Core(TM) i7-2600S CPU @ 2.80GHz
# CPU Frequency      : 2794 MHz
# CPU Physical cores : 4
# CPU Logical cores  : 8
# Host memory        : 6330 MB
# Swap memory        : 18822 MB
# Total Virtual      : 25152 MB
# Available Virtual  : 17097 MB
#-----------------------------------------------------------
source bd_cnn_min_axis_data_fifo_0_1.tcl -notrace
