#-----------------------------------------------------------
# Vivado v2024.2 (64-bit)
# SW Build 5239630 on Fri Nov 08 22:35:27 MST 2024
# IP Build 5239520 on Sun Nov 10 16:12:51 MST 2024
# SharedData Build 5239561 on Fri Nov 08 14:39:27 MST 2024
# Start of session at: Mon Mar 23 21:38:42 2026
# Process ID         : 11044
# Current directory  : C:/Users/OmilosNeonTexn/Desktop/fpga_cnn_hls4ml/hls4ml_init/hls4ml_cnn_zcu106/myproject_prj/solution1/impl/ip
# Command line       : vivado.exe -notrace -mode batch -source run_ippack.tcl
# Log file           : C:/Users/OmilosNeonTexn/Desktop/fpga_cnn_hls4ml/hls4ml_init/hls4ml_cnn_zcu106/myproject_prj/solution1/impl/ip/vivado.log
# Journal file       : C:/Users/OmilosNeonTexn/Desktop/fpga_cnn_hls4ml/hls4ml_init/hls4ml_cnn_zcu106/myproject_prj/solution1/impl/ip\vivado.jou
# Running On         : DESKTOP-PV75K48
# Platform           : Windows Server 2016 or Windows 10
# Operating System   : 19045
# Processor Detail   : Intel(R) Core(TM) i7-2600S CPU @ 2.80GHz
# CPU Frequency      : 2794 MHz
# CPU Physical cores : 4
# CPU Logical cores  : 8
# Host memory        : 6330 MB
# Swap memory        : 15888 MB
# Total Virtual      : 22218 MB
# Available Virtual  : 13256 MB
#-----------------------------------------------------------
source run_ippack.tcl -notrace
INFO: calling package_hls_ip ip_types=vitis sysgen json_file=C:/Users/OmilosNeonTexn/Desktop/fpga_cnn_hls4ml/hls4ml_init/hls4ml_cnn_zcu106/myproject_prj/solution1/solution1_data.json outdir=C:/Users/OmilosNeonTexn/Desktop/fpga_cnn_hls4ml/hls4ml_init/hls4ml_cnn_zcu106/myproject_prj/solution1/impl/ip srcdir=C:/Users/OmilosNeonTexn/Desktop/fpga_cnn_hls4ml/hls4ml_init/hls4ml_cnn_zcu106/myproject_prj/solution1 sort_interfaces_ports=false
INFO: Copied 1 ipmisc file(s) to C:/Users/OmilosNeonTexn/Desktop/fpga_cnn_hls4ml/hls4ml_init/hls4ml_cnn_zcu106/myproject_prj/solution1/impl/ip/misc
INFO: Copied 65 verilog file(s) to C:/Users/OmilosNeonTexn/Desktop/fpga_cnn_hls4ml/hls4ml_init/hls4ml_cnn_zcu106/myproject_prj/solution1/impl/ip/hdl/verilog
INFO: Copied 59 vhdl file(s) to C:/Users/OmilosNeonTexn/Desktop/fpga_cnn_hls4ml/hls4ml_init/hls4ml_cnn_zcu106/myproject_prj/solution1/impl/ip/hdl/vhdl
Generating 2 subcores in C:/Users/OmilosNeonTexn/Desktop/fpga_cnn_hls4ml/hls4ml_init/hls4ml_cnn_zcu106/myproject_prj/solution1/impl/ip/hdl/ip.tmp:
impl/misc/myproject_fexp_32ns_32ns_32_13_full_dsp_1_ip.tcl
impl/misc/myproject_fpext_32ns_64_2_no_dsp_1_ip.tcl
INFO: [ProjectBase 1-489] The host OS only allows 260 characters in a normal path. The project is stored in a path with more than 80 characters. If you experience issues with IP, Block Designs, or files not being found, please consider moving the project to a location with a shorter path. Alternately consider using the OS subst command to map part of the path to a drive letter.
Current project path is 'C:/Users/OmilosNeonTexn/Desktop/fpga_cnn_hls4ml/hls4ml_init/hls4ml_cnn_zcu106/myproject_prj/solution1/impl/ip/hdl/ip.tmp'
create_project: Time (s): cpu = 00:00:12 ; elapsed = 00:00:25 . Memory (MB): peak = 641.773 ; gain = 202.363
INFO: Using COE_DIR=C:/Users/OmilosNeonTexn/Desktop/fpga_cnn_hls4ml/hls4ml_init/hls4ml_cnn_zcu106/myproject_prj/solution1/impl/ip/hdl/verilog
INFO: Generating myproject_fexp_32ns_32ns_32_13_full_dsp_1_ip via file impl/misc/myproject_fexp_32ns_32ns_32_13_full_dsp_1_ip.tcl
INFO: [IP_Flow 19-234] Refreshing IP repositories
INFO: [IP_Flow 19-1704] No user IP repositories specified
INFO: [IP_Flow 19-2313] Loaded Vivado IP repository 'C:/Xilinx/Vivado/2024.2/data/ip'.
WARNING: [IP_Flow 19-4832] The IP name 'myproject_fexp_32ns_32ns_32_13_full_dsp_1_ip' you have specified is long. The Windows operating system has path length limitations. It is recommended you use shorter names to reduce the likelihood of issues.
create_ip: Time (s): cpu = 00:00:04 ; elapsed = 00:00:23 . Memory (MB): peak = 695.363 ; gain = 53.590
INFO: [IP_Flow 19-1686] Generating 'Synthesis' target for IP 'myproject_fexp_32ns_32ns_32_13_full_dsp_1_ip'...
INFO: [IP_Flow 19-1686] Generating 'Simulation' target for IP 'myproject_fexp_32ns_32ns_32_13_full_dsp_1_ip'...
INFO: Done generating myproject_fexp_32ns_32ns_32_13_full_dsp_1_ip via file impl/misc/myproject_fexp_32ns_32ns_32_13_full_dsp_1_ip.tcl
INFO: Generating myproject_fpext_32ns_64_2_no_dsp_1_ip via file impl/misc/myproject_fpext_32ns_64_2_no_dsp_1_ip.tcl
WARNING: [IP_Flow 19-4832] The IP name 'myproject_fpext_32ns_64_2_no_dsp_1_ip' you have specified is long. The Windows operating system has path length limitations. It is recommended you use shorter names to reduce the likelihood of issues.
INFO: [IP_Flow 19-1686] Generating 'Synthesis' target for IP 'myproject_fpext_32ns_64_2_no_dsp_1_ip'...
INFO: [IP_Flow 19-1686] Generating 'Simulation' target for IP 'myproject_fpext_32ns_64_2_no_dsp_1_ip'...
INFO: Done generating myproject_fpext_32ns_64_2_no_dsp_1_ip via file impl/misc/myproject_fpext_32ns_64_2_no_dsp_1_ip.tcl
INFO: Import ports from HDL: C:/Users/OmilosNeonTexn/Desktop/fpga_cnn_hls4ml/hls4ml_init/hls4ml_cnn_zcu106/myproject_prj/solution1/impl/ip/hdl/vhdl/myproject.vhd (myproject)
INFO: Add axi4stream interface inp
INFO: Add axi4stream interface layer9_out
INFO: [IP_Flow 19-234] Refreshing IP repositories
INFO: [IP_Flow 19-1704] No user IP repositories specified
INFO: [IP_Flow 19-2313] Loaded Vivado IP repository 'C:/Xilinx/Vivado/2024.2/data/ip'.
INFO: Add clock interface ap_clk
INFO: Add reset interface ap_rst_n
INFO: Add ap_ctrl interface ap_ctrl
INFO: Calling post_process_vitis to specialize IP
INFO: Calling post_process_sysgen to specialize IP
Generating sysgen info xml from json file
INFO: Created IP C:/Users/OmilosNeonTexn/Desktop/fpga_cnn_hls4ml/hls4ml_init/hls4ml_cnn_zcu106/myproject_prj/solution1/impl/ip/component.xml
INFO: Created IP archive C:/Users/OmilosNeonTexn/Desktop/fpga_cnn_hls4ml/hls4ml_init/hls4ml_cnn_zcu106/myproject_prj/solution1/impl/ip/xilinx_com_hls_myproject_1_0.zip
INFO: [Common 17-206] Exiting Vivado at Mon Mar 23 21:42:37 2026...
