

================================================================
== Vitis HLS Report for 'compute_output_buffer_2d_array_array_ap_fixed_37_17_5_3_0_4u_config2_s'
================================================================
* Date:           Mon Mar 23 21:38:02 2026

* Version:        2024.2 (Build 5238294 on Nov  8 2024)
* Project:        myproject_prj
* Solution:       solution1 (Vivado IP Flow Target)
* Product family: zynquplus
* Target device:  xczu7ev-ffvc1156-2-e


================================================================
== Performance Estimates
================================================================
+ Timing: 
    * Summary: 
    +--------+---------+----------+------------+
    |  Clock |  Target | Estimated| Uncertainty|
    +--------+---------+----------+------------+
    |ap_clk  |  5.00 ns|  3.233 ns|     1.35 ns|
    +--------+---------+----------+------------+

+ Latency: 
    * Summary: 
    +---------+---------+-----------+-----------+-----+-----+---------+
    |  Latency (cycles) |   Latency (absolute)  |  Interval | Pipeline|
    |   min   |   max   |    min    |    max    | min | max |   Type  |
    +---------+---------+-----------+-----------+-----+-----+---------+
    |        2|        2|  10.000 ns|  10.000 ns|    3|    3|      yes|
    +---------+---------+-----------+-----------+-----+-----+---------+

    + Detail: 
        * Instance: 
        +----------------------------------------------------------------------------------+-----------------------------------------------------------------------+---------+---------+----------+----------+-----+-----+---------+
        |                                                                                  |                                                                       |  Latency (cycles) |  Latency (absolute) |  Interval | Pipeline|
        |                                     Instance                                     |                                 Module                                |   min   |   max   |    min   |    max   | min | max |   Type  |
        +----------------------------------------------------------------------------------+-----------------------------------------------------------------------+---------+---------+----------+----------+-----+-----+---------+
        |call_ln281_shift_line_buffer_array_ap_fixed_16_6_5_3_0_1u_config2_s_fu_89         |shift_line_buffer_array_ap_fixed_16_6_5_3_0_1u_config2_s               |        0|        0|      0 ns|      0 ns|    1|    1|      yes|
        |grp_dense_latency_ap_fixed_16_6_5_3_0_ap_fixed_37_17_5_3_0_config2_mult_s_fu_117  |dense_latency_ap_fixed_16_6_5_3_0_ap_fixed_37_17_5_3_0_config2_mult_s  |        1|        1|  5.000 ns|  5.000 ns|    1|    1|      yes|
        +----------------------------------------------------------------------------------+-----------------------------------------------------------------------+---------+---------+----------+----------+-----+-----+---------+

        * Loop: 
        N/A



================================================================
== Utilization Estimates
================================================================
* Summary: 
+-----------------+---------+------+--------+--------+-----+
|       Name      | BRAM_18K|  DSP |   FF   |   LUT  | URAM|
+-----------------+---------+------+--------+--------+-----+
|DSP              |        -|     -|       -|       -|    -|
|Expression       |        -|     -|       0|     505|    -|
|FIFO             |        -|     -|       -|       -|    -|
|Instance         |        -|    31|     434|    1053|    -|
|Memory           |        -|     -|       -|       -|    -|
|Multiplexer      |        -|     -|       0|      70|    -|
|Register         |        -|     -|     406|       -|    -|
+-----------------+---------+------+--------+--------+-----+
|Total            |        0|    31|     840|    1628|    0|
+-----------------+---------+------+--------+--------+-----+
|Available        |      624|  1728|  460800|  230400|   96|
+-----------------+---------+------+--------+--------+-----+
|Utilization (%)  |        0|     1|      ~0|      ~0|    0|
+-----------------+---------+------+--------+--------+-----+

+ Detail: 
    * Instance: 
    +----------------------------------------------------------------------------------+-----------------------------------------------------------------------+---------+----+-----+-----+-----+
    |                                     Instance                                     |                                 Module                                | BRAM_18K| DSP|  FF | LUT | URAM|
    +----------------------------------------------------------------------------------+-----------------------------------------------------------------------+---------+----+-----+-----+-----+
    |grp_dense_latency_ap_fixed_16_6_5_3_0_ap_fixed_37_17_5_3_0_config2_mult_s_fu_117  |dense_latency_ap_fixed_16_6_5_3_0_ap_fixed_37_17_5_3_0_config2_mult_s  |        0|  31|  305|  935|    0|
    |call_ln281_shift_line_buffer_array_ap_fixed_16_6_5_3_0_1u_config2_s_fu_89         |shift_line_buffer_array_ap_fixed_16_6_5_3_0_1u_config2_s               |        0|   0|  129|  118|    0|
    +----------------------------------------------------------------------------------+-----------------------------------------------------------------------+---------+----+-----+-----+-----+
    |Total                                                                             |                                                                       |        0|  31|  434| 1053|    0|
    +----------------------------------------------------------------------------------+-----------------------------------------------------------------------+---------+----+-----+-----+-----+

    * DSP: 
    N/A

    * Memory: 
    N/A

    * FIFO: 
    N/A

    * Expression: 
    +--------------------------------------+----------+----+---+----+------------+------------+
    |             Variable Name            | Operation| DSP| FF| LUT| Bitwidth P0| Bitwidth P1|
    +--------------------------------------+----------+----+---+----+------------+------------+
    |add_ln303_fu_240_p2                   |         +|   0|  0|  39|          32|           1|
    |add_ln307_fu_287_p2                   |         +|   0|  0|  39|          32|           1|
    |add_ln313_fu_309_p2                   |         +|   0|  0|  39|          32|           1|
    |add_ln318_fu_257_p2                   |         +|   0|  0|  39|          32|           1|
    |and_ln284_1_fu_205_p2                 |       and|   0|  0|   2|           1|           1|
    |and_ln284_fu_199_p2                   |       and|   0|  0|   2|           1|           1|
    |ap_block_state3                       |       and|   0|  0|   2|           1|           1|
    |ap_condition_154                      |       and|   0|  0|   2|           1|           1|
    |ap_condition_206                      |       and|   0|  0|   2|           1|           1|
    |ap_predicate_op21_call_state2         |       and|   0|  0|   2|           1|           1|
    |ap_predicate_op21_call_state2_state1  |       and|   0|  0|   2|           1|           1|
    |icmp_ln284_1_fu_161_p2                |      icmp|   0|  0|  39|          32|           2|
    |icmp_ln284_2_fu_177_p2                |      icmp|   0|  0|  38|          31|           1|
    |icmp_ln284_3_fu_193_p2                |      icmp|   0|  0|  38|          31|           1|
    |icmp_ln284_fu_143_p2                  |      icmp|   0|  0|  39|          32|           2|
    |icmp_ln303_fu_245_p2                  |      icmp|   0|  0|  39|          32|           4|
    |icmp_ln307_fu_292_p2                  |      icmp|   0|  0|  39|          32|           4|
    |icmp_ln313_fu_304_p2                  |      icmp|   0|  0|  39|          32|           2|
    |select_ln313_fu_314_p3                |    select|   0|  0|  32|           1|           2|
    |select_ln318_fu_262_p3                |    select|   0|  0|  32|           1|           2|
    +--------------------------------------+----------+----+---+----+------------+------------+
    |Total                                 |          |   0|  0| 505|         359|          31|
    +--------------------------------------+----------+----+---+----+------------+------------+

    * Multiplexer: 
    +------------------------------------+----+-----------+-----+-----------+
    |                Name                | LUT| Input Size| Bits| Total Bits|
    +------------------------------------+----+-----------+-----+-----------+
    |ap_NS_fsm                           |  20|          4|    1|          4|
    |ap_phi_mux_storemerge_phi_fu_82_p4  |  14|          3|   32|         96|
    |layer2_out_blk_n                    |   9|          2|    1|          2|
    |pX_1                                |   9|          2|   32|         64|
    |pY_1                                |   9|          2|   32|         64|
    |sX_1                                |   9|          2|   32|         64|
    +------------------------------------+----+-----------+-----+-----------+
    |Total                               |  70|         15|  130|        294|
    +------------------------------------+----+-----------+-----+-----------+

    * Register: 
    +-----------------------------------------------------------------------------------------------+----+----+-----+-----------+
    |                                              Name                                             | FF | LUT| Bits| Const Bits|
    +-----------------------------------------------------------------------------------------------+----+----+-----+-----------+
    |and_ln284_1_reg_361                                                                            |   1|   0|    1|          0|
    |ap_CS_fsm                                                                                      |   3|   0|    3|          0|
    |grp_dense_latency_ap_fixed_16_6_5_3_0_ap_fixed_37_17_5_3_0_config2_mult_s_fu_117_ap_start_reg  |   1|   0|    1|          0|
    |icmp_ln284_reg_340                                                                             |   1|   0|    1|          0|
    |pX_1                                                                                           |  32|   0|   32|          0|
    |pX_1_load_reg_356                                                                              |  32|   0|   32|          0|
    |pY_1                                                                                           |  32|   0|   32|          0|
    |pY_1_load_reg_351                                                                              |  32|   0|   32|          0|
    |sX_1                                                                                           |  32|   0|   32|          0|
    |sX_1_load_reg_335                                                                              |  32|   0|   32|          0|
    |sY_1                                                                                           |  32|   0|   32|          0|
    |sY_1_load_reg_345                                                                              |  32|   0|   32|          0|
    |void_compute_output_buffer_2d_array_const_ap_shift_reg_n_chan_stream_weig                      |  16|   0|   16|          0|
    |void_compute_output_buffer_2d_array_const_ap_shift_reg_n_chan_stream_weig_1                    |  16|   0|   16|          0|
    |void_compute_output_buffer_2d_array_const_ap_shift_reg_n_chan_stream_weig_2                    |  16|   0|   16|          0|
    |void_compute_output_buffer_2d_array_const_ap_shift_reg_n_chan_stream_weig_3                    |  16|   0|   16|          0|
    |void_compute_output_buffer_2d_array_const_ap_shift_reg_n_chan_stream_weig_4                    |  16|   0|   16|          0|
    |void_compute_output_buffer_2d_array_const_ap_shift_reg_n_chan_stream_weig_5                    |  16|   0|   16|          0|
    |void_compute_output_buffer_2d_array_const_ap_shift_reg_n_chan_stream_weig_6                    |  16|   0|   16|          0|
    |void_compute_output_buffer_2d_array_const_ap_shift_reg_n_chan_stream_weig_7                    |  16|   0|   16|          0|
    |void_compute_output_buffer_2d_array_const_ap_shift_reg_n_chan_stream_weig_8                    |  16|   0|   16|          0|
    +-----------------------------------------------------------------------------------------------+----+----+-----+-----------+
    |Total                                                                                          | 406|   0|  406|          0|
    +-----------------------------------------------------------------------------------------------+----+----+-----+-----------+



================================================================
== Interface
================================================================
* Summary: 
+---------------------------+-----+-----+------------+-------------------------------------------------------------------------+--------------+
|         RTL Ports         | Dir | Bits|  Protocol  |                              Source Object                              |    C Type    |
+---------------------------+-----+-----+------------+-------------------------------------------------------------------------+--------------+
|ap_clk                     |   in|    1|  ap_ctrl_hs|  compute_output_buffer_2d<array,array<ap_fixed<37,17,5,3,0>,4u>,config2>|  return value|
|ap_rst                     |   in|    1|  ap_ctrl_hs|  compute_output_buffer_2d<array,array<ap_fixed<37,17,5,3,0>,4u>,config2>|  return value|
|ap_start                   |   in|    1|  ap_ctrl_hs|  compute_output_buffer_2d<array,array<ap_fixed<37,17,5,3,0>,4u>,config2>|  return value|
|ap_done                    |  out|    1|  ap_ctrl_hs|  compute_output_buffer_2d<array,array<ap_fixed<37,17,5,3,0>,4u>,config2>|  return value|
|ap_idle                    |  out|    1|  ap_ctrl_hs|  compute_output_buffer_2d<array,array<ap_fixed<37,17,5,3,0>,4u>,config2>|  return value|
|ap_ready                   |  out|    1|  ap_ctrl_hs|  compute_output_buffer_2d<array,array<ap_fixed<37,17,5,3,0>,4u>,config2>|  return value|
|layer2_out_blk_n           |  out|    1|  ap_ctrl_hs|  compute_output_buffer_2d<array,array<ap_fixed<37,17,5,3,0>,4u>,config2>|  return value|
|ap_ce                      |   in|    1|  ap_ctrl_hs|  compute_output_buffer_2d<array,array<ap_fixed<37,17,5,3,0>,4u>,config2>|  return value|
|in_elem_0_0_0_0_0_val      |   in|   16|     ap_none|                                                    in_elem_0_0_0_0_0_val|        scalar|
|layer2_out_din             |  out|  148|     ap_fifo|                                                               layer2_out|       pointer|
|layer2_out_full_n          |   in|    1|     ap_fifo|                                                               layer2_out|       pointer|
|layer2_out_write           |  out|    1|     ap_fifo|                                                               layer2_out|       pointer|
|layer2_out_num_data_valid  |   in|    7|     ap_fifo|                                                               layer2_out|       pointer|
|layer2_out_fifo_cap        |   in|    7|     ap_fifo|                                                               layer2_out|       pointer|
+---------------------------+-----+-----+------------+-------------------------------------------------------------------------+--------------+

