================================================================
== Design Size Report
================================================================

* Total Instructions per Compilation Phase
+---------------+-----------------------------+--------------+----------------------------------------------------------------------------------------+
| Phase         | Step                        | Instructions | Description                                                                            |
+---------------+-----------------------------+--------------+----------------------------------------------------------------------------------------+
| Compile/Link  |                             |  7,185       | After all functions are compiled and linked into a single design                       |
|               |                             |              |                                                                                        |
| Unroll/Inline |                             |              | After user unroll and inline pragmas are applied                                       |
|               | (1) unroll                  | 22,600       | user unroll pragmas are applied                                                        |
|               | (2) simplification          |  7,553       | simplification of applied user unroll pragmas                                          |
|               | (3) inline                  |  7,379       | user inline pragmas are applied                                                        |
|               | (4) simplification          |  7,055       | simplification of applied user inline pragmas                                          |
|               |                             |              |                                                                                        |
| Array/Struct  |                             |              | After user array partition and struct aggregate/disaggregate pragmas are applied       |
|               | (1) array partition         |  3,066       | user array partition pragmas are applied                                               |
|               | (2) simplification          |  2,343       | simplification of applied user array partition & struct aggregate/disaggregate pragmas |
|               | (3) aggregate/disaggregate  |  2,360       | user struct aggregate/disaggregate pragmas are applied                                 |
|               | (4) array reshape           |  2,788       | apply array reshape pragmas                                                            |
|               | (5) access patterns         |  2,920       | array access pattern optmizations                                                      |
|               |                             |              |                                                                                        |
| Performance   |                             |              | After transformations are applied to meet performance pragma targets                   |
|               | (1) loop simplification     |  2,763       | loop and instruction simplification                                                    |
|               | (2) parallelization         |  2,697       | loops are unrolled or pipelined to meet performance targets                            |
|               | (3) array partition         |  2,677       | arrays are partitioned to meet performance targets                                     |
|               | (4) simplification          |  2,677       | simplification of design after performance transformations                             |
|               |                             |              |                                                                                        |
| HW Transforms |                             |              | After hardware transfomations                                                          |
|               | (1) lowering                |  2,586       | initial conversion to HW specific instructions                                         |
|               | (2) optimizations           |  2,643       | high level synthesis optimizations                                                     |
+---------------+-----------------------------+--------------+----------------------------------------------------------------------------------------+

* Instructions per Function for each Compilation Phase
+-----------------------------------------+------------------------------+----------------+---------------+--------------+-------------+---------------+
| Function                                | Location                     | Compile/Link   | Unroll/Inline | Array/Struct | Performance | HW Transforms |
+-----------------------------------------+------------------------------+----------------+---------------+--------------+-------------+---------------+
| + myproject                             | myproject.cpp:7              | 7,185          | 7,055         | 2,920        | 2,677       | 2,643         |
|  + conv_2d_cl<nnet::array<ap_fi...      | nnet_conv2d_stream.h:67      |  910           |  776          |  327         |  309        |  325          |
|   + conv_2d_buffer_latency_cl<nn...     | nnet_conv2d_stream.h:14      |  907           |               |              |             |               |
|    + compute_output_buffer_2d<nne...    | nnet_conv_stream.h:251       |  850           |               |              |             |               |
|     + shift_line_buffer<nnet::arra...   | nnet_conv_stream.h:215       |  157           |               |              |             |               |
|        operator[]                       | nnet_types.h:19              |    3           |               |              |             |               |
|        kernel_shift_2d<nnet::array<...  | nnet_conv_stream.h:181       |   75           |               |              |             |               |
|     + dense                             | nnet_dense.h:50              |  591           |               |              |             |               |
|      + dense_latency<ap_fixed<16, 6...  | nnet_dense_latency.h:13      |  589           |               |              |             |               |
|         product                         | nnet_mult.h:70               |  137           |               |              |             |               |
|         cast<ap_fixed<16, 6, AP_TRN,... | nnet_mult.h:110              |   61           |               |              |             |               |
|       operator[]                        | nnet_types.h:17              |    3           |               |              |             |               |
|   + compute_output_buffer_2d<nne...     | nnet_conv_stream.h:251       |                |  751          |  304         |  292        |  300          |
|      shift_line_buffer<nnet::arra...    | nnet_conv_stream.h:215       |                |   27          |   38         |   26        |   33          |
|      dense_latency<ap_fixed<16, 6...    | nnet_dense_latency.h:13      |                |  650          |  176         |  176        |  177          |
|  + relu<nnet::array<ap_fixed<37...      | nnet_activation_stream.h:39  |  279           |   42          |   86         |   86        |   78          |
|     operator[]                          | nnet_types.h:17              |   12 (4 calls) |               |              |             |               |
|  + pooling2d_cl<nnet::array<ap_...      | nnet_pooling_stream.h:96     |  430           |  300          |  258         |  242        |  223          |
|   + compute_pool_buffer_2d<nnet:...     | nnet_pooling_stream.h:30     |  371           |               |              |             |               |
|    + shift_line_buffer<nnet::arra...    | nnet_conv_stream.h:215       |  157           |               |              |             |               |
|       operator[]                        | nnet_types.h:19              |    3           |               |              |             |               |
|       kernel_shift_2d<nnet::array<...   | nnet_conv_stream.h:181       |   75           |               |              |             |               |
|    + reduce_pool<ap_fixed<16, 6, ...    | nnet_pooling_stream.h:17     |   92           |               |              |             |               |
|     + reduce<ap_fixed<16, 6, AP_TR...   | nnet_common.h:37             |   89           |               |              |             |               |
|      + reduce<ap_fixed<16, 6, AP_TR...  | nnet_common.h:37             |   60 (2 calls) |               |              |             |               |
|         operator()                      | nnet_common.h:66             |   40 (2 calls) |               |              |             |               |
|        operator()                       | nnet_common.h:66             |   20           |               |              |             |               |
|      operator[]                         | nnet_types.h:17              |    3           |               |              |             |               |
|     shift_line_buffer<nnet::arra...     | nnet_conv_stream.h:215       |                |   51          |   85         |   61        |   62          |
|  + dense<nnet::array<ap_fixed<1...      | nnet_dense_stream.h:82       |  757           | 5,200         | 1,597        | 1,414       | 1,415         |
|   + data_prepare<nnet::array<ap_...     | nnet_dense_stream.h:28       |   75           |               |              |             |               |
|      operator[]                         | nnet_types.h:17              |    6 (2 calls) |               |              |             |               |
|   + dense_latency_wrapper<ap_fix...     | nnet_dense_stream.h:13       |  591           | 5,144         | 1,250        | 1,212       | 1,213         |
|    + dense_latency<ap_fixed<16, 6...    | nnet_dense_latency.h:13      |  589           | 5,142         | 1,248        |             |               |
|       product                           | nnet_mult.h:70               |  137           |               |              |             |               |
|       cast<ap_fixed<16, 6, AP_TRN,...   | nnet_mult.h:110              |   61           |               |              |             |               |
|   + res_write<nnet::array<ap_fix...     | nnet_dense_stream.h:53       |   71           |               |              |             |               |
|      operator[]                         | nnet_types.h:17              |    6 (2 calls) |               |              |             |               |
|  + relu<nnet::array<ap_fixed<39...      | nnet_activation_stream.h:39  |  279           |   61          |  157         |  157        |  141          |
|     operator[]                          | nnet_types.h:17              |   12 (4 calls) |               |              |             |               |
|  + dense<nnet::array<ap_fixed<1...      | nnet_dense_stream.h:82       |  757           |  349          |  188         |  162        |  149          |
|   + data_prepare<nnet::array<ap_...     | nnet_dense_stream.h:28       |   75           |               |              |             |               |
|      operator[]                         | nnet_types.h:17              |    6 (2 calls) |               |              |             |               |
|   + dense_latency_wrapper<ap_fix...     | nnet_dense_stream.h:13       |  591           |  309          |   90         |   80        |   81          |
|    + dense_latency<ap_fixed<16, 6...    | nnet_dense_latency.h:13      |  589           |  307          |   88         |             |               |
|       product                           | nnet_mult.h:70               |  137           |               |              |             |               |
|       cast<ap_fixed<16, 6, AP_TRN,...   | nnet_mult.h:110              |   61           |               |              |             |               |
|   + res_write<nnet::array<ap_fix...     | nnet_dense_stream.h:53       |   71           |               |              |             |               |
|      operator[]                         | nnet_types.h:17              |    6 (2 calls) |               |              |             |               |
|  + softmax<nnet::array<ap_fixed...      | nnet_activation_stream.h:351 | 3,713          |  294          |  273         |  273        |  279          |
|   + softmax_stable<nnet::array<a...     | nnet_activation_stream.h:169 | 3,710          |  292          |  271         |  271        |  277          |
|    + init_exp_table<ap_ufixed<35,...    | nnet_activation.h:149        |  989           |  204          |  204         |  204        |  208          |
|       softmax_real_val_from_idx<ap...   | nnet_activation.h:133        |  233           |               |              |             |               |
|       exp_fcn_float                     | nnet_activation.h:131        |    4           |               |              |             |               |
|    + init_invert_table<ap_fixed<1...    | nnet_activation.h:165        | 1,233          |               |              |             |               |
|       softmax_real_val_from_idx<ap...   | nnet_activation.h:133        |  486           |               |              |             |               |
|      operator[]                         | nnet_types.h:17              |    6 (2 calls) |               |              |             |               |
|    + reduce<ap_fixed<36, 16, AP_T...    | nnet_common.h:37             |   28           |               |              |             |               |
|       operator()                        | nnet_common.h:66             |   18           |               |              |             |               |
|      softmax_idx_from_real_val<ap...    | nnet_activation.h:141        |   98           |               |              |             |               |
|    + reduce<ap_fixed<16, 6, AP_TR...    | nnet_common.h:37             |  234           |               |              |             |               |
|       operator()                        | nnet_common.h:51             |  224           |               |              |             |               |
|      softmax_idx_from_real_val<ap...    | nnet_activation.h:141        |   98           |               |              |             |               |
+-----------------------------------------+------------------------------+----------------+---------------+--------------+-------------+---------------+

* Design Size Message Settings
+---------------------------------------------+--------+------------------------------------------------------------------+
| Message Setting                             | Value  | Description                                                      |
+---------------------------------------------+--------+------------------------------------------------------------------+
| config_compile -design_size_maximum_warning | 100000 | Show a warning when total design instructions exceeds this value |
+---------------------------------------------+--------+------------------------------------------------------------------+


