

================================================================
== Vitis HLS Report for 'dense_array_ap_fixed_4u_array_ap_fixed_39_19_5_3_0_8u_config6_s'
================================================================
* Date:           Mon Mar 23 21:38:12 2026

* Version:        2024.2 (Build 5238294 on Nov  8 2024)
* Project:        myproject_prj
* Solution:       solution1 (Vivado IP Flow Target)
* Product family: zynquplus
* Target device:  xczu7ev-ffvc1156-2-e


================================================================
== Performance Estimates
================================================================
+ Timing: 
    * Summary: 
    +--------+---------+----------+------------+
    |  Clock |  Target | Estimated| Uncertainty|
    +--------+---------+----------+------------+
    |ap_clk  |  5.00 ns|  3.289 ns|     1.35 ns|
    +--------+---------+----------+------------+

+ Latency: 
    * Summary: 
    +---------+---------+-----------+-----------+-----+-----+---------+
    |  Latency (cycles) |   Latency (absolute)  |  Interval | Pipeline|
    |   min   |   max   |    min    |    max    | min | max |   Type  |
    +---------+---------+-----------+-----------+-----+-----+---------+
    |       14|       14|  70.000 ns|  70.000 ns|   14|   14|       no|
    +---------+---------+-----------+-----------+-----+-----+---------+

    + Detail: 
        * Instance: 
        +-----------------------------------------------------------------------------------+------------------------------------------------------------------------+---------+---------+-----------+-----------+-----+-----+------------------------------------------------+
        |                                                                                   |                                                                        |  Latency (cycles) |   Latency (absolute)  |  Interval |                    Pipeline                    |
        |                                      Instance                                     |                                 Module                                 |   min   |   max   |    min    |    max    | min | max |                      Type                      |
        +-----------------------------------------------------------------------------------+------------------------------------------------------------------------+---------+---------+-----------+-----------+-----+-----+------------------------------------------------+
        |grp_dense_array_array_ap_fixed_39_19_5_3_0_8u_config6_Pipeline_DataPrepare_fu_177  |dense_array_array_ap_fixed_39_19_5_3_0_8u_config6_Pipeline_DataPrepare  |       10|       10|  50.000 ns|  50.000 ns|    9|    9|  loop auto-rewind stp (delay=0 clock cycles(s))|
        |grp_dense_latency_wrapper_ap_fixed_ap_fixed_39_19_5_3_0_config6_s_fu_219           |dense_latency_wrapper_ap_fixed_ap_fixed_39_19_5_3_0_config6_s           |        2|        2|  10.000 ns|  10.000 ns|    1|    1|                                             yes|
        +-----------------------------------------------------------------------------------+------------------------------------------------------------------------+---------+---------+-----------+-----------+-----+-----+------------------------------------------------+

        * Loop: 
        N/A



================================================================
== Utilization Estimates
================================================================
* Summary: 
+-----------------+---------+------+--------+--------+-----+
|       Name      | BRAM_18K|  DSP |   FF   |   LUT  | URAM|
+-----------------+---------+------+--------+--------+-----+
|DSP              |        -|     -|       -|       -|    -|
|Expression       |        -|     -|       0|       2|    -|
|FIFO             |        -|     -|       -|       -|    -|
|Instance         |        -|   238|    3388|    8049|    -|
|Memory           |        -|     -|       -|       -|    -|
|Multiplexer      |        -|     -|       0|      58|    -|
|Register         |        -|     -|       9|       -|    -|
+-----------------+---------+------+--------+--------+-----+
|Total            |        0|   238|    3397|    8109|    0|
+-----------------+---------+------+--------+--------+-----+
|Available        |      624|  1728|  460800|  230400|   96|
+-----------------+---------+------+--------+--------+-----+
|Utilization (%)  |        0|    13|      ~0|       3|    0|
+-----------------+---------+------+--------+--------+-----+

+ Detail: 
    * Instance: 
    +-----------------------------------------------------------------------------------+------------------------------------------------------------------------+---------+-----+------+------+-----+
    |                                      Instance                                     |                                 Module                                 | BRAM_18K| DSP |  FF  |  LUT | URAM|
    +-----------------------------------------------------------------------------------+------------------------------------------------------------------------+---------+-----+------+------+-----+
    |grp_dense_array_array_ap_fixed_39_19_5_3_0_8u_config6_Pipeline_DataPrepare_fu_177  |dense_array_array_ap_fixed_39_19_5_3_0_8u_config6_Pipeline_DataPrepare  |        0|    0|   582|    62|    0|
    |grp_dense_latency_wrapper_ap_fixed_ap_fixed_39_19_5_3_0_config6_s_fu_219           |dense_latency_wrapper_ap_fixed_ap_fixed_39_19_5_3_0_config6_s           |        0|  238|  2806|  7987|    0|
    +-----------------------------------------------------------------------------------+------------------------------------------------------------------------+---------+-----+------+------+-----+
    |Total                                                                              |                                                                        |        0|  238|  3388|  8049|    0|
    +-----------------------------------------------------------------------------------+------------------------------------------------------------------------+---------+-----+------+------+-----+

    * DSP: 
    N/A

    * Memory: 
    N/A

    * FIFO: 
    N/A

    * Expression: 
    +-----------------+----------+----+---+----+------------+------------+
    |  Variable Name  | Operation| DSP| FF| LUT| Bitwidth P0| Bitwidth P1|
    +-----------------+----------+----+---+----+------------+------------+
    |ap_block_state1  |        or|   0|  0|   2|           1|           1|
    +-----------------+----------+----+---+----+------------+------------+
    |Total            |          |   0|  0|   2|           1|           1|
    +-----------------+----------+----+---+----+------------+------------+

    * Multiplexer: 
    +------------------+----+-----------+-----+-----------+
    |       Name       | LUT| Input Size| Bits| Total Bits|
    +------------------+----+-----------+-----+-----------+
    |ap_NS_fsm         |  31|          6|    1|          6|
    |ap_done           |   9|          2|    1|          2|
    |layer6_out_blk_n  |   9|          2|    1|          2|
    |real_start        |   9|          2|    1|          2|
    +------------------+----+-----------+-----+-----------+
    |Total             |  58|         12|    4|         12|
    +------------------+----+-----------+-----+-----------+

    * Register: 
    +------------------------------------------------------------------------------------------------+---+----+-----+-----------+
    |                                              Name                                              | FF| LUT| Bits| Const Bits|
    +------------------------------------------------------------------------------------------------+---+----+-----+-----------+
    |ap_CS_fsm                                                                                       |  5|   0|    5|          0|
    |ap_done_reg                                                                                     |  1|   0|    1|          0|
    |grp_dense_array_array_ap_fixed_39_19_5_3_0_8u_config6_Pipeline_DataPrepare_fu_177_ap_start_reg  |  1|   0|    1|          0|
    |grp_dense_latency_wrapper_ap_fixed_ap_fixed_39_19_5_3_0_config6_s_fu_219_ap_start_reg           |  1|   0|    1|          0|
    |start_once_reg                                                                                  |  1|   0|    1|          0|
    +------------------------------------------------------------------------------------------------+---+----+-----+-----------+
    |Total                                                                                           |  9|   0|    9|          0|
    +------------------------------------------------------------------------------------------------+---+----+-----+-----------+



================================================================
== Interface
================================================================
* Summary: 
+---------------------------+-----+-----+------------+-------------------------------------------------------------------+--------------+
|         RTL Ports         | Dir | Bits|  Protocol  |                           Source Object                           |    C Type    |
+---------------------------+-----+-----+------------+-------------------------------------------------------------------+--------------+
|ap_clk                     |   in|    1|  ap_ctrl_hs|  dense<array<ap_fixed,4u>,array<ap_fixed<39,19,5,3,0>,8u>,config6>|  return value|
|ap_rst                     |   in|    1|  ap_ctrl_hs|  dense<array<ap_fixed,4u>,array<ap_fixed<39,19,5,3,0>,8u>,config6>|  return value|
|ap_start                   |   in|    1|  ap_ctrl_hs|  dense<array<ap_fixed,4u>,array<ap_fixed<39,19,5,3,0>,8u>,config6>|  return value|
|start_full_n               |   in|    1|  ap_ctrl_hs|  dense<array<ap_fixed,4u>,array<ap_fixed<39,19,5,3,0>,8u>,config6>|  return value|
|ap_done                    |  out|    1|  ap_ctrl_hs|  dense<array<ap_fixed,4u>,array<ap_fixed<39,19,5,3,0>,8u>,config6>|  return value|
|ap_continue                |   in|    1|  ap_ctrl_hs|  dense<array<ap_fixed,4u>,array<ap_fixed<39,19,5,3,0>,8u>,config6>|  return value|
|ap_idle                    |  out|    1|  ap_ctrl_hs|  dense<array<ap_fixed,4u>,array<ap_fixed<39,19,5,3,0>,8u>,config6>|  return value|
|ap_ready                   |  out|    1|  ap_ctrl_hs|  dense<array<ap_fixed,4u>,array<ap_fixed<39,19,5,3,0>,8u>,config6>|  return value|
|start_out                  |  out|    1|  ap_ctrl_hs|  dense<array<ap_fixed,4u>,array<ap_fixed<39,19,5,3,0>,8u>,config6>|  return value|
|start_write                |  out|    1|  ap_ctrl_hs|  dense<array<ap_fixed,4u>,array<ap_fixed<39,19,5,3,0>,8u>,config6>|  return value|
|layer4_out_dout            |   in|   64|     ap_fifo|                                                         layer4_out|       pointer|
|layer4_out_empty_n         |   in|    1|     ap_fifo|                                                         layer4_out|       pointer|
|layer4_out_read            |  out|    1|     ap_fifo|                                                         layer4_out|       pointer|
|layer4_out_num_data_valid  |   in|    5|     ap_fifo|                                                         layer4_out|       pointer|
|layer4_out_fifo_cap        |   in|    5|     ap_fifo|                                                         layer4_out|       pointer|
|layer6_out_din             |  out|  312|     ap_fifo|                                                         layer6_out|       pointer|
|layer6_out_full_n          |   in|    1|     ap_fifo|                                                         layer6_out|       pointer|
|layer6_out_write           |  out|    1|     ap_fifo|                                                         layer6_out|       pointer|
|layer6_out_num_data_valid  |   in|    2|     ap_fifo|                                                         layer6_out|       pointer|
|layer6_out_fifo_cap        |   in|    2|     ap_fifo|                                                         layer6_out|       pointer|
+---------------------------+-----+-----+------------+-------------------------------------------------------------------+--------------+

