

================================================================
== Vitis HLS Report for 'dense_array_array_ap_fixed_39_19_5_3_0_8u_config6_Pipeline_DataPrepare'
================================================================
* Date:           Mon Mar 23 21:38:05 2026

* Version:        2024.2 (Build 5238294 on Nov  8 2024)
* Project:        myproject_prj
* Solution:       solution1 (Vivado IP Flow Target)
* Product family: zynquplus
* Target device:  xczu7ev-ffvc1156-2-e


================================================================
== Performance Estimates
================================================================
+ Timing: 
    * Summary: 
    +--------+---------+----------+------------+
    |  Clock |  Target | Estimated| Uncertainty|
    +--------+---------+----------+------------+
    |ap_clk  |  5.00 ns|  1.825 ns|     1.35 ns|
    +--------+---------+----------+------------+

+ Latency: 
    * Summary: 
    +---------+---------+-----------+-----------+-----+-----+------------------------------------------------+
    |  Latency (cycles) |   Latency (absolute)  |  Interval |                    Pipeline                    |
    |   min   |   max   |    min    |    max    | min | max |                      Type                      |
    +---------+---------+-----------+-----------+-----+-----+------------------------------------------------+
    |       10|       10|  50.000 ns|  50.000 ns|    9|    9|  loop auto-rewind stp (delay=0 clock cycles(s))|
    +---------+---------+-----------+-----------+-----+-----+------------------------------------------------+

    + Detail: 
        * Instance: 
        N/A

        * Loop: 
        +---------------+---------+---------+----------+-----------+-----------+------+----------+
        |               |  Latency (cycles) | Iteration|  Initiation Interval  | Trip |          |
        |   Loop Name   |   min   |   max   |  Latency |  achieved |   target  | Count| Pipelined|
        +---------------+---------+---------+----------+-----------+-----------+------+----------+
        |- DataPrepare  |        8|        8|         1|          1|          1|     9|       yes|
        +---------------+---------+---------+----------+-----------+-----------+------+----------+



================================================================
== Utilization Estimates
================================================================
* Summary: 
+-----------------+---------+------+--------+--------+-----+
|       Name      | BRAM_18K|  DSP |   FF   |   LUT  | URAM|
+-----------------+---------+------+--------+--------+-----+
|DSP              |        -|     -|       -|       -|    -|
|Expression       |        -|     -|       0|      26|    -|
|FIFO             |        -|     -|       -|       -|    -|
|Instance         |        -|     -|       -|       -|    -|
|Memory           |        -|     -|       -|       -|    -|
|Multiplexer      |        -|     -|       0|      36|    -|
|Register         |        -|     -|     582|       -|    -|
+-----------------+---------+------+--------+--------+-----+
|Total            |        0|     0|     582|      62|    0|
+-----------------+---------+------+--------+--------+-----+
|Available        |      624|  1728|  460800|  230400|   96|
+-----------------+---------+------+--------+--------+-----+
|Utilization (%)  |        0|     0|      ~0|      ~0|    0|
+-----------------+---------+------+--------+--------+-----+

+ Detail: 
    * Instance: 
    N/A

    * DSP: 
    N/A

    * Memory: 
    N/A

    * FIFO: 
    N/A

    * Expression: 
    +----------------------------------+----------+----+---+----+------------+------------+
    |           Variable Name          | Operation| DSP| FF| LUT| Bitwidth P0| Bitwidth P1|
    +----------------------------------+----------+----+---+----+------------+------------+
    |i_in_fu_580_p2                    |         +|   0|  0|  12|           4|           1|
    |icmp_ln33_fu_766_p2               |      icmp|   0|  0|  12|           4|           5|
    |ap_block_state1_pp0_stage0_iter0  |        or|   0|  0|   2|           1|           1|
    +----------------------------------+----------+----+---+----+------------+------------+
    |Total                             |          |   0|  0|  26|           9|           7|
    +----------------------------------+----------+----+---+----+------------+------------+

    * Multiplexer: 
    +------------------------------+----+-----------+-----+-----------+
    |             Name             | LUT| Input Size| Bits| Total Bits|
    +------------------------------+----+-----------+-----+-----------+
    |ap_done_int                   |   9|          2|    1|          2|
    |ap_sig_allocacmp_i_in73_load  |   9|          2|    4|          8|
    |i_in73_fu_132                 |   9|          2|    4|          8|
    |layer4_out_blk_n              |   9|          2|    1|          2|
    +------------------------------+----+-----------+-----+-----------+
    |Total                         |  36|          8|   10|         20|
    +------------------------------+----+-----------+-----+-----------+

    * Register: 
    +------------------------+----+----+-----+-----------+
    |          Name          | FF | LUT| Bits| Const Bits|
    +------------------------+----+----+-----+-----------+
    |ap_CS_fsm               |   1|   0|    1|          0|
    |ap_done_reg             |   1|   0|    1|          0|
    |i_in73_fu_132           |   4|   0|    4|          0|
    |p_0_0_0_0_0172_fu_276   |  16|   0|   16|          0|
    |p_0_0_0_0_01756_fu_244  |  16|   0|   16|          0|
    |p_0_0_0_0_02548_fu_228  |  16|   0|   16|          0|
    |p_0_0_0_0_03340_fu_212  |  16|   0|   16|          0|
    |p_0_0_0_0_04132_fu_196  |  16|   0|   16|          0|
    |p_0_0_0_0_04924_fu_180  |  16|   0|   16|          0|
    |p_0_0_0_0_05716_fu_164  |  16|   0|   16|          0|
    |p_0_0_0_0_0658_fu_148   |  16|   0|   16|          0|
    |p_0_0_0_0_0964_fu_260   |  16|   0|   16|          0|
    |p_0_1_0_0_01162_fu_256  |  16|   0|   16|          0|
    |p_0_1_0_0_01954_fu_240  |  16|   0|   16|          0|
    |p_0_1_0_0_02746_fu_224  |  16|   0|   16|          0|
    |p_0_1_0_0_03538_fu_208  |  16|   0|   16|          0|
    |p_0_1_0_0_0370_fu_272   |  16|   0|   16|          0|
    |p_0_1_0_0_04330_fu_192  |  16|   0|   16|          0|
    |p_0_1_0_0_05122_fu_176  |  16|   0|   16|          0|
    |p_0_1_0_0_05914_fu_160  |  16|   0|   16|          0|
    |p_0_1_0_0_0676_fu_144   |  16|   0|   16|          0|
    |p_0_2_0_0_01360_fu_252  |  16|   0|   16|          0|
    |p_0_2_0_0_02152_fu_236  |  16|   0|   16|          0|
    |p_0_2_0_0_02944_fu_220  |  16|   0|   16|          0|
    |p_0_2_0_0_03736_fu_204  |  16|   0|   16|          0|
    |p_0_2_0_0_04528_fu_188  |  16|   0|   16|          0|
    |p_0_2_0_0_05320_fu_172  |  16|   0|   16|          0|
    |p_0_2_0_0_0568_fu_268   |  16|   0|   16|          0|
    |p_0_2_0_0_06112_fu_156  |  16|   0|   16|          0|
    |p_0_2_0_0_0694_fu_140   |  16|   0|   16|          0|
    |p_0_3_0_0_01558_fu_248  |  16|   0|   16|          0|
    |p_0_3_0_0_02350_fu_232  |  16|   0|   16|          0|
    |p_0_3_0_0_03142_fu_216  |  16|   0|   16|          0|
    |p_0_3_0_0_03934_fu_200  |  16|   0|   16|          0|
    |p_0_3_0_0_04726_fu_184  |  16|   0|   16|          0|
    |p_0_3_0_0_05518_fu_168  |  16|   0|   16|          0|
    |p_0_3_0_0_06310_fu_152  |  16|   0|   16|          0|
    |p_0_3_0_0_0712_fu_136   |  16|   0|   16|          0|
    |p_0_3_0_0_0766_fu_264   |  16|   0|   16|          0|
    +------------------------+----+----+-----+-----------+
    |Total                   | 582|   0|  582|          0|
    +------------------------+----+----+-----+-----------+



================================================================
== Interface
================================================================
* Summary: 
+---------------------------+-----+-----+------------+---------------------------------------------------------------------------+--------------+
|         RTL Ports         | Dir | Bits|  Protocol  |                               Source Object                               |    C Type    |
+---------------------------+-----+-----+------------+---------------------------------------------------------------------------+--------------+
|ap_clk                     |   in|    1|  ap_ctrl_hs|  dense<array,array<ap_fixed<39,19,5,3,0>,8u>,config6>_Pipeline_DataPrepare|  return value|
|ap_rst                     |   in|    1|  ap_ctrl_hs|  dense<array,array<ap_fixed<39,19,5,3,0>,8u>,config6>_Pipeline_DataPrepare|  return value|
|ap_start                   |   in|    1|  ap_ctrl_hs|  dense<array,array<ap_fixed<39,19,5,3,0>,8u>,config6>_Pipeline_DataPrepare|  return value|
|ap_done                    |  out|    1|  ap_ctrl_hs|  dense<array,array<ap_fixed<39,19,5,3,0>,8u>,config6>_Pipeline_DataPrepare|  return value|
|ap_idle                    |  out|    1|  ap_ctrl_hs|  dense<array,array<ap_fixed<39,19,5,3,0>,8u>,config6>_Pipeline_DataPrepare|  return value|
|ap_ready                   |  out|    1|  ap_ctrl_hs|  dense<array,array<ap_fixed<39,19,5,3,0>,8u>,config6>_Pipeline_DataPrepare|  return value|
|layer4_out_dout            |   in|   64|     ap_fifo|                                                                 layer4_out|       pointer|
|layer4_out_empty_n         |   in|    1|     ap_fifo|                                                                 layer4_out|       pointer|
|layer4_out_read            |  out|    1|     ap_fifo|                                                                 layer4_out|       pointer|
|layer4_out_num_data_valid  |   in|    5|     ap_fifo|                                                                 layer4_out|       pointer|
|layer4_out_fifo_cap        |   in|    5|     ap_fifo|                                                                 layer4_out|       pointer|
|data_42_out                |  out|   16|      ap_vld|                                                                data_42_out|       pointer|
|data_42_out_ap_vld         |  out|    1|      ap_vld|                                                                data_42_out|       pointer|
|data_41_out                |  out|   16|      ap_vld|                                                                data_41_out|       pointer|
|data_41_out_ap_vld         |  out|    1|      ap_vld|                                                                data_41_out|       pointer|
|data_40_out                |  out|   16|      ap_vld|                                                                data_40_out|       pointer|
|data_40_out_ap_vld         |  out|    1|      ap_vld|                                                                data_40_out|       pointer|
|data_39_out                |  out|   16|      ap_vld|                                                                data_39_out|       pointer|
|data_39_out_ap_vld         |  out|    1|      ap_vld|                                                                data_39_out|       pointer|
|data_38_out                |  out|   16|      ap_vld|                                                                data_38_out|       pointer|
|data_38_out_ap_vld         |  out|    1|      ap_vld|                                                                data_38_out|       pointer|
|data_37_out                |  out|   16|      ap_vld|                                                                data_37_out|       pointer|
|data_37_out_ap_vld         |  out|    1|      ap_vld|                                                                data_37_out|       pointer|
|data_36_out                |  out|   16|      ap_vld|                                                                data_36_out|       pointer|
|data_36_out_ap_vld         |  out|    1|      ap_vld|                                                                data_36_out|       pointer|
|data_35_out                |  out|   16|      ap_vld|                                                                data_35_out|       pointer|
|data_35_out_ap_vld         |  out|    1|      ap_vld|                                                                data_35_out|       pointer|
|data_34_out                |  out|   16|      ap_vld|                                                                data_34_out|       pointer|
|data_34_out_ap_vld         |  out|    1|      ap_vld|                                                                data_34_out|       pointer|
|data_33_out                |  out|   16|      ap_vld|                                                                data_33_out|       pointer|
|data_33_out_ap_vld         |  out|    1|      ap_vld|                                                                data_33_out|       pointer|
|data_32_out                |  out|   16|      ap_vld|                                                                data_32_out|       pointer|
|data_32_out_ap_vld         |  out|    1|      ap_vld|                                                                data_32_out|       pointer|
|data_31_out                |  out|   16|      ap_vld|                                                                data_31_out|       pointer|
|data_31_out_ap_vld         |  out|    1|      ap_vld|                                                                data_31_out|       pointer|
|data_30_out                |  out|   16|      ap_vld|                                                                data_30_out|       pointer|
|data_30_out_ap_vld         |  out|    1|      ap_vld|                                                                data_30_out|       pointer|
|data_29_out                |  out|   16|      ap_vld|                                                                data_29_out|       pointer|
|data_29_out_ap_vld         |  out|    1|      ap_vld|                                                                data_29_out|       pointer|
|data_28_out                |  out|   16|      ap_vld|                                                                data_28_out|       pointer|
|data_28_out_ap_vld         |  out|    1|      ap_vld|                                                                data_28_out|       pointer|
|data_27_out                |  out|   16|      ap_vld|                                                                data_27_out|       pointer|
|data_27_out_ap_vld         |  out|    1|      ap_vld|                                                                data_27_out|       pointer|
|data_26_out                |  out|   16|      ap_vld|                                                                data_26_out|       pointer|
|data_26_out_ap_vld         |  out|    1|      ap_vld|                                                                data_26_out|       pointer|
|data_25_out                |  out|   16|      ap_vld|                                                                data_25_out|       pointer|
|data_25_out_ap_vld         |  out|    1|      ap_vld|                                                                data_25_out|       pointer|
|data_24_out                |  out|   16|      ap_vld|                                                                data_24_out|       pointer|
|data_24_out_ap_vld         |  out|    1|      ap_vld|                                                                data_24_out|       pointer|
|data_23_out                |  out|   16|      ap_vld|                                                                data_23_out|       pointer|
|data_23_out_ap_vld         |  out|    1|      ap_vld|                                                                data_23_out|       pointer|
|data_22_out                |  out|   16|      ap_vld|                                                                data_22_out|       pointer|
|data_22_out_ap_vld         |  out|    1|      ap_vld|                                                                data_22_out|       pointer|
|data_21_out                |  out|   16|      ap_vld|                                                                data_21_out|       pointer|
|data_21_out_ap_vld         |  out|    1|      ap_vld|                                                                data_21_out|       pointer|
|data_20_out                |  out|   16|      ap_vld|                                                                data_20_out|       pointer|
|data_20_out_ap_vld         |  out|    1|      ap_vld|                                                                data_20_out|       pointer|
|data_19_out                |  out|   16|      ap_vld|                                                                data_19_out|       pointer|
|data_19_out_ap_vld         |  out|    1|      ap_vld|                                                                data_19_out|       pointer|
|data_18_out                |  out|   16|      ap_vld|                                                                data_18_out|       pointer|
|data_18_out_ap_vld         |  out|    1|      ap_vld|                                                                data_18_out|       pointer|
|data_17_out                |  out|   16|      ap_vld|                                                                data_17_out|       pointer|
|data_17_out_ap_vld         |  out|    1|      ap_vld|                                                                data_17_out|       pointer|
|data_16_out                |  out|   16|      ap_vld|                                                                data_16_out|       pointer|
|data_16_out_ap_vld         |  out|    1|      ap_vld|                                                                data_16_out|       pointer|
|data_15_out                |  out|   16|      ap_vld|                                                                data_15_out|       pointer|
|data_15_out_ap_vld         |  out|    1|      ap_vld|                                                                data_15_out|       pointer|
|data_14_out                |  out|   16|      ap_vld|                                                                data_14_out|       pointer|
|data_14_out_ap_vld         |  out|    1|      ap_vld|                                                                data_14_out|       pointer|
|data_13_out                |  out|   16|      ap_vld|                                                                data_13_out|       pointer|
|data_13_out_ap_vld         |  out|    1|      ap_vld|                                                                data_13_out|       pointer|
|data_12_out                |  out|   16|      ap_vld|                                                                data_12_out|       pointer|
|data_12_out_ap_vld         |  out|    1|      ap_vld|                                                                data_12_out|       pointer|
|data_11_out                |  out|   16|      ap_vld|                                                                data_11_out|       pointer|
|data_11_out_ap_vld         |  out|    1|      ap_vld|                                                                data_11_out|       pointer|
|data_10_out                |  out|   16|      ap_vld|                                                                data_10_out|       pointer|
|data_10_out_ap_vld         |  out|    1|      ap_vld|                                                                data_10_out|       pointer|
|data_9_out                 |  out|   16|      ap_vld|                                                                 data_9_out|       pointer|
|data_9_out_ap_vld          |  out|    1|      ap_vld|                                                                 data_9_out|       pointer|
|data_8_out                 |  out|   16|      ap_vld|                                                                 data_8_out|       pointer|
|data_8_out_ap_vld          |  out|    1|      ap_vld|                                                                 data_8_out|       pointer|
|data_out                   |  out|   16|      ap_vld|                                                                   data_out|       pointer|
|data_out_ap_vld            |  out|    1|      ap_vld|                                                                   data_out|       pointer|
+---------------------------+-----+-----+------------+---------------------------------------------------------------------------+--------------+

