

================================================================
== Vitis HLS Report for 'dense_latency_wrapper_ap_fixed_ap_fixed_36_16_5_3_0_config8_s'
================================================================
* Date:           Mon Mar 23 21:38:14 2026

* Version:        2024.2 (Build 5238294 on Nov  8 2024)
* Project:        myproject_prj
* Solution:       solution1 (Vivado IP Flow Target)
* Product family: zynquplus
* Target device:  xczu7ev-ffvc1156-2-e


================================================================
== Performance Estimates
================================================================
+ Timing: 
    * Summary: 
    +--------+---------+----------+------------+
    |  Clock |  Target | Estimated| Uncertainty|
    +--------+---------+----------+------------+
    |ap_clk  |  5.00 ns|  3.233 ns|     1.35 ns|
    +--------+---------+----------+------------+

+ Latency: 
    * Summary: 
    +---------+---------+----------+----------+-----+-----+---------+
    |  Latency (cycles) |  Latency (absolute) |  Interval | Pipeline|
    |   min   |   max   |    min   |    max   | min | max |   Type  |
    +---------+---------+----------+----------+-----+-----+---------+
    |        1|        1|  5.000 ns|  5.000 ns|    1|    1|      yes|
    +---------+---------+----------+----------+-----+-----+---------+

    + Detail: 
        * Instance: 
        N/A

        * Loop: 
        N/A



================================================================
== Utilization Estimates
================================================================
* Summary: 
+-----------------+---------+------+--------+--------+-----+
|       Name      | BRAM_18K|  DSP |   FF   |   LUT  | URAM|
+-----------------+---------+------+--------+--------+-----+
|DSP              |        -|     -|       -|       -|    -|
|Expression       |        -|     -|       0|     299|    -|
|FIFO             |        -|     -|       -|       -|    -|
|Instance         |        -|    16|       0|      80|    -|
|Memory           |        -|     -|       -|       -|    -|
|Multiplexer      |        -|     -|       -|       -|    -|
|Register         |        -|     -|     174|       -|    -|
+-----------------+---------+------+--------+--------+-----+
|Total            |        0|    16|     174|     379|    0|
+-----------------+---------+------+--------+--------+-----+
|Available        |      624|  1728|  460800|  230400|   96|
+-----------------+---------+------+--------+--------+-----+
|Utilization (%)  |        0|    ~0|      ~0|      ~0|    0|
+-----------------+---------+------+--------+--------+-----+

+ Detail: 
    * Instance: 
    +--------------------------+---------------------+---------+----+---+----+-----+
    |         Instance         |        Module       | BRAM_18K| DSP| FF| LUT| URAM|
    +--------------------------+---------------------+---------+----+---+----+-----+
    |mul_16s_10ns_26_1_1_U412  |mul_16s_10ns_26_1_1  |        0|   1|  0|   5|    0|
    |mul_16s_10ns_26_1_1_U420  |mul_16s_10ns_26_1_1  |        0|   1|  0|   5|    0|
    |mul_16s_11ns_26_1_1_U408  |mul_16s_11ns_26_1_1  |        0|   1|  0|   5|    0|
    |mul_16s_11ns_26_1_1_U411  |mul_16s_11ns_26_1_1  |        0|   1|  0|   5|    0|
    |mul_16s_11ns_26_1_1_U414  |mul_16s_11ns_26_1_1  |        0|   1|  0|   5|    0|
    |mul_16s_11ns_26_1_1_U418  |mul_16s_11ns_26_1_1  |        0|   1|  0|   5|    0|
    |mul_16s_11ns_26_1_1_U423  |mul_16s_11ns_26_1_1  |        0|   1|  0|   5|    0|
    |mul_16s_11s_26_1_1_U410   |mul_16s_11s_26_1_1   |        0|   1|  0|   5|    0|
    |mul_16s_11s_26_1_1_U415   |mul_16s_11s_26_1_1   |        0|   1|  0|   5|    0|
    |mul_16s_11s_26_1_1_U416   |mul_16s_11s_26_1_1   |        0|   1|  0|   5|    0|
    |mul_16s_11s_26_1_1_U421   |mul_16s_11s_26_1_1   |        0|   1|  0|   5|    0|
    |mul_16s_11s_26_1_1_U422   |mul_16s_11s_26_1_1   |        0|   1|  0|   5|    0|
    |mul_16s_8ns_24_1_1_U409   |mul_16s_8ns_24_1_1   |        0|   1|  0|   5|    0|
    |mul_16s_9ns_25_1_1_U413   |mul_16s_9ns_25_1_1   |        0|   1|  0|   5|    0|
    |mul_16s_9ns_25_1_1_U417   |mul_16s_9ns_25_1_1   |        0|   1|  0|   5|    0|
    |mul_16s_9ns_25_1_1_U419   |mul_16s_9ns_25_1_1   |        0|   1|  0|   5|    0|
    +--------------------------+---------------------+---------+----+---+----+-----+
    |Total                     |                     |        0|  16|  0|  80|    0|
    +--------------------------+---------------------+---------+----+---+----+-----+

    * DSP: 
    N/A

    * Memory: 
    N/A

    * FIFO: 
    N/A

    * Expression: 
    +-------------------------+----------+----+---+----+------------+------------+
    |      Variable Name      | Operation| DSP| FF| LUT| Bitwidth P0| Bitwidth P1|
    +-------------------------+----------+----+---+----+------------+------------+
    |add_ln58_288_fu_1519_p2  |         +|   0|  0|  23|          16|          16|
    |add_ln58_289_fu_1558_p2  |         +|   0|  0|  16|          16|          16|
    |add_ln58_290_fu_1562_p2  |         +|   0|  0|  16|          16|          16|
    |add_ln58_291_fu_1567_p2  |         +|   0|  0|  22|          15|           5|
    |add_ln58_292_fu_1577_p2  |         +|   0|  0|  23|          16|          16|
    |add_ln58_293_fu_1583_p2  |         +|   0|  0|  16|          16|          16|
    |add_ln58_295_fu_1525_p2  |         +|   0|  0|  23|          16|          16|
    |add_ln58_296_fu_1531_p2  |         +|   0|  0|  23|          16|          16|
    |add_ln58_297_fu_1595_p2  |         +|   0|  0|  16|          16|          16|
    |add_ln58_298_fu_1599_p2  |         +|   0|  0|  16|          16|          16|
    |add_ln58_299_fu_1537_p2  |         +|   0|  0|  16|          16|           3|
    |add_ln58_300_fu_1543_p2  |         +|   0|  0|  16|          16|          16|
    |add_ln58_301_fu_1603_p2  |         +|   0|  0|  16|          16|          16|
    |add_ln58_fu_1513_p2      |         +|   0|  0|  23|          16|          16|
    |x_10_fu_1608_p2          |         +|   0|  0|  16|          16|          16|
    |x_fu_1589_p2             |         +|   0|  0|  16|          16|          16|
    |ap_enable_pp0            |       xor|   0|  0|   2|           1|           2|
    +-------------------------+----------+----+---+----+------------+------------+
    |Total                    |          |   0|  0| 299|         256|         234|
    +-------------------------+----------+----+---+----+------------+------------+

    * Multiplexer: 
    N/A

    * Register: 
    +-------------------------+----+----+-----+-----------+
    |           Name          | FF | LUT| Bits| Const Bits|
    +-------------------------+----+----+-----+-----------+
    |add_ln58_288_reg_1685    |  16|   0|   16|          0|
    |add_ln58_295_reg_1690    |  16|   0|   16|          0|
    |add_ln58_296_reg_1695    |  16|   0|   16|          0|
    |add_ln58_300_reg_1700    |  16|   0|   16|          0|
    |add_ln58_reg_1680        |  16|   0|   16|          0|
    |ap_CS_fsm                |   1|   0|    1|          0|
    |ap_enable_reg_pp0_iter1  |   1|   0|    1|          0|
    |trunc_ln42_10_reg_1660   |  16|   0|   16|          0|
    |trunc_ln42_11_reg_1665   |  15|   0|   15|          0|
    |trunc_ln42_12_reg_1670   |  16|   0|   16|          0|
    |trunc_ln42_13_reg_1675   |  16|   0|   16|          0|
    |trunc_ln42_8_reg_1655    |  15|   0|   15|          0|
    |trunc_ln_reg_1650        |  14|   0|   14|          0|
    +-------------------------+----+----+-----+-----------+
    |Total                    | 174|   0|  174|          0|
    +-------------------------+----+----+-----+-----------+



================================================================
== Interface
================================================================
* Summary: 
+-------------+-----+-----+------------+---------------------------------------------------------------+--------------+
|  RTL Ports  | Dir | Bits|  Protocol  |                         Source Object                         |    C Type    |
+-------------+-----+-----+------------+---------------------------------------------------------------+--------------+
|ap_clk       |   in|    1|  ap_ctrl_hs|  dense_latency_wrapper<ap_fixed,ap_fixed<36,16,5,3,0>,config8>|  return value|
|ap_rst       |   in|    1|  ap_ctrl_hs|  dense_latency_wrapper<ap_fixed,ap_fixed<36,16,5,3,0>,config8>|  return value|
|ap_start     |   in|    1|  ap_ctrl_hs|  dense_latency_wrapper<ap_fixed,ap_fixed<36,16,5,3,0>,config8>|  return value|
|ap_done      |  out|    1|  ap_ctrl_hs|  dense_latency_wrapper<ap_fixed,ap_fixed<36,16,5,3,0>,config8>|  return value|
|ap_idle      |  out|    1|  ap_ctrl_hs|  dense_latency_wrapper<ap_fixed,ap_fixed<36,16,5,3,0>,config8>|  return value|
|ap_ready     |  out|    1|  ap_ctrl_hs|  dense_latency_wrapper<ap_fixed,ap_fixed<36,16,5,3,0>,config8>|  return value|
|ap_return_0  |  out|   36|  ap_ctrl_hs|  dense_latency_wrapper<ap_fixed,ap_fixed<36,16,5,3,0>,config8>|  return value|
|ap_return_1  |  out|   36|  ap_ctrl_hs|  dense_latency_wrapper<ap_fixed,ap_fixed<36,16,5,3,0>,config8>|  return value|
|data_0_val1  |   in|   16|     ap_none|                                                    data_0_val1|        scalar|
|data_1_val2  |   in|   16|     ap_none|                                                    data_1_val2|        scalar|
|data_2_val3  |   in|   16|     ap_none|                                                    data_2_val3|        scalar|
|data_3_val4  |   in|   16|     ap_none|                                                    data_3_val4|        scalar|
|data_4_val5  |   in|   16|     ap_none|                                                    data_4_val5|        scalar|
|data_5_val6  |   in|   16|     ap_none|                                                    data_5_val6|        scalar|
|data_6_val7  |   in|   16|     ap_none|                                                    data_6_val7|        scalar|
|data_7_val8  |   in|   16|     ap_none|                                                    data_7_val8|        scalar|
+-------------+-----+-----+------------+---------------------------------------------------------------+--------------+

