

================================================================
== Vitis HLS Report for 'dense_array_ap_fixed_8u_array_ap_fixed_36_16_5_3_0_2u_config8_s'
================================================================
* Date:           Mon Mar 23 21:38:14 2026

* Version:        2024.2 (Build 5238294 on Nov  8 2024)
* Project:        myproject_prj
* Solution:       solution1 (Vivado IP Flow Target)
* Product family: zynquplus
* Target device:  xczu7ev-ffvc1156-2-e


================================================================
== Performance Estimates
================================================================
+ Timing: 
    * Summary: 
    +--------+---------+----------+------------+
    |  Clock |  Target | Estimated| Uncertainty|
    +--------+---------+----------+------------+
    |ap_clk  |  5.00 ns|  3.233 ns|     1.35 ns|
    +--------+---------+----------+------------+

+ Latency: 
    * Summary: 
    +---------+---------+-----------+-----------+-----+-----+---------+
    |  Latency (cycles) |   Latency (absolute)  |  Interval | Pipeline|
    |   min   |   max   |    min    |    max    | min | max |   Type  |
    +---------+---------+-----------+-----------+-----+-----+---------+
    |        3|        3|  15.000 ns|  15.000 ns|    3|    3|       no|
    +---------+---------+-----------+-----------+-----+-----+---------+

    + Detail: 
        * Instance: 
        +-------------------------------------------------------------------------+---------------------------------------------------------------+---------+---------+----------+----------+-----+-----+---------+
        |                                                                         |                                                               |  Latency (cycles) |  Latency (absolute) |  Interval | Pipeline|
        |                                 Instance                                |                             Module                            |   min   |   max   |    min   |    max   | min | max |   Type  |
        +-------------------------------------------------------------------------+---------------------------------------------------------------+---------+---------+----------+----------+-----+-----+---------+
        |grp_dense_latency_wrapper_ap_fixed_ap_fixed_36_16_5_3_0_config8_s_fu_65  |dense_latency_wrapper_ap_fixed_ap_fixed_36_16_5_3_0_config8_s  |        1|        1|  5.000 ns|  5.000 ns|    1|    1|      yes|
        +-------------------------------------------------------------------------+---------------------------------------------------------------+---------+---------+----------+----------+-----+-----+---------+

        * Loop: 
        N/A



================================================================
== Utilization Estimates
================================================================
* Summary: 
+-----------------+---------+------+--------+--------+-----+
|       Name      | BRAM_18K|  DSP |   FF   |   LUT  | URAM|
+-----------------+---------+------+--------+--------+-----+
|DSP              |        -|     -|       -|       -|    -|
|Expression       |        -|     -|       0|       2|    -|
|FIFO             |        -|     -|       -|       -|    -|
|Instance         |        -|    16|     174|     379|    -|
|Memory           |        -|     -|       -|       -|    -|
|Multiplexer      |        -|     -|       0|      62|    -|
|Register         |        -|     -|     207|       -|    -|
+-----------------+---------+------+--------+--------+-----+
|Total            |        0|    16|     381|     443|    0|
+-----------------+---------+------+--------+--------+-----+
|Available        |      624|  1728|  460800|  230400|   96|
+-----------------+---------+------+--------+--------+-----+
|Utilization (%)  |        0|    ~0|      ~0|      ~0|    0|
+-----------------+---------+------+--------+--------+-----+

+ Detail: 
    * Instance: 
    +-------------------------------------------------------------------------+---------------------------------------------------------------+---------+----+-----+-----+-----+
    |                                 Instance                                |                             Module                            | BRAM_18K| DSP|  FF | LUT | URAM|
    +-------------------------------------------------------------------------+---------------------------------------------------------------+---------+----+-----+-----+-----+
    |grp_dense_latency_wrapper_ap_fixed_ap_fixed_36_16_5_3_0_config8_s_fu_65  |dense_latency_wrapper_ap_fixed_ap_fixed_36_16_5_3_0_config8_s  |        0|  16|  174|  379|    0|
    +-------------------------------------------------------------------------+---------------------------------------------------------------+---------+----+-----+-----+-----+
    |Total                                                                    |                                                               |        0|  16|  174|  379|    0|
    +-------------------------------------------------------------------------+---------------------------------------------------------------+---------+----+-----+-----+-----+

    * DSP: 
    N/A

    * Memory: 
    N/A

    * FIFO: 
    N/A

    * Expression: 
    +-----------------+----------+----+---+----+------------+------------+
    |  Variable Name  | Operation| DSP| FF| LUT| Bitwidth P0| Bitwidth P1|
    +-----------------+----------+----+---+----+------------+------------+
    |ap_block_state1  |        or|   0|  0|   2|           1|           1|
    +-----------------+----------+----+---+----+------------+------------+
    |Total            |          |   0|  0|   2|           1|           1|
    +-----------------+----------+----+---+----+------------+------------+

    * Multiplexer: 
    +------------------+----+-----------+-----+-----------+
    |       Name       | LUT| Input Size| Bits| Total Bits|
    +------------------+----+-----------+-----+-----------+
    |ap_NS_fsm         |  26|          5|    1|          5|
    |ap_done           |   9|          2|    1|          2|
    |layer7_out_blk_n  |   9|          2|    1|          2|
    |layer8_out_blk_n  |   9|          2|    1|          2|
    |real_start        |   9|          2|    1|          2|
    +------------------+----+-----------+-----+-----------+
    |Total             |  62|         13|    5|         13|
    +------------------+----+-----------+-----+-----------+

    * Register: 
    +--------------------------------------------------------------------------------------+----+----+-----+-----------+
    |                                         Name                                         | FF | LUT| Bits| Const Bits|
    +--------------------------------------------------------------------------------------+----+----+-----+-----------+
    |ap_CS_fsm                                                                             |   4|   0|    4|          0|
    |ap_done_reg                                                                           |   1|   0|    1|          0|
    |data_1_reg_171                                                                        |  16|   0|   16|          0|
    |data_2_reg_176                                                                        |  16|   0|   16|          0|
    |data_3_reg_181                                                                        |  16|   0|   16|          0|
    |data_4_reg_186                                                                        |  16|   0|   16|          0|
    |data_5_reg_191                                                                        |  16|   0|   16|          0|
    |data_6_reg_196                                                                        |  16|   0|   16|          0|
    |data_7_reg_201                                                                        |  16|   0|   16|          0|
    |data_reg_166                                                                          |  16|   0|   16|          0|
    |grp_dense_latency_wrapper_ap_fixed_ap_fixed_36_16_5_3_0_config8_s_fu_65_ap_start_reg  |   1|   0|    1|          0|
    |res_1_reg_211                                                                         |  36|   0|   36|          0|
    |res_reg_206                                                                           |  36|   0|   36|          0|
    |start_once_reg                                                                        |   1|   0|    1|          0|
    +--------------------------------------------------------------------------------------+----+----+-----+-----------+
    |Total                                                                                 | 207|   0|  207|          0|
    +--------------------------------------------------------------------------------------+----+----+-----+-----------+



================================================================
== Interface
================================================================
* Summary: 
+---------------------------+-----+-----+------------+-------------------------------------------------------------------+--------------+
|         RTL Ports         | Dir | Bits|  Protocol  |                           Source Object                           |    C Type    |
+---------------------------+-----+-----+------------+-------------------------------------------------------------------+--------------+
|ap_clk                     |   in|    1|  ap_ctrl_hs|  dense<array<ap_fixed,8u>,array<ap_fixed<36,16,5,3,0>,2u>,config8>|  return value|
|ap_rst                     |   in|    1|  ap_ctrl_hs|  dense<array<ap_fixed,8u>,array<ap_fixed<36,16,5,3,0>,2u>,config8>|  return value|
|ap_start                   |   in|    1|  ap_ctrl_hs|  dense<array<ap_fixed,8u>,array<ap_fixed<36,16,5,3,0>,2u>,config8>|  return value|
|start_full_n               |   in|    1|  ap_ctrl_hs|  dense<array<ap_fixed,8u>,array<ap_fixed<36,16,5,3,0>,2u>,config8>|  return value|
|ap_done                    |  out|    1|  ap_ctrl_hs|  dense<array<ap_fixed,8u>,array<ap_fixed<36,16,5,3,0>,2u>,config8>|  return value|
|ap_continue                |   in|    1|  ap_ctrl_hs|  dense<array<ap_fixed,8u>,array<ap_fixed<36,16,5,3,0>,2u>,config8>|  return value|
|ap_idle                    |  out|    1|  ap_ctrl_hs|  dense<array<ap_fixed,8u>,array<ap_fixed<36,16,5,3,0>,2u>,config8>|  return value|
|ap_ready                   |  out|    1|  ap_ctrl_hs|  dense<array<ap_fixed,8u>,array<ap_fixed<36,16,5,3,0>,2u>,config8>|  return value|
|start_out                  |  out|    1|  ap_ctrl_hs|  dense<array<ap_fixed,8u>,array<ap_fixed<36,16,5,3,0>,2u>,config8>|  return value|
|start_write                |  out|    1|  ap_ctrl_hs|  dense<array<ap_fixed,8u>,array<ap_fixed<36,16,5,3,0>,2u>,config8>|  return value|
|layer7_out_dout            |   in|  128|     ap_fifo|                                                         layer7_out|       pointer|
|layer7_out_empty_n         |   in|    1|     ap_fifo|                                                         layer7_out|       pointer|
|layer7_out_read            |  out|    1|     ap_fifo|                                                         layer7_out|       pointer|
|layer7_out_num_data_valid  |   in|    2|     ap_fifo|                                                         layer7_out|       pointer|
|layer7_out_fifo_cap        |   in|    2|     ap_fifo|                                                         layer7_out|       pointer|
|layer8_out_din             |  out|   72|     ap_fifo|                                                         layer8_out|       pointer|
|layer8_out_full_n          |   in|    1|     ap_fifo|                                                         layer8_out|       pointer|
|layer8_out_write           |  out|    1|     ap_fifo|                                                         layer8_out|       pointer|
|layer8_out_num_data_valid  |   in|    2|     ap_fifo|                                                         layer8_out|       pointer|
|layer8_out_fifo_cap        |   in|    2|     ap_fifo|                                                         layer8_out|       pointer|
+---------------------------+-----+-----+------------+-------------------------------------------------------------------+--------------+

