

================================================================
== Vitis HLS Report for 'init_exp_table_ap_ufixed_35_15_5_3_0_softmax_config9_s'
================================================================
* Date:           Mon Mar 23 21:38:17 2026

* Version:        2024.2 (Build 5238294 on Nov  8 2024)
* Project:        myproject_prj
* Solution:       solution1 (Vivado IP Flow Target)
* Product family: zynquplus
* Target device:  xczu7ev-ffvc1156-2-e


================================================================
== Performance Estimates
================================================================
+ Timing: 
    * Summary: 
    +--------+---------+----------+------------+
    |  Clock |  Target | Estimated| Uncertainty|
    +--------+---------+----------+------------+
    |ap_clk  |  5.00 ns|  3.644 ns|     1.35 ns|
    +--------+---------+----------+------------+

+ Latency: 
    * Summary: 
    +---------+---------+----------+----------+------+------+------------------------------------------------+
    |  Latency (cycles) |  Latency (absolute) |   Interval  |                    Pipeline                    |
    |   min   |   max   |    min   |    max   |  min |  max |                      Type                      |
    +---------+---------+----------+----------+------+------+------------------------------------------------+
    |     1045|     1045|  5.225 us|  5.225 us|  1025|  1025|  loop auto-rewind stp (delay=0 clock cycles(s))|
    +---------+---------+----------+----------+------+------+------------------------------------------------+

    + Detail: 
        * Instance: 
        N/A

        * Loop: 
        +--------------------+---------+---------+----------+-----------+-----------+------+----------+
        |                    |  Latency (cycles) | Iteration|  Initiation Interval  | Trip |          |
        |      Loop Name     |   min   |   max   |  Latency |  achieved |   target  | Count| Pipelined|
        +--------------------+---------+---------+----------+-----------+-----------+------+----------+
        |- VITIS_LOOP_151_1  |     1043|     1043|        21|          1|          1|  1024|       yes|
        +--------------------+---------+---------+----------+-----------+-----------+------+----------+



================================================================
== Utilization Estimates
================================================================
* Summary: 
+-----------------+---------+------+--------+--------+-----+
|       Name      | BRAM_18K|  DSP |   FF   |   LUT  | URAM|
+-----------------+---------+------+--------+--------+-----+
|DSP              |        -|     -|       -|       -|    -|
|Expression       |        -|     -|       0|    1903|    -|
|FIFO             |        -|     -|       -|       -|    -|
|Instance         |        -|     7|     381|    1086|    -|
|Memory           |        -|     -|       -|       -|    -|
|Multiplexer      |        -|     -|       0|      36|    -|
|Register         |        -|     -|     622|      96|    -|
+-----------------+---------+------+--------+--------+-----+
|Total            |        0|     7|    1003|    3121|    0|
+-----------------+---------+------+--------+--------+-----+
|Available        |      624|  1728|  460800|  230400|   96|
+-----------------+---------+------+--------+--------+-----+
|Utilization (%)  |        0|    ~0|      ~0|       1|    0|
+-----------------+---------+------+--------+--------+-----+

+ Detail: 
    * Instance: 
    +--------------------------------------+---------------------------------+---------+----+-----+-----+-----+
    |               Instance               |              Module             | BRAM_18K| DSP|  FF | LUT | URAM|
    +--------------------------------------+---------------------------------+---------+----+-----+-----+-----+
    |bitselect_1ns_35ns_32s_1_1_1_U439     |bitselect_1ns_35ns_32s_1_1_1     |        0|   0|    0|   17|    0|
    |bitselect_1ns_54ns_32ns_1_1_1_U440    |bitselect_1ns_54ns_32ns_1_1_1    |        0|   0|    0|   17|    0|
    |bitselect_1ns_54ns_32s_1_1_1_U441     |bitselect_1ns_54ns_32s_1_1_1     |        0|   0|    0|   17|    0|
    |ctlz_35_35_1_1_U438                   |ctlz_35_35_1_1                   |        0|   0|    0|   51|    0|
    |fexp_32ns_32ns_32_13_full_dsp_1_U437  |fexp_32ns_32ns_32_13_full_dsp_1  |        0|   7|  381|  939|    0|
    |fpext_32ns_64_2_no_dsp_1_U436         |fpext_32ns_64_2_no_dsp_1         |        0|   0|    0|    0|    0|
    |sparsemux_7_2_16_1_1_U446             |sparsemux_7_2_16_1_1             |        0|   0|    0|    9|    0|
    |sparsemux_7_2_18_1_1_U444             |sparsemux_7_2_18_1_1             |        0|   0|    0|    9|    0|
    |sparsemux_7_2_1_1_1_U442              |sparsemux_7_2_1_1_1              |        0|   0|    0|    9|    0|
    |sparsemux_7_2_1_1_1_U443              |sparsemux_7_2_1_1_1              |        0|   0|    0|    9|    0|
    |sparsemux_7_2_1_1_1_U445              |sparsemux_7_2_1_1_1              |        0|   0|    0|    9|    0|
    +--------------------------------------+---------------------------------+---------+----+-----+-----+-----+
    |Total                                 |                                 |        0|   7|  381| 1086|    0|
    +--------------------------------------+---------------------------------+---------+----+-----+-----+-----+

    * DSP: 
    N/A

    * Memory: 
    N/A

    * FIFO: 
    N/A

    * Expression: 
    +--------------------------------+----------+----+---+-----+------------+------------+
    |          Variable Name         | Operation| DSP| FF| LUT | Bitwidth P0| Bitwidth P1|
    +--------------------------------+----------+----+---+-----+------------+------------+
    |add_ln138_1_fu_241_p2           |         +|   0|  0|   13|           6|           6|
    |add_ln138_2_fu_345_p2           |         +|   0|  0|   43|          36|          36|
    |add_ln138_3_fu_390_p2           |         +|   0|  0|   15|           8|           8|
    |add_ln138_fu_263_p2             |         +|   0|  0|   13|           6|           6|
    |add_ln151_fu_205_p2             |         +|   0|  0|   18|          11|           1|
    |add_ln159_1_fu_551_p2           |         +|   0|  0|   18|          11|           5|
    |add_ln159_2_fu_727_p2           |         +|   0|  0|   25|          18|          18|
    |add_ln159_3_fu_581_p2           |         +|   0|  0|   19|          12|          12|
    |add_ln159_4_fu_603_p2           |         +|   0|  0|   19|          12|           4|
    |add_ln159_5_fu_613_p2           |         +|   0|  0|   19|          12|           4|
    |add_ln159_fu_511_p2             |         +|   0|  0|   19|          12|           5|
    |sub_ln138_1_fu_247_p2           |         -|   0|  0|   13|           5|           6|
    |sub_ln138_2_fu_381_p2           |         -|   0|  0|   13|           4|           6|
    |sub_ln138_fu_235_p2             |         -|   0|  0|   13|           6|           6|
    |sub_ln159_1_fu_495_p2           |         -|   0|  0|   19|          11|          12|
    |sub_ln159_2_fu_521_p2           |         -|   0|  0|   18|           4|          11|
    |sub_ln159_fu_482_p2             |         -|   0|  0|   61|           1|          54|
    |pi_assign_fu_400_p5             |      1003|   0|  0|    2|          64|           9|
    |Range1_all_ones_2_i_fu_894_p2   |       and|   0|  0|    2|           1|           1|
    |Range1_all_zeros_2_i_fu_913_p2  |       and|   0|  0|    2|           1|           1|
    |and_ln159_10_fu_757_p2          |       and|   0|  0|    2|           1|           1|
    |and_ln159_11_fu_880_p2          |       and|   0|  0|    2|           1|           1|
    |and_ln159_12_fu_1018_p2         |       and|   0|  0|    2|           1|           1|
    |and_ln159_13_fu_1056_p2         |       and|   0|  0|    2|           1|           1|
    |and_ln159_14_fu_1115_p2         |       and|   0|  0|    2|           1|           1|
    |and_ln159_15_fu_1121_p2         |       and|   0|  0|    2|           1|           1|
    |and_ln159_1_fu_825_p2           |       and|   0|  0|    2|           1|           1|
    |and_ln159_4_fu_986_p2           |       and|   0|  0|    2|           1|           1|
    |and_ln159_5_fu_997_p2           |       and|   0|  0|    2|           1|           1|
    |and_ln159_6_fu_1072_p2          |       and|   0|  0|    2|           1|           1|
    |and_ln159_7_fu_1078_p2          |       and|   0|  0|    2|           1|           1|
    |and_ln159_8_fu_1090_p2          |       and|   0|  0|    2|           1|           1|
    |and_ln159_9_fu_752_p2           |       and|   0|  0|    2|           1|           1|
    |carry_1_i_fu_763_p2             |       and|   0|  0|    2|           1|           1|
    |lD_0_i_fu_647_p2                |       and|   0|  0|    2|           1|           1|
    |neg_src_0_i_fu_1030_p2          |       and|   0|  0|    2|           1|           1|
    |phi_ln138_1_fu_293_p2           |       and|   0|  0|    2|           1|           1|
    |ashr_ln159_fu_672_p2            |      ashr|   0|  0|  159|          54|          54|
    |icmp_ln138_1_fu_299_p2          |      icmp|   0|  0|   13|           6|           1|
    |icmp_ln138_fu_258_p2            |      icmp|   0|  0|   42|          35|           1|
    |icmp_ln151_fu_199_p2            |      icmp|   0|  0|   19|          11|          12|
    |icmp_ln159_10_fu_779_p2         |      icmp|   0|  0|   19|          12|           6|
    |icmp_ln159_11_fu_798_p2         |      icmp|   0|  0|   61|          54|          54|
    |icmp_ln159_12_fu_841_p2         |      icmp|   0|  0|   61|          54|           1|
    |icmp_ln159_13_fu_853_p2         |      icmp|   0|  0|   19|          12|           6|
    |icmp_ln159_14_fu_858_p2         |      icmp|   0|  0|   61|          54|           1|
    |icmp_ln159_1_fu_505_p2          |      icmp|   0|  0|   19|          12|           4|
    |icmp_ln159_2_fu_535_p2          |      icmp|   0|  0|   19|          12|           4|
    |icmp_ln159_3_fu_657_p2          |      icmp|   0|  0|   18|          11|           6|
    |icmp_ln159_4_fu_545_p2          |      icmp|   0|  0|   19|          12|           6|
    |icmp_ln159_5_fu_689_p2          |      icmp|   0|  0|   18|          11|           5|
    |icmp_ln159_6_fu_597_p2          |      icmp|   0|  0|   16|           9|           1|
    |icmp_ln159_7_fu_619_p2          |      icmp|   0|  0|   19|          12|           6|
    |icmp_ln159_8_fu_633_p2          |      icmp|   0|  0|   19|          12|           6|
    |icmp_ln159_9_fu_774_p2          |      icmp|   0|  0|   19|          12|           6|
    |icmp_ln159_fu_462_p2            |      icmp|   0|  0|   70|          63|           1|
    |lshr_ln138_fu_312_p2            |      lshr|   0|  0|  113|          35|          35|
    |lshr_ln159_1_fu_792_p2          |      lshr|   0|  0|  159|           2|          54|
    |lshr_ln159_fu_787_p2            |      lshr|   0|  0|  159|          54|          54|
    |Range1_all_zeros_2_i_fu_913_p6  |        or|   0|  0|    2|           1|           1|
    |deleted_ones_0_i_fu_1012_p2     |        or|   0|  0|    2|           1|           1|
    |or_ln159_1_fu_982_p2            |        or|   0|  0|    2|           1|           1|
    |or_ln159_2_fu_1061_p2           |        or|   0|  0|    2|           1|           1|
    |or_ln159_3_fu_1096_p2           |        or|   0|  0|    2|           1|           1|
    |or_ln159_5_fu_875_p2            |        or|   0|  0|    2|           1|           1|
    |Range2_all_ones_1_i_fu_817_p3   |    select|   0|  0|    2|           1|           1|
    |cond193_i_fu_991_p3             |    select|   0|  0|    2|           1|           1|
    |cond42_i_i_i_in_fu_329_p3       |    select|   0|  0|   33|           1|          35|
    |cond64_i_fu_710_p3              |    select|   0|  0|    2|           1|           1|
    |exp_x_fu_1133_p4                |    select|   0|  0|    2|           1|           2|
    |select_ln138_fu_373_p3          |    select|   0|  0|    7|           1|           7|
    |select_ln159_1_fu_527_p3        |    select|   0|  0|   10|           1|          11|
    |select_ln159_2_fu_681_p3        |    select|   0|  0|   17|           1|          18|
    |select_ln159_3_fu_702_p3        |    select|   0|  0|   17|           1|          18|
    |select_ln159_4_fu_977_p3        |    select|   0|  0|    2|           1|           1|
    |select_ln159_5_fu_662_p3        |    select|   0|  0|    2|           1|           2|
    |select_ln159_fu_488_p3          |    select|   0|  0|   52|           1|          54|
    |x_2_fu_427_p3                   |    select|   0|  0|   32|           1|          33|
    |shl_ln138_fu_324_p2             |       shl|   0|  0|  113|          35|          35|
    |shl_ln159_fu_697_p2             |       shl|   0|  0|   51|          18|          18|
    |ap_enable_pp0                   |       xor|   0|  0|    2|           1|           2|
    |neg_src_0_i_fu_1030_p4          |       xor|   0|  0|    2|           2|           1|
    |not_icmp_ln159_749_fu_1007_p2   |       xor|   0|  0|    2|           1|           2|
    |xor_ln138_fu_280_p2             |       xor|   0|  0|    2|           1|           2|
    |xor_ln159_10_fu_811_p2          |       xor|   0|  0|    2|           1|           2|
    |xor_ln159_11_fu_869_p2          |       xor|   0|  0|    2|           1|           2|
    |xor_ln159_1_fu_836_p2           |       xor|   0|  0|    2|           1|           2|
    |xor_ln159_2_fu_747_p2           |       xor|   0|  0|    2|           1|           2|
    |xor_ln159_5_fu_1050_p2          |       xor|   0|  0|    2|           1|           2|
    |xor_ln159_6_fu_1067_p2          |       xor|   0|  0|    2|           1|           2|
    |xor_ln159_7_fu_1084_p2          |       xor|   0|  0|    2|           2|           1|
    |xor_ln159_8_fu_1110_p2          |       xor|   0|  0|    2|           1|           2|
    |xor_ln159_9_fu_769_p2           |       xor|   0|  0|    2|           1|           2|
    |xor_ln159_fu_741_p2             |       xor|   0|  0|    2|           1|           2|
    +--------------------------------+----------+----+---+-----+------------+------------+
    |Total                           |          |   0|  0| 1903|         895|         821|
    +--------------------------------+----------+----+---+-----+------------+------------+

    * Multiplexer: 
    +-------------------------+----+-----------+-----+-----------+
    |           Name          | LUT| Input Size| Bits| Total Bits|
    +-------------------------+----+-----------+-----+-----------+
    |ap_done_int              |   9|          2|    1|          2|
    |ap_enable_reg_pp0_iter1  |   9|          2|    1|          2|
    |ap_sig_allocacmp_i_1     |   9|          2|   11|         22|
    |i_fu_166                 |   9|          2|   11|         22|
    +-------------------------+----+-----------+-----+-----------+
    |Total                    |  36|          8|   24|         48|
    +-------------------------+----+-----------+-----+-----------+

    * Register: 
    +---------------------------------------+----+----+-----+-----------+
    |                  Name                 | FF | LUT| Bits| Const Bits|
    +---------------------------------------+----+----+-----+-----------+
    |Range1_all_ones_2_i_reg_1357           |   1|   0|    1|          0|
    |Range1_all_zeros_2_i_reg_1364          |   1|   0|    1|          0|
    |Range2_all_ones_1_i_reg_1347           |   1|   0|    1|          0|
    |add_ln138_1_reg_1188                   |   6|   0|    6|          0|
    |add_ln159_2_reg_1330                   |  18|   0|   18|          0|
    |add_ln159_5_reg_1291                   |  12|   0|   12|          0|
    |and_ln159_9_reg_1335                   |   1|   0|    1|          0|
    |ap_CS_fsm                              |   1|   0|    1|          0|
    |ap_done_reg                            |   1|   0|    1|          0|
    |ap_enable_reg_pp0_iter1                |   1|   0|    1|          0|
    |ap_enable_reg_pp0_iter10               |   1|   0|    1|          0|
    |ap_enable_reg_pp0_iter11               |   1|   0|    1|          0|
    |ap_enable_reg_pp0_iter12               |   1|   0|    1|          0|
    |ap_enable_reg_pp0_iter13               |   1|   0|    1|          0|
    |ap_enable_reg_pp0_iter14               |   1|   0|    1|          0|
    |ap_enable_reg_pp0_iter15               |   1|   0|    1|          0|
    |ap_enable_reg_pp0_iter16               |   1|   0|    1|          0|
    |ap_enable_reg_pp0_iter17               |   1|   0|    1|          0|
    |ap_enable_reg_pp0_iter18               |   1|   0|    1|          0|
    |ap_enable_reg_pp0_iter19               |   1|   0|    1|          0|
    |ap_enable_reg_pp0_iter2                |   1|   0|    1|          0|
    |ap_enable_reg_pp0_iter20               |   1|   0|    1|          0|
    |ap_enable_reg_pp0_iter3                |   1|   0|    1|          0|
    |ap_enable_reg_pp0_iter4                |   1|   0|    1|          0|
    |ap_enable_reg_pp0_iter5                |   1|   0|    1|          0|
    |ap_enable_reg_pp0_iter6                |   1|   0|    1|          0|
    |ap_enable_reg_pp0_iter7                |   1|   0|    1|          0|
    |ap_enable_reg_pp0_iter8                |   1|   0|    1|          0|
    |ap_enable_reg_pp0_iter9                |   1|   0|    1|          0|
    |ap_loop_exit_ready_pp0_iter10_reg      |   1|   0|    1|          0|
    |ap_loop_exit_ready_pp0_iter11_reg      |   1|   0|    1|          0|
    |ap_loop_exit_ready_pp0_iter12_reg      |   1|   0|    1|          0|
    |ap_loop_exit_ready_pp0_iter13_reg      |   1|   0|    1|          0|
    |ap_loop_exit_ready_pp0_iter14_reg      |   1|   0|    1|          0|
    |ap_loop_exit_ready_pp0_iter15_reg      |   1|   0|    1|          0|
    |ap_loop_exit_ready_pp0_iter16_reg      |   1|   0|    1|          0|
    |ap_loop_exit_ready_pp0_iter17_reg      |   1|   0|    1|          0|
    |ap_loop_exit_ready_pp0_iter18_reg      |   1|   0|    1|          0|
    |ap_loop_exit_ready_pp0_iter19_reg      |   1|   0|    1|          0|
    |ap_loop_exit_ready_pp0_iter1_reg       |   1|   0|    1|          0|
    |ap_loop_exit_ready_pp0_iter2_reg       |   1|   0|    1|          0|
    |ap_loop_exit_ready_pp0_iter3_reg       |   1|   0|    1|          0|
    |ap_loop_exit_ready_pp0_iter4_reg       |   1|   0|    1|          0|
    |ap_loop_exit_ready_pp0_iter5_reg       |   1|   0|    1|          0|
    |ap_loop_exit_ready_pp0_iter6_reg       |   1|   0|    1|          0|
    |ap_loop_exit_ready_pp0_iter7_reg       |   1|   0|    1|          0|
    |ap_loop_exit_ready_pp0_iter8_reg       |   1|   0|    1|          0|
    |ap_loop_exit_ready_pp0_iter9_reg       |   1|   0|    1|          0|
    |carry_1_i_reg_1340                     |   1|   0|    1|          0|
    |i_1_reg_1161                           |  11|   0|   11|          0|
    |i_fu_166                               |  11|   0|   11|          0|
    |icmp_ln138_reg_1198                    |   1|   0|    1|          0|
    |icmp_ln159_1_reg_1251                  |   1|   0|    1|          0|
    |icmp_ln159_2_reg_1264                  |   1|   0|    1|          0|
    |icmp_ln159_2_reg_1264_pp0_iter19_reg   |   1|   0|    1|          0|
    |icmp_ln159_4_reg_1276                  |   1|   0|    1|          0|
    |icmp_ln159_6_reg_1286                  |   1|   0|    1|          0|
    |icmp_ln159_6_reg_1286_pp0_iter19_reg   |   1|   0|    1|          0|
    |icmp_ln159_7_reg_1299                  |   1|   0|    1|          0|
    |icmp_ln159_7_reg_1299_pp0_iter19_reg   |   1|   0|    1|          0|
    |icmp_ln159_reg_1238                    |   1|   0|    1|          0|
    |lD_0_i_reg_1313                        |   1|   0|    1|          0|
    |select_ln159_1_reg_1256                |  11|   0|   11|          0|
    |select_ln159_3_reg_1325                |  18|   0|   18|          0|
    |select_ln159_reg_1244                  |  54|   0|   54|          0|
    |sub_ln138_1_reg_1193                   |   6|   0|    6|          0|
    |sub_ln138_reg_1183                     |   6|   0|    6|          0|
    |tmp_12_reg_1306                        |   1|   0|    1|          0|
    |tmp_12_reg_1306_pp0_iter19_reg         |   1|   0|    1|          0|
    |tmp_4_reg_1213                         |  32|   0|   32|          0|
    |tmp_5_reg_1218                         |   1|   0|    1|          0|
    |tmp_6_reg_1228                         |  11|   0|   11|          0|
    |tmp_7_reg_1281                         |   1|   0|    1|          0|
    |trunc_ln138_reg_1178                   |   6|   0|    6|          0|
    |trunc_ln157_reg_1203                   |  31|   0|   31|          0|
    |trunc_ln159_1_reg_1233                 |  52|   0|   52|          0|
    |trunc_ln159_4_reg_1270                 |  18|   0|   18|          0|
    |trunc_ln159_4_reg_1270_pp0_iter19_reg  |  18|   0|   18|          0|
    |trunc_ln159_8_reg_1320                 |   6|   0|    6|          0|
    |x_2_reg_1208                           |  31|   0|   32|          1|
    |x_reg_1170                             |  10|   0|   35|         25|
    |xor_ln159_1_reg_1352                   |   1|   0|    1|          0|
    |i_1_reg_1161                           |  64|  32|   11|          0|
    |icmp_ln159_reg_1238                    |  64|  32|    1|          0|
    |tmp_5_reg_1218                         |  64|  32|    1|          0|
    +---------------------------------------+----+----+-----+-----------+
    |Total                                  | 622|  96|  469|         26|
    +---------------------------------------+----+----+-----+-----------+



================================================================
== Interface
================================================================
* Summary: 
+--------------------+-----+-----+------------+-------------------------------------------------------------+--------------+
|      RTL Ports     | Dir | Bits|  Protocol  |                        Source Object                        |    C Type    |
+--------------------+-----+-----+------------+-------------------------------------------------------------+--------------+
|ap_clk              |   in|    1|  ap_ctrl_hs|  init_exp_table<ap_ufixed<35, 15, 5, 3, 0>, softmax_config9>|  return value|
|ap_rst              |   in|    1|  ap_ctrl_hs|  init_exp_table<ap_ufixed<35, 15, 5, 3, 0>, softmax_config9>|  return value|
|ap_start            |   in|    1|  ap_ctrl_hs|  init_exp_table<ap_ufixed<35, 15, 5, 3, 0>, softmax_config9>|  return value|
|ap_done             |  out|    1|  ap_ctrl_hs|  init_exp_table<ap_ufixed<35, 15, 5, 3, 0>, softmax_config9>|  return value|
|ap_idle             |  out|    1|  ap_ctrl_hs|  init_exp_table<ap_ufixed<35, 15, 5, 3, 0>, softmax_config9>|  return value|
|ap_ready            |  out|    1|  ap_ctrl_hs|  init_exp_table<ap_ufixed<35, 15, 5, 3, 0>, softmax_config9>|  return value|
|table_out_address0  |  out|   10|   ap_memory|                                                    table_out|         array|
|table_out_ce0       |  out|    1|   ap_memory|                                                    table_out|         array|
|table_out_we0       |  out|    1|   ap_memory|                                                    table_out|         array|
|table_out_d0        |  out|   16|   ap_memory|                                                    table_out|         array|
+--------------------+-----+-----+------------+-------------------------------------------------------------+--------------+

