

================================================================
== Vitis HLS Report for 'myproject'
================================================================
* Date:           Mon Mar 23 21:38:20 2026

* Version:        2024.2 (Build 5238294 on Nov  8 2024)
* Project:        myproject_prj
* Solution:       solution1 (Vivado IP Flow Target)
* Product family: zynquplus
* Target device:  xczu7ev-ffvc1156-2-e


================================================================
== Performance Estimates
================================================================
+ Timing: 
    * Summary: 
    +--------+---------+----------+------------+
    |  Clock |  Target | Estimated| Uncertainty|
    +--------+---------+----------+------------+
    |ap_clk  |  5.00 ns|  3.644 ns|     1.35 ns|
    +--------+---------+----------+------------+

+ Latency: 
    * Summary: 
    +---------+---------+----------+----------+------+------+----------+
    |  Latency (cycles) |  Latency (absolute) |   Interval  | Pipeline |
    |   min   |   max   |    min   |    max   |  min |  max |   Type   |
    +---------+---------+----------+----------+------+------+----------+
    |     1072|     1072|  5.360 us|  5.360 us|  1054|  1054|  dataflow|
    +---------+---------+----------+----------+------+------+----------+

    + Detail: 
        * Instance: 
        +------------------------------------------------------------------------+-----------------------------------------------------------------------+---------+---------+-----------+-----------+------+------+------------------------------------------------+
        |                                                                        |                                                                       |  Latency (cycles) |   Latency (absolute)  |   Interval  |                    Pipeline                    |
        |                                Instance                                |                                 Module                                |   min   |   max   |    min    |    max    |  min |  max |                      Type                      |
        +------------------------------------------------------------------------+-----------------------------------------------------------------------+---------+---------+-----------+-----------+------+------+------------------------------------------------+
        |conv_2d_cl_array_ap_fixed_1u_array_ap_fixed_37_17_5_3_0_4u_config2_U0   |conv_2d_cl_array_ap_fixed_1u_array_ap_fixed_37_17_5_3_0_4u_config2_s   |      194|      194|   0.970 us|   0.970 us|   192|   192|  loop auto-rewind stp (delay=0 clock cycles(s))|
        |relu_array_ap_fixed_4u_array_ap_fixed_16_6_5_3_0_4u_relu_config3_U0     |relu_array_ap_fixed_4u_array_ap_fixed_16_6_5_3_0_4u_relu_config3_s     |       38|       38|   0.190 us|   0.190 us|    36|    36|  loop auto-rewind stp (delay=0 clock cycles(s))|
        |pooling2d_cl_array_ap_fixed_4u_array_ap_fixed_16_6_5_3_0_4u_config4_U0  |pooling2d_cl_array_ap_fixed_4u_array_ap_fixed_16_6_5_3_0_4u_config4_s  |       75|       75|   0.375 us|   0.375 us|    72|    72|  loop auto-rewind stp (delay=0 clock cycles(s))|
        |dense_array_ap_fixed_4u_array_ap_fixed_39_19_5_3_0_8u_config6_U0        |dense_array_ap_fixed_4u_array_ap_fixed_39_19_5_3_0_8u_config6_s        |       14|       14|  70.000 ns|  70.000 ns|    14|    14|                                              no|
        |relu_array_ap_fixed_8u_array_ap_fixed_16_6_5_3_0_8u_relu_config7_U0     |relu_array_ap_fixed_8u_array_ap_fixed_16_6_5_3_0_8u_relu_config7_s     |        1|        1|   5.000 ns|   5.000 ns|     1|     1|                                              no|
        |dense_array_ap_fixed_8u_array_ap_fixed_36_16_5_3_0_2u_config8_U0        |dense_array_ap_fixed_8u_array_ap_fixed_36_16_5_3_0_2u_config8_s        |        3|        3|  15.000 ns|  15.000 ns|     3|     3|                                              no|
        |softmax_array_array_ap_fixed_16_6_5_3_0_2u_softmax_config9_U0           |softmax_array_array_ap_fixed_16_6_5_3_0_2u_softmax_config9_s           |     1053|     1053|   5.265 us|   5.265 us|  1053|  1053|                                              no|
        +------------------------------------------------------------------------+-----------------------------------------------------------------------+---------+---------+-----------+-----------+------+------+------------------------------------------------+

        * Loop: 
        N/A



================================================================
== Utilization Estimates
================================================================
* Summary: 
+-----------------+---------+------+--------+--------+-----+
|       Name      | BRAM_18K|  DSP |   FF   |   LUT  | URAM|
+-----------------+---------+------+--------+--------+-----+
|DSP              |        -|     -|       -|       -|    -|
|Expression       |        -|     -|       0|       2|    -|
|FIFO             |       13|     -|     702|     357|    -|
|Instance         |        2|   294|    6768|   16014|    0|
|Memory           |        -|     -|       -|       -|    -|
|Multiplexer      |        -|     -|       -|       -|    -|
|Register         |        -|     -|       -|       -|    -|
+-----------------+---------+------+--------+--------+-----+
|Total            |       15|   294|    7470|   16373|    0|
+-----------------+---------+------+--------+--------+-----+
|Available        |      624|  1728|  460800|  230400|   96|
+-----------------+---------+------+--------+--------+-----+
|Utilization (%)  |        2|    17|       1|       7|    0|
+-----------------+---------+------+--------+--------+-----+

+ Detail: 
    * Instance: 
    +------------------------------------------------------------------------+-----------------------------------------------------------------------+---------+-----+------+------+-----+
    |                                Instance                                |                                 Module                                | BRAM_18K| DSP |  FF  |  LUT | URAM|
    +------------------------------------------------------------------------+-----------------------------------------------------------------------+---------+-----+------+------+-----+
    |conv_2d_cl_array_ap_fixed_1u_array_ap_fixed_37_17_5_3_0_4u_config2_U0   |conv_2d_cl_array_ap_fixed_1u_array_ap_fixed_37_17_5_3_0_4u_config2_s   |        0|   31|   856|  1765|    0|
    |dense_array_ap_fixed_4u_array_ap_fixed_39_19_5_3_0_8u_config6_U0        |dense_array_ap_fixed_4u_array_ap_fixed_39_19_5_3_0_8u_config6_s        |        0|  238|  3397|  8109|    0|
    |dense_array_ap_fixed_8u_array_ap_fixed_36_16_5_3_0_2u_config8_U0        |dense_array_ap_fixed_8u_array_ap_fixed_36_16_5_3_0_2u_config8_s        |        0|   16|   381|   443|    0|
    |pooling2d_cl_array_ap_fixed_4u_array_ap_fixed_16_6_5_3_0_4u_config4_U0  |pooling2d_cl_array_ap_fixed_4u_array_ap_fixed_16_6_5_3_0_4u_config4_s  |        0|    0|   758|  1364|    0|
    |relu_array_ap_fixed_4u_array_ap_fixed_16_6_5_3_0_4u_relu_config3_U0     |relu_array_ap_fixed_4u_array_ap_fixed_16_6_5_3_0_4u_relu_config3_s     |        0|    0|    75|   339|    0|
    |relu_array_ap_fixed_8u_array_ap_fixed_16_6_5_3_0_8u_relu_config7_U0     |relu_array_ap_fixed_8u_array_ap_fixed_16_6_5_3_0_8u_relu_config7_s     |        0|    0|   132|   548|    0|
    |softmax_array_array_ap_fixed_16_6_5_3_0_2u_softmax_config9_U0           |softmax_array_array_ap_fixed_16_6_5_3_0_2u_softmax_config9_s           |        2|    9|  1169|  3446|    0|
    +------------------------------------------------------------------------+-----------------------------------------------------------------------+---------+-----+------+------+-----+
    |Total                                                                   |                                                                       |        2|  294|  6768| 16014|    0|
    +------------------------------------------------------------------------+-----------------------------------------------------------------------+---------+-----+------+------+-----+

    * DSP: 
    N/A

    * Memory: 
    N/A

    * FIFO: 
    +--------------+---------+-----+----+-----+------+-----+---------+
    |     Name     | BRAM_18K|  FF | LUT| URAM| Depth| Bits| Size:D*B|
    +--------------+---------+-----+----+-----+------+-----+---------+
    |layer2_out_U  |        9|  153|   0|    -|    36|  148|     5328|
    |layer3_out_U  |        4|  153|   0|    -|    36|   64|     2304|
    |layer4_out_U  |        0|   99|   0|    -|     9|   64|      576|
    |layer6_out_U  |        0|   99|   0|    -|     1|  312|      312|
    |layer7_out_U  |        0|   99|   0|    -|     1|  128|      128|
    |layer8_out_U  |        0|   99|   0|    -|     1|   72|       72|
    +--------------+---------+-----+----+-----+------+-----+---------+
    |Total         |       13|  702|   0|    0|    84|  788|     8720|
    +--------------+---------+-----+----+-----+------+-----+---------+

    * Expression: 
    +--------------+----------+----+---+----+------------+------------+
    | Variable Name| Operation| DSP| FF| LUT| Bitwidth P0| Bitwidth P1|
    +--------------+----------+----+---+----+------------+------------+
    |ap_idle       |       and|   0|  0|   2|           1|           1|
    +--------------+----------+----+---+----+------------+------------+
    |Total         |          |   0|  0|   2|           1|           1|
    +--------------+----------+----+---+----+------------+------------+

    * Multiplexer: 
    N/A

    * Register: 
    N/A



================================================================
== Interface
================================================================
* Summary: 
+-------------------+-----+-----+------------+--------------+--------------+
|     RTL Ports     | Dir | Bits|  Protocol  | Source Object|    C Type    |
+-------------------+-----+-----+------------+--------------+--------------+
|inp_TDATA          |   in|   16|        axis|           inp|       pointer|
|inp_TVALID         |   in|    1|        axis|           inp|       pointer|
|inp_TREADY         |  out|    1|        axis|           inp|       pointer|
|layer9_out_TDATA   |  out|   32|        axis|    layer9_out|       pointer|
|layer9_out_TVALID  |  out|    1|        axis|    layer9_out|       pointer|
|layer9_out_TREADY  |   in|    1|        axis|    layer9_out|       pointer|
|ap_clk             |   in|    1|  ap_ctrl_hs|     myproject|  return value|
|ap_rst_n           |   in|    1|  ap_ctrl_hs|     myproject|  return value|
|ap_start           |   in|    1|  ap_ctrl_hs|     myproject|  return value|
|ap_done            |  out|    1|  ap_ctrl_hs|     myproject|  return value|
|ap_ready           |  out|    1|  ap_ctrl_hs|     myproject|  return value|
|ap_idle            |  out|    1|  ap_ctrl_hs|     myproject|  return value|
+-------------------+-----+-----+------------+--------------+--------------+

