

================================================================
== Vitis HLS Report for 'pooling2d_cl_array_ap_fixed_4u_array_ap_fixed_16_6_5_3_0_4u_config4_s'
================================================================
* Date:           Mon Mar 23 21:38:05 2026

* Version:        2024.2 (Build 5238294 on Nov  8 2024)
* Project:        myproject_prj
* Solution:       solution1 (Vivado IP Flow Target)
* Product family: zynquplus
* Target device:  xczu7ev-ffvc1156-2-e


================================================================
== Performance Estimates
================================================================
+ Timing: 
    * Summary: 
    +--------+---------+----------+------------+
    |  Clock |  Target | Estimated| Uncertainty|
    +--------+---------+----------+------------+
    |ap_clk  |  5.00 ns|  2.542 ns|     1.35 ns|
    +--------+---------+----------+------------+

+ Latency: 
    * Summary: 
    +---------+---------+----------+----------+-----+-----+------------------------------------------------+
    |  Latency (cycles) |  Latency (absolute) |  Interval |                    Pipeline                    |
    |   min   |   max   |    min   |    max   | min | max |                      Type                      |
    +---------+---------+----------+----------+-----+-----+------------------------------------------------+
    |       75|       75|  0.375 us|  0.375 us|   72|   72|  loop auto-rewind stp (delay=0 clock cycles(s))|
    +---------+---------+----------+----------+-----+-----+------------------------------------------------+

    + Detail: 
        * Instance: 
        +---------------------------------------------------------------------------+----------------------------------------------------------+---------+---------+----------+----------+-----+-----+---------+
        |                                                                           |                                                          |  Latency (cycles) |  Latency (absolute) |  Interval | Pipeline|
        |                                  Instance                                 |                          Module                          |   min   |   max   |    min   |    max   | min | max |   Type  |
        +---------------------------------------------------------------------------+----------------------------------------------------------+---------+---------+----------+----------+-----+-----+---------+
        |call_ln52_shift_line_buffer_array_ap_fixed_16_6_5_3_0_4u_config4_s_fu_134  |shift_line_buffer_array_ap_fixed_16_6_5_3_0_4u_config4_s  |        0|        0|      0 ns|      0 ns|    1|    1|      yes|
        +---------------------------------------------------------------------------+----------------------------------------------------------+---------+---------+----------+----------+-----+-----+---------+

        * Loop: 
        +----------------------------------+---------+---------+----------+-----------+-----------+------+----------+
        |                                  |  Latency (cycles) | Iteration|  Initiation Interval  | Trip |          |
        |             Loop Name            |   min   |   max   |  Latency |  achieved |   target  | Count| Pipelined|
        +----------------------------------+---------+---------+----------+-----------+-----------+------+----------+
        |- ReadInputHeight_ReadInputWidth  |       73|       73|         4|          2|          1|    36|       yes|
        +----------------------------------+---------+---------+----------+-----------+-----------+------+----------+



================================================================
== Utilization Estimates
================================================================
* Summary: 
+-----------------+---------+------+--------+--------+-----+
|       Name      | BRAM_18K|  DSP |   FF   |   LUT  | URAM|
+-----------------+---------+------+--------+--------+-----+
|DSP              |        -|     -|       -|       -|    -|
|Expression       |        -|     -|       0|    1037|    -|
|FIFO             |        -|     -|       -|       -|    -|
|Instance         |        -|     -|     257|     200|    -|
|Memory           |        -|     -|       -|       -|    -|
|Multiplexer      |        -|     -|       0|     127|    -|
|Register         |        -|     -|     501|       -|    -|
+-----------------+---------+------+--------+--------+-----+
|Total            |        0|     0|     758|    1364|    0|
+-----------------+---------+------+--------+--------+-----+
|Available        |      624|  1728|  460800|  230400|   96|
+-----------------+---------+------+--------+--------+-----+
|Utilization (%)  |        0|     0|      ~0|      ~0|    0|
+-----------------+---------+------+--------+--------+-----+

+ Detail: 
    * Instance: 
    +---------------------------------------------------------------------------+----------------------------------------------------------+---------+----+-----+-----+-----+
    |                                  Instance                                 |                          Module                          | BRAM_18K| DSP|  FF | LUT | URAM|
    +---------------------------------------------------------------------------+----------------------------------------------------------+---------+----+-----+-----+-----+
    |call_ln52_shift_line_buffer_array_ap_fixed_16_6_5_3_0_4u_config4_s_fu_134  |shift_line_buffer_array_ap_fixed_16_6_5_3_0_4u_config4_s  |        0|   0|  257|  200|    0|
    +---------------------------------------------------------------------------+----------------------------------------------------------+---------+----+-----+-----+-----+
    |Total                                                                      |                                                          |        0|   0|  257|  200|    0|
    +---------------------------------------------------------------------------+----------------------------------------------------------+---------+----+-----+-----+-----+

    * DSP: 
    N/A

    * Memory: 
    N/A

    * FIFO: 
    N/A

    * Expression: 
    +------------------------------------------+----------+----+---+----+------------+------------+
    |               Variable Name              | Operation| DSP| FF| LUT| Bitwidth P0| Bitwidth P1|
    +------------------------------------------+----------+----+---+----+------------+------------+
    |add_ln109_fu_190_p2                       |         +|   0|  0|  13|           6|           1|
    |add_ln76_fu_601_p2                        |         +|   0|  0|  39|          32|           1|
    |add_ln80_fu_655_p2                        |         +|   0|  0|  39|          32|           1|
    |add_ln86_fu_683_p2                        |         +|   0|  0|  39|          32|           1|
    |add_ln91_fu_619_p2                        |         +|   0|  0|  39|          32|           1|
    |and_ln55_1_fu_291_p2                      |       and|   0|  0|   2|           1|           1|
    |and_ln55_fu_285_p2                        |       and|   0|  0|   2|           1|           1|
    |ap_block_pp0_stage1_01001_grp2            |       and|   0|  0|   2|           1|           1|
    |ap_block_pp0_stage1_11001_grp1            |       and|   0|  0|   2|           1|           1|
    |ap_block_state4_pp0_stage1_iter1_grp2     |       and|   0|  0|   2|           1|           1|
    |ap_condition_252                          |       and|   0|  0|   2|           1|           1|
    |ap_condition_266                          |       and|   0|  0|   2|           1|           1|
    |ap_condition_365                          |       and|   0|  0|   2|           1|           1|
    |ap_predicate_op113_write_state4           |       and|   0|  0|   2|           1|           1|
    |icmp_ln109_fu_196_p2                      |      icmp|   0|  0|  13|           6|           6|
    |icmp_ln55_1_fu_263_p2                     |      icmp|   0|  0|  39|          32|           1|
    |icmp_ln55_2_fu_273_p2                     |      icmp|   0|  0|  39|          32|           1|
    |icmp_ln55_3_fu_279_p2                     |      icmp|   0|  0|  39|          32|           1|
    |icmp_ln55_fu_249_p2                       |      icmp|   0|  0|  39|          32|           1|
    |icmp_ln66_10_fu_561_p2                    |      icmp|   0|  0|  23|          16|          16|
    |icmp_ln66_11_fu_581_p2                    |      icmp|   0|  0|  23|          16|          16|
    |icmp_ln66_1_fu_333_p2                     |      icmp|   0|  0|  23|          16|          16|
    |icmp_ln66_2_fu_353_p2                     |      icmp|   0|  0|  23|          16|          16|
    |icmp_ln66_3_fu_389_p2                     |      icmp|   0|  0|  23|          16|          16|
    |icmp_ln66_4_fu_409_p2                     |      icmp|   0|  0|  23|          16|          16|
    |icmp_ln66_5_fu_429_p2                     |      icmp|   0|  0|  23|          16|          16|
    |icmp_ln66_6_fu_465_p2                     |      icmp|   0|  0|  23|          16|          16|
    |icmp_ln66_7_fu_485_p2                     |      icmp|   0|  0|  23|          16|          16|
    |icmp_ln66_8_fu_505_p2                     |      icmp|   0|  0|  23|          16|          16|
    |icmp_ln66_9_fu_541_p2                     |      icmp|   0|  0|  23|          16|          16|
    |icmp_ln66_fu_313_p2                       |      icmp|   0|  0|  23|          16|          16|
    |icmp_ln76_fu_607_p2                       |      icmp|   0|  0|  39|          32|           3|
    |icmp_ln80_fu_661_p2                       |      icmp|   0|  0|  39|          32|           3|
    |icmp_ln86_fu_677_p2                       |      icmp|   0|  0|  39|          32|           1|
    |ap_block_pp0_stage0_11001                 |        or|   0|  0|   2|           1|           1|
    |ap_block_pp0_stage1_11001                 |        or|   0|  0|   2|           1|           1|
    |ap_block_pp0_stage1_11001_ignoreCallOp22  |        or|   0|  0|   2|           1|           1|
    |res_pack_1_fu_441_p3                      |    select|   0|  0|  16|           1|          16|
    |res_pack_2_fu_517_p3                      |    select|   0|  0|  16|           1|          16|
    |res_pack_3_fu_593_p3                      |    select|   0|  0|  16|           1|          16|
    |res_pack_fu_365_p3                        |    select|   0|  0|  16|           1|          16|
    |select_ln0_1_fu_345_p3                    |    select|   0|  0|  16|           1|          16|
    |select_ln0_2_fu_401_p3                    |    select|   0|  0|  16|           1|          16|
    |select_ln0_3_fu_421_p3                    |    select|   0|  0|  16|           1|          16|
    |select_ln0_4_fu_477_p3                    |    select|   0|  0|  16|           1|          16|
    |select_ln0_5_fu_497_p3                    |    select|   0|  0|  16|           1|          16|
    |select_ln0_6_fu_553_p3                    |    select|   0|  0|  16|           1|          16|
    |select_ln0_7_fu_573_p3                    |    select|   0|  0|  16|           1|          16|
    |select_ln0_fu_325_p3                      |    select|   0|  0|  16|           1|          16|
    |select_ln86_fu_689_p3                     |    select|   0|  0|  32|           1|           1|
    |select_ln91_fu_625_p3                     |    select|   0|  0|  32|           1|           1|
    |ap_enable_pp0                             |       xor|   0|  0|   2|           1|           2|
    |xor_ln66_10_fu_567_p2                     |       xor|   0|  0|   2|           1|           2|
    |xor_ln66_11_fu_587_p2                     |       xor|   0|  0|   2|           1|           2|
    |xor_ln66_1_fu_339_p2                      |       xor|   0|  0|   2|           1|           2|
    |xor_ln66_2_fu_359_p2                      |       xor|   0|  0|   2|           1|           2|
    |xor_ln66_3_fu_395_p2                      |       xor|   0|  0|   2|           1|           2|
    |xor_ln66_4_fu_415_p2                      |       xor|   0|  0|   2|           1|           2|
    |xor_ln66_5_fu_435_p2                      |       xor|   0|  0|   2|           1|           2|
    |xor_ln66_6_fu_471_p2                      |       xor|   0|  0|   2|           1|           2|
    |xor_ln66_7_fu_491_p2                      |       xor|   0|  0|   2|           1|           2|
    |xor_ln66_8_fu_511_p2                      |       xor|   0|  0|   2|           1|           2|
    |xor_ln66_9_fu_547_p2                      |       xor|   0|  0|   2|           1|           2|
    |xor_ln66_fu_319_p2                        |       xor|   0|  0|   2|           1|           2|
    +------------------------------------------+----------+----+---+----+------------+------------+
    |Total                                     |          |   0|  0|1037|         595|         446|
    +------------------------------------------+----------+----+---+----+------------+------------+

    * Multiplexer: 
    +-------------------------------------------+----+-----------+-----+-----------+
    |                    Name                   | LUT| Input Size| Bits| Total Bits|
    +-------------------------------------------+----+-----------+-----+-----------+
    |ap_NS_fsm                                  |  14|          3|    1|          3|
    |ap_done_int                                |   9|          2|    1|          2|
    |ap_enable_reg_pp0_iter0                    |   9|          2|    1|          2|
    |ap_loop_exit_ready_pp0_iter1_reg           |   9|          2|    1|          2|
    |ap_phi_reg_pp0_iter1_storemerge_i_reg_123  |  14|          3|   32|         96|
    |ap_sig_allocacmp_indvar_flatten2_load      |   9|          2|    6|         12|
    |indvar_flatten2_fu_106                     |   9|          2|    6|         12|
    |layer3_out_blk_n                           |   9|          2|    1|          2|
    |layer4_out_blk_n                           |   9|          2|    1|          2|
    |pX                                         |   9|          2|   32|         64|
    |pY                                         |   9|          2|   32|         64|
    |real_start                                 |   9|          2|    1|          2|
    |sX                                         |   9|          2|   32|         64|
    +-------------------------------------------+----+-----------+-----+-----------+
    |Total                                      | 127|         28|  147|        327|
    +-------------------------------------------+----+-----------+-----+-----------+

    * Register: 
    +----------------------------------------------------------------------------------------+----+----+-----+-----------+
    |                                          Name                                          | FF | LUT| Bits| Const Bits|
    +----------------------------------------------------------------------------------------+----+----+-----+-----------+
    |and_ln55_1_reg_733                                                                      |   1|   0|    1|          0|
    |ap_CS_fsm                                                                               |   2|   0|    2|          0|
    |ap_block_pp0_stage1_subdone_grp0_done_reg                                               |   1|   0|    1|          0|
    |ap_block_pp0_stage1_subdone_grp1_done_reg                                               |   1|   0|    1|          0|
    |ap_block_pp0_stage1_subdone_grp2_done_reg                                               |   1|   0|    1|          0|
    |ap_done_reg                                                                             |   1|   0|    1|          0|
    |ap_enable_reg_pp0_iter0_reg                                                             |   1|   0|    1|          0|
    |ap_enable_reg_pp0_iter1                                                                 |   1|   0|    1|          0|
    |ap_loop_exit_ready_pp0_iter1_reg                                                        |   1|   0|    1|          0|
    |ap_phi_reg_pp0_iter1_storemerge_i_reg_123                                               |  32|   0|   32|          0|
    |call_ln52_shift_line_buffer_array_ap_fixed_16_6_5_3_0_4u_config4_s_fu_134_ap_start_reg  |   1|   0|    1|          0|
    |icmp_ln109_reg_725                                                                      |   1|   0|    1|          0|
    |icmp_ln55_reg_729                                                                       |   1|   0|    1|          0|
    |icmp_ln76_reg_757                                                                       |   1|   0|    1|          0|
    |indvar_flatten2_fu_106                                                                  |   6|   0|    6|          0|
    |pX                                                                                      |  32|   0|   32|          0|
    |pY                                                                                      |  32|   0|   32|          0|
    |p_ZZN4nnet22compute_pool_buffer_2dINS_5arrayI8ap_fixedILi16ELi6EL9ap_q_mode5EL9ap       |  16|   0|   16|          0|
    |p_ZZN4nnet22compute_pool_buffer_2dINS_5arrayI8ap_fixedILi16ELi6EL9ap_q_mode5EL9ap_1     |  16|   0|   16|          0|
    |p_ZZN4nnet22compute_pool_buffer_2dINS_5arrayI8ap_fixedILi16ELi6EL9ap_q_mode5EL9ap_2     |  16|   0|   16|          0|
    |p_ZZN4nnet22compute_pool_buffer_2dINS_5arrayI8ap_fixedILi16ELi6EL9ap_q_mode5EL9ap_3     |  16|   0|   16|          0|
    |p_ZZN4nnet22compute_pool_buffer_2dINS_5arrayI8ap_fixedILi16ELi6EL9ap_q_mode5EL9ap_4     |  16|   0|   16|          0|
    |p_ZZN4nnet22compute_pool_buffer_2dINS_5arrayI8ap_fixedILi16ELi6EL9ap_q_mode5EL9ap_5     |  16|   0|   16|          0|
    |res_pack_1_reg_742                                                                      |  16|   0|   16|          0|
    |res_pack_2_reg_747                                                                      |  16|   0|   16|          0|
    |res_pack_3_reg_752                                                                      |  16|   0|   16|          0|
    |res_pack_reg_737                                                                        |  16|   0|   16|          0|
    |sX                                                                                      |  32|   0|   32|          0|
    |sY                                                                                      |  32|   0|   32|          0|
    |start_once_reg                                                                          |   1|   0|    1|          0|
    |void_compute_pool_buffer_2d_array_const_ap_shift_reg_n_filt_stream_kernel               |  16|   0|   16|          0|
    |void_compute_pool_buffer_2d_array_const_ap_shift_reg_n_filt_stream_kernel_1             |  16|   0|   16|          0|
    |void_compute_pool_buffer_2d_array_const_ap_shift_reg_n_filt_stream_kernel_2             |  16|   0|   16|          0|
    |void_compute_pool_buffer_2d_array_const_ap_shift_reg_n_filt_stream_kernel_3             |  16|   0|   16|          0|
    |void_compute_pool_buffer_2d_array_const_ap_shift_reg_n_filt_stream_kernel_4             |  16|   0|   16|          0|
    |void_compute_pool_buffer_2d_array_const_ap_shift_reg_n_filt_stream_kernel_5             |  16|   0|   16|          0|
    |void_compute_pool_buffer_2d_array_const_ap_shift_reg_n_filt_stream_kernel_6             |  16|   0|   16|          0|
    |void_compute_pool_buffer_2d_array_const_ap_shift_reg_n_filt_stream_kernel_7             |  16|   0|   16|          0|
    |void_compute_pool_buffer_2d_array_const_ap_shift_reg_n_filt_stream_kernel_8             |  16|   0|   16|          0|
    |void_compute_pool_buffer_2d_array_const_ap_shift_reg_n_filt_stream_kernel_9             |  16|   0|   16|          0|
    +----------------------------------------------------------------------------------------+----+----+-----+-----------+
    |Total                                                                                   | 501|   0|  501|          0|
    +----------------------------------------------------------------------------------------+----+----+-----+-----------+



================================================================
== Interface
================================================================
* Summary: 
+---------------------------+-----+-----+------------+-------------------------------------------------------------------------+--------------+
|         RTL Ports         | Dir | Bits|  Protocol  |                              Source Object                              |    C Type    |
+---------------------------+-----+-----+------------+-------------------------------------------------------------------------+--------------+
|ap_clk                     |   in|    1|  ap_ctrl_hs|  pooling2d_cl<array<ap_fixed,4u>,array<ap_fixed<16,6,5,3,0>,4u>,config4>|  return value|
|ap_rst                     |   in|    1|  ap_ctrl_hs|  pooling2d_cl<array<ap_fixed,4u>,array<ap_fixed<16,6,5,3,0>,4u>,config4>|  return value|
|ap_start                   |   in|    1|  ap_ctrl_hs|  pooling2d_cl<array<ap_fixed,4u>,array<ap_fixed<16,6,5,3,0>,4u>,config4>|  return value|
|start_full_n               |   in|    1|  ap_ctrl_hs|  pooling2d_cl<array<ap_fixed,4u>,array<ap_fixed<16,6,5,3,0>,4u>,config4>|  return value|
|ap_done                    |  out|    1|  ap_ctrl_hs|  pooling2d_cl<array<ap_fixed,4u>,array<ap_fixed<16,6,5,3,0>,4u>,config4>|  return value|
|ap_continue                |   in|    1|  ap_ctrl_hs|  pooling2d_cl<array<ap_fixed,4u>,array<ap_fixed<16,6,5,3,0>,4u>,config4>|  return value|
|ap_idle                    |  out|    1|  ap_ctrl_hs|  pooling2d_cl<array<ap_fixed,4u>,array<ap_fixed<16,6,5,3,0>,4u>,config4>|  return value|
|ap_ready                   |  out|    1|  ap_ctrl_hs|  pooling2d_cl<array<ap_fixed,4u>,array<ap_fixed<16,6,5,3,0>,4u>,config4>|  return value|
|start_out                  |  out|    1|  ap_ctrl_hs|  pooling2d_cl<array<ap_fixed,4u>,array<ap_fixed<16,6,5,3,0>,4u>,config4>|  return value|
|start_write                |  out|    1|  ap_ctrl_hs|  pooling2d_cl<array<ap_fixed,4u>,array<ap_fixed<16,6,5,3,0>,4u>,config4>|  return value|
|layer3_out_dout            |   in|   64|     ap_fifo|                                                               layer3_out|       pointer|
|layer3_out_empty_n         |   in|    1|     ap_fifo|                                                               layer3_out|       pointer|
|layer3_out_read            |  out|    1|     ap_fifo|                                                               layer3_out|       pointer|
|layer3_out_num_data_valid  |   in|    7|     ap_fifo|                                                               layer3_out|       pointer|
|layer3_out_fifo_cap        |   in|    7|     ap_fifo|                                                               layer3_out|       pointer|
|layer4_out_din             |  out|   64|     ap_fifo|                                                               layer4_out|       pointer|
|layer4_out_full_n          |   in|    1|     ap_fifo|                                                               layer4_out|       pointer|
|layer4_out_write           |  out|    1|     ap_fifo|                                                               layer4_out|       pointer|
|layer4_out_num_data_valid  |   in|    5|     ap_fifo|                                                               layer4_out|       pointer|
|layer4_out_fifo_cap        |   in|    5|     ap_fifo|                                                               layer4_out|       pointer|
+---------------------------+-----+-----+------------+-------------------------------------------------------------------------+--------------+

