

================================================================
== Vitis HLS Report for 'softmax_stable_array_array_ap_fixed_16_6_5_3_0_2u_softmax_config9_s'
================================================================
* Date:           Mon Mar 23 21:38:18 2026

* Version:        2024.2 (Build 5238294 on Nov  8 2024)
* Project:        myproject_prj
* Solution:       solution1 (Vivado IP Flow Target)
* Product family: zynquplus
* Target device:  xczu7ev-ffvc1156-2-e


================================================================
== Performance Estimates
================================================================
+ Timing: 
    * Summary: 
    +--------+---------+----------+------------+
    |  Clock |  Target | Estimated| Uncertainty|
    +--------+---------+----------+------------+
    |ap_clk  |  5.00 ns|  3.644 ns|     1.35 ns|
    +--------+---------+----------+------------+

+ Latency: 
    * Summary: 
    +---------+---------+----------+----------+------+------+---------+
    |  Latency (cycles) |  Latency (absolute) |   Interval  | Pipeline|
    |   min   |   max   |    min   |    max   |  min |  max |   Type  |
    +---------+---------+----------+----------+------+------+---------+
    |     1051|     1051|  5.255 us|  5.255 us|  1051|  1051|       no|
    +---------+---------+----------+----------+------+------+---------+

    + Detail: 
        * Instance: 
        +-------------------------------------------------------------------+--------------------------------------------------------+---------+---------+----------+----------+------+------+------------------------------------------------+
        |                                                                   |                                                        |  Latency (cycles) |  Latency (absolute) |   Interval  |                    Pipeline                    |
        |                              Instance                             |                         Module                         |   min   |   max   |    min   |    max   |  min |  max |                      Type                      |
        +-------------------------------------------------------------------+--------------------------------------------------------+---------+---------+----------+----------+------+------+------------------------------------------------+
        |grp_init_exp_table_ap_ufixed_35_15_5_3_0_softmax_config9_s_fu_154  |init_exp_table_ap_ufixed_35_15_5_3_0_softmax_config9_s  |     1045|     1045|  5.225 us|  5.225 us|  1025|  1025|  loop auto-rewind stp (delay=0 clock cycles(s))|
        +-------------------------------------------------------------------+--------------------------------------------------------+---------+---------+----------+----------+------+------+------------------------------------------------+

        * Loop: 
        N/A



================================================================
== Utilization Estimates
================================================================
* Summary: 
+-----------------+---------+------+--------+--------+-----+
|       Name      | BRAM_18K|  DSP |   FF   |   LUT  | URAM|
+-----------------+---------+------+--------+--------+-----+
|DSP              |        -|     -|       -|       -|    -|
|Expression       |        -|     -|       0|     185|    -|
|FIFO             |        -|     -|       -|       -|    -|
|Instance         |        -|     9|    1003|    3131|    -|
|Memory           |        2|     -|       0|       0|    0|
|Multiplexer      |        -|     -|       0|      88|    -|
|Register         |        -|     -|     129|       -|    -|
+-----------------+---------+------+--------+--------+-----+
|Total            |        2|     9|    1132|    3404|    0|
+-----------------+---------+------+--------+--------+-----+
|Available        |      624|  1728|  460800|  230400|   96|
+-----------------+---------+------+--------+--------+-----+
|Utilization (%)  |       ~0|    ~0|      ~0|       1|    0|
+-----------------+---------+------+--------+--------+-----+

+ Detail: 
    * Instance: 
    +-------------------------------------------------------------------+--------------------------------------------------------+---------+----+------+------+-----+
    |                              Instance                             |                         Module                         | BRAM_18K| DSP|  FF  |  LUT | URAM|
    +-------------------------------------------------------------------+--------------------------------------------------------+---------+----+------+------+-----+
    |grp_init_exp_table_ap_ufixed_35_15_5_3_0_softmax_config9_s_fu_154  |init_exp_table_ap_ufixed_35_15_5_3_0_softmax_config9_s  |        0|   7|  1003|  3121|    0|
    |mul_18s_16s_26_1_1_U457                                            |mul_18s_16s_26_1_1                                      |        0|   1|     0|     5|    0|
    |mul_18s_16s_26_1_1_U458                                            |mul_18s_16s_26_1_1                                      |        0|   1|     0|     5|    0|
    +-------------------------------------------------------------------+--------------------------------------------------------+---------+----+------+------+-----+
    |Total                                                              |                                                        |        0|   9|  1003|  3131|    0|
    +-------------------------------------------------------------------+--------------------------------------------------------+---------+----+------+------+-----+

    * DSP: 
    N/A

    * Memory: 
    +----------------+----------------------------------------------------------------------------------+---------+---+----+-----+------+-----+------+-------------+
    |     Memory     |                                      Module                                      | BRAM_18K| FF| LUT| URAM| Words| Bits| Banks| W*Bits*Banks|
    +----------------+----------------------------------------------------------------------------------+---------+---+----+-----+------+-----+------+-------------+
    |exp_table_U     |softmax_stable_array_array_ap_fixed_16_6_5_3_0_2u_softmax_config9_s_exp_tableibs  |        1|  0|   0|    0|  1024|   16|     1|        16384|
    |invert_table_U  |softmax_stable_array_array_ap_fixed_16_6_5_3_0_2u_softmax_config9_s_invert_tahbi  |        1|  0|   0|    0|  1024|   18|     1|        18432|
    +----------------+----------------------------------------------------------------------------------+---------+---+----+-----+------+-----+------+-------------+
    |Total           |                                                                                  |        2|  0|   0|    0|  2048|   34|     2|        34816|
    +----------------+----------------------------------------------------------------------------------+---------+---+----+-----+------+-----+------+-------------+

    * FIFO: 
    N/A

    * Expression: 
    +-----------------------+----------+----+---+----+------------+------------+
    |     Variable Name     | Operation| DSP| FF| LUT| Bitwidth P0| Bitwidth P1|
    +-----------------------+----------+----+---+----+------------+------------+
    |add_ln51_fu_245_p2     |         +|   0|  0|  23|          16|          16|
    |x_1_fu_210_p2          |         -|   0|  0|  42|          35|          35|
    |x_fu_205_p2            |         -|   0|  0|  42|          35|          35|
    |icmp_ln66_fu_174_p2    |      icmp|   0|  0|  43|          36|          36|
    |select_ln66_fu_199_p3  |    select|   0|  0|  33|           1|          35|
    |xor_ln66_fu_194_p2     |       xor|   0|  0|   2|           1|           2|
    +-----------------------+----------+----+---+----+------------+------------+
    |Total                  |          |   0|  0| 185|         124|         159|
    +-----------------------+----------+----+---+----+------------+------------+

    * Multiplexer: 
    +------------------------+----+-----------+-----+-----------+
    |          Name          | LUT| Input Size| Bits| Total Bits|
    +------------------------+----+-----------+-----+-----------+
    |ap_NS_fsm               |  43|          8|    1|          8|
    |exp_table_address0      |   9|          2|   10|         20|
    |exp_table_ce0           |   9|          2|    1|          2|
    |exp_table_we0           |   9|          2|    1|          2|
    |layer8_out_blk_n        |   9|          2|    1|          2|
    |layer9_out_TDATA_blk_n  |   9|          2|    1|          2|
    +------------------------+----+-----------+-----+-----------+
    |Total                   |  88|         18|   15|         36|
    +------------------------+----+-----------+-----+-----------+

    * Register: 
    +--------------------------------------------------------------------------------+----+----+-----+-----------+
    |                                      Name                                      | FF | LUT| Bits| Const Bits|
    +--------------------------------------------------------------------------------+----+----+-----+-----------+
    |a_reg_339                                                                       |  16|   0|   16|          0|
    |ap_CS_fsm                                                                       |   7|   0|    7|          0|
    |b_reg_344                                                                       |  16|   0|   16|          0|
    |grp_init_exp_table_ap_ufixed_35_15_5_3_0_softmax_config9_s_fu_154_ap_start_reg  |   1|   0|    1|          0|
    |icmp_ln66_reg_312                                                               |   1|   0|    1|          0|
    |inv_exp_sum_reg_354                                                             |  18|   0|   18|          0|
    |tmp_reg_323                                                                     |  35|   0|   35|          0|
    |trunc_ln66_reg_317                                                              |  35|   0|   35|          0|
    +--------------------------------------------------------------------------------+----+----+-----+-----------+
    |Total                                                                           | 129|   0|  129|          0|
    +--------------------------------------------------------------------------------+----+----+-----+-----------+



================================================================
== Interface
================================================================
* Summary: 
+---------------------------+-----+-----+------------+----------------------------------------------------------------------+--------------+
|         RTL Ports         | Dir | Bits|  Protocol  |                             Source Object                            |    C Type    |
+---------------------------+-----+-----+------------+----------------------------------------------------------------------+--------------+
|ap_clk                     |   in|    1|  ap_ctrl_hs|  softmax_stable<array,array<ap_fixed<16,6,5,3,0>,2u>,softmax_config9>|  return value|
|ap_rst                     |   in|    1|  ap_ctrl_hs|  softmax_stable<array,array<ap_fixed<16,6,5,3,0>,2u>,softmax_config9>|  return value|
|ap_start                   |   in|    1|  ap_ctrl_hs|  softmax_stable<array,array<ap_fixed<16,6,5,3,0>,2u>,softmax_config9>|  return value|
|ap_done                    |  out|    1|  ap_ctrl_hs|  softmax_stable<array,array<ap_fixed<16,6,5,3,0>,2u>,softmax_config9>|  return value|
|ap_idle                    |  out|    1|  ap_ctrl_hs|  softmax_stable<array,array<ap_fixed<16,6,5,3,0>,2u>,softmax_config9>|  return value|
|ap_ready                   |  out|    1|  ap_ctrl_hs|  softmax_stable<array,array<ap_fixed<16,6,5,3,0>,2u>,softmax_config9>|  return value|
|layer8_out_dout            |   in|   72|     ap_fifo|                                                            layer8_out|       pointer|
|layer8_out_empty_n         |   in|    1|     ap_fifo|                                                            layer8_out|       pointer|
|layer8_out_read            |  out|    1|     ap_fifo|                                                            layer8_out|       pointer|
|layer8_out_num_data_valid  |   in|    2|     ap_fifo|                                                            layer8_out|       pointer|
|layer8_out_fifo_cap        |   in|    2|     ap_fifo|                                                            layer8_out|       pointer|
|layer9_out_TDATA           |  out|   32|        axis|                                                            layer9_out|       pointer|
|layer9_out_TVALID          |  out|    1|        axis|                                                            layer9_out|       pointer|
|layer9_out_TREADY          |   in|    1|        axis|                                                            layer9_out|       pointer|
+---------------------------+-----+-----+------------+----------------------------------------------------------------------+--------------+

