Copyright 1986-2022 Xilinx, Inc. All Rights Reserved. Copyright 2022-2024 Advanced Micro Devices, Inc. All Rights Reserved.
---------------------------------------------------------------------------------------------------------------------------------------------
| Tool Version : Vivado v.2024.2 (win64) Build 5239630 Fri Nov 08 22:35:27 MST 2024
| Date         : Wed Mar 18 23:37:56 2026
| Host         : DESKTOP-PV75K48 running 64-bit major release  (build 9200)
| Command      : report_control_sets -verbose -file bd_smoke_wrapper_control_sets_placed.rpt
| Design       : bd_smoke_wrapper
| Device       : xczu7ev
---------------------------------------------------------------------------------------------------------------------------------------------

Control Set Information

Table of Contents
-----------------
1. Summary
2. Histogram
3. Flip-Flop Distribution
4. Detailed Control Set Information

1. Summary
----------

+----------------------------------------------------------+-------+
|                          Status                          | Count |
+----------------------------------------------------------+-------+
| Total control sets                                       |    34 |
|    Minimum number of control sets                        |    34 |
|    Addition due to synthesis replication                 |     0 |
|    Addition due to physical synthesis replication        |     0 |
| Unused register locations in slices containing registers |    41 |
+----------------------------------------------------------+-------+
* Control sets can be merged at opt_design using control_set_merge or merge_equivalent_drivers
** Run report_qor_suggestions for automated merging and remapping suggestions


2. Histogram
------------

+--------------------+-------+
|       Fanout       | Count |
+--------------------+-------+
| Total control sets |    34 |
| >= 0 to < 4        |     2 |
| >= 4 to < 6        |     6 |
| >= 6 to < 8        |     6 |
| >= 8 to < 10       |     1 |
| >= 10 to < 12      |     0 |
| >= 12 to < 14      |     0 |
| >= 14 to < 16      |     1 |
| >= 16              |    18 |
+--------------------+-------+
* Control sets can be remapped at either synth_design or opt_design


3. Flip-Flop Distribution
-------------------------

+--------------+-----------------------+------------------------+-----------------+--------------+
| Clock Enable | Synchronous Set/Reset | Asynchronous Set/Reset | Total Registers | Total Slices |
+--------------+-----------------------+------------------------+-----------------+--------------+
| No           | No                    | No                     |             122 |           38 |
| No           | No                    | Yes                    |               0 |            0 |
| No           | Yes                   | No                     |              36 |           12 |
| Yes          | No                    | No                     |             302 |           52 |
| Yes          | No                    | Yes                    |               0 |            0 |
| Yes          | Yes                   | No                     |              91 |           19 |
+--------------+-----------------------+------------------------+-----------------+--------------+


4. Detailed Control Set Information
-----------------------------------

+------------------------------------------+-----------------------------------------------------------------------------------------------------------------------------------------------------+------------------------------------------------------------------------------------------------------------------------------------+------------------+----------------+--------------+
|               Clock Signal               |                                                                    Enable Signal                                                                    |                                                          Set/Reset Signal                                                          | Slice Load Count | Bel Load Count | Bels / Slice |
+------------------------------------------+-----------------------------------------------------------------------------------------------------------------------------------------------------+------------------------------------------------------------------------------------------------------------------------------------+------------------+----------------+--------------+
|  bd_smoke_i/zynq_ultra_ps_e_0/U0/pl_clk0 | bd_smoke_i/ps8_0_axi_periph/s00_couplers/auto_pc/inst/gen_axilite.gen_b2s_conv.axilite_b2s/WR.b_channel_0/bid_fifo_0/cnt_read[1]_i_1_n_0            | bd_smoke_i/ps8_0_axi_periph/s00_couplers/auto_pc/inst/gen_axilite.gen_b2s_conv.axilite_b2s/areset_d1                               |                1 |              2 |         2.00 |
|  bd_smoke_i/zynq_ultra_ps_e_0/U0/pl_clk0 | bd_smoke_i/ps8_0_axi_periph/s00_couplers/auto_pc/inst/gen_axilite.gen_b2s_conv.axilite_b2s/WR.b_channel_0/bid_fifo_0/E[0]                           | bd_smoke_i/ps8_0_axi_periph/s00_couplers/auto_pc/inst/gen_axilite.gen_b2s_conv.axilite_b2s/areset_d1                               |                1 |              2 |         2.00 |
|  bd_smoke_i/zynq_ultra_ps_e_0/U0/pl_clk0 |                                                                                                                                                     | bd_smoke_i/ps8_0_axi_periph/s00_couplers/auto_pc/inst/gen_axilite.gen_b2s_conv.axilite_b2s/SI_REG/aw.aw_pipe/aresetn_d_reg_n_0_[1] |                1 |              4 |         4.00 |
|  bd_smoke_i/zynq_ultra_ps_e_0/U0/pl_clk0 |                                                                                                                                                     | bd_smoke_i/ps8_0_axi_periph/s00_couplers/auto_pc/inst/gen_axilite.gen_b2s_conv.axilite_b2s/SI_REG/aw.aw_pipe/aresetn_d_reg_n_0_[0] |                1 |              4 |         4.00 |
|  bd_smoke_i/zynq_ultra_ps_e_0/U0/pl_clk0 |                                                                                                                                                     | bd_smoke_i/rst_ps8_0_177M/U0/EXT_LPF/lpf_int                                                                                       |                2 |              4 |         2.00 |
|  bd_smoke_i/zynq_ultra_ps_e_0/U0/pl_clk0 | bd_smoke_i/add_axi_0/U0/CTRL_s_axi_U/waddr                                                                                                          |                                                                                                                                    |                2 |              4 |         2.00 |
|  bd_smoke_i/zynq_ultra_ps_e_0/U0/pl_clk0 | bd_smoke_i/ps8_0_axi_periph/s00_couplers/auto_pc/inst/gen_axilite.gen_b2s_conv.axilite_b2s/RD.r_channel_0/transaction_fifo_0/cnt_read[4]_i_1__0_n_0 | bd_smoke_i/ps8_0_axi_periph/s00_couplers/auto_pc/inst/gen_axilite.gen_b2s_conv.axilite_b2s/areset_d1                               |                1 |              5 |         5.00 |
|  bd_smoke_i/zynq_ultra_ps_e_0/U0/pl_clk0 | bd_smoke_i/ps8_0_axi_periph/s00_couplers/auto_pc/inst/gen_axilite.gen_b2s_conv.axilite_b2s/RD.r_channel_0/rd_data_fifo_0/cnt_read[4]_i_1_n_0        | bd_smoke_i/ps8_0_axi_periph/s00_couplers/auto_pc/inst/gen_axilite.gen_b2s_conv.axilite_b2s/areset_d1                               |                2 |              5 |         2.50 |
|  bd_smoke_i/zynq_ultra_ps_e_0/U0/pl_clk0 | bd_smoke_i/rst_ps8_0_177M/U0/SEQ/seq_cnt_en                                                                                                         | bd_smoke_i/rst_ps8_0_177M/U0/SEQ/seq_clr                                                                                           |                2 |              6 |         3.00 |
|  bd_smoke_i/zynq_ultra_ps_e_0/U0/pl_clk0 |                                                                                                                                                     | bd_smoke_i/ps8_0_axi_periph/s00_couplers/auto_pc/inst/gen_axilite.gen_b2s_conv.axilite_b2s/areset_d1                               |                3 |              6 |         2.00 |
|  bd_smoke_i/zynq_ultra_ps_e_0/U0/pl_clk0 | bd_smoke_i/ps8_0_axi_periph/s00_couplers/auto_pc/inst/gen_axilite.gen_b2s_conv.axilite_b2s/RD.ar_channel_0/ar_cmd_fsm_0/E[0]                        |                                                                                                                                    |                4 |              6 |         1.50 |
|  bd_smoke_i/zynq_ultra_ps_e_0/U0/pl_clk0 | bd_smoke_i/ps8_0_axi_periph/s00_couplers/auto_pc/inst/gen_axilite.gen_b2s_conv.axilite_b2s/RD.ar_channel_0/ar_cmd_fsm_0/sel_first_reg[0]            |                                                                                                                                    |                2 |              6 |         3.00 |
|  bd_smoke_i/zynq_ultra_ps_e_0/U0/pl_clk0 | bd_smoke_i/ps8_0_axi_periph/s00_couplers/auto_pc/inst/gen_axilite.gen_b2s_conv.axilite_b2s/WR.aw_channel_0/aw_cmd_fsm_0/sel_first_reg_1[0]          |                                                                                                                                    |                3 |              6 |         2.00 |
|  bd_smoke_i/zynq_ultra_ps_e_0/U0/pl_clk0 | bd_smoke_i/ps8_0_axi_periph/s00_couplers/auto_pc/inst/gen_axilite.gen_b2s_conv.axilite_b2s/WR.aw_channel_0/aw_cmd_fsm_0/E[0]                        |                                                                                                                                    |                3 |              6 |         2.00 |
|  bd_smoke_i/zynq_ultra_ps_e_0/U0/pl_clk0 | bd_smoke_i/ps8_0_axi_periph/s00_couplers/auto_pc/inst/gen_axilite.gen_b2s_conv.axilite_b2s/WR.b_channel_0/mhandshake_r                              | bd_smoke_i/ps8_0_axi_periph/s00_couplers/auto_pc/inst/gen_axilite.gen_b2s_conv.axilite_b2s/WR.b_channel_0/bid_fifo_0/SR[0]         |                2 |              8 |         4.00 |
|  bd_smoke_i/zynq_ultra_ps_e_0/U0/pl_clk0 | bd_smoke_i/add_axi_0/U0/CTRL_s_axi_U/ar_hs                                                                                                          | bd_smoke_i/add_axi_0/U0/CTRL_s_axi_U/rdata_data[15]_i_1_n_0                                                                        |                7 |             15 |         2.14 |
|  bd_smoke_i/zynq_ultra_ps_e_0/U0/pl_clk0 | bd_smoke_i/add_axi_0/U0/CTRL_s_axi_U/int_b                                                                                                          | bd_smoke_i/rst_ps8_0_177M/U0/peripheral_aresetn[0]                                                                                 |                7 |             16 |         2.29 |
|  bd_smoke_i/zynq_ultra_ps_e_0/U0/pl_clk0 | bd_smoke_i/add_axi_0/U0/CTRL_s_axi_U/int_a                                                                                                          | bd_smoke_i/rst_ps8_0_177M/U0/peripheral_aresetn[0]                                                                                 |                7 |             16 |         2.29 |
|  bd_smoke_i/zynq_ultra_ps_e_0/U0/pl_clk0 | bd_smoke_i/ps8_0_axi_periph/s00_couplers/auto_pc/inst/gen_axilite.gen_b2s_conv.axilite_b2s/SI_REG/b.b_pipe/p_1_in                                   |                                                                                                                                    |                4 |             16 |         4.00 |
|  bd_smoke_i/zynq_ultra_ps_e_0/U0/pl_clk0 | bd_smoke_i/ps8_0_axi_periph/s00_couplers/auto_pc/inst/gen_axilite.gen_b2s_conv.axilite_b2s/SI_REG/b.b_pipe/s_ready_i_reg_0                          |                                                                                                                                    |                4 |             16 |         4.00 |
|  bd_smoke_i/zynq_ultra_ps_e_0/U0/pl_clk0 | bd_smoke_i/ps8_0_axi_periph/s00_couplers/auto_pc/inst/gen_axilite.gen_b2s_conv.axilite_b2s/RD.r_channel_0/rd_data_fifo_0/wr_en0                     |                                                                                                                                    |                2 |             16 |         8.00 |
|  bd_smoke_i/zynq_ultra_ps_e_0/U0/pl_clk0 | bd_smoke_i/add_axi_0/U0/CTRL_s_axi_U/ap_done                                                                                                        | bd_smoke_i/rst_ps8_0_177M/U0/peripheral_aresetn[0]                                                                                 |                2 |             16 |         8.00 |
|  bd_smoke_i/zynq_ultra_ps_e_0/U0/pl_clk0 | bd_smoke_i/ps8_0_axi_periph/s00_couplers/auto_pc/inst/gen_axilite.gen_b2s_conv.axilite_b2s/RD.r_channel_0/r_push_r                                  |                                                                                                                                    |                3 |             17 |         5.67 |
|  bd_smoke_i/zynq_ultra_ps_e_0/U0/pl_clk0 |                                                                                                                                                     | bd_smoke_i/rst_ps8_0_177M/U0/peripheral_aresetn[0]                                                                                 |                6 |             18 |         3.00 |
|  bd_smoke_i/zynq_ultra_ps_e_0/U0/pl_clk0 | bd_smoke_i/ps8_0_axi_periph/s00_couplers/auto_pc/inst/gen_axilite.gen_b2s_conv.axilite_b2s/RD.ar_channel_0/ar_cmd_fsm_0/m_valid_i_reg[0]            |                                                                                                                                    |                8 |             18 |         2.25 |
|  bd_smoke_i/zynq_ultra_ps_e_0/U0/pl_clk0 | bd_smoke_i/ps8_0_axi_periph/s00_couplers/auto_pc/inst/gen_axilite.gen_b2s_conv.axilite_b2s/WR.aw_channel_0/aw_cmd_fsm_0/m_valid_i_reg[0]            |                                                                                                                                    |                7 |             18 |         2.57 |
|  bd_smoke_i/zynq_ultra_ps_e_0/U0/pl_clk0 | bd_smoke_i/ps8_0_axi_periph/s00_couplers/auto_pc/inst/gen_axilite.gen_b2s_conv.axilite_b2s/WR.aw_channel_0/aw_cmd_fsm_0/cnt_read_reg[0]             |                                                                                                                                    |                2 |             24 |        12.00 |
|  bd_smoke_i/zynq_ultra_ps_e_0/U0/pl_clk0 | bd_smoke_i/ps8_0_axi_periph/s00_couplers/auto_pc/inst/gen_axilite.gen_b2s_conv.axilite_b2s/SI_REG/r.r_pipe/p_1_in                                   |                                                                                                                                    |                6 |             33 |         5.50 |
|  bd_smoke_i/zynq_ultra_ps_e_0/U0/pl_clk0 | bd_smoke_i/ps8_0_axi_periph/s00_couplers/auto_pc/inst/gen_axilite.gen_b2s_conv.axilite_b2s/SI_REG/r.r_pipe/si_rs_rready                             |                                                                                                                                    |                6 |             33 |         5.50 |
|  bd_smoke_i/zynq_ultra_ps_e_0/U0/pl_clk0 | bd_smoke_i/ps8_0_axi_periph/s00_couplers/auto_pc/inst/gen_axilite.gen_b2s_conv.axilite_b2s/SI_REG/ar.ar_pipe/s_ready_i_reg_0                        |                                                                                                                                    |               11 |             35 |         3.18 |
|  bd_smoke_i/zynq_ultra_ps_e_0/U0/pl_clk0 | bd_smoke_i/ps8_0_axi_periph/s00_couplers/auto_pc/inst/gen_axilite.gen_b2s_conv.axilite_b2s/RD.ar_channel_0/ar_cmd_fsm_0/m_valid_i_reg_0[0]          |                                                                                                                                    |               10 |             35 |         3.50 |
|  bd_smoke_i/zynq_ultra_ps_e_0/U0/pl_clk0 | bd_smoke_i/ps8_0_axi_periph/s00_couplers/auto_pc/inst/gen_axilite.gen_b2s_conv.axilite_b2s/SI_REG/aw.aw_pipe/s_ready_i_reg_0                        |                                                                                                                                    |                8 |             35 |         4.38 |
|  bd_smoke_i/zynq_ultra_ps_e_0/U0/pl_clk0 | bd_smoke_i/ps8_0_axi_periph/s00_couplers/auto_pc/inst/gen_axilite.gen_b2s_conv.axilite_b2s/WR.aw_channel_0/aw_cmd_fsm_0/m_valid_i_reg_0[0]          |                                                                                                                                    |                8 |             35 |         4.38 |
|  bd_smoke_i/zynq_ultra_ps_e_0/U0/pl_clk0 |                                                                                                                                                     |                                                                                                                                    |               39 |            123 |         3.15 |
+------------------------------------------+-----------------------------------------------------------------------------------------------------------------------------------------------------+------------------------------------------------------------------------------------------------------------------------------------+------------------+----------------+--------------+


