#-----------------------------------------------------------
# Vivado v2024.2 (64-bit)
# SW Build 5239630 on Fri Nov 08 22:35:27 MST 2024
# IP Build 5239520 on Sun Nov 10 16:12:51 MST 2024
# SharedData Build 5239561 on Fri Nov 08 14:39:27 MST 2024
# Start of session at: Wed Mar 18 23:29:46 2026
# Process ID         : 460
# Current directory  : C:/Users/OmilosNeonTexn/Desktop/fpga_cnn_hls4ml/hls_smoke/project_1/project_1.runs/impl_1
# Command line       : vivado.exe -log bd_smoke_wrapper.vdi -applog -product Vivado -messageDb vivado.pb -mode batch -source bd_smoke_wrapper.tcl -notrace
# Log file           : C:/Users/OmilosNeonTexn/Desktop/fpga_cnn_hls4ml/hls_smoke/project_1/project_1.runs/impl_1/bd_smoke_wrapper.vdi
# Journal file       : C:/Users/OmilosNeonTexn/Desktop/fpga_cnn_hls4ml/hls_smoke/project_1/project_1.runs/impl_1\vivado.jou
# Running On         : DESKTOP-PV75K48
# Platform           : Windows Server 2016 or Windows 10
# Operating System   : 19045
# Processor Detail   : Intel(R) Core(TM) i7-2600S CPU @ 2.80GHz
# CPU Frequency      : 2794 MHz
# CPU Physical cores : 4
# CPU Logical cores  : 8
# Host memory        : 6330 MB
# Swap memory        : 16053 MB
# Total Virtual      : 22384 MB
# Available Virtual  : 16788 MB
#-----------------------------------------------------------
source bd_smoke_wrapper.tcl -notrace
