Copyright 1986-2022 Xilinx, Inc. All Rights Reserved. Copyright 2022-2024 Advanced Micro Devices, Inc. All Rights Reserved.
--------------------------------------------------------------------------------------------------------------------------------------------------------------------------------------------------------------------------------------
| Tool Version      : Vivado v.2024.1.2 (win64) Build 5164865 Thu Sep  5 14:37:11 MDT 2024
| Date              : Thu Mar  5 02:28:56 2026
| Host              : DESKTOP-0NKI8SO running 64-bit major release  (build 9200)
| Command           : report_timing_summary -max_paths 10 -report_unconstrained -file bd_0_wrapper_timing_summary_routed.rpt -pb bd_0_wrapper_timing_summary_routed.pb -rpx bd_0_wrapper_timing_summary_routed.rpx -warn_on_violation
| Design            : bd_0_wrapper
| Device            : xczu7ev-ffvc1156
| Speed File        : -2  PRODUCTION 1.30 05-15-2022
| Design State      : Routed
| Temperature Grade : E
--------------------------------------------------------------------------------------------------------------------------------------------------------------------------------------------------------------------------------------

Timing Summary Report

------------------------------------------------------------------------------------------------
| Timer Settings
| --------------
------------------------------------------------------------------------------------------------

  Enable Multi Corner Analysis               :  Yes
  Enable Pessimism Removal                   :  Yes
  Pessimism Removal Resolution               :  Nearest Common Node
  Enable Input Delay Default Clock           :  No
  Enable Preset / Clear Arcs                 :  No
  Disable Flight Delays                      :  No
  Ignore I/O Paths                           :  No
  Timing Early Launch at Borrowing Latches   :  No
  Borrow Time for Max Delay Exceptions       :  Yes
  Merge Timing Exceptions                    :  Yes
  Inter-SLR Compensation                     :  Conservative

  Corner  Analyze    Analyze    
  Name    Max Paths  Min Paths  
  ------  ---------  ---------  
  Slow    Yes        Yes        
  Fast    Yes        Yes        


------------------------------------------------------------------------------------------------
| Report Methodology
| ------------------
------------------------------------------------------------------------------------------------

Rule       Severity          Description                  Violations  
---------  ----------------  ---------------------------  ----------  
TIMING-17  Critical Warning  Non-clocked sequential cell  84          

Note: This report is based on the most recent report_methodology run and may not be up-to-date. Run report_methodology on the current design for the latest report.



check_timing report

Table of Contents
-----------------
1. checking no_clock (84)
2. checking constant_clock (0)
3. checking pulse_width_clock (0)
4. checking unconstrained_internal_endpoints (229)
5. checking no_input_delay (0)
6. checking no_output_delay (0)
7. checking multiple_clock (0)
8. checking generated_clocks (0)
9. checking loops (0)
10. checking partial_input_delay (55)
11. checking partial_output_delay (0)
12. checking latch_loops (0)

1. checking no_clock (84)
-------------------------
 There are 84 register/latch pins with no clock driven by root clock pin: ap_clk (HIGH)


2. checking constant_clock (0)
------------------------------
 There are 0 register/latch pins with constant_clock.


3. checking pulse_width_clock (0)
---------------------------------
 There are 0 register/latch pins which need pulse_width check


4. checking unconstrained_internal_endpoints (229)
--------------------------------------------------
 There are 229 pins that are not constrained for maximum delay. (HIGH)

 There are 0 pins that are not constrained for maximum delay due to constant clock.


5. checking no_input_delay (0)
------------------------------
 There are 0 input ports with no input delay specified.

 There are 0 input ports with no input delay but user has a false path constraint.


6. checking no_output_delay (0)
-------------------------------
 There are 0 ports with no output delay specified.

 There are 0 ports with no output delay but user has a false path constraint

 There are 0 ports with no output delay but with a timing clock defined on it or propagating through it


7. checking multiple_clock (0)
------------------------------
 There are 0 register/latch pins with multiple clocks.


8. checking generated_clocks (0)
--------------------------------
 There are 0 generated clocks that are not connected to a clock source.


9. checking loops (0)
---------------------
 There are 0 combinational loops in the design.


10. checking partial_input_delay (55)
-------------------------------------
 There are 55 input ports with partial input delay specified. (HIGH)


11. checking partial_output_delay (0)
-------------------------------------
 There are 0 ports with partial output delay specified.


12. checking latch_loops (0)
----------------------------
 There are 0 combinational latch loops in the design through latch input



------------------------------------------------------------------------------------------------
| Design Timing Summary
| ---------------------
------------------------------------------------------------------------------------------------

    WNS(ns)      TNS(ns)  TNS Failing Endpoints  TNS Total Endpoints      WHS(ns)      THS(ns)  THS Failing Endpoints  THS Total Endpoints     WPWS(ns)     TPWS(ns)  TPWS Failing Endpoints  TPWS Total Endpoints  
    -------      -------  ---------------------  -------------------      -------      -------  ---------------------  -------------------     --------     --------  ----------------------  --------------------  
        inf        0.000                      0                  251          inf        0.000                      0                  251           NA           NA                      NA                    NA  


All user specified timing constraints are met.


------------------------------------------------------------------------------------------------
| Clock Summary
| -------------
------------------------------------------------------------------------------------------------


------------------------------------------------------------------------------------------------
| Intra Clock Table
| -----------------
------------------------------------------------------------------------------------------------

Clock             WNS(ns)      TNS(ns)  TNS Failing Endpoints  TNS Total Endpoints      WHS(ns)      THS(ns)  THS Failing Endpoints  THS Total Endpoints     WPWS(ns)     TPWS(ns)  TPWS Failing Endpoints  TPWS Total Endpoints  
-----             -------      -------  ---------------------  -------------------      -------      -------  ---------------------  -------------------     --------     --------  ----------------------  --------------------  


------------------------------------------------------------------------------------------------
| Inter Clock Table
| -----------------
------------------------------------------------------------------------------------------------

From Clock    To Clock          WNS(ns)      TNS(ns)  TNS Failing Endpoints  TNS Total Endpoints      WHS(ns)      THS(ns)  THS Failing Endpoints  THS Total Endpoints  
----------    --------          -------      -------  ---------------------  -------------------      -------      -------  ---------------------  -------------------  


------------------------------------------------------------------------------------------------
| Other Path Groups Table
| -----------------------
------------------------------------------------------------------------------------------------

Path Group    From Clock    To Clock          WNS(ns)      TNS(ns)  TNS Failing Endpoints  TNS Total Endpoints      WHS(ns)      THS(ns)  THS Failing Endpoints  THS Total Endpoints  
----------    ----------    --------          -------      -------  ---------------------  -------------------      -------      -------  ---------------------  -------------------  


------------------------------------------------------------------------------------------------
| User Ignored Path Table
| -----------------------
------------------------------------------------------------------------------------------------

Path Group    From Clock    To Clock    
----------    ----------    --------    


------------------------------------------------------------------------------------------------
| Unconstrained Path Table
| ------------------------
------------------------------------------------------------------------------------------------

Path Group    From Clock    To Clock    
----------    ----------    --------    
(none)                                    


------------------------------------------------------------------------------------------------
| Timing Details
| --------------
------------------------------------------------------------------------------------------------


--------------------------------------------------------------------------------------
Path Group:  (none)
From Clock:  
  To Clock:  

Max Delay           251 Endpoints
Min Delay           251 Endpoints
--------------------------------------------------------------------------------------


Max Delay Paths
--------------------------------------------------------------------------------------
Slack:                    inf
  Source:                 bd_0_i/hls_inst/U0/CTRL_s_axi_U/FSM_onehot_wstate_reg[2]/C
                            (rising edge-triggered cell FDRE)
  Destination:            bd_0_i/hls_inst/U0/CTRL_s_axi_U/int_b_reg[1]/CE
  Path Group:             (none)
  Path Type:              Max at Slow Process Corner
  Data Path Delay:        0.942ns  (logic 0.132ns (14.011%)  route 0.810ns (85.989%))
  Logic Levels:           2  (FDRE=1 LUT6=1)

    Location             Delay type                Incr(ns)  Path(ns)    Netlist Resource(s)
  -------------------------------------------------------------------    -------------------
    SLICE_X54Y185        FDRE                         0.000     0.000 r  bd_0_i/hls_inst/U0/CTRL_s_axi_U/FSM_onehot_wstate_reg[2]/C
    SLICE_X54Y185        FDRE (Prop_BFF2_SLICEM_C_Q)
                                                      0.080     0.080 r  bd_0_i/hls_inst/U0/CTRL_s_axi_U/FSM_onehot_wstate_reg[2]/Q
                         net (fo=9, routed)           0.285     0.365    bd_0_i/hls_inst/U0/CTRL_s_axi_U/FSM_onehot_wstate_reg[2]_0
    SLICE_X54Y185        LUT6 (Prop_G6LUT_SLICEM_I0_O)
                                                      0.052     0.417 r  bd_0_i/hls_inst/U0/CTRL_s_axi_U/int_b[15]_i_1/O
                         net (fo=16, routed)          0.525     0.942    bd_0_i/hls_inst/U0/CTRL_s_axi_U/int_b
    SLICE_X50Y184        FDRE                                         r  bd_0_i/hls_inst/U0/CTRL_s_axi_U/int_b_reg[1]/CE
  -------------------------------------------------------------------    -------------------

Slack:                    inf
  Source:                 bd_0_i/hls_inst/U0/CTRL_s_axi_U/FSM_onehot_wstate_reg[2]/C
                            (rising edge-triggered cell FDRE)
  Destination:            bd_0_i/hls_inst/U0/CTRL_s_axi_U/int_b_reg[2]/CE
  Path Group:             (none)
  Path Type:              Max at Slow Process Corner
  Data Path Delay:        0.942ns  (logic 0.132ns (14.011%)  route 0.810ns (85.989%))
  Logic Levels:           2  (FDRE=1 LUT6=1)

    Location             Delay type                Incr(ns)  Path(ns)    Netlist Resource(s)
  -------------------------------------------------------------------    -------------------
    SLICE_X54Y185        FDRE                         0.000     0.000 r  bd_0_i/hls_inst/U0/CTRL_s_axi_U/FSM_onehot_wstate_reg[2]/C
    SLICE_X54Y185        FDRE (Prop_BFF2_SLICEM_C_Q)
                                                      0.080     0.080 r  bd_0_i/hls_inst/U0/CTRL_s_axi_U/FSM_onehot_wstate_reg[2]/Q
                         net (fo=9, routed)           0.285     0.365    bd_0_i/hls_inst/U0/CTRL_s_axi_U/FSM_onehot_wstate_reg[2]_0
    SLICE_X54Y185        LUT6 (Prop_G6LUT_SLICEM_I0_O)
                                                      0.052     0.417 r  bd_0_i/hls_inst/U0/CTRL_s_axi_U/int_b[15]_i_1/O
                         net (fo=16, routed)          0.525     0.942    bd_0_i/hls_inst/U0/CTRL_s_axi_U/int_b
    SLICE_X50Y184        FDRE                                         r  bd_0_i/hls_inst/U0/CTRL_s_axi_U/int_b_reg[2]/CE
  -------------------------------------------------------------------    -------------------

Slack:                    inf
  Source:                 bd_0_i/hls_inst/U0/CTRL_s_axi_U/FSM_onehot_wstate_reg[2]/C
                            (rising edge-triggered cell FDRE)
  Destination:            bd_0_i/hls_inst/U0/CTRL_s_axi_U/int_b_reg[11]/CE
  Path Group:             (none)
  Path Type:              Max at Slow Process Corner
  Data Path Delay:        0.938ns  (logic 0.132ns (14.070%)  route 0.806ns (85.930%))
  Logic Levels:           2  (FDRE=1 LUT6=1)

    Location             Delay type                Incr(ns)  Path(ns)    Netlist Resource(s)
  -------------------------------------------------------------------    -------------------
    SLICE_X54Y185        FDRE                         0.000     0.000 r  bd_0_i/hls_inst/U0/CTRL_s_axi_U/FSM_onehot_wstate_reg[2]/C
    SLICE_X54Y185        FDRE (Prop_BFF2_SLICEM_C_Q)
                                                      0.080     0.080 r  bd_0_i/hls_inst/U0/CTRL_s_axi_U/FSM_onehot_wstate_reg[2]/Q
                         net (fo=9, routed)           0.285     0.365    bd_0_i/hls_inst/U0/CTRL_s_axi_U/FSM_onehot_wstate_reg[2]_0
    SLICE_X54Y185        LUT6 (Prop_G6LUT_SLICEM_I0_O)
                                                      0.052     0.417 r  bd_0_i/hls_inst/U0/CTRL_s_axi_U/int_b[15]_i_1/O
                         net (fo=16, routed)          0.521     0.938    bd_0_i/hls_inst/U0/CTRL_s_axi_U/int_b
    SLICE_X51Y184        FDRE                                         r  bd_0_i/hls_inst/U0/CTRL_s_axi_U/int_b_reg[11]/CE
  -------------------------------------------------------------------    -------------------

Slack:                    inf
  Source:                 bd_0_i/hls_inst/U0/CTRL_s_axi_U/FSM_onehot_wstate_reg[2]/C
                            (rising edge-triggered cell FDRE)
  Destination:            bd_0_i/hls_inst/U0/CTRL_s_axi_U/int_b_reg[13]/CE
  Path Group:             (none)
  Path Type:              Max at Slow Process Corner
  Data Path Delay:        0.938ns  (logic 0.132ns (14.070%)  route 0.806ns (85.930%))
  Logic Levels:           2  (FDRE=1 LUT6=1)

    Location             Delay type                Incr(ns)  Path(ns)    Netlist Resource(s)
  -------------------------------------------------------------------    -------------------
    SLICE_X54Y185        FDRE                         0.000     0.000 r  bd_0_i/hls_inst/U0/CTRL_s_axi_U/FSM_onehot_wstate_reg[2]/C
    SLICE_X54Y185        FDRE (Prop_BFF2_SLICEM_C_Q)
                                                      0.080     0.080 r  bd_0_i/hls_inst/U0/CTRL_s_axi_U/FSM_onehot_wstate_reg[2]/Q
                         net (fo=9, routed)           0.285     0.365    bd_0_i/hls_inst/U0/CTRL_s_axi_U/FSM_onehot_wstate_reg[2]_0
    SLICE_X54Y185        LUT6 (Prop_G6LUT_SLICEM_I0_O)
                                                      0.052     0.417 r  bd_0_i/hls_inst/U0/CTRL_s_axi_U/int_b[15]_i_1/O
                         net (fo=16, routed)          0.521     0.938    bd_0_i/hls_inst/U0/CTRL_s_axi_U/int_b
    SLICE_X51Y184        FDRE                                         r  bd_0_i/hls_inst/U0/CTRL_s_axi_U/int_b_reg[13]/CE
  -------------------------------------------------------------------    -------------------

Slack:                    inf
  Source:                 bd_0_i/hls_inst/U0/CTRL_s_axi_U/FSM_onehot_wstate_reg[2]/C
                            (rising edge-triggered cell FDRE)
  Destination:            bd_0_i/hls_inst/U0/CTRL_s_axi_U/int_b_reg[14]/CE
  Path Group:             (none)
  Path Type:              Max at Slow Process Corner
  Data Path Delay:        0.938ns  (logic 0.132ns (14.070%)  route 0.806ns (85.930%))
  Logic Levels:           2  (FDRE=1 LUT6=1)

    Location             Delay type                Incr(ns)  Path(ns)    Netlist Resource(s)
  -------------------------------------------------------------------    -------------------
    SLICE_X54Y185        FDRE                         0.000     0.000 r  bd_0_i/hls_inst/U0/CTRL_s_axi_U/FSM_onehot_wstate_reg[2]/C
    SLICE_X54Y185        FDRE (Prop_BFF2_SLICEM_C_Q)
                                                      0.080     0.080 r  bd_0_i/hls_inst/U0/CTRL_s_axi_U/FSM_onehot_wstate_reg[2]/Q
                         net (fo=9, routed)           0.285     0.365    bd_0_i/hls_inst/U0/CTRL_s_axi_U/FSM_onehot_wstate_reg[2]_0
    SLICE_X54Y185        LUT6 (Prop_G6LUT_SLICEM_I0_O)
                                                      0.052     0.417 r  bd_0_i/hls_inst/U0/CTRL_s_axi_U/int_b[15]_i_1/O
                         net (fo=16, routed)          0.521     0.938    bd_0_i/hls_inst/U0/CTRL_s_axi_U/int_b
    SLICE_X51Y184        FDRE                                         r  bd_0_i/hls_inst/U0/CTRL_s_axi_U/int_b_reg[14]/CE
  -------------------------------------------------------------------    -------------------

Slack:                    inf
  Source:                 bd_0_i/hls_inst/U0/CTRL_s_axi_U/FSM_onehot_rstate_reg[1]/C
                            (rising edge-triggered cell FDRE)
  Destination:            bd_0_i/hls_inst/U0/CTRL_s_axi_U/rdata_data_reg[0]/D
  Path Group:             (none)
  Path Type:              Max at Slow Process Corner
  Data Path Delay:        0.930ns  (logic 0.277ns (29.772%)  route 0.653ns (70.228%))
  Logic Levels:           3  (FDRE=1 LUT2=1 LUT6=1)

    Location             Delay type                Incr(ns)  Path(ns)    Netlist Resource(s)
  -------------------------------------------------------------------    -------------------
    SLICE_X51Y182        FDRE                         0.000     0.000 r  bd_0_i/hls_inst/U0/CTRL_s_axi_U/FSM_onehot_rstate_reg[1]/C
    SLICE_X51Y182        FDRE (Prop_DFF_SLICEL_C_Q)
                                                      0.079     0.079 r  bd_0_i/hls_inst/U0/CTRL_s_axi_U/FSM_onehot_rstate_reg[1]/Q
                         net (fo=6, routed)           0.069     0.148    bd_0_i/hls_inst/U0/CTRL_s_axi_U/FSM_onehot_rstate_reg[1]_0
    SLICE_X51Y182        LUT2 (Prop_E6LUT_SLICEL_I1_O)
                                                      0.147     0.295 r  bd_0_i/hls_inst/U0/CTRL_s_axi_U/rdata_data[15]_i_2/O
                         net (fo=17, routed)          0.533     0.828    bd_0_i/hls_inst/U0/CTRL_s_axi_U/ar_hs
    SLICE_X52Y183        LUT6 (Prop_H6LUT_SLICEL_I4_O)
                                                      0.051     0.879 r  bd_0_i/hls_inst/U0/CTRL_s_axi_U/rdata_data[0]_i_1/O
                         net (fo=1, routed)           0.051     0.930    bd_0_i/hls_inst/U0/CTRL_s_axi_U/rdata_data[0]_i_1_n_0
    SLICE_X52Y183        FDRE                                         r  bd_0_i/hls_inst/U0/CTRL_s_axi_U/rdata_data_reg[0]/D
  -------------------------------------------------------------------    -------------------

Slack:                    inf
  Source:                 bd_0_i/hls_inst/U0/CTRL_s_axi_U/FSM_onehot_wstate_reg[2]/C
                            (rising edge-triggered cell FDRE)
  Destination:            bd_0_i/hls_inst/U0/CTRL_s_axi_U/int_b_reg[12]/CE
  Path Group:             (none)
  Path Type:              Max at Slow Process Corner
  Data Path Delay:        0.928ns  (logic 0.132ns (14.227%)  route 0.796ns (85.773%))
  Logic Levels:           2  (FDRE=1 LUT6=1)

    Location             Delay type                Incr(ns)  Path(ns)    Netlist Resource(s)
  -------------------------------------------------------------------    -------------------
    SLICE_X54Y185        FDRE                         0.000     0.000 r  bd_0_i/hls_inst/U0/CTRL_s_axi_U/FSM_onehot_wstate_reg[2]/C
    SLICE_X54Y185        FDRE (Prop_BFF2_SLICEM_C_Q)
                                                      0.080     0.080 r  bd_0_i/hls_inst/U0/CTRL_s_axi_U/FSM_onehot_wstate_reg[2]/Q
                         net (fo=9, routed)           0.285     0.365    bd_0_i/hls_inst/U0/CTRL_s_axi_U/FSM_onehot_wstate_reg[2]_0
    SLICE_X54Y185        LUT6 (Prop_G6LUT_SLICEM_I0_O)
                                                      0.052     0.417 r  bd_0_i/hls_inst/U0/CTRL_s_axi_U/int_b[15]_i_1/O
                         net (fo=16, routed)          0.511     0.928    bd_0_i/hls_inst/U0/CTRL_s_axi_U/int_b
    SLICE_X51Y183        FDRE                                         r  bd_0_i/hls_inst/U0/CTRL_s_axi_U/int_b_reg[12]/CE
  -------------------------------------------------------------------    -------------------

Slack:                    inf
  Source:                 bd_0_i/hls_inst/U0/CTRL_s_axi_U/FSM_onehot_wstate_reg[2]/C
                            (rising edge-triggered cell FDRE)
  Destination:            bd_0_i/hls_inst/U0/CTRL_s_axi_U/int_b_reg[3]/CE
  Path Group:             (none)
  Path Type:              Max at Slow Process Corner
  Data Path Delay:        0.928ns  (logic 0.132ns (14.227%)  route 0.796ns (85.773%))
  Logic Levels:           2  (FDRE=1 LUT6=1)

    Location             Delay type                Incr(ns)  Path(ns)    Netlist Resource(s)
  -------------------------------------------------------------------    -------------------
    SLICE_X54Y185        FDRE                         0.000     0.000 r  bd_0_i/hls_inst/U0/CTRL_s_axi_U/FSM_onehot_wstate_reg[2]/C
    SLICE_X54Y185        FDRE (Prop_BFF2_SLICEM_C_Q)
                                                      0.080     0.080 r  bd_0_i/hls_inst/U0/CTRL_s_axi_U/FSM_onehot_wstate_reg[2]/Q
                         net (fo=9, routed)           0.285     0.365    bd_0_i/hls_inst/U0/CTRL_s_axi_U/FSM_onehot_wstate_reg[2]_0
    SLICE_X54Y185        LUT6 (Prop_G6LUT_SLICEM_I0_O)
                                                      0.052     0.417 r  bd_0_i/hls_inst/U0/CTRL_s_axi_U/int_b[15]_i_1/O
                         net (fo=16, routed)          0.511     0.928    bd_0_i/hls_inst/U0/CTRL_s_axi_U/int_b
    SLICE_X51Y183        FDRE                                         r  bd_0_i/hls_inst/U0/CTRL_s_axi_U/int_b_reg[3]/CE
  -------------------------------------------------------------------    -------------------

Slack:                    inf
  Source:                 bd_0_i/hls_inst/U0/CTRL_s_axi_U/FSM_onehot_wstate_reg[2]/C
                            (rising edge-triggered cell FDRE)
  Destination:            bd_0_i/hls_inst/U0/CTRL_s_axi_U/int_b_reg[5]/CE
  Path Group:             (none)
  Path Type:              Max at Slow Process Corner
  Data Path Delay:        0.928ns  (logic 0.132ns (14.227%)  route 0.796ns (85.773%))
  Logic Levels:           2  (FDRE=1 LUT6=1)

    Location             Delay type                Incr(ns)  Path(ns)    Netlist Resource(s)
  -------------------------------------------------------------------    -------------------
    SLICE_X54Y185        FDRE                         0.000     0.000 r  bd_0_i/hls_inst/U0/CTRL_s_axi_U/FSM_onehot_wstate_reg[2]/C
    SLICE_X54Y185        FDRE (Prop_BFF2_SLICEM_C_Q)
                                                      0.080     0.080 r  bd_0_i/hls_inst/U0/CTRL_s_axi_U/FSM_onehot_wstate_reg[2]/Q
                         net (fo=9, routed)           0.285     0.365    bd_0_i/hls_inst/U0/CTRL_s_axi_U/FSM_onehot_wstate_reg[2]_0
    SLICE_X54Y185        LUT6 (Prop_G6LUT_SLICEM_I0_O)
                                                      0.052     0.417 r  bd_0_i/hls_inst/U0/CTRL_s_axi_U/int_b[15]_i_1/O
                         net (fo=16, routed)          0.511     0.928    bd_0_i/hls_inst/U0/CTRL_s_axi_U/int_b
    SLICE_X51Y183        FDRE                                         r  bd_0_i/hls_inst/U0/CTRL_s_axi_U/int_b_reg[5]/CE
  -------------------------------------------------------------------    -------------------

Slack:                    inf
  Source:                 bd_0_i/hls_inst/U0/CTRL_s_axi_U/FSM_onehot_wstate_reg[2]/C
                            (rising edge-triggered cell FDRE)
  Destination:            bd_0_i/hls_inst/U0/CTRL_s_axi_U/int_b_reg[6]/CE
  Path Group:             (none)
  Path Type:              Max at Slow Process Corner
  Data Path Delay:        0.928ns  (logic 0.132ns (14.227%)  route 0.796ns (85.773%))
  Logic Levels:           2  (FDRE=1 LUT6=1)

    Location             Delay type                Incr(ns)  Path(ns)    Netlist Resource(s)
  -------------------------------------------------------------------    -------------------
    SLICE_X54Y185        FDRE                         0.000     0.000 r  bd_0_i/hls_inst/U0/CTRL_s_axi_U/FSM_onehot_wstate_reg[2]/C
    SLICE_X54Y185        FDRE (Prop_BFF2_SLICEM_C_Q)
                                                      0.080     0.080 r  bd_0_i/hls_inst/U0/CTRL_s_axi_U/FSM_onehot_wstate_reg[2]/Q
                         net (fo=9, routed)           0.285     0.365    bd_0_i/hls_inst/U0/CTRL_s_axi_U/FSM_onehot_wstate_reg[2]_0
    SLICE_X54Y185        LUT6 (Prop_G6LUT_SLICEM_I0_O)
                                                      0.052     0.417 r  bd_0_i/hls_inst/U0/CTRL_s_axi_U/int_b[15]_i_1/O
                         net (fo=16, routed)          0.511     0.928    bd_0_i/hls_inst/U0/CTRL_s_axi_U/int_b
    SLICE_X51Y183        FDRE                                         r  bd_0_i/hls_inst/U0/CTRL_s_axi_U/int_b_reg[6]/CE
  -------------------------------------------------------------------    -------------------





Min Delay Paths
--------------------------------------------------------------------------------------
Slack:                    inf
  Source:                 s_axi_CTRL_awaddr[3]
                            (input port)
  Destination:            bd_0_i/hls_inst/U0/CTRL_s_axi_U/waddr_reg[3]/D
  Path Group:             (none)
  Path Type:              Min at Fast Process Corner
  Data Path Delay:        0.008ns  (logic 0.000ns (0.000%)  route 0.008ns (100.000%))
  Logic Levels:           0  

    Location             Delay type                Incr(ns)  Path(ns)    Netlist Resource(s)
  -------------------------------------------------------------------    -------------------
                                                      0.000     0.000 r  s_axi_CTRL_awaddr[3] (IN)
                         net (fo=0)                   0.008     0.008    bd_0_i/hls_inst/U0/CTRL_s_axi_U/s_axi_CTRL_AWADDR[1]
    SLICE_X54Y185        FDRE                                         r  bd_0_i/hls_inst/U0/CTRL_s_axi_U/waddr_reg[3]/D
  -------------------------------------------------------------------    -------------------

Slack:                    inf
  Source:                 s_axi_CTRL_awaddr[5]
                            (input port)
  Destination:            bd_0_i/hls_inst/U0/CTRL_s_axi_U/waddr_reg[5]/D
  Path Group:             (none)
  Path Type:              Min at Fast Process Corner
  Data Path Delay:        0.008ns  (logic 0.000ns (0.000%)  route 0.008ns (100.000%))
  Logic Levels:           0  

    Location             Delay type                Incr(ns)  Path(ns)    Netlist Resource(s)
  -------------------------------------------------------------------    -------------------
                                                      0.000     0.000 r  s_axi_CTRL_awaddr[5] (IN)
                         net (fo=0)                   0.008     0.008    bd_0_i/hls_inst/U0/CTRL_s_axi_U/s_axi_CTRL_AWADDR[3]
    SLICE_X54Y185        FDRE                                         r  bd_0_i/hls_inst/U0/CTRL_s_axi_U/waddr_reg[5]/D
  -------------------------------------------------------------------    -------------------

Slack:                    inf
  Source:                 ap_rst_n
                            (input port)
  Destination:            bd_0_i/hls_inst/U0/CTRL_s_axi_U/FSM_onehot_rstate_reg[1]/R
  Path Group:             (none)
  Path Type:              Min at Fast Process Corner
  Data Path Delay:        0.009ns  (logic 0.000ns (0.000%)  route 0.009ns (100.000%))
  Logic Levels:           0  

    Location             Delay type                Incr(ns)  Path(ns)    Netlist Resource(s)
  -------------------------------------------------------------------    -------------------
                                                      0.000     0.000 f  ap_rst_n (IN)
                         net (fo=63, unset)           0.009     0.009    bd_0_i/hls_inst/U0/CTRL_s_axi_U/ap_rst_n
    SLICE_X51Y182        FDRE                                         r  bd_0_i/hls_inst/U0/CTRL_s_axi_U/FSM_onehot_rstate_reg[1]/R  (IS_INVERTED)
  -------------------------------------------------------------------    -------------------

Slack:                    inf
  Source:                 ap_rst_n
                            (input port)
  Destination:            bd_0_i/hls_inst/U0/CTRL_s_axi_U/FSM_onehot_rstate_reg[2]/R
  Path Group:             (none)
  Path Type:              Min at Fast Process Corner
  Data Path Delay:        0.009ns  (logic 0.000ns (0.000%)  route 0.009ns (100.000%))
  Logic Levels:           0  

    Location             Delay type                Incr(ns)  Path(ns)    Netlist Resource(s)
  -------------------------------------------------------------------    -------------------
                                                      0.000     0.000 f  ap_rst_n (IN)
                         net (fo=63, unset)           0.009     0.009    bd_0_i/hls_inst/U0/CTRL_s_axi_U/ap_rst_n
    SLICE_X51Y182        FDRE                                         r  bd_0_i/hls_inst/U0/CTRL_s_axi_U/FSM_onehot_rstate_reg[2]/R  (IS_INVERTED)
  -------------------------------------------------------------------    -------------------

Slack:                    inf
  Source:                 ap_rst_n
                            (input port)
  Destination:            bd_0_i/hls_inst/U0/CTRL_s_axi_U/auto_restart_status_reg/R
  Path Group:             (none)
  Path Type:              Min at Fast Process Corner
  Data Path Delay:        0.009ns  (logic 0.000ns (0.000%)  route 0.009ns (100.000%))
  Logic Levels:           0  

    Location             Delay type                Incr(ns)  Path(ns)    Netlist Resource(s)
  -------------------------------------------------------------------    -------------------
                                                      0.000     0.000 f  ap_rst_n (IN)
                         net (fo=63, unset)           0.009     0.009    bd_0_i/hls_inst/U0/CTRL_s_axi_U/ap_rst_n
    SLICE_X51Y182        FDRE                                         r  bd_0_i/hls_inst/U0/CTRL_s_axi_U/auto_restart_status_reg/R  (IS_INVERTED)
  -------------------------------------------------------------------    -------------------

Slack:                    inf
  Source:                 ap_rst_n
                            (input port)
  Destination:            bd_0_i/hls_inst/U0/CTRL_s_axi_U/int_a_reg[0]/R
  Path Group:             (none)
  Path Type:              Min at Fast Process Corner
  Data Path Delay:        0.009ns  (logic 0.000ns (0.000%)  route 0.009ns (100.000%))
  Logic Levels:           0  

    Location             Delay type                Incr(ns)  Path(ns)    Netlist Resource(s)
  -------------------------------------------------------------------    -------------------
                                                      0.000     0.000 f  ap_rst_n (IN)
                         net (fo=63, unset)           0.009     0.009    bd_0_i/hls_inst/U0/CTRL_s_axi_U/ap_rst_n
    SLICE_X52Y185        FDRE                                         r  bd_0_i/hls_inst/U0/CTRL_s_axi_U/int_a_reg[0]/R  (IS_INVERTED)
  -------------------------------------------------------------------    -------------------

Slack:                    inf
  Source:                 ap_rst_n
                            (input port)
  Destination:            bd_0_i/hls_inst/U0/CTRL_s_axi_U/int_a_reg[11]/R
  Path Group:             (none)
  Path Type:              Min at Fast Process Corner
  Data Path Delay:        0.009ns  (logic 0.000ns (0.000%)  route 0.009ns (100.000%))
  Logic Levels:           0  

    Location             Delay type                Incr(ns)  Path(ns)    Netlist Resource(s)
  -------------------------------------------------------------------    -------------------
                                                      0.000     0.000 f  ap_rst_n (IN)
                         net (fo=63, unset)           0.009     0.009    bd_0_i/hls_inst/U0/CTRL_s_axi_U/ap_rst_n
    SLICE_X51Y184        FDRE                                         r  bd_0_i/hls_inst/U0/CTRL_s_axi_U/int_a_reg[11]/R  (IS_INVERTED)
  -------------------------------------------------------------------    -------------------

Slack:                    inf
  Source:                 ap_rst_n
                            (input port)
  Destination:            bd_0_i/hls_inst/U0/CTRL_s_axi_U/int_a_reg[12]/R
  Path Group:             (none)
  Path Type:              Min at Fast Process Corner
  Data Path Delay:        0.009ns  (logic 0.000ns (0.000%)  route 0.009ns (100.000%))
  Logic Levels:           0  

    Location             Delay type                Incr(ns)  Path(ns)    Netlist Resource(s)
  -------------------------------------------------------------------    -------------------
                                                      0.000     0.000 f  ap_rst_n (IN)
                         net (fo=63, unset)           0.009     0.009    bd_0_i/hls_inst/U0/CTRL_s_axi_U/ap_rst_n
    SLICE_X51Y183        FDRE                                         r  bd_0_i/hls_inst/U0/CTRL_s_axi_U/int_a_reg[12]/R  (IS_INVERTED)
  -------------------------------------------------------------------    -------------------

Slack:                    inf
  Source:                 ap_rst_n
                            (input port)
  Destination:            bd_0_i/hls_inst/U0/CTRL_s_axi_U/int_a_reg[13]/R
  Path Group:             (none)
  Path Type:              Min at Fast Process Corner
  Data Path Delay:        0.009ns  (logic 0.000ns (0.000%)  route 0.009ns (100.000%))
  Logic Levels:           0  

    Location             Delay type                Incr(ns)  Path(ns)    Netlist Resource(s)
  -------------------------------------------------------------------    -------------------
                                                      0.000     0.000 f  ap_rst_n (IN)
                         net (fo=63, unset)           0.009     0.009    bd_0_i/hls_inst/U0/CTRL_s_axi_U/ap_rst_n
    SLICE_X51Y184        FDRE                                         r  bd_0_i/hls_inst/U0/CTRL_s_axi_U/int_a_reg[13]/R  (IS_INVERTED)
  -------------------------------------------------------------------    -------------------

Slack:                    inf
  Source:                 ap_rst_n
                            (input port)
  Destination:            bd_0_i/hls_inst/U0/CTRL_s_axi_U/int_a_reg[14]/R
  Path Group:             (none)
  Path Type:              Min at Fast Process Corner
  Data Path Delay:        0.009ns  (logic 0.000ns (0.000%)  route 0.009ns (100.000%))
  Logic Levels:           0  

    Location             Delay type                Incr(ns)  Path(ns)    Netlist Resource(s)
  -------------------------------------------------------------------    -------------------
                                                      0.000     0.000 f  ap_rst_n (IN)
                         net (fo=63, unset)           0.009     0.009    bd_0_i/hls_inst/U0/CTRL_s_axi_U/ap_rst_n
    SLICE_X51Y184        FDRE                                         r  bd_0_i/hls_inst/U0/CTRL_s_axi_U/int_a_reg[14]/R  (IS_INVERTED)
  -------------------------------------------------------------------    -------------------





