Copyright 1986-2022 Xilinx, Inc. All Rights Reserved. Copyright 2022-2024 Advanced Micro Devices, Inc. All Rights Reserved.
---------------------------------------------------------------------------------------------------------------------------------------------
| Tool Version : Vivado v.2024.1.2 (win64) Build 5164865 Thu Sep  5 14:37:11 MDT 2024
| Date         : Thu Mar  5 02:27:53 2026
| Host         : DESKTOP-0NKI8SO running 64-bit major release  (build 9200)
| Command      : report_control_sets -verbose -file bd_0_wrapper_control_sets_placed.rpt
| Design       : bd_0_wrapper
| Device       : xczu7ev
---------------------------------------------------------------------------------------------------------------------------------------------

Control Set Information

Table of Contents
-----------------
1. Summary
2. Histogram
3. Flip-Flop Distribution
4. Detailed Control Set Information

1. Summary
----------

+----------------------------------------------------------+-------+
|                          Status                          | Count |
+----------------------------------------------------------+-------+
| Total control sets                                       |     7 |
|    Minimum number of control sets                        |     7 |
|    Addition due to synthesis replication                 |     0 |
|    Addition due to physical synthesis replication        |     0 |
| Unused register locations in slices containing registers |     4 |
+----------------------------------------------------------+-------+
* Control sets can be merged at opt_design using control_set_merge or merge_equivalent_drivers
** Run report_qor_suggestions for automated merging and remapping suggestions


2. Histogram
------------

+--------------------+-------+
|       Fanout       | Count |
+--------------------+-------+
| Total control sets |     7 |
| >= 0 to < 4        |     1 |
| >= 4 to < 6        |     1 |
| >= 6 to < 8        |     0 |
| >= 8 to < 10       |     0 |
| >= 10 to < 12      |     0 |
| >= 12 to < 14      |     0 |
| >= 14 to < 16      |     1 |
| >= 16              |     4 |
+--------------------+-------+
* Control sets can be remapped at either synth_design or opt_design


3. Flip-Flop Distribution
-------------------------

+--------------+-----------------------+------------------------+-----------------+--------------+
| Clock Enable | Synchronous Set/Reset | Asynchronous Set/Reset | Total Registers | Total Slices |
+--------------+-----------------------+------------------------+-----------------+--------------+
| No           | No                    | No                     |               1 |            1 |
| No           | No                    | Yes                    |               0 |            0 |
| No           | Yes                   | No                     |              16 |            5 |
| Yes          | No                    | No                     |               4 |            1 |
| Yes          | No                    | Yes                    |               0 |            0 |
| Yes          | Yes                   | No                     |              63 |           10 |
+--------------+-----------------------+------------------------+-----------------+--------------+


4. Detailed Control Set Information
-----------------------------------

+--------------+-----------------------------------------+--------------------------------------------------------+------------------+----------------+--------------+
| Clock Signal |              Enable Signal              |                    Set/Reset Signal                    | Slice Load Count | Bel Load Count | Bels / Slice |
+--------------+-----------------------------------------+--------------------------------------------------------+------------------+----------------+--------------+
|  ap_clk      |                                         |                                                        |                1 |              1 |         1.00 |
|  ap_clk      | bd_0_i/hls_inst/U0/CTRL_s_axi_U/waddr   |                                                        |                1 |              4 |         4.00 |
|  ap_clk      | bd_0_i/hls_inst/U0/CTRL_s_axi_U/ar_hs   | bd_0_i/hls_inst/U0/CTRL_s_axi_U/rdata_data[15]_i_1_n_0 |                8 |             15 |         1.88 |
|  ap_clk      |                                         | ap_rst_n                                               |                5 |             16 |         3.20 |
|  ap_clk      | bd_0_i/hls_inst/U0/CTRL_s_axi_U/int_a   | ap_rst_n                                               |                6 |             16 |         2.67 |
|  ap_clk      | bd_0_i/hls_inst/U0/CTRL_s_axi_U/int_b   | ap_rst_n                                               |                6 |             16 |         2.67 |
|  ap_clk      | bd_0_i/hls_inst/U0/CTRL_s_axi_U/ap_done | ap_rst_n                                               |                2 |             16 |         8.00 |
+--------------+-----------------------------------------+--------------------------------------------------------+------------------+----------------+--------------+


