Copyright 1986-2022 Xilinx, Inc. All Rights Reserved. Copyright 2022-2024 Advanced Micro Devices, Inc. All Rights Reserved.
--------------------------------------------------------------------------------------------------------------------------------------------------------------------------
| Tool Version : Vivado v.2024.1.2 (win64) Build 5164865 Thu Sep  5 14:37:11 MDT 2024
| Date         : Thu Mar  5 02:28:54 2026
| Host         : DESKTOP-0NKI8SO running 64-bit major release  (build 9200)
| Command      : report_methodology -file bd_0_wrapper_methodology_drc_routed.rpt -pb bd_0_wrapper_methodology_drc_routed.pb -rpx bd_0_wrapper_methodology_drc_routed.rpx
| Design       : bd_0_wrapper
| Device       : xczu7ev-ffvc1156-2-e
| Speed File   : -2
| Design State : Fully Routed
--------------------------------------------------------------------------------------------------------------------------------------------------------------------------

Report Methodology

Table of Contents
-----------------
1. REPORT SUMMARY
2. REPORT DETAILS

1. REPORT SUMMARY
-----------------
            Netlist: netlist
          Floorplan: checkpoint_bd_0_wrapper
      Design limits: <entire design considered>
             Max violations: <unlimited>
             Violations found: 84
+-----------+------------------+-----------------------------+------------+
| Rule      | Severity         | Description                 | Violations |
+-----------+------------------+-----------------------------+------------+
| TIMING-17 | Critical Warning | Non-clocked sequential cell | 84         |
+-----------+------------------+-----------------------------+------------+

2. REPORT DETAILS
-----------------
TIMING-17#1 Critical Warning
Non-clocked sequential cell  
The clock pin bd_0_i/hls_inst/U0/CTRL_s_axi_U/FSM_onehot_rstate_reg[1]/C is not reached by a timing clock
Related violations: <none>

TIMING-17#2 Critical Warning
Non-clocked sequential cell  
The clock pin bd_0_i/hls_inst/U0/CTRL_s_axi_U/FSM_onehot_rstate_reg[2]/C is not reached by a timing clock
Related violations: <none>

TIMING-17#3 Critical Warning
Non-clocked sequential cell  
The clock pin bd_0_i/hls_inst/U0/CTRL_s_axi_U/FSM_onehot_wstate_reg[1]/C is not reached by a timing clock
Related violations: <none>

TIMING-17#4 Critical Warning
Non-clocked sequential cell  
The clock pin bd_0_i/hls_inst/U0/CTRL_s_axi_U/FSM_onehot_wstate_reg[2]/C is not reached by a timing clock
Related violations: <none>

TIMING-17#5 Critical Warning
Non-clocked sequential cell  
The clock pin bd_0_i/hls_inst/U0/CTRL_s_axi_U/FSM_onehot_wstate_reg[3]/C is not reached by a timing clock
Related violations: <none>

TIMING-17#6 Critical Warning
Non-clocked sequential cell  
The clock pin bd_0_i/hls_inst/U0/CTRL_s_axi_U/auto_restart_status_reg/C is not reached by a timing clock
Related violations: <none>

TIMING-17#7 Critical Warning
Non-clocked sequential cell  
The clock pin bd_0_i/hls_inst/U0/CTRL_s_axi_U/int_a_reg[0]/C is not reached by a timing clock
Related violations: <none>

TIMING-17#8 Critical Warning
Non-clocked sequential cell  
The clock pin bd_0_i/hls_inst/U0/CTRL_s_axi_U/int_a_reg[10]/C is not reached by a timing clock
Related violations: <none>

TIMING-17#9 Critical Warning
Non-clocked sequential cell  
The clock pin bd_0_i/hls_inst/U0/CTRL_s_axi_U/int_a_reg[11]/C is not reached by a timing clock
Related violations: <none>

TIMING-17#10 Critical Warning
Non-clocked sequential cell  
The clock pin bd_0_i/hls_inst/U0/CTRL_s_axi_U/int_a_reg[12]/C is not reached by a timing clock
Related violations: <none>

TIMING-17#11 Critical Warning
Non-clocked sequential cell  
The clock pin bd_0_i/hls_inst/U0/CTRL_s_axi_U/int_a_reg[13]/C is not reached by a timing clock
Related violations: <none>

TIMING-17#12 Critical Warning
Non-clocked sequential cell  
The clock pin bd_0_i/hls_inst/U0/CTRL_s_axi_U/int_a_reg[14]/C is not reached by a timing clock
Related violations: <none>

TIMING-17#13 Critical Warning
Non-clocked sequential cell  
The clock pin bd_0_i/hls_inst/U0/CTRL_s_axi_U/int_a_reg[15]/C is not reached by a timing clock
Related violations: <none>

TIMING-17#14 Critical Warning
Non-clocked sequential cell  
The clock pin bd_0_i/hls_inst/U0/CTRL_s_axi_U/int_a_reg[1]/C is not reached by a timing clock
Related violations: <none>

TIMING-17#15 Critical Warning
Non-clocked sequential cell  
The clock pin bd_0_i/hls_inst/U0/CTRL_s_axi_U/int_a_reg[2]/C is not reached by a timing clock
Related violations: <none>

TIMING-17#16 Critical Warning
Non-clocked sequential cell  
The clock pin bd_0_i/hls_inst/U0/CTRL_s_axi_U/int_a_reg[3]/C is not reached by a timing clock
Related violations: <none>

TIMING-17#17 Critical Warning
Non-clocked sequential cell  
The clock pin bd_0_i/hls_inst/U0/CTRL_s_axi_U/int_a_reg[4]/C is not reached by a timing clock
Related violations: <none>

TIMING-17#18 Critical Warning
Non-clocked sequential cell  
The clock pin bd_0_i/hls_inst/U0/CTRL_s_axi_U/int_a_reg[5]/C is not reached by a timing clock
Related violations: <none>

TIMING-17#19 Critical Warning
Non-clocked sequential cell  
The clock pin bd_0_i/hls_inst/U0/CTRL_s_axi_U/int_a_reg[6]/C is not reached by a timing clock
Related violations: <none>

TIMING-17#20 Critical Warning
Non-clocked sequential cell  
The clock pin bd_0_i/hls_inst/U0/CTRL_s_axi_U/int_a_reg[7]/C is not reached by a timing clock
Related violations: <none>

TIMING-17#21 Critical Warning
Non-clocked sequential cell  
The clock pin bd_0_i/hls_inst/U0/CTRL_s_axi_U/int_a_reg[8]/C is not reached by a timing clock
Related violations: <none>

TIMING-17#22 Critical Warning
Non-clocked sequential cell  
The clock pin bd_0_i/hls_inst/U0/CTRL_s_axi_U/int_a_reg[9]/C is not reached by a timing clock
Related violations: <none>

TIMING-17#23 Critical Warning
Non-clocked sequential cell  
The clock pin bd_0_i/hls_inst/U0/CTRL_s_axi_U/int_ap_idle_reg/C is not reached by a timing clock
Related violations: <none>

TIMING-17#24 Critical Warning
Non-clocked sequential cell  
The clock pin bd_0_i/hls_inst/U0/CTRL_s_axi_U/int_ap_ready_reg/C is not reached by a timing clock
Related violations: <none>

TIMING-17#25 Critical Warning
Non-clocked sequential cell  
The clock pin bd_0_i/hls_inst/U0/CTRL_s_axi_U/int_ap_start_reg/C is not reached by a timing clock
Related violations: <none>

TIMING-17#26 Critical Warning
Non-clocked sequential cell  
The clock pin bd_0_i/hls_inst/U0/CTRL_s_axi_U/int_auto_restart_reg/C is not reached by a timing clock
Related violations: <none>

TIMING-17#27 Critical Warning
Non-clocked sequential cell  
The clock pin bd_0_i/hls_inst/U0/CTRL_s_axi_U/int_b_reg[0]/C is not reached by a timing clock
Related violations: <none>

TIMING-17#28 Critical Warning
Non-clocked sequential cell  
The clock pin bd_0_i/hls_inst/U0/CTRL_s_axi_U/int_b_reg[10]/C is not reached by a timing clock
Related violations: <none>

TIMING-17#29 Critical Warning
Non-clocked sequential cell  
The clock pin bd_0_i/hls_inst/U0/CTRL_s_axi_U/int_b_reg[11]/C is not reached by a timing clock
Related violations: <none>

TIMING-17#30 Critical Warning
Non-clocked sequential cell  
The clock pin bd_0_i/hls_inst/U0/CTRL_s_axi_U/int_b_reg[12]/C is not reached by a timing clock
Related violations: <none>

TIMING-17#31 Critical Warning
Non-clocked sequential cell  
The clock pin bd_0_i/hls_inst/U0/CTRL_s_axi_U/int_b_reg[13]/C is not reached by a timing clock
Related violations: <none>

TIMING-17#32 Critical Warning
Non-clocked sequential cell  
The clock pin bd_0_i/hls_inst/U0/CTRL_s_axi_U/int_b_reg[14]/C is not reached by a timing clock
Related violations: <none>

TIMING-17#33 Critical Warning
Non-clocked sequential cell  
The clock pin bd_0_i/hls_inst/U0/CTRL_s_axi_U/int_b_reg[15]/C is not reached by a timing clock
Related violations: <none>

TIMING-17#34 Critical Warning
Non-clocked sequential cell  
The clock pin bd_0_i/hls_inst/U0/CTRL_s_axi_U/int_b_reg[1]/C is not reached by a timing clock
Related violations: <none>

TIMING-17#35 Critical Warning
Non-clocked sequential cell  
The clock pin bd_0_i/hls_inst/U0/CTRL_s_axi_U/int_b_reg[2]/C is not reached by a timing clock
Related violations: <none>

TIMING-17#36 Critical Warning
Non-clocked sequential cell  
The clock pin bd_0_i/hls_inst/U0/CTRL_s_axi_U/int_b_reg[3]/C is not reached by a timing clock
Related violations: <none>

TIMING-17#37 Critical Warning
Non-clocked sequential cell  
The clock pin bd_0_i/hls_inst/U0/CTRL_s_axi_U/int_b_reg[4]/C is not reached by a timing clock
Related violations: <none>

TIMING-17#38 Critical Warning
Non-clocked sequential cell  
The clock pin bd_0_i/hls_inst/U0/CTRL_s_axi_U/int_b_reg[5]/C is not reached by a timing clock
Related violations: <none>

TIMING-17#39 Critical Warning
Non-clocked sequential cell  
The clock pin bd_0_i/hls_inst/U0/CTRL_s_axi_U/int_b_reg[6]/C is not reached by a timing clock
Related violations: <none>

TIMING-17#40 Critical Warning
Non-clocked sequential cell  
The clock pin bd_0_i/hls_inst/U0/CTRL_s_axi_U/int_b_reg[7]/C is not reached by a timing clock
Related violations: <none>

TIMING-17#41 Critical Warning
Non-clocked sequential cell  
The clock pin bd_0_i/hls_inst/U0/CTRL_s_axi_U/int_b_reg[8]/C is not reached by a timing clock
Related violations: <none>

TIMING-17#42 Critical Warning
Non-clocked sequential cell  
The clock pin bd_0_i/hls_inst/U0/CTRL_s_axi_U/int_b_reg[9]/C is not reached by a timing clock
Related violations: <none>

TIMING-17#43 Critical Warning
Non-clocked sequential cell  
The clock pin bd_0_i/hls_inst/U0/CTRL_s_axi_U/int_c_ap_vld_reg/C is not reached by a timing clock
Related violations: <none>

TIMING-17#44 Critical Warning
Non-clocked sequential cell  
The clock pin bd_0_i/hls_inst/U0/CTRL_s_axi_U/int_c_reg[0]/C is not reached by a timing clock
Related violations: <none>

TIMING-17#45 Critical Warning
Non-clocked sequential cell  
The clock pin bd_0_i/hls_inst/U0/CTRL_s_axi_U/int_c_reg[10]/C is not reached by a timing clock
Related violations: <none>

TIMING-17#46 Critical Warning
Non-clocked sequential cell  
The clock pin bd_0_i/hls_inst/U0/CTRL_s_axi_U/int_c_reg[11]/C is not reached by a timing clock
Related violations: <none>

TIMING-17#47 Critical Warning
Non-clocked sequential cell  
The clock pin bd_0_i/hls_inst/U0/CTRL_s_axi_U/int_c_reg[12]/C is not reached by a timing clock
Related violations: <none>

TIMING-17#48 Critical Warning
Non-clocked sequential cell  
The clock pin bd_0_i/hls_inst/U0/CTRL_s_axi_U/int_c_reg[13]/C is not reached by a timing clock
Related violations: <none>

TIMING-17#49 Critical Warning
Non-clocked sequential cell  
The clock pin bd_0_i/hls_inst/U0/CTRL_s_axi_U/int_c_reg[14]/C is not reached by a timing clock
Related violations: <none>

TIMING-17#50 Critical Warning
Non-clocked sequential cell  
The clock pin bd_0_i/hls_inst/U0/CTRL_s_axi_U/int_c_reg[15]/C is not reached by a timing clock
Related violations: <none>

TIMING-17#51 Critical Warning
Non-clocked sequential cell  
The clock pin bd_0_i/hls_inst/U0/CTRL_s_axi_U/int_c_reg[1]/C is not reached by a timing clock
Related violations: <none>

TIMING-17#52 Critical Warning
Non-clocked sequential cell  
The clock pin bd_0_i/hls_inst/U0/CTRL_s_axi_U/int_c_reg[2]/C is not reached by a timing clock
Related violations: <none>

TIMING-17#53 Critical Warning
Non-clocked sequential cell  
The clock pin bd_0_i/hls_inst/U0/CTRL_s_axi_U/int_c_reg[3]/C is not reached by a timing clock
Related violations: <none>

TIMING-17#54 Critical Warning
Non-clocked sequential cell  
The clock pin bd_0_i/hls_inst/U0/CTRL_s_axi_U/int_c_reg[4]/C is not reached by a timing clock
Related violations: <none>

TIMING-17#55 Critical Warning
Non-clocked sequential cell  
The clock pin bd_0_i/hls_inst/U0/CTRL_s_axi_U/int_c_reg[5]/C is not reached by a timing clock
Related violations: <none>

TIMING-17#56 Critical Warning
Non-clocked sequential cell  
The clock pin bd_0_i/hls_inst/U0/CTRL_s_axi_U/int_c_reg[6]/C is not reached by a timing clock
Related violations: <none>

TIMING-17#57 Critical Warning
Non-clocked sequential cell  
The clock pin bd_0_i/hls_inst/U0/CTRL_s_axi_U/int_c_reg[7]/C is not reached by a timing clock
Related violations: <none>

TIMING-17#58 Critical Warning
Non-clocked sequential cell  
The clock pin bd_0_i/hls_inst/U0/CTRL_s_axi_U/int_c_reg[8]/C is not reached by a timing clock
Related violations: <none>

TIMING-17#59 Critical Warning
Non-clocked sequential cell  
The clock pin bd_0_i/hls_inst/U0/CTRL_s_axi_U/int_c_reg[9]/C is not reached by a timing clock
Related violations: <none>

TIMING-17#60 Critical Warning
Non-clocked sequential cell  
The clock pin bd_0_i/hls_inst/U0/CTRL_s_axi_U/int_gie_reg/C is not reached by a timing clock
Related violations: <none>

TIMING-17#61 Critical Warning
Non-clocked sequential cell  
The clock pin bd_0_i/hls_inst/U0/CTRL_s_axi_U/int_ier_reg/C is not reached by a timing clock
Related violations: <none>

TIMING-17#62 Critical Warning
Non-clocked sequential cell  
The clock pin bd_0_i/hls_inst/U0/CTRL_s_axi_U/int_interrupt_reg/C is not reached by a timing clock
Related violations: <none>

TIMING-17#63 Critical Warning
Non-clocked sequential cell  
The clock pin bd_0_i/hls_inst/U0/CTRL_s_axi_U/int_isr_reg/C is not reached by a timing clock
Related violations: <none>

TIMING-17#64 Critical Warning
Non-clocked sequential cell  
The clock pin bd_0_i/hls_inst/U0/CTRL_s_axi_U/int_task_ap_done_reg/C is not reached by a timing clock
Related violations: <none>

TIMING-17#65 Critical Warning
Non-clocked sequential cell  
The clock pin bd_0_i/hls_inst/U0/CTRL_s_axi_U/rdata_data_reg[0]/C is not reached by a timing clock
Related violations: <none>

TIMING-17#66 Critical Warning
Non-clocked sequential cell  
The clock pin bd_0_i/hls_inst/U0/CTRL_s_axi_U/rdata_data_reg[10]/C is not reached by a timing clock
Related violations: <none>

TIMING-17#67 Critical Warning
Non-clocked sequential cell  
The clock pin bd_0_i/hls_inst/U0/CTRL_s_axi_U/rdata_data_reg[11]/C is not reached by a timing clock
Related violations: <none>

TIMING-17#68 Critical Warning
Non-clocked sequential cell  
The clock pin bd_0_i/hls_inst/U0/CTRL_s_axi_U/rdata_data_reg[12]/C is not reached by a timing clock
Related violations: <none>

TIMING-17#69 Critical Warning
Non-clocked sequential cell  
The clock pin bd_0_i/hls_inst/U0/CTRL_s_axi_U/rdata_data_reg[13]/C is not reached by a timing clock
Related violations: <none>

TIMING-17#70 Critical Warning
Non-clocked sequential cell  
The clock pin bd_0_i/hls_inst/U0/CTRL_s_axi_U/rdata_data_reg[14]/C is not reached by a timing clock
Related violations: <none>

TIMING-17#71 Critical Warning
Non-clocked sequential cell  
The clock pin bd_0_i/hls_inst/U0/CTRL_s_axi_U/rdata_data_reg[15]/C is not reached by a timing clock
Related violations: <none>

TIMING-17#72 Critical Warning
Non-clocked sequential cell  
The clock pin bd_0_i/hls_inst/U0/CTRL_s_axi_U/rdata_data_reg[1]/C is not reached by a timing clock
Related violations: <none>

TIMING-17#73 Critical Warning
Non-clocked sequential cell  
The clock pin bd_0_i/hls_inst/U0/CTRL_s_axi_U/rdata_data_reg[2]/C is not reached by a timing clock
Related violations: <none>

TIMING-17#74 Critical Warning
Non-clocked sequential cell  
The clock pin bd_0_i/hls_inst/U0/CTRL_s_axi_U/rdata_data_reg[3]/C is not reached by a timing clock
Related violations: <none>

TIMING-17#75 Critical Warning
Non-clocked sequential cell  
The clock pin bd_0_i/hls_inst/U0/CTRL_s_axi_U/rdata_data_reg[4]/C is not reached by a timing clock
Related violations: <none>

TIMING-17#76 Critical Warning
Non-clocked sequential cell  
The clock pin bd_0_i/hls_inst/U0/CTRL_s_axi_U/rdata_data_reg[5]/C is not reached by a timing clock
Related violations: <none>

TIMING-17#77 Critical Warning
Non-clocked sequential cell  
The clock pin bd_0_i/hls_inst/U0/CTRL_s_axi_U/rdata_data_reg[6]/C is not reached by a timing clock
Related violations: <none>

TIMING-17#78 Critical Warning
Non-clocked sequential cell  
The clock pin bd_0_i/hls_inst/U0/CTRL_s_axi_U/rdata_data_reg[7]/C is not reached by a timing clock
Related violations: <none>

TIMING-17#79 Critical Warning
Non-clocked sequential cell  
The clock pin bd_0_i/hls_inst/U0/CTRL_s_axi_U/rdata_data_reg[8]/C is not reached by a timing clock
Related violations: <none>

TIMING-17#80 Critical Warning
Non-clocked sequential cell  
The clock pin bd_0_i/hls_inst/U0/CTRL_s_axi_U/rdata_data_reg[9]/C is not reached by a timing clock
Related violations: <none>

TIMING-17#81 Critical Warning
Non-clocked sequential cell  
The clock pin bd_0_i/hls_inst/U0/CTRL_s_axi_U/waddr_reg[2]/C is not reached by a timing clock
Related violations: <none>

TIMING-17#82 Critical Warning
Non-clocked sequential cell  
The clock pin bd_0_i/hls_inst/U0/CTRL_s_axi_U/waddr_reg[3]/C is not reached by a timing clock
Related violations: <none>

TIMING-17#83 Critical Warning
Non-clocked sequential cell  
The clock pin bd_0_i/hls_inst/U0/CTRL_s_axi_U/waddr_reg[4]/C is not reached by a timing clock
Related violations: <none>

TIMING-17#84 Critical Warning
Non-clocked sequential cell  
The clock pin bd_0_i/hls_inst/U0/CTRL_s_axi_U/waddr_reg[5]/C is not reached by a timing clock
Related violations: <none>


