#-----------------------------------------------------------
# Vivado v2024.1.2 (64-bit)
# SW Build 5164865 on Thu Sep  5 14:37:11 MDT 2024
# IP Build 5164407 on Fri Sep  6 08:18:11 MDT 2024
# SharedData Build 5164864 on Thu Sep 05 13:09:09 MDT 2024
# Start of session at: Thu Mar  5 02:21:31 2026
# Process ID: 9380
# Current directory: C:/fpga_cnn_hls4ml/hls_smoke/hls_smoke/sol1/impl/vhdl/project.runs/impl_1
# Command line: vivado.exe -log bd_0_wrapper.vdi -applog -product Vivado -messageDb vivado.pb -mode batch -source bd_0_wrapper.tcl -notrace
# Log file: C:/fpga_cnn_hls4ml/hls_smoke/hls_smoke/sol1/impl/vhdl/project.runs/impl_1/bd_0_wrapper.vdi
# Journal file: C:/fpga_cnn_hls4ml/hls_smoke/hls_smoke/sol1/impl/vhdl/project.runs/impl_1\vivado.jou
# Running On        :DESKTOP-0NKI8SO
# Platform          :Windows Server 2016 or Windows 10
# Operating System  :19045
# Processor Detail  :Intel(R) Core(TM) i5-4460  CPU @ 3.20GHz
# CPU Frequency     :3193 MHz
# CPU Physical cores:4
# CPU Logical cores :4
# Host memory       :10622 MB
# Swap memory       :19327 MB
# Total Virtual     :29949 MB
# Available Virtual :19869 MB
#-----------------------------------------------------------
source bd_0_wrapper.tcl -notrace
