
*** Running vivado
    with args -log bd_smoke_zynq_ultra_ps_e_0_0.vds -m64 -product Vivado -mode batch -messageDb vivado.pb -notrace -source bd_smoke_zynq_ultra_ps_e_0_0.tcl



****** Vivado v2024.2 (64-bit)
  **** SW Build 5239630 on Fri Nov 08 22:35:27 MST 2024
  **** IP Build 5239520 on Sun Nov 10 16:12:51 MST 2024
  **** SharedData Build 5239561 on Fri Nov 08 14:39:27 MST 2024
  **** Start of session at: Wed Mar 18 21:10:35 2026
    ** Copyright 1986-2022 Xilinx, Inc. All Rights Reserved.
    ** Copyright 2022-2024 Advanced Micro Devices, Inc. All Rights Reserved.

source bd_smoke_zynq_ultra_ps_e_0_0.tcl -notrace
create_project: Time (s): cpu = 00:00:16 ; elapsed = 00:00:21 . Memory (MB): peak = 640.625 ; gain = 203.324
INFO: [IP_Flow 19-234] Refreshing IP repositories
INFO: [IP_Flow 19-1700] Loaded user IP repository 'c:/Users/OmilosNeonTexn/Desktop/fpga_cnn_hls4ml/hls_smoke/hls_smoke/sol1/impl/ip'.
INFO: [IP_Flow 19-2313] Loaded Vivado IP repository 'C:/Xilinx/Vivado/2024.2/data/ip'.
WARNING: [IP_Flow 19-4995] The host OS only allows 260 characters in a normal path. The IP cache path is more than 80 characters. If you experience issues with IP caching, please consider changing the IP cache to a location with a shorter path. Alternately consider using the OS subst command to map part of the path to a drive letter. 
Current IP cache path is c:/Users/OmilosNeonTexn/Desktop/fpga_cnn_hls4ml/hls_smoke/project_1/project_1.cache/ip 
INFO: [IP_Flow 19-6924] IPCACHE: Running cache check for IP inst: bd_smoke_zynq_ultra_ps_e_0_0
Command: synth_design -top bd_smoke_zynq_ultra_ps_e_0_0 -part xczu7ev-ffvc1156-2-e -incremental_mode off -mode out_of_context
Starting synth_design
Attempting to get a license for feature 'Synthesis' and/or device 'xczu7ev'
INFO: [Common 17-349] Got license for feature 'Synthesis' and/or device 'xczu7ev'
INFO: [Device 21-403] Loading part xczu7ev-ffvc1156-2-e
INFO: [Synth 8-7079] Multithreading enabled for synth_design using a maximum of 2 processes.
INFO: [Synth 8-7078] Launching helper process for spawning children vivado processes
INFO: [Synth 8-7075] Helper process launched with PID 9580
---------------------------------------------------------------------------------
Starting RTL Elaboration : Time (s): cpu = 00:00:12 ; elapsed = 00:05:00 . Memory (MB): peak = 2024.031 ; gain = 184.547
---------------------------------------------------------------------------------
INFO: [Synth 8-11241] undeclared symbol 'dp_audi_ref_clk', assumed default net type 'wire' [c:/Users/OmilosNeonTexn/Desktop/fpga_cnn_hls4ml/hls_smoke/project_1/project_1.gen/sources_1/bd/bd_smoke/ip/bd_smoke_zynq_ultra_ps_e_0_0/hdl/zynq_ultra_ps_e_v3_5_5.v:2416]
INFO: [Synth 8-638] synthesizing module 'bd_smoke_zynq_ultra_ps_e_0_0' [c:/Users/OmilosNeonTexn/Desktop/fpga_cnn_hls4ml/hls_smoke/project_1/project_1.gen/sources_1/bd/bd_smoke/ip/bd_smoke_zynq_ultra_ps_e_0_0/synth/bd_smoke_zynq_ultra_ps_e_0_0.vhd:103]
	Parameter C_DP_USE_AUDIO bound to: 0 - type: integer 
	Parameter C_DP_USE_VIDEO bound to: 0 - type: integer 
	Parameter C_MAXIGP0_DATA_WIDTH bound to: 128 - type: integer 
	Parameter C_MAXIGP1_DATA_WIDTH bound to: 128 - type: integer 
	Parameter C_MAXIGP2_DATA_WIDTH bound to: 32 - type: integer 
	Parameter C_SAXIGP0_DATA_WIDTH bound to: 128 - type: integer 
	Parameter C_SAXIGP1_DATA_WIDTH bound to: 128 - type: integer 
	Parameter C_SAXIGP2_DATA_WIDTH bound to: 128 - type: integer 
	Parameter C_SAXIGP3_DATA_WIDTH bound to: 128 - type: integer 
	Parameter C_SAXIGP4_DATA_WIDTH bound to: 128 - type: integer 
	Parameter C_SAXIGP5_DATA_WIDTH bound to: 128 - type: integer 
	Parameter C_SAXIGP6_DATA_WIDTH bound to: 128 - type: integer 
	Parameter C_USE_DIFF_RW_CLK_GP0 bound to: 0 - type: integer 
	Parameter C_USE_DIFF_RW_CLK_GP1 bound to: 0 - type: integer 
	Parameter C_USE_DIFF_RW_CLK_GP2 bound to: 0 - type: integer 
	Parameter C_USE_DIFF_RW_CLK_GP3 bound to: 0 - type: integer 
	Parameter C_USE_DIFF_RW_CLK_GP4 bound to: 0 - type: integer 
	Parameter C_USE_DIFF_RW_CLK_GP5 bound to: 0 - type: integer 
	Parameter C_USE_DIFF_RW_CLK_GP6 bound to: 0 - type: integer 
	Parameter C_EN_FIFO_ENET0 bound to: 0 - type: string 
	Parameter C_EN_FIFO_ENET1 bound to: 0 - type: string 
	Parameter C_EN_FIFO_ENET2 bound to: 0 - type: string 
	Parameter C_EN_FIFO_ENET3 bound to: 0 - type: string 
	Parameter C_PL_CLK0_BUF bound to: TRUE - type: string 
	Parameter C_PL_CLK1_BUF bound to: FALSE - type: string 
	Parameter C_PL_CLK2_BUF bound to: FALSE - type: string 
	Parameter C_PL_CLK3_BUF bound to: FALSE - type: string 
	Parameter C_TRACE_PIPELINE_WIDTH bound to: 8 - type: integer 
	Parameter C_EN_EMIO_TRACE bound to: 0 - type: integer 
	Parameter C_TRACE_DATA_WIDTH bound to: 32 - type: integer 
	Parameter C_USE_DEBUG_TEST bound to: 0 - type: integer 
	Parameter C_SD0_INTERNAL_BUS_WIDTH bound to: 5 - type: integer 
	Parameter C_SD1_INTERNAL_BUS_WIDTH bound to: 5 - type: integer 
	Parameter C_NUM_F2P_0_INTR_INPUTS bound to: 1 - type: integer 
	Parameter C_NUM_F2P_1_INTR_INPUTS bound to: 1 - type: integer 
	Parameter C_EMIO_GPIO_WIDTH bound to: 1 - type: integer 
	Parameter C_NUM_FABRIC_RESETS bound to: 1 - type: integer 
INFO: [Synth 8-3491] module 'zynq_ultra_ps_e_v3_5_5_zynq_ultra_ps_e' declared at 'c:/Users/OmilosNeonTexn/Desktop/fpga_cnn_hls4ml/hls_smoke/project_1/project_1.gen/sources_1/bd/bd_smoke/ip/bd_smoke_zynq_ultra_ps_e_0_0/hdl/zynq_ultra_ps_e_v3_5_5.v:68' bound to instance 'U0' of component 'zynq_ultra_ps_e_v3_5_5_zynq_ultra_ps_e' [c:/Users/OmilosNeonTexn/Desktop/fpga_cnn_hls4ml/hls_smoke/project_1/project_1.gen/sources_1/bd/bd_smoke/ip/bd_smoke_zynq_ultra_ps_e_0_0/synth/bd_smoke_zynq_ultra_ps_e_0_0.vhd:1699]
INFO: [Synth 8-6157] synthesizing module 'zynq_ultra_ps_e_v3_5_5_zynq_ultra_ps_e' [c:/Users/OmilosNeonTexn/Desktop/fpga_cnn_hls4ml/hls_smoke/project_1/project_1.gen/sources_1/bd/bd_smoke/ip/bd_smoke_zynq_ultra_ps_e_0_0/hdl/zynq_ultra_ps_e_v3_5_5.v:68]
INFO: [Synth 8-6157] synthesizing module 'BUFG_PS' [C:/Xilinx/Vivado/2024.2/scripts/rt/data/unisim_comp.v:2912]
INFO: [Synth 8-6155] done synthesizing module 'BUFG_PS' (0#1) [C:/Xilinx/Vivado/2024.2/scripts/rt/data/unisim_comp.v:2912]
INFO: [Synth 8-6157] synthesizing module 'PS8' [C:/Xilinx/Vivado/2024.2/scripts/rt/data/unisim_comp.v:125226]
INFO: [Synth 8-6155] done synthesizing module 'PS8' (0#1) [C:/Xilinx/Vivado/2024.2/scripts/rt/data/unisim_comp.v:125226]
WARNING: [Synth 8-689] width (5) of port connection 'EMIOSDIO0DATAIN' does not match port width (8) of module 'PS8' [c:/Users/OmilosNeonTexn/Desktop/fpga_cnn_hls4ml/hls_smoke/project_1/project_1.gen/sources_1/bd/bd_smoke/ip/bd_smoke_zynq_ultra_ps_e_0_0/hdl/zynq_ultra_ps_e_v3_5_5.v:4600]
WARNING: [Synth 8-689] width (5) of port connection 'EMIOSDIO0DATAOUT' does not match port width (8) of module 'PS8' [c:/Users/OmilosNeonTexn/Desktop/fpga_cnn_hls4ml/hls_smoke/project_1/project_1.gen/sources_1/bd/bd_smoke/ip/bd_smoke_zynq_ultra_ps_e_0_0/hdl/zynq_ultra_ps_e_v3_5_5.v:4601]
WARNING: [Synth 8-689] width (5) of port connection 'EMIOSDIO0DATAENA' does not match port width (8) of module 'PS8' [c:/Users/OmilosNeonTexn/Desktop/fpga_cnn_hls4ml/hls_smoke/project_1/project_1.gen/sources_1/bd/bd_smoke/ip/bd_smoke_zynq_ultra_ps_e_0_0/hdl/zynq_ultra_ps_e_v3_5_5.v:4602]
WARNING: [Synth 8-689] width (5) of port connection 'EMIOSDIO1DATAIN' does not match port width (8) of module 'PS8' [c:/Users/OmilosNeonTexn/Desktop/fpga_cnn_hls4ml/hls_smoke/project_1/project_1.gen/sources_1/bd/bd_smoke/ip/bd_smoke_zynq_ultra_ps_e_0_0/hdl/zynq_ultra_ps_e_v3_5_5.v:4613]
WARNING: [Synth 8-689] width (5) of port connection 'EMIOSDIO1DATAOUT' does not match port width (8) of module 'PS8' [c:/Users/OmilosNeonTexn/Desktop/fpga_cnn_hls4ml/hls_smoke/project_1/project_1.gen/sources_1/bd/bd_smoke/ip/bd_smoke_zynq_ultra_ps_e_0_0/hdl/zynq_ultra_ps_e_v3_5_5.v:4614]
WARNING: [Synth 8-689] width (5) of port connection 'EMIOSDIO1DATAENA' does not match port width (8) of module 'PS8' [c:/Users/OmilosNeonTexn/Desktop/fpga_cnn_hls4ml/hls_smoke/project_1/project_1.gen/sources_1/bd/bd_smoke/ip/bd_smoke_zynq_ultra_ps_e_0_0/hdl/zynq_ultra_ps_e_v3_5_5.v:4615]
WARNING: [Synth 8-7071] port 'PSS_ALTO_CORE_PAD_MGTTXN0OUT' of module 'PS8' is unconnected for instance 'PS8_i' [c:/Users/OmilosNeonTexn/Desktop/fpga_cnn_hls4ml/hls_smoke/project_1/project_1.gen/sources_1/bd/bd_smoke/ip/bd_smoke_zynq_ultra_ps_e_0_0/hdl/zynq_ultra_ps_e_v3_5_5.v:3791]
WARNING: [Synth 8-7071] port 'PSS_ALTO_CORE_PAD_MGTTXN1OUT' of module 'PS8' is unconnected for instance 'PS8_i' [c:/Users/OmilosNeonTexn/Desktop/fpga_cnn_hls4ml/hls_smoke/project_1/project_1.gen/sources_1/bd/bd_smoke/ip/bd_smoke_zynq_ultra_ps_e_0_0/hdl/zynq_ultra_ps_e_v3_5_5.v:3791]
WARNING: [Synth 8-7071] port 'PSS_ALTO_CORE_PAD_MGTTXN2OUT' of module 'PS8' is unconnected for instance 'PS8_i' [c:/Users/OmilosNeonTexn/Desktop/fpga_cnn_hls4ml/hls_smoke/project_1/project_1.gen/sources_1/bd/bd_smoke/ip/bd_smoke_zynq_ultra_ps_e_0_0/hdl/zynq_ultra_ps_e_v3_5_5.v:3791]
WARNING: [Synth 8-7071] port 'PSS_ALTO_CORE_PAD_MGTTXN3OUT' of module 'PS8' is unconnected for instance 'PS8_i' [c:/Users/OmilosNeonTexn/Desktop/fpga_cnn_hls4ml/hls_smoke/project_1/project_1.gen/sources_1/bd/bd_smoke/ip/bd_smoke_zynq_ultra_ps_e_0_0/hdl/zynq_ultra_ps_e_v3_5_5.v:3791]
WARNING: [Synth 8-7071] port 'PSS_ALTO_CORE_PAD_MGTTXP0OUT' of module 'PS8' is unconnected for instance 'PS8_i' [c:/Users/OmilosNeonTexn/Desktop/fpga_cnn_hls4ml/hls_smoke/project_1/project_1.gen/sources_1/bd/bd_smoke/ip/bd_smoke_zynq_ultra_ps_e_0_0/hdl/zynq_ultra_ps_e_v3_5_5.v:3791]
WARNING: [Synth 8-7071] port 'PSS_ALTO_CORE_PAD_MGTTXP1OUT' of module 'PS8' is unconnected for instance 'PS8_i' [c:/Users/OmilosNeonTexn/Desktop/fpga_cnn_hls4ml/hls_smoke/project_1/project_1.gen/sources_1/bd/bd_smoke/ip/bd_smoke_zynq_ultra_ps_e_0_0/hdl/zynq_ultra_ps_e_v3_5_5.v:3791]
WARNING: [Synth 8-7071] port 'PSS_ALTO_CORE_PAD_MGTTXP2OUT' of module 'PS8' is unconnected for instance 'PS8_i' [c:/Users/OmilosNeonTexn/Desktop/fpga_cnn_hls4ml/hls_smoke/project_1/project_1.gen/sources_1/bd/bd_smoke/ip/bd_smoke_zynq_ultra_ps_e_0_0/hdl/zynq_ultra_ps_e_v3_5_5.v:3791]
WARNING: [Synth 8-7071] port 'PSS_ALTO_CORE_PAD_MGTTXP3OUT' of module 'PS8' is unconnected for instance 'PS8_i' [c:/Users/OmilosNeonTexn/Desktop/fpga_cnn_hls4ml/hls_smoke/project_1/project_1.gen/sources_1/bd/bd_smoke/ip/bd_smoke_zynq_ultra_ps_e_0_0/hdl/zynq_ultra_ps_e_v3_5_5.v:3791]
WARNING: [Synth 8-7071] port 'PSS_ALTO_CORE_PAD_PADO' of module 'PS8' is unconnected for instance 'PS8_i' [c:/Users/OmilosNeonTexn/Desktop/fpga_cnn_hls4ml/hls_smoke/project_1/project_1.gen/sources_1/bd/bd_smoke/ip/bd_smoke_zynq_ultra_ps_e_0_0/hdl/zynq_ultra_ps_e_v3_5_5.v:3791]
WARNING: [Synth 8-7071] port 'PSS_ALTO_CORE_PAD_BOOTMODE' of module 'PS8' is unconnected for instance 'PS8_i' [c:/Users/OmilosNeonTexn/Desktop/fpga_cnn_hls4ml/hls_smoke/project_1/project_1.gen/sources_1/bd/bd_smoke/ip/bd_smoke_zynq_ultra_ps_e_0_0/hdl/zynq_ultra_ps_e_v3_5_5.v:3791]
WARNING: [Synth 8-7071] port 'PSS_ALTO_CORE_PAD_CLK' of module 'PS8' is unconnected for instance 'PS8_i' [c:/Users/OmilosNeonTexn/Desktop/fpga_cnn_hls4ml/hls_smoke/project_1/project_1.gen/sources_1/bd/bd_smoke/ip/bd_smoke_zynq_ultra_ps_e_0_0/hdl/zynq_ultra_ps_e_v3_5_5.v:3791]
WARNING: [Synth 8-7071] port 'PSS_ALTO_CORE_PAD_DONEB' of module 'PS8' is unconnected for instance 'PS8_i' [c:/Users/OmilosNeonTexn/Desktop/fpga_cnn_hls4ml/hls_smoke/project_1/project_1.gen/sources_1/bd/bd_smoke/ip/bd_smoke_zynq_ultra_ps_e_0_0/hdl/zynq_ultra_ps_e_v3_5_5.v:3791]
WARNING: [Synth 8-7071] port 'PSS_ALTO_CORE_PAD_DRAMA' of module 'PS8' is unconnected for instance 'PS8_i' [c:/Users/OmilosNeonTexn/Desktop/fpga_cnn_hls4ml/hls_smoke/project_1/project_1.gen/sources_1/bd/bd_smoke/ip/bd_smoke_zynq_ultra_ps_e_0_0/hdl/zynq_ultra_ps_e_v3_5_5.v:3791]
WARNING: [Synth 8-7071] port 'PSS_ALTO_CORE_PAD_DRAMACTN' of module 'PS8' is unconnected for instance 'PS8_i' [c:/Users/OmilosNeonTexn/Desktop/fpga_cnn_hls4ml/hls_smoke/project_1/project_1.gen/sources_1/bd/bd_smoke/ip/bd_smoke_zynq_ultra_ps_e_0_0/hdl/zynq_ultra_ps_e_v3_5_5.v:3791]
WARNING: [Synth 8-7071] port 'PSS_ALTO_CORE_PAD_DRAMALERTN' of module 'PS8' is unconnected for instance 'PS8_i' [c:/Users/OmilosNeonTexn/Desktop/fpga_cnn_hls4ml/hls_smoke/project_1/project_1.gen/sources_1/bd/bd_smoke/ip/bd_smoke_zynq_ultra_ps_e_0_0/hdl/zynq_ultra_ps_e_v3_5_5.v:3791]
WARNING: [Synth 8-7071] port 'PSS_ALTO_CORE_PAD_DRAMBA' of module 'PS8' is unconnected for instance 'PS8_i' [c:/Users/OmilosNeonTexn/Desktop/fpga_cnn_hls4ml/hls_smoke/project_1/project_1.gen/sources_1/bd/bd_smoke/ip/bd_smoke_zynq_ultra_ps_e_0_0/hdl/zynq_ultra_ps_e_v3_5_5.v:3791]
WARNING: [Synth 8-7071] port 'PSS_ALTO_CORE_PAD_DRAMBG' of module 'PS8' is unconnected for instance 'PS8_i' [c:/Users/OmilosNeonTexn/Desktop/fpga_cnn_hls4ml/hls_smoke/project_1/project_1.gen/sources_1/bd/bd_smoke/ip/bd_smoke_zynq_ultra_ps_e_0_0/hdl/zynq_ultra_ps_e_v3_5_5.v:3791]
WARNING: [Synth 8-7071] port 'PSS_ALTO_CORE_PAD_DRAMCK' of module 'PS8' is unconnected for instance 'PS8_i' [c:/Users/OmilosNeonTexn/Desktop/fpga_cnn_hls4ml/hls_smoke/project_1/project_1.gen/sources_1/bd/bd_smoke/ip/bd_smoke_zynq_ultra_ps_e_0_0/hdl/zynq_ultra_ps_e_v3_5_5.v:3791]
WARNING: [Synth 8-7071] port 'PSS_ALTO_CORE_PAD_DRAMCKE' of module 'PS8' is unconnected for instance 'PS8_i' [c:/Users/OmilosNeonTexn/Desktop/fpga_cnn_hls4ml/hls_smoke/project_1/project_1.gen/sources_1/bd/bd_smoke/ip/bd_smoke_zynq_ultra_ps_e_0_0/hdl/zynq_ultra_ps_e_v3_5_5.v:3791]
WARNING: [Synth 8-7071] port 'PSS_ALTO_CORE_PAD_DRAMCKN' of module 'PS8' is unconnected for instance 'PS8_i' [c:/Users/OmilosNeonTexn/Desktop/fpga_cnn_hls4ml/hls_smoke/project_1/project_1.gen/sources_1/bd/bd_smoke/ip/bd_smoke_zynq_ultra_ps_e_0_0/hdl/zynq_ultra_ps_e_v3_5_5.v:3791]
WARNING: [Synth 8-7071] port 'PSS_ALTO_CORE_PAD_DRAMCSN' of module 'PS8' is unconnected for instance 'PS8_i' [c:/Users/OmilosNeonTexn/Desktop/fpga_cnn_hls4ml/hls_smoke/project_1/project_1.gen/sources_1/bd/bd_smoke/ip/bd_smoke_zynq_ultra_ps_e_0_0/hdl/zynq_ultra_ps_e_v3_5_5.v:3791]
WARNING: [Synth 8-7071] port 'PSS_ALTO_CORE_PAD_DRAMDM' of module 'PS8' is unconnected for instance 'PS8_i' [c:/Users/OmilosNeonTexn/Desktop/fpga_cnn_hls4ml/hls_smoke/project_1/project_1.gen/sources_1/bd/bd_smoke/ip/bd_smoke_zynq_ultra_ps_e_0_0/hdl/zynq_ultra_ps_e_v3_5_5.v:3791]
WARNING: [Synth 8-7071] port 'PSS_ALTO_CORE_PAD_DRAMDQ' of module 'PS8' is unconnected for instance 'PS8_i' [c:/Users/OmilosNeonTexn/Desktop/fpga_cnn_hls4ml/hls_smoke/project_1/project_1.gen/sources_1/bd/bd_smoke/ip/bd_smoke_zynq_ultra_ps_e_0_0/hdl/zynq_ultra_ps_e_v3_5_5.v:3791]
WARNING: [Synth 8-7071] port 'PSS_ALTO_CORE_PAD_DRAMDQS' of module 'PS8' is unconnected for instance 'PS8_i' [c:/Users/OmilosNeonTexn/Desktop/fpga_cnn_hls4ml/hls_smoke/project_1/project_1.gen/sources_1/bd/bd_smoke/ip/bd_smoke_zynq_ultra_ps_e_0_0/hdl/zynq_ultra_ps_e_v3_5_5.v:3791]
WARNING: [Synth 8-7071] port 'PSS_ALTO_CORE_PAD_DRAMDQSN' of module 'PS8' is unconnected for instance 'PS8_i' [c:/Users/OmilosNeonTexn/Desktop/fpga_cnn_hls4ml/hls_smoke/project_1/project_1.gen/sources_1/bd/bd_smoke/ip/bd_smoke_zynq_ultra_ps_e_0_0/hdl/zynq_ultra_ps_e_v3_5_5.v:3791]
WARNING: [Synth 8-7071] port 'PSS_ALTO_CORE_PAD_DRAMODT' of module 'PS8' is unconnected for instance 'PS8_i' [c:/Users/OmilosNeonTexn/Desktop/fpga_cnn_hls4ml/hls_smoke/project_1/project_1.gen/sources_1/bd/bd_smoke/ip/bd_smoke_zynq_ultra_ps_e_0_0/hdl/zynq_ultra_ps_e_v3_5_5.v:3791]
WARNING: [Synth 8-7071] port 'PSS_ALTO_CORE_PAD_DRAMPARITY' of module 'PS8' is unconnected for instance 'PS8_i' [c:/Users/OmilosNeonTexn/Desktop/fpga_cnn_hls4ml/hls_smoke/project_1/project_1.gen/sources_1/bd/bd_smoke/ip/bd_smoke_zynq_ultra_ps_e_0_0/hdl/zynq_ultra_ps_e_v3_5_5.v:3791]
WARNING: [Synth 8-7071] port 'PSS_ALTO_CORE_PAD_DRAMRAMRSTN' of module 'PS8' is unconnected for instance 'PS8_i' [c:/Users/OmilosNeonTexn/Desktop/fpga_cnn_hls4ml/hls_smoke/project_1/project_1.gen/sources_1/bd/bd_smoke/ip/bd_smoke_zynq_ultra_ps_e_0_0/hdl/zynq_ultra_ps_e_v3_5_5.v:3791]
WARNING: [Synth 8-7071] port 'PSS_ALTO_CORE_PAD_ERROROUT' of module 'PS8' is unconnected for instance 'PS8_i' [c:/Users/OmilosNeonTexn/Desktop/fpga_cnn_hls4ml/hls_smoke/project_1/project_1.gen/sources_1/bd/bd_smoke/ip/bd_smoke_zynq_ultra_ps_e_0_0/hdl/zynq_ultra_ps_e_v3_5_5.v:3791]
WARNING: [Synth 8-7071] port 'PSS_ALTO_CORE_PAD_ERRORSTATUS' of module 'PS8' is unconnected for instance 'PS8_i' [c:/Users/OmilosNeonTexn/Desktop/fpga_cnn_hls4ml/hls_smoke/project_1/project_1.gen/sources_1/bd/bd_smoke/ip/bd_smoke_zynq_ultra_ps_e_0_0/hdl/zynq_ultra_ps_e_v3_5_5.v:3791]
WARNING: [Synth 8-7071] port 'PSS_ALTO_CORE_PAD_INITB' of module 'PS8' is unconnected for instance 'PS8_i' [c:/Users/OmilosNeonTexn/Desktop/fpga_cnn_hls4ml/hls_smoke/project_1/project_1.gen/sources_1/bd/bd_smoke/ip/bd_smoke_zynq_ultra_ps_e_0_0/hdl/zynq_ultra_ps_e_v3_5_5.v:3791]
WARNING: [Synth 8-7071] port 'PSS_ALTO_CORE_PAD_JTAGTCK' of module 'PS8' is unconnected for instance 'PS8_i' [c:/Users/OmilosNeonTexn/Desktop/fpga_cnn_hls4ml/hls_smoke/project_1/project_1.gen/sources_1/bd/bd_smoke/ip/bd_smoke_zynq_ultra_ps_e_0_0/hdl/zynq_ultra_ps_e_v3_5_5.v:3791]
WARNING: [Synth 8-7071] port 'PSS_ALTO_CORE_PAD_JTAGTDI' of module 'PS8' is unconnected for instance 'PS8_i' [c:/Users/OmilosNeonTexn/Desktop/fpga_cnn_hls4ml/hls_smoke/project_1/project_1.gen/sources_1/bd/bd_smoke/ip/bd_smoke_zynq_ultra_ps_e_0_0/hdl/zynq_ultra_ps_e_v3_5_5.v:3791]
WARNING: [Synth 8-7071] port 'PSS_ALTO_CORE_PAD_JTAGTDO' of module 'PS8' is unconnected for instance 'PS8_i' [c:/Users/OmilosNeonTexn/Desktop/fpga_cnn_hls4ml/hls_smoke/project_1/project_1.gen/sources_1/bd/bd_smoke/ip/bd_smoke_zynq_ultra_ps_e_0_0/hdl/zynq_ultra_ps_e_v3_5_5.v:3791]
WARNING: [Synth 8-7071] port 'PSS_ALTO_CORE_PAD_JTAGTMS' of module 'PS8' is unconnected for instance 'PS8_i' [c:/Users/OmilosNeonTexn/Desktop/fpga_cnn_hls4ml/hls_smoke/project_1/project_1.gen/sources_1/bd/bd_smoke/ip/bd_smoke_zynq_ultra_ps_e_0_0/hdl/zynq_ultra_ps_e_v3_5_5.v:3791]
WARNING: [Synth 8-7071] port 'PSS_ALTO_CORE_PAD_MIO' of module 'PS8' is unconnected for instance 'PS8_i' [c:/Users/OmilosNeonTexn/Desktop/fpga_cnn_hls4ml/hls_smoke/project_1/project_1.gen/sources_1/bd/bd_smoke/ip/bd_smoke_zynq_ultra_ps_e_0_0/hdl/zynq_ultra_ps_e_v3_5_5.v:3791]
WARNING: [Synth 8-7071] port 'PSS_ALTO_CORE_PAD_PORB' of module 'PS8' is unconnected for instance 'PS8_i' [c:/Users/OmilosNeonTexn/Desktop/fpga_cnn_hls4ml/hls_smoke/project_1/project_1.gen/sources_1/bd/bd_smoke/ip/bd_smoke_zynq_ultra_ps_e_0_0/hdl/zynq_ultra_ps_e_v3_5_5.v:3791]
WARNING: [Synth 8-7071] port 'PSS_ALTO_CORE_PAD_PROGB' of module 'PS8' is unconnected for instance 'PS8_i' [c:/Users/OmilosNeonTexn/Desktop/fpga_cnn_hls4ml/hls_smoke/project_1/project_1.gen/sources_1/bd/bd_smoke/ip/bd_smoke_zynq_ultra_ps_e_0_0/hdl/zynq_ultra_ps_e_v3_5_5.v:3791]
WARNING: [Synth 8-7071] port 'PSS_ALTO_CORE_PAD_RCALIBINOUT' of module 'PS8' is unconnected for instance 'PS8_i' [c:/Users/OmilosNeonTexn/Desktop/fpga_cnn_hls4ml/hls_smoke/project_1/project_1.gen/sources_1/bd/bd_smoke/ip/bd_smoke_zynq_ultra_ps_e_0_0/hdl/zynq_ultra_ps_e_v3_5_5.v:3791]
WARNING: [Synth 8-7071] port 'PSS_ALTO_CORE_PAD_SRSTB' of module 'PS8' is unconnected for instance 'PS8_i' [c:/Users/OmilosNeonTexn/Desktop/fpga_cnn_hls4ml/hls_smoke/project_1/project_1.gen/sources_1/bd/bd_smoke/ip/bd_smoke_zynq_ultra_ps_e_0_0/hdl/zynq_ultra_ps_e_v3_5_5.v:3791]
WARNING: [Synth 8-7071] port 'PSS_ALTO_CORE_PAD_ZQ' of module 'PS8' is unconnected for instance 'PS8_i' [c:/Users/OmilosNeonTexn/Desktop/fpga_cnn_hls4ml/hls_smoke/project_1/project_1.gen/sources_1/bd/bd_smoke/ip/bd_smoke_zynq_ultra_ps_e_0_0/hdl/zynq_ultra_ps_e_v3_5_5.v:3791]
WARNING: [Synth 8-7071] port 'PSS_ALTO_CORE_PAD_MGTRXN0IN' of module 'PS8' is unconnected for instance 'PS8_i' [c:/Users/OmilosNeonTexn/Desktop/fpga_cnn_hls4ml/hls_smoke/project_1/project_1.gen/sources_1/bd/bd_smoke/ip/bd_smoke_zynq_ultra_ps_e_0_0/hdl/zynq_ultra_ps_e_v3_5_5.v:3791]
WARNING: [Synth 8-7071] port 'PSS_ALTO_CORE_PAD_MGTRXN1IN' of module 'PS8' is unconnected for instance 'PS8_i' [c:/Users/OmilosNeonTexn/Desktop/fpga_cnn_hls4ml/hls_smoke/project_1/project_1.gen/sources_1/bd/bd_smoke/ip/bd_smoke_zynq_ultra_ps_e_0_0/hdl/zynq_ultra_ps_e_v3_5_5.v:3791]
WARNING: [Synth 8-7071] port 'PSS_ALTO_CORE_PAD_MGTRXN2IN' of module 'PS8' is unconnected for instance 'PS8_i' [c:/Users/OmilosNeonTexn/Desktop/fpga_cnn_hls4ml/hls_smoke/project_1/project_1.gen/sources_1/bd/bd_smoke/ip/bd_smoke_zynq_ultra_ps_e_0_0/hdl/zynq_ultra_ps_e_v3_5_5.v:3791]
WARNING: [Synth 8-7071] port 'PSS_ALTO_CORE_PAD_MGTRXN3IN' of module 'PS8' is unconnected for instance 'PS8_i' [c:/Users/OmilosNeonTexn/Desktop/fpga_cnn_hls4ml/hls_smoke/project_1/project_1.gen/sources_1/bd/bd_smoke/ip/bd_smoke_zynq_ultra_ps_e_0_0/hdl/zynq_ultra_ps_e_v3_5_5.v:3791]
WARNING: [Synth 8-7071] port 'PSS_ALTO_CORE_PAD_MGTRXP0IN' of module 'PS8' is unconnected for instance 'PS8_i' [c:/Users/OmilosNeonTexn/Desktop/fpga_cnn_hls4ml/hls_smoke/project_1/project_1.gen/sources_1/bd/bd_smoke/ip/bd_smoke_zynq_ultra_ps_e_0_0/hdl/zynq_ultra_ps_e_v3_5_5.v:3791]
WARNING: [Synth 8-7071] port 'PSS_ALTO_CORE_PAD_MGTRXP1IN' of module 'PS8' is unconnected for instance 'PS8_i' [c:/Users/OmilosNeonTexn/Desktop/fpga_cnn_hls4ml/hls_smoke/project_1/project_1.gen/sources_1/bd/bd_smoke/ip/bd_smoke_zynq_ultra_ps_e_0_0/hdl/zynq_ultra_ps_e_v3_5_5.v:3791]
WARNING: [Synth 8-7071] port 'PSS_ALTO_CORE_PAD_MGTRXP2IN' of module 'PS8' is unconnected for instance 'PS8_i' [c:/Users/OmilosNeonTexn/Desktop/fpga_cnn_hls4ml/hls_smoke/project_1/project_1.gen/sources_1/bd/bd_smoke/ip/bd_smoke_zynq_ultra_ps_e_0_0/hdl/zynq_ultra_ps_e_v3_5_5.v:3791]
WARNING: [Synth 8-7071] port 'PSS_ALTO_CORE_PAD_MGTRXP3IN' of module 'PS8' is unconnected for instance 'PS8_i' [c:/Users/OmilosNeonTexn/Desktop/fpga_cnn_hls4ml/hls_smoke/project_1/project_1.gen/sources_1/bd/bd_smoke/ip/bd_smoke_zynq_ultra_ps_e_0_0/hdl/zynq_ultra_ps_e_v3_5_5.v:3791]
WARNING: [Synth 8-7071] port 'PSS_ALTO_CORE_PAD_PADI' of module 'PS8' is unconnected for instance 'PS8_i' [c:/Users/OmilosNeonTexn/Desktop/fpga_cnn_hls4ml/hls_smoke/project_1/project_1.gen/sources_1/bd/bd_smoke/ip/bd_smoke_zynq_ultra_ps_e_0_0/hdl/zynq_ultra_ps_e_v3_5_5.v:3791]
WARNING: [Synth 8-7071] port 'PSS_ALTO_CORE_PAD_REFN0IN' of module 'PS8' is unconnected for instance 'PS8_i' [c:/Users/OmilosNeonTexn/Desktop/fpga_cnn_hls4ml/hls_smoke/project_1/project_1.gen/sources_1/bd/bd_smoke/ip/bd_smoke_zynq_ultra_ps_e_0_0/hdl/zynq_ultra_ps_e_v3_5_5.v:3791]
WARNING: [Synth 8-7071] port 'PSS_ALTO_CORE_PAD_REFN1IN' of module 'PS8' is unconnected for instance 'PS8_i' [c:/Users/OmilosNeonTexn/Desktop/fpga_cnn_hls4ml/hls_smoke/project_1/project_1.gen/sources_1/bd/bd_smoke/ip/bd_smoke_zynq_ultra_ps_e_0_0/hdl/zynq_ultra_ps_e_v3_5_5.v:3791]
WARNING: [Synth 8-7071] port 'PSS_ALTO_CORE_PAD_REFN2IN' of module 'PS8' is unconnected for instance 'PS8_i' [c:/Users/OmilosNeonTexn/Desktop/fpga_cnn_hls4ml/hls_smoke/project_1/project_1.gen/sources_1/bd/bd_smoke/ip/bd_smoke_zynq_ultra_ps_e_0_0/hdl/zynq_ultra_ps_e_v3_5_5.v:3791]
WARNING: [Synth 8-7071] port 'PSS_ALTO_CORE_PAD_REFN3IN' of module 'PS8' is unconnected for instance 'PS8_i' [c:/Users/OmilosNeonTexn/Desktop/fpga_cnn_hls4ml/hls_smoke/project_1/project_1.gen/sources_1/bd/bd_smoke/ip/bd_smoke_zynq_ultra_ps_e_0_0/hdl/zynq_ultra_ps_e_v3_5_5.v:3791]
WARNING: [Synth 8-7071] port 'PSS_ALTO_CORE_PAD_REFP0IN' of module 'PS8' is unconnected for instance 'PS8_i' [c:/Users/OmilosNeonTexn/Desktop/fpga_cnn_hls4ml/hls_smoke/project_1/project_1.gen/sources_1/bd/bd_smoke/ip/bd_smoke_zynq_ultra_ps_e_0_0/hdl/zynq_ultra_ps_e_v3_5_5.v:3791]
WARNING: [Synth 8-7071] port 'PSS_ALTO_CORE_PAD_REFP1IN' of module 'PS8' is unconnected for instance 'PS8_i' [c:/Users/OmilosNeonTexn/Desktop/fpga_cnn_hls4ml/hls_smoke/project_1/project_1.gen/sources_1/bd/bd_smoke/ip/bd_smoke_zynq_ultra_ps_e_0_0/hdl/zynq_ultra_ps_e_v3_5_5.v:3791]
WARNING: [Synth 8-7071] port 'PSS_ALTO_CORE_PAD_REFP2IN' of module 'PS8' is unconnected for instance 'PS8_i' [c:/Users/OmilosNeonTexn/Desktop/fpga_cnn_hls4ml/hls_smoke/project_1/project_1.gen/sources_1/bd/bd_smoke/ip/bd_smoke_zynq_ultra_ps_e_0_0/hdl/zynq_ultra_ps_e_v3_5_5.v:3791]
WARNING: [Synth 8-7071] port 'PSS_ALTO_CORE_PAD_REFP3IN' of module 'PS8' is unconnected for instance 'PS8_i' [c:/Users/OmilosNeonTexn/Desktop/fpga_cnn_hls4ml/hls_smoke/project_1/project_1.gen/sources_1/bd/bd_smoke/ip/bd_smoke_zynq_ultra_ps_e_0_0/hdl/zynq_ultra_ps_e_v3_5_5.v:3791]
WARNING: [Synth 8-7023] instance 'PS8_i' of module 'PS8' has 1015 connections declared, but only 957 given [c:/Users/OmilosNeonTexn/Desktop/fpga_cnn_hls4ml/hls_smoke/project_1/project_1.gen/sources_1/bd/bd_smoke/ip/bd_smoke_zynq_ultra_ps_e_0_0/hdl/zynq_ultra_ps_e_v3_5_5.v:3791]
INFO: [Synth 8-6155] done synthesizing module 'zynq_ultra_ps_e_v3_5_5_zynq_ultra_ps_e' (0#1) [c:/Users/OmilosNeonTexn/Desktop/fpga_cnn_hls4ml/hls_smoke/project_1/project_1.gen/sources_1/bd/bd_smoke/ip/bd_smoke_zynq_ultra_ps_e_0_0/hdl/zynq_ultra_ps_e_v3_5_5.v:68]
INFO: [Synth 8-256] done synthesizing module 'bd_smoke_zynq_ultra_ps_e_0_0' (0#1) [c:/Users/OmilosNeonTexn/Desktop/fpga_cnn_hls4ml/hls_smoke/project_1/project_1.gen/sources_1/bd/bd_smoke/ip/bd_smoke_zynq_ultra_ps_e_0_0/synth/bd_smoke_zynq_ultra_ps_e_0_0.vhd:103]
WARNING: [Synth 8-3848] Net dp_audio_ref_clk in module/entity zynq_ultra_ps_e_v3_5_5_zynq_ultra_ps_e does not have driver. [c:/Users/OmilosNeonTexn/Desktop/fpga_cnn_hls4ml/hls_smoke/project_1/project_1.gen/sources_1/bd/bd_smoke/ip/bd_smoke_zynq_ultra_ps_e_0_0/hdl/zynq_ultra_ps_e_v3_5_5.v:290]
WARNING: [Synth 8-3848] Net irq_ipi_pl_0 in module/entity zynq_ultra_ps_e_v3_5_5_zynq_ultra_ps_e does not have driver. [c:/Users/OmilosNeonTexn/Desktop/fpga_cnn_hls4ml/hls_smoke/project_1/project_1.gen/sources_1/bd/bd_smoke/ip/bd_smoke_zynq_ultra_ps_e_0_0/hdl/zynq_ultra_ps_e_v3_5_5.v:1310]
WARNING: [Synth 8-3848] Net irq_ipi_pl_1 in module/entity zynq_ultra_ps_e_v3_5_5_zynq_ultra_ps_e does not have driver. [c:/Users/OmilosNeonTexn/Desktop/fpga_cnn_hls4ml/hls_smoke/project_1/project_1.gen/sources_1/bd/bd_smoke/ip/bd_smoke_zynq_ultra_ps_e_0_0/hdl/zynq_ultra_ps_e_v3_5_5.v:1311]
WARNING: [Synth 8-3848] Net irq_ipi_pl_2 in module/entity zynq_ultra_ps_e_v3_5_5_zynq_ultra_ps_e does not have driver. [c:/Users/OmilosNeonTexn/Desktop/fpga_cnn_hls4ml/hls_smoke/project_1/project_1.gen/sources_1/bd/bd_smoke/ip/bd_smoke_zynq_ultra_ps_e_0_0/hdl/zynq_ultra_ps_e_v3_5_5.v:1312]
WARNING: [Synth 8-3848] Net irq_ipi_pl_3 in module/entity zynq_ultra_ps_e_v3_5_5_zynq_ultra_ps_e does not have driver. [c:/Users/OmilosNeonTexn/Desktop/fpga_cnn_hls4ml/hls_smoke/project_1/project_1.gen/sources_1/bd/bd_smoke/ip/bd_smoke_zynq_ultra_ps_e_0_0/hdl/zynq_ultra_ps_e_v3_5_5.v:1313]
WARNING: [Synth 8-7129] Port dp_audio_ref_clk in module zynq_ultra_ps_e_v3_5_5_zynq_ultra_ps_e is either unconnected or has no load
WARNING: [Synth 8-7129] Port irq_ipi_pl_0 in module zynq_ultra_ps_e_v3_5_5_zynq_ultra_ps_e is either unconnected or has no load
WARNING: [Synth 8-7129] Port irq_ipi_pl_1 in module zynq_ultra_ps_e_v3_5_5_zynq_ultra_ps_e is either unconnected or has no load
WARNING: [Synth 8-7129] Port irq_ipi_pl_2 in module zynq_ultra_ps_e_v3_5_5_zynq_ultra_ps_e is either unconnected or has no load
WARNING: [Synth 8-7129] Port irq_ipi_pl_3 in module zynq_ultra_ps_e_v3_5_5_zynq_ultra_ps_e is either unconnected or has no load
WARNING: [Synth 8-7129] Port saxihpc0_fpd_rclk in module zynq_ultra_ps_e_v3_5_5_zynq_ultra_ps_e is either unconnected or has no load
WARNING: [Synth 8-7129] Port saxihpc0_fpd_wclk in module zynq_ultra_ps_e_v3_5_5_zynq_ultra_ps_e is either unconnected or has no load
WARNING: [Synth 8-7129] Port saxihpc1_fpd_rclk in module zynq_ultra_ps_e_v3_5_5_zynq_ultra_ps_e is either unconnected or has no load
WARNING: [Synth 8-7129] Port saxihpc1_fpd_wclk in module zynq_ultra_ps_e_v3_5_5_zynq_ultra_ps_e is either unconnected or has no load
WARNING: [Synth 8-7129] Port saxihp0_fpd_rclk in module zynq_ultra_ps_e_v3_5_5_zynq_ultra_ps_e is either unconnected or has no load
WARNING: [Synth 8-7129] Port saxihp0_fpd_wclk in module zynq_ultra_ps_e_v3_5_5_zynq_ultra_ps_e is either unconnected or has no load
WARNING: [Synth 8-7129] Port saxihp1_fpd_rclk in module zynq_ultra_ps_e_v3_5_5_zynq_ultra_ps_e is either unconnected or has no load
WARNING: [Synth 8-7129] Port saxihp1_fpd_wclk in module zynq_ultra_ps_e_v3_5_5_zynq_ultra_ps_e is either unconnected or has no load
WARNING: [Synth 8-7129] Port saxihp2_fpd_rclk in module zynq_ultra_ps_e_v3_5_5_zynq_ultra_ps_e is either unconnected or has no load
WARNING: [Synth 8-7129] Port saxihp2_fpd_wclk in module zynq_ultra_ps_e_v3_5_5_zynq_ultra_ps_e is either unconnected or has no load
WARNING: [Synth 8-7129] Port saxihp3_fpd_rclk in module zynq_ultra_ps_e_v3_5_5_zynq_ultra_ps_e is either unconnected or has no load
WARNING: [Synth 8-7129] Port saxihp3_fpd_wclk in module zynq_ultra_ps_e_v3_5_5_zynq_ultra_ps_e is either unconnected or has no load
WARNING: [Synth 8-7129] Port saxi_lpd_rclk in module zynq_ultra_ps_e_v3_5_5_zynq_ultra_ps_e is either unconnected or has no load
WARNING: [Synth 8-7129] Port saxi_lpd_wclk in module zynq_ultra_ps_e_v3_5_5_zynq_ultra_ps_e is either unconnected or has no load
WARNING: [Synth 8-7129] Port sacefpd_awuser[15] in module zynq_ultra_ps_e_v3_5_5_zynq_ultra_ps_e is either unconnected or has no load
WARNING: [Synth 8-7129] Port sacefpd_awuser[14] in module zynq_ultra_ps_e_v3_5_5_zynq_ultra_ps_e is either unconnected or has no load
WARNING: [Synth 8-7129] Port sacefpd_awuser[13] in module zynq_ultra_ps_e_v3_5_5_zynq_ultra_ps_e is either unconnected or has no load
WARNING: [Synth 8-7129] Port sacefpd_awuser[12] in module zynq_ultra_ps_e_v3_5_5_zynq_ultra_ps_e is either unconnected or has no load
WARNING: [Synth 8-7129] Port sacefpd_awuser[11] in module zynq_ultra_ps_e_v3_5_5_zynq_ultra_ps_e is either unconnected or has no load
WARNING: [Synth 8-7129] Port sacefpd_awuser[10] in module zynq_ultra_ps_e_v3_5_5_zynq_ultra_ps_e is either unconnected or has no load
WARNING: [Synth 8-7129] Port sacefpd_awuser[9] in module zynq_ultra_ps_e_v3_5_5_zynq_ultra_ps_e is either unconnected or has no load
WARNING: [Synth 8-7129] Port sacefpd_awuser[8] in module zynq_ultra_ps_e_v3_5_5_zynq_ultra_ps_e is either unconnected or has no load
WARNING: [Synth 8-7129] Port sacefpd_awuser[7] in module zynq_ultra_ps_e_v3_5_5_zynq_ultra_ps_e is either unconnected or has no load
WARNING: [Synth 8-7129] Port sacefpd_awuser[6] in module zynq_ultra_ps_e_v3_5_5_zynq_ultra_ps_e is either unconnected or has no load
WARNING: [Synth 8-7129] Port sacefpd_aruser[15] in module zynq_ultra_ps_e_v3_5_5_zynq_ultra_ps_e is either unconnected or has no load
WARNING: [Synth 8-7129] Port sacefpd_aruser[14] in module zynq_ultra_ps_e_v3_5_5_zynq_ultra_ps_e is either unconnected or has no load
WARNING: [Synth 8-7129] Port sacefpd_aruser[13] in module zynq_ultra_ps_e_v3_5_5_zynq_ultra_ps_e is either unconnected or has no load
WARNING: [Synth 8-7129] Port sacefpd_aruser[12] in module zynq_ultra_ps_e_v3_5_5_zynq_ultra_ps_e is either unconnected or has no load
WARNING: [Synth 8-7129] Port sacefpd_aruser[11] in module zynq_ultra_ps_e_v3_5_5_zynq_ultra_ps_e is either unconnected or has no load
WARNING: [Synth 8-7129] Port sacefpd_aruser[10] in module zynq_ultra_ps_e_v3_5_5_zynq_ultra_ps_e is either unconnected or has no load
WARNING: [Synth 8-7129] Port sacefpd_aruser[9] in module zynq_ultra_ps_e_v3_5_5_zynq_ultra_ps_e is either unconnected or has no load
WARNING: [Synth 8-7129] Port sacefpd_aruser[8] in module zynq_ultra_ps_e_v3_5_5_zynq_ultra_ps_e is either unconnected or has no load
WARNING: [Synth 8-7129] Port sacefpd_aruser[7] in module zynq_ultra_ps_e_v3_5_5_zynq_ultra_ps_e is either unconnected or has no load
WARNING: [Synth 8-7129] Port sacefpd_aruser[6] in module zynq_ultra_ps_e_v3_5_5_zynq_ultra_ps_e is either unconnected or has no load
WARNING: [Synth 8-7129] Port test_adc_clk[3] in module zynq_ultra_ps_e_v3_5_5_zynq_ultra_ps_e is either unconnected or has no load
WARNING: [Synth 8-7129] Port test_adc_clk[2] in module zynq_ultra_ps_e_v3_5_5_zynq_ultra_ps_e is either unconnected or has no load
WARNING: [Synth 8-7129] Port test_adc_clk[1] in module zynq_ultra_ps_e_v3_5_5_zynq_ultra_ps_e is either unconnected or has no load
WARNING: [Synth 8-7129] Port test_adc_clk[0] in module zynq_ultra_ps_e_v3_5_5_zynq_ultra_ps_e is either unconnected or has no load
WARNING: [Synth 8-7129] Port test_adc_in[31] in module zynq_ultra_ps_e_v3_5_5_zynq_ultra_ps_e is either unconnected or has no load
WARNING: [Synth 8-7129] Port test_adc_in[30] in module zynq_ultra_ps_e_v3_5_5_zynq_ultra_ps_e is either unconnected or has no load
WARNING: [Synth 8-7129] Port test_adc_in[29] in module zynq_ultra_ps_e_v3_5_5_zynq_ultra_ps_e is either unconnected or has no load
WARNING: [Synth 8-7129] Port test_adc_in[28] in module zynq_ultra_ps_e_v3_5_5_zynq_ultra_ps_e is either unconnected or has no load
WARNING: [Synth 8-7129] Port test_adc_in[27] in module zynq_ultra_ps_e_v3_5_5_zynq_ultra_ps_e is either unconnected or has no load
WARNING: [Synth 8-7129] Port test_adc_in[26] in module zynq_ultra_ps_e_v3_5_5_zynq_ultra_ps_e is either unconnected or has no load
WARNING: [Synth 8-7129] Port test_adc_in[25] in module zynq_ultra_ps_e_v3_5_5_zynq_ultra_ps_e is either unconnected or has no load
WARNING: [Synth 8-7129] Port test_adc_in[24] in module zynq_ultra_ps_e_v3_5_5_zynq_ultra_ps_e is either unconnected or has no load
WARNING: [Synth 8-7129] Port test_adc_in[23] in module zynq_ultra_ps_e_v3_5_5_zynq_ultra_ps_e is either unconnected or has no load
WARNING: [Synth 8-7129] Port test_adc_in[22] in module zynq_ultra_ps_e_v3_5_5_zynq_ultra_ps_e is either unconnected or has no load
WARNING: [Synth 8-7129] Port test_adc_in[21] in module zynq_ultra_ps_e_v3_5_5_zynq_ultra_ps_e is either unconnected or has no load
WARNING: [Synth 8-7129] Port test_adc_in[20] in module zynq_ultra_ps_e_v3_5_5_zynq_ultra_ps_e is either unconnected or has no load
WARNING: [Synth 8-7129] Port test_adc_in[19] in module zynq_ultra_ps_e_v3_5_5_zynq_ultra_ps_e is either unconnected or has no load
WARNING: [Synth 8-7129] Port test_adc_in[18] in module zynq_ultra_ps_e_v3_5_5_zynq_ultra_ps_e is either unconnected or has no load
WARNING: [Synth 8-7129] Port test_adc_in[17] in module zynq_ultra_ps_e_v3_5_5_zynq_ultra_ps_e is either unconnected or has no load
WARNING: [Synth 8-7129] Port test_adc_in[16] in module zynq_ultra_ps_e_v3_5_5_zynq_ultra_ps_e is either unconnected or has no load
WARNING: [Synth 8-7129] Port test_adc_in[15] in module zynq_ultra_ps_e_v3_5_5_zynq_ultra_ps_e is either unconnected or has no load
WARNING: [Synth 8-7129] Port test_adc_in[14] in module zynq_ultra_ps_e_v3_5_5_zynq_ultra_ps_e is either unconnected or has no load
WARNING: [Synth 8-7129] Port test_adc_in[13] in module zynq_ultra_ps_e_v3_5_5_zynq_ultra_ps_e is either unconnected or has no load
WARNING: [Synth 8-7129] Port test_adc_in[12] in module zynq_ultra_ps_e_v3_5_5_zynq_ultra_ps_e is either unconnected or has no load
WARNING: [Synth 8-7129] Port test_adc_in[11] in module zynq_ultra_ps_e_v3_5_5_zynq_ultra_ps_e is either unconnected or has no load
WARNING: [Synth 8-7129] Port test_adc_in[10] in module zynq_ultra_ps_e_v3_5_5_zynq_ultra_ps_e is either unconnected or has no load
WARNING: [Synth 8-7129] Port test_adc_in[9] in module zynq_ultra_ps_e_v3_5_5_zynq_ultra_ps_e is either unconnected or has no load
WARNING: [Synth 8-7129] Port test_adc_in[8] in module zynq_ultra_ps_e_v3_5_5_zynq_ultra_ps_e is either unconnected or has no load
WARNING: [Synth 8-7129] Port test_adc_in[7] in module zynq_ultra_ps_e_v3_5_5_zynq_ultra_ps_e is either unconnected or has no load
WARNING: [Synth 8-7129] Port test_adc_in[6] in module zynq_ultra_ps_e_v3_5_5_zynq_ultra_ps_e is either unconnected or has no load
WARNING: [Synth 8-7129] Port test_adc_in[5] in module zynq_ultra_ps_e_v3_5_5_zynq_ultra_ps_e is either unconnected or has no load
WARNING: [Synth 8-7129] Port test_adc_in[4] in module zynq_ultra_ps_e_v3_5_5_zynq_ultra_ps_e is either unconnected or has no load
WARNING: [Synth 8-7129] Port test_adc_in[3] in module zynq_ultra_ps_e_v3_5_5_zynq_ultra_ps_e is either unconnected or has no load
WARNING: [Synth 8-7129] Port test_adc_in[2] in module zynq_ultra_ps_e_v3_5_5_zynq_ultra_ps_e is either unconnected or has no load
WARNING: [Synth 8-7129] Port test_adc_in[1] in module zynq_ultra_ps_e_v3_5_5_zynq_ultra_ps_e is either unconnected or has no load
WARNING: [Synth 8-7129] Port test_adc_in[0] in module zynq_ultra_ps_e_v3_5_5_zynq_ultra_ps_e is either unconnected or has no load
WARNING: [Synth 8-7129] Port test_adc2_in[31] in module zynq_ultra_ps_e_v3_5_5_zynq_ultra_ps_e is either unconnected or has no load
WARNING: [Synth 8-7129] Port test_adc2_in[30] in module zynq_ultra_ps_e_v3_5_5_zynq_ultra_ps_e is either unconnected or has no load
WARNING: [Synth 8-7129] Port test_adc2_in[29] in module zynq_ultra_ps_e_v3_5_5_zynq_ultra_ps_e is either unconnected or has no load
WARNING: [Synth 8-7129] Port test_adc2_in[28] in module zynq_ultra_ps_e_v3_5_5_zynq_ultra_ps_e is either unconnected or has no load
WARNING: [Synth 8-7129] Port test_adc2_in[27] in module zynq_ultra_ps_e_v3_5_5_zynq_ultra_ps_e is either unconnected or has no load
WARNING: [Synth 8-7129] Port test_adc2_in[26] in module zynq_ultra_ps_e_v3_5_5_zynq_ultra_ps_e is either unconnected or has no load
WARNING: [Synth 8-7129] Port test_adc2_in[25] in module zynq_ultra_ps_e_v3_5_5_zynq_ultra_ps_e is either unconnected or has no load
WARNING: [Synth 8-7129] Port test_adc2_in[24] in module zynq_ultra_ps_e_v3_5_5_zynq_ultra_ps_e is either unconnected or has no load
WARNING: [Synth 8-7129] Port test_adc2_in[23] in module zynq_ultra_ps_e_v3_5_5_zynq_ultra_ps_e is either unconnected or has no load
WARNING: [Synth 8-7129] Port test_adc2_in[22] in module zynq_ultra_ps_e_v3_5_5_zynq_ultra_ps_e is either unconnected or has no load
WARNING: [Synth 8-7129] Port test_adc2_in[21] in module zynq_ultra_ps_e_v3_5_5_zynq_ultra_ps_e is either unconnected or has no load
WARNING: [Synth 8-7129] Port test_adc2_in[20] in module zynq_ultra_ps_e_v3_5_5_zynq_ultra_ps_e is either unconnected or has no load
WARNING: [Synth 8-7129] Port test_adc2_in[19] in module zynq_ultra_ps_e_v3_5_5_zynq_ultra_ps_e is either unconnected or has no load
WARNING: [Synth 8-7129] Port test_adc2_in[18] in module zynq_ultra_ps_e_v3_5_5_zynq_ultra_ps_e is either unconnected or has no load
WARNING: [Synth 8-7129] Port test_adc2_in[17] in module zynq_ultra_ps_e_v3_5_5_zynq_ultra_ps_e is either unconnected or has no load
WARNING: [Synth 8-7129] Port test_adc2_in[16] in module zynq_ultra_ps_e_v3_5_5_zynq_ultra_ps_e is either unconnected or has no load
WARNING: [Synth 8-7129] Port test_adc2_in[15] in module zynq_ultra_ps_e_v3_5_5_zynq_ultra_ps_e is either unconnected or has no load
WARNING: [Synth 8-7129] Port test_adc2_in[14] in module zynq_ultra_ps_e_v3_5_5_zynq_ultra_ps_e is either unconnected or has no load
WARNING: [Synth 8-7129] Port test_adc2_in[13] in module zynq_ultra_ps_e_v3_5_5_zynq_ultra_ps_e is either unconnected or has no load
WARNING: [Synth 8-7129] Port test_adc2_in[12] in module zynq_ultra_ps_e_v3_5_5_zynq_ultra_ps_e is either unconnected or has no load
WARNING: [Synth 8-7129] Port test_adc2_in[11] in module zynq_ultra_ps_e_v3_5_5_zynq_ultra_ps_e is either unconnected or has no load
WARNING: [Synth 8-7129] Port test_adc2_in[10] in module zynq_ultra_ps_e_v3_5_5_zynq_ultra_ps_e is either unconnected or has no load
WARNING: [Synth 8-7129] Port test_adc2_in[9] in module zynq_ultra_ps_e_v3_5_5_zynq_ultra_ps_e is either unconnected or has no load
WARNING: [Synth 8-7129] Port test_adc2_in[8] in module zynq_ultra_ps_e_v3_5_5_zynq_ultra_ps_e is either unconnected or has no load
WARNING: [Synth 8-7129] Port test_adc2_in[7] in module zynq_ultra_ps_e_v3_5_5_zynq_ultra_ps_e is either unconnected or has no load
INFO: [Common 17-14] Message 'Synth 8-7129' appears 100 times and further instances of the messages will be disabled. Use the Tcl command set_msg_config to change the current settings.
---------------------------------------------------------------------------------
Finished RTL Elaboration : Time (s): cpu = 00:00:16 ; elapsed = 00:05:53 . Memory (MB): peak = 2148.246 ; gain = 308.762
---------------------------------------------------------------------------------
---------------------------------------------------------------------------------
Start Handling Custom Attributes
---------------------------------------------------------------------------------
---------------------------------------------------------------------------------
Finished Handling Custom Attributes : Time (s): cpu = 00:00:16 ; elapsed = 00:05:58 . Memory (MB): peak = 2148.246 ; gain = 308.762
---------------------------------------------------------------------------------
---------------------------------------------------------------------------------
Finished RTL Optimization Phase 1 : Time (s): cpu = 00:00:16 ; elapsed = 00:05:58 . Memory (MB): peak = 2148.246 ; gain = 308.762
---------------------------------------------------------------------------------
Netlist sorting complete. Time (s): cpu = 00:00:00 ; elapsed = 00:00:00.244 . Memory (MB): peak = 2148.246 ; gain = 0.000
INFO: [Project 1-570] Preparing netlist for logic optimization

Processing XDC Constraints
Initializing timing engine
Parsing XDC File [c:/Users/OmilosNeonTexn/Desktop/fpga_cnn_hls4ml/hls_smoke/project_1/project_1.gen/sources_1/bd/bd_smoke/ip/bd_smoke_zynq_ultra_ps_e_0_0/bd_smoke_zynq_ultra_ps_e_0_0_ooc.xdc] for cell 'U0'
Finished Parsing XDC File [c:/Users/OmilosNeonTexn/Desktop/fpga_cnn_hls4ml/hls_smoke/project_1/project_1.gen/sources_1/bd/bd_smoke/ip/bd_smoke_zynq_ultra_ps_e_0_0/bd_smoke_zynq_ultra_ps_e_0_0_ooc.xdc] for cell 'U0'
Parsing XDC File [c:/Users/OmilosNeonTexn/Desktop/fpga_cnn_hls4ml/hls_smoke/project_1/project_1.gen/sources_1/bd/bd_smoke/ip/bd_smoke_zynq_ultra_ps_e_0_0/bd_smoke_zynq_ultra_ps_e_0_0.xdc] for cell 'U0'
create_clock: Time (s): cpu = 00:00:10 ; elapsed = 00:00:29 . Memory (MB): peak = 2170.527 ; gain = 0.324
Finished Parsing XDC File [c:/Users/OmilosNeonTexn/Desktop/fpga_cnn_hls4ml/hls_smoke/project_1/project_1.gen/sources_1/bd/bd_smoke/ip/bd_smoke_zynq_ultra_ps_e_0_0/bd_smoke_zynq_ultra_ps_e_0_0.xdc] for cell 'U0'
Parsing XDC File [C:/Users/OmilosNeonTexn/Desktop/fpga_cnn_hls4ml/hls_smoke/project_1/project_1.runs/bd_smoke_zynq_ultra_ps_e_0_0_synth_1/dont_touch.xdc]
Finished Parsing XDC File [C:/Users/OmilosNeonTexn/Desktop/fpga_cnn_hls4ml/hls_smoke/project_1/project_1.runs/bd_smoke_zynq_ultra_ps_e_0_0_synth_1/dont_touch.xdc]
Completed Processing XDC Constraints

Netlist sorting complete. Time (s): cpu = 00:00:00 ; elapsed = 00:00:00 . Memory (MB): peak = 2170.527 ; gain = 0.000
INFO: [Project 1-111] Unisim Transformation Summary:
No Unisim elements were transformed.

Constraint Validation Runtime : Time (s): cpu = 00:00:00 ; elapsed = 00:00:02 . Memory (MB): peak = 2170.633 ; gain = 0.105
INFO: [Designutils 20-5008] Incremental synthesis strategy off
---------------------------------------------------------------------------------
Finished Constraint Validation : Time (s): cpu = 00:00:44 ; elapsed = 00:08:33 . Memory (MB): peak = 2170.633 ; gain = 331.148
---------------------------------------------------------------------------------
---------------------------------------------------------------------------------
Start Loading Part and Timing Information
---------------------------------------------------------------------------------
Loading part: xczu7ev-ffvc1156-2-e
INFO: [Synth 8-6742] Reading net delay rules and data
---------------------------------------------------------------------------------
Finished Loading Part and Timing Information : Time (s): cpu = 00:00:44 ; elapsed = 00:08:33 . Memory (MB): peak = 2170.633 ; gain = 331.148
---------------------------------------------------------------------------------
---------------------------------------------------------------------------------
Start Applying 'set_property' XDC Constraints
---------------------------------------------------------------------------------
Applied set_property DONT_TOUCH = true for U0/PS8_i. (constraint file  c:/Users/OmilosNeonTexn/Desktop/fpga_cnn_hls4ml/hls_smoke/project_1/project_1.gen/sources_1/bd/bd_smoke/ip/bd_smoke_zynq_ultra_ps_e_0_0/bd_smoke_zynq_ultra_ps_e_0_0.xdc, line 25).
Applied set_property KEEP_HIERARCHY = SOFT for U0. (constraint file  C:/Users/OmilosNeonTexn/Desktop/fpga_cnn_hls4ml/hls_smoke/project_1/project_1.runs/bd_smoke_zynq_ultra_ps_e_0_0_synth_1/dont_touch.xdc, line 9).
---------------------------------------------------------------------------------
Finished applying 'set_property' XDC Constraints : Time (s): cpu = 00:00:44 ; elapsed = 00:08:36 . Memory (MB): peak = 2170.633 ; gain = 331.148
---------------------------------------------------------------------------------
---------------------------------------------------------------------------------
Finished RTL Optimization Phase 2 : Time (s): cpu = 00:00:45 ; elapsed = 00:08:38 . Memory (MB): peak = 2170.633 ; gain = 331.148
---------------------------------------------------------------------------------
---------------------------------------------------------------------------------
Start RTL Component Statistics 
---------------------------------------------------------------------------------
Detailed RTL Component Info : 
+---Registers : 
	                1 Bit    Registers := 1     
---------------------------------------------------------------------------------
Finished RTL Component Statistics 
---------------------------------------------------------------------------------
---------------------------------------------------------------------------------
Start Part Resource Summary
---------------------------------------------------------------------------------
Part Resources:
DSPs: 1728 (col length:144)
BRAMs: 624 (col length: RAMB18 144 RAMB36 72)
---------------------------------------------------------------------------------
Finished Part Resource Summary
---------------------------------------------------------------------------------
---------------------------------------------------------------------------------
Start Cross Boundary and Area Optimization
---------------------------------------------------------------------------------
WARNING: [Synth 8-7080] Parallel synthesis criteria is not met
---------------------------------------------------------------------------------
Finished Cross Boundary and Area Optimization : Time (s): cpu = 00:00:48 ; elapsed = 00:09:01 . Memory (MB): peak = 2170.633 ; gain = 331.148
---------------------------------------------------------------------------------
---------------------------------------------------------------------------------
Start Applying XDC Timing Constraints
---------------------------------------------------------------------------------
---------------------------------------------------------------------------------
Finished Applying XDC Timing Constraints : Time (s): cpu = 00:01:19 ; elapsed = 00:17:48 . Memory (MB): peak = 3858.688 ; gain = 2019.203
---------------------------------------------------------------------------------
---------------------------------------------------------------------------------
Start Timing Optimization
---------------------------------------------------------------------------------
get_param: Time (s): cpu = 00:00:00 ; elapsed = 00:00:08 . Memory (MB): peak = 3883.996 ; gain = 0.000
---------------------------------------------------------------------------------
Finished Timing Optimization : Time (s): cpu = 00:01:19 ; elapsed = 00:18:35 . Memory (MB): peak = 3883.996 ; gain = 2044.512
---------------------------------------------------------------------------------
---------------------------------------------------------------------------------
Start Technology Mapping
---------------------------------------------------------------------------------
---------------------------------------------------------------------------------
Finished Technology Mapping : Time (s): cpu = 00:01:20 ; elapsed = 00:19:20 . Memory (MB): peak = 3887.715 ; gain = 2048.230
---------------------------------------------------------------------------------
---------------------------------------------------------------------------------
Start IO Insertion
---------------------------------------------------------------------------------
---------------------------------------------------------------------------------
Start Flattening Before IO Insertion
---------------------------------------------------------------------------------
---------------------------------------------------------------------------------
Finished Flattening Before IO Insertion
---------------------------------------------------------------------------------
---------------------------------------------------------------------------------
Start Final Netlist Cleanup
---------------------------------------------------------------------------------
---------------------------------------------------------------------------------
Finished Final Netlist Cleanup
---------------------------------------------------------------------------------
INFO: [Synth 8-3295] tying undriven pin trace_ctl_pipe[0]_inferred:in0 to constant 0
INFO: [Synth 8-3295] tying undriven pin trace_data_pipe[0]_inferred:in0[31] to constant 0
INFO: [Synth 8-3295] tying undriven pin trace_data_pipe[0]_inferred:in0[30] to constant 0
INFO: [Synth 8-3295] tying undriven pin trace_data_pipe[0]_inferred:in0[29] to constant 0
INFO: [Synth 8-3295] tying undriven pin trace_data_pipe[0]_inferred:in0[28] to constant 0
INFO: [Synth 8-3295] tying undriven pin trace_data_pipe[0]_inferred:in0[27] to constant 0
INFO: [Synth 8-3295] tying undriven pin trace_data_pipe[0]_inferred:in0[26] to constant 0
INFO: [Synth 8-3295] tying undriven pin trace_data_pipe[0]_inferred:in0[25] to constant 0
INFO: [Synth 8-3295] tying undriven pin trace_data_pipe[0]_inferred:in0[24] to constant 0
INFO: [Synth 8-3295] tying undriven pin trace_data_pipe[0]_inferred:in0[23] to constant 0
INFO: [Synth 8-3295] tying undriven pin trace_data_pipe[0]_inferred:in0[22] to constant 0
INFO: [Synth 8-3295] tying undriven pin trace_data_pipe[0]_inferred:in0[21] to constant 0
INFO: [Synth 8-3295] tying undriven pin trace_data_pipe[0]_inferred:in0[20] to constant 0
INFO: [Synth 8-3295] tying undriven pin trace_data_pipe[0]_inferred:in0[19] to constant 0
INFO: [Synth 8-3295] tying undriven pin trace_data_pipe[0]_inferred:in0[18] to constant 0
INFO: [Synth 8-3295] tying undriven pin trace_data_pipe[0]_inferred:in0[17] to constant 0
INFO: [Synth 8-3295] tying undriven pin trace_data_pipe[0]_inferred:in0[16] to constant 0
INFO: [Synth 8-3295] tying undriven pin trace_data_pipe[0]_inferred:in0[15] to constant 0
INFO: [Synth 8-3295] tying undriven pin trace_data_pipe[0]_inferred:in0[14] to constant 0
INFO: [Synth 8-3295] tying undriven pin trace_data_pipe[0]_inferred:in0[13] to constant 0
INFO: [Synth 8-3295] tying undriven pin trace_data_pipe[0]_inferred:in0[12] to constant 0
INFO: [Synth 8-3295] tying undriven pin trace_data_pipe[0]_inferred:in0[11] to constant 0
INFO: [Synth 8-3295] tying undriven pin trace_data_pipe[0]_inferred:in0[10] to constant 0
INFO: [Synth 8-3295] tying undriven pin trace_data_pipe[0]_inferred:in0[9] to constant 0
INFO: [Synth 8-3295] tying undriven pin trace_data_pipe[0]_inferred:in0[8] to constant 0
INFO: [Synth 8-3295] tying undriven pin trace_data_pipe[0]_inferred:in0[7] to constant 0
INFO: [Synth 8-3295] tying undriven pin trace_data_pipe[0]_inferred:in0[6] to constant 0
INFO: [Synth 8-3295] tying undriven pin trace_data_pipe[0]_inferred:in0[5] to constant 0
INFO: [Synth 8-3295] tying undriven pin trace_data_pipe[0]_inferred:in0[4] to constant 0
INFO: [Synth 8-3295] tying undriven pin trace_data_pipe[0]_inferred:in0[3] to constant 0
INFO: [Synth 8-3295] tying undriven pin trace_data_pipe[0]_inferred:in0[2] to constant 0
INFO: [Synth 8-3295] tying undriven pin trace_data_pipe[0]_inferred:in0[1] to constant 0
INFO: [Synth 8-3295] tying undriven pin trace_data_pipe[0]_inferred:in0[0] to constant 0
INFO: [Synth 8-3295] tying undriven pin trace_ctl_pipe[7]_inferred:in0 to constant 0
INFO: [Synth 8-3295] tying undriven pin trace_ctl_pipe[6]_inferred:in0 to constant 0
INFO: [Synth 8-3295] tying undriven pin trace_ctl_pipe[5]_inferred:in0 to constant 0
INFO: [Synth 8-3295] tying undriven pin trace_ctl_pipe[4]_inferred:in0 to constant 0
INFO: [Synth 8-3295] tying undriven pin trace_ctl_pipe[3]_inferred:in0 to constant 0
INFO: [Synth 8-3295] tying undriven pin trace_ctl_pipe[2]_inferred:in0 to constant 0
INFO: [Synth 8-3295] tying undriven pin trace_ctl_pipe[1]_inferred:in0 to constant 0
INFO: [Synth 8-3295] tying undriven pin trace_data_pipe[7]_inferred:in0[31] to constant 0
INFO: [Synth 8-3295] tying undriven pin trace_data_pipe[7]_inferred:in0[30] to constant 0
INFO: [Synth 8-3295] tying undriven pin trace_data_pipe[7]_inferred:in0[29] to constant 0
INFO: [Synth 8-3295] tying undriven pin trace_data_pipe[7]_inferred:in0[28] to constant 0
INFO: [Synth 8-3295] tying undriven pin trace_data_pipe[7]_inferred:in0[27] to constant 0
INFO: [Synth 8-3295] tying undriven pin trace_data_pipe[7]_inferred:in0[26] to constant 0
INFO: [Synth 8-3295] tying undriven pin trace_data_pipe[7]_inferred:in0[25] to constant 0
INFO: [Synth 8-3295] tying undriven pin trace_data_pipe[7]_inferred:in0[24] to constant 0
INFO: [Synth 8-3295] tying undriven pin trace_data_pipe[7]_inferred:in0[23] to constant 0
INFO: [Synth 8-3295] tying undriven pin trace_data_pipe[7]_inferred:in0[22] to constant 0
INFO: [Synth 8-3295] tying undriven pin trace_data_pipe[7]_inferred:in0[21] to constant 0
INFO: [Synth 8-3295] tying undriven pin trace_data_pipe[7]_inferred:in0[20] to constant 0
INFO: [Synth 8-3295] tying undriven pin trace_data_pipe[7]_inferred:in0[19] to constant 0
INFO: [Synth 8-3295] tying undriven pin trace_data_pipe[7]_inferred:in0[18] to constant 0
INFO: [Synth 8-3295] tying undriven pin trace_data_pipe[7]_inferred:in0[17] to constant 0
INFO: [Synth 8-3295] tying undriven pin trace_data_pipe[7]_inferred:in0[16] to constant 0
INFO: [Synth 8-3295] tying undriven pin trace_data_pipe[7]_inferred:in0[15] to constant 0
INFO: [Synth 8-3295] tying undriven pin trace_data_pipe[7]_inferred:in0[14] to constant 0
INFO: [Synth 8-3295] tying undriven pin trace_data_pipe[7]_inferred:in0[13] to constant 0
INFO: [Synth 8-3295] tying undriven pin trace_data_pipe[7]_inferred:in0[12] to constant 0
INFO: [Synth 8-3295] tying undriven pin trace_data_pipe[7]_inferred:in0[11] to constant 0
INFO: [Synth 8-3295] tying undriven pin trace_data_pipe[7]_inferred:in0[10] to constant 0
INFO: [Synth 8-3295] tying undriven pin trace_data_pipe[7]_inferred:in0[9] to constant 0
INFO: [Synth 8-3295] tying undriven pin trace_data_pipe[7]_inferred:in0[8] to constant 0
INFO: [Synth 8-3295] tying undriven pin trace_data_pipe[7]_inferred:in0[7] to constant 0
INFO: [Synth 8-3295] tying undriven pin trace_data_pipe[7]_inferred:in0[6] to constant 0
INFO: [Synth 8-3295] tying undriven pin trace_data_pipe[7]_inferred:in0[5] to constant 0
INFO: [Synth 8-3295] tying undriven pin trace_data_pipe[7]_inferred:in0[4] to constant 0
INFO: [Synth 8-3295] tying undriven pin trace_data_pipe[7]_inferred:in0[3] to constant 0
INFO: [Synth 8-3295] tying undriven pin trace_data_pipe[7]_inferred:in0[2] to constant 0
INFO: [Synth 8-3295] tying undriven pin trace_data_pipe[7]_inferred:in0[1] to constant 0
INFO: [Synth 8-3295] tying undriven pin trace_data_pipe[7]_inferred:in0[0] to constant 0
INFO: [Synth 8-3295] tying undriven pin trace_data_pipe[6]_inferred:in0[31] to constant 0
INFO: [Synth 8-3295] tying undriven pin trace_data_pipe[6]_inferred:in0[30] to constant 0
INFO: [Synth 8-3295] tying undriven pin trace_data_pipe[6]_inferred:in0[29] to constant 0
INFO: [Synth 8-3295] tying undriven pin trace_data_pipe[6]_inferred:in0[28] to constant 0
INFO: [Synth 8-3295] tying undriven pin trace_data_pipe[6]_inferred:in0[27] to constant 0
INFO: [Synth 8-3295] tying undriven pin trace_data_pipe[6]_inferred:in0[26] to constant 0
INFO: [Synth 8-3295] tying undriven pin trace_data_pipe[6]_inferred:in0[25] to constant 0
INFO: [Synth 8-3295] tying undriven pin trace_data_pipe[6]_inferred:in0[24] to constant 0
INFO: [Synth 8-3295] tying undriven pin trace_data_pipe[6]_inferred:in0[23] to constant 0
INFO: [Synth 8-3295] tying undriven pin trace_data_pipe[6]_inferred:in0[22] to constant 0
INFO: [Synth 8-3295] tying undriven pin trace_data_pipe[6]_inferred:in0[21] to constant 0
INFO: [Synth 8-3295] tying undriven pin trace_data_pipe[6]_inferred:in0[20] to constant 0
INFO: [Synth 8-3295] tying undriven pin trace_data_pipe[6]_inferred:in0[19] to constant 0
INFO: [Synth 8-3295] tying undriven pin trace_data_pipe[6]_inferred:in0[18] to constant 0
INFO: [Synth 8-3295] tying undriven pin trace_data_pipe[6]_inferred:in0[17] to constant 0
INFO: [Synth 8-3295] tying undriven pin trace_data_pipe[6]_inferred:in0[16] to constant 0
INFO: [Synth 8-3295] tying undriven pin trace_data_pipe[6]_inferred:in0[15] to constant 0
INFO: [Synth 8-3295] tying undriven pin trace_data_pipe[6]_inferred:in0[14] to constant 0
INFO: [Synth 8-3295] tying undriven pin trace_data_pipe[6]_inferred:in0[13] to constant 0
INFO: [Synth 8-3295] tying undriven pin trace_data_pipe[6]_inferred:in0[12] to constant 0
INFO: [Synth 8-3295] tying undriven pin trace_data_pipe[6]_inferred:in0[11] to constant 0
INFO: [Synth 8-3295] tying undriven pin trace_data_pipe[6]_inferred:in0[10] to constant 0
INFO: [Synth 8-3295] tying undriven pin trace_data_pipe[6]_inferred:in0[9] to constant 0
INFO: [Synth 8-3295] tying undriven pin trace_data_pipe[6]_inferred:in0[8] to constant 0
INFO: [Synth 8-3295] tying undriven pin trace_data_pipe[6]_inferred:in0[7] to constant 0
INFO: [Synth 8-3295] tying undriven pin trace_data_pipe[6]_inferred:in0[6] to constant 0
INFO: [Synth 8-3295] tying undriven pin trace_data_pipe[6]_inferred:in0[5] to constant 0
INFO: [Synth 8-3295] tying undriven pin trace_data_pipe[6]_inferred:in0[4] to constant 0
INFO: [Common 17-14] Message 'Synth 8-3295' appears 100 times and further instances of the messages will be disabled. Use the Tcl command set_msg_config to change the current settings.
---------------------------------------------------------------------------------
Finished IO Insertion : Time (s): cpu = 00:01:27 ; elapsed = 00:27:12 . Memory (MB): peak = 4102.152 ; gain = 2262.668
---------------------------------------------------------------------------------
---------------------------------------------------------------------------------
Start Renaming Generated Instances
---------------------------------------------------------------------------------
---------------------------------------------------------------------------------
Finished Renaming Generated Instances : Time (s): cpu = 00:01:27 ; elapsed = 00:27:13 . Memory (MB): peak = 4102.152 ; gain = 2262.668
---------------------------------------------------------------------------------
---------------------------------------------------------------------------------
Start Rebuilding User Hierarchy
---------------------------------------------------------------------------------
---------------------------------------------------------------------------------
Finished Rebuilding User Hierarchy : Time (s): cpu = 00:01:27 ; elapsed = 00:27:17 . Memory (MB): peak = 4102.152 ; gain = 2262.668
---------------------------------------------------------------------------------
---------------------------------------------------------------------------------
Start Renaming Generated Ports
---------------------------------------------------------------------------------
---------------------------------------------------------------------------------
Finished Renaming Generated Ports : Time (s): cpu = 00:01:27 ; elapsed = 00:27:18 . Memory (MB): peak = 4102.152 ; gain = 2262.668
---------------------------------------------------------------------------------
---------------------------------------------------------------------------------
Start Handling Custom Attributes
---------------------------------------------------------------------------------
---------------------------------------------------------------------------------
Finished Handling Custom Attributes : Time (s): cpu = 00:01:27 ; elapsed = 00:27:45 . Memory (MB): peak = 4102.152 ; gain = 2262.668
---------------------------------------------------------------------------------
---------------------------------------------------------------------------------
Start Renaming Generated Nets
---------------------------------------------------------------------------------
---------------------------------------------------------------------------------
Finished Renaming Generated Nets : Time (s): cpu = 00:01:27 ; elapsed = 00:27:45 . Memory (MB): peak = 4102.152 ; gain = 2262.668
---------------------------------------------------------------------------------
---------------------------------------------------------------------------------
Start Writing Synthesis Report
---------------------------------------------------------------------------------

Report BlackBoxes: 
+-+--------------+----------+
| |BlackBox name |Instances |
+-+--------------+----------+
+-+--------------+----------+

Report Cell Usage: 
+------+--------+------+
|      |Cell    |Count |
+------+--------+------+
|1     |BUFG_PS |     1|
|2     |LUT1    |   264|
|3     |PS8     |     1|
+------+--------+------+
---------------------------------------------------------------------------------
Finished Writing Synthesis Report : Time (s): cpu = 00:01:27 ; elapsed = 00:27:49 . Memory (MB): peak = 4102.152 ; gain = 2262.668
---------------------------------------------------------------------------------
Synthesis finished with 0 errors, 0 critical warnings and 570 warnings.
Synthesis Optimization Runtime : Time (s): cpu = 00:00:56 ; elapsed = 00:34:10 . Memory (MB): peak = 4102.152 ; gain = 2240.281
Synthesis Optimization Complete : Time (s): cpu = 00:01:28 ; elapsed = 00:36:26 . Memory (MB): peak = 4102.152 ; gain = 2262.668
INFO: [Project 1-571] Translating synthesized netlist
Netlist sorting complete. Time (s): cpu = 00:00:00 ; elapsed = 00:00:00.723 . Memory (MB): peak = 4102.152 ; gain = 0.000
INFO: [Project 1-570] Preparing netlist for logic optimization
INFO: [Opt 31-138] Pushed 0 inverter(s) to 0 load pin(s).
Netlist sorting complete. Time (s): cpu = 00:00:00 ; elapsed = 00:00:00 . Memory (MB): peak = 4102.152 ; gain = 0.000
INFO: [Project 1-111] Unisim Transformation Summary:
No Unisim elements were transformed.

Synth Design complete | Checksum: 47cff682
INFO: [Common 17-83] Releasing license: Synthesis
130 Infos, 172 Warnings, 0 Critical Warnings and 0 Errors encountered.
synth_design completed successfully
synth_design: Time (s): cpu = 00:01:49 ; elapsed = 00:44:47 . Memory (MB): peak = 4102.152 ; gain = 3396.180
INFO: [Common 17-1381] The checkpoint 'C:/Users/OmilosNeonTexn/Desktop/fpga_cnn_hls4ml/hls_smoke/project_1/project_1.runs/bd_smoke_zynq_ultra_ps_e_0_0_synth_1/bd_smoke_zynq_ultra_ps_e_0_0.dcp' has been generated.
write_checkpoint: Time (s): cpu = 00:00:01 ; elapsed = 00:00:44 . Memory (MB): peak = 4102.152 ; gain = 0.000
INFO: [Coretcl 2-1648] Added synthesis output to IP cache for IP bd_smoke_zynq_ultra_ps_e_0_0, cache-ID = 33a295ccbc9b8e33
config_ip_cache: Time (s): cpu = 00:00:00 ; elapsed = 00:00:17 . Memory (MB): peak = 4102.152 ; gain = 0.000
INFO: [Common 17-1381] The checkpoint 'C:/Users/OmilosNeonTexn/Desktop/fpga_cnn_hls4ml/hls_smoke/project_1/project_1.runs/bd_smoke_zynq_ultra_ps_e_0_0_synth_1/bd_smoke_zynq_ultra_ps_e_0_0.dcp' has been generated.
write_checkpoint: Time (s): cpu = 00:00:01 ; elapsed = 00:00:07 . Memory (MB): peak = 4102.152 ; gain = 0.000
INFO: [Vivado 12-24828] Executing command : report_utilization -file bd_smoke_zynq_ultra_ps_e_0_0_utilization_synth.rpt -pb bd_smoke_zynq_ultra_ps_e_0_0_utilization_synth.pb
INFO: [Common 17-206] Exiting Vivado at Wed Mar 18 21:58:42 2026...
