
*** Running vivado
    with args -log bd_cnn_min_wrapper.vds -m64 -product Vivado -mode batch -messageDb vivado.pb -notrace -source bd_cnn_min_wrapper.tcl



****** Vivado v2024.2 (64-bit)
  **** SW Build 5239630 on Fri Nov 08 22:35:27 MST 2024
  **** IP Build 5239520 on Sun Nov 10 16:12:51 MST 2024
  **** SharedData Build 5239561 on Fri Nov 08 14:39:27 MST 2024
  **** Start of session at: Tue Mar 24 23:31:40 2026
    ** Copyright 1986-2022 Xilinx, Inc. All Rights Reserved.
    ** Copyright 2022-2024 Advanced Micro Devices, Inc. All Rights Reserved.

source bd_cnn_min_wrapper.tcl -notrace
create_project: Time (s): cpu = 00:00:12 ; elapsed = 00:00:20 . Memory (MB): peak = 639.492 ; gain = 197.996
INFO: [IP_Flow 19-234] Refreshing IP repositories
INFO: [IP_Flow 19-1700] Loaded user IP repository 'h:/hls4ml_init/hls4ml_cnn_zcu106/myproject_prj/solution1/impl/ip'.
INFO: [IP_Flow 19-1700] Loaded user IP repository 'c:/Xilinx/Vivado/2024.2/data/boards/board_schemas'.
INFO: [IP_Flow 19-2313] Loaded Vivado IP repository 'C:/Xilinx/Vivado/2024.2/data/ip'.
WARNING: [IP_Flow 19-4995] The host OS only allows 260 characters in a normal path. The IP cache path is more than 80 characters. If you experience issues with IP caching, please consider changing the IP cache to a location with a shorter path. Alternately consider using the OS subst command to map part of the path to a drive letter. 
Current IP cache path is c:/Users/OmilosNeonTexn/Desktop/fpga_cnn_hls4ml/hls4ml_init/hls4ml_init/hls4ml_init.cache/ip 
INFO: [Project 1-5578] Found utility IPs instantiated in block design C:/Users/OmilosNeonTexn/Desktop/fpga_cnn_hls4ml/hls4ml_init/hls4ml_init/hls4ml_init.srcs/sources_1/bd/bd_cnn_min/bd_cnn_min.bd which have equivalent inline hdl with improved performance and reduced diskspace.
It is recommended to migrate these utility IPs to inline hdl  using the command upgrade_project -migrate_to_inline_hdl.  The utility IPs may be deprecated in future releases.
More information on inline hdl is available in UG994. 
add_files: Time (s): cpu = 00:00:02 ; elapsed = 00:00:12 . Memory (MB): peak = 702.980 ; gain = 44.098
Command: synth_design -top bd_cnn_min_wrapper -part xczu7ev-ffvc1156-2-e
Starting synth_design
Attempting to get a license for feature 'Synthesis' and/or device 'xczu7ev'
INFO: [Common 17-349] Got license for feature 'Synthesis' and/or device 'xczu7ev'
INFO: [Device 21-403] Loading part xczu7ev-ffvc1156-2-e
INFO: [Synth 8-7079] Multithreading enabled for synth_design using a maximum of 2 processes.
INFO: [Synth 8-7078] Launching helper process for spawning children vivado processes
INFO: [Synth 8-7075] Helper process launched with PID 6732
---------------------------------------------------------------------------------
Starting RTL Elaboration : Time (s): cpu = 00:00:09 ; elapsed = 00:00:12 . Memory (MB): peak = 2027.316 ; gain = 185.465
---------------------------------------------------------------------------------
INFO: [Synth 8-638] synthesizing module 'bd_cnn_min_wrapper' [c:/Users/OmilosNeonTexn/Desktop/fpga_cnn_hls4ml/hls4ml_init/hls4ml_init/hls4ml_init.gen/sources_1/bd/bd_cnn_min/hdl/bd_cnn_min_wrapper.vhd:18]
INFO: [Synth 8-3491] module 'bd_cnn_min' declared at 'c:/Users/OmilosNeonTexn/Desktop/fpga_cnn_hls4ml/hls4ml_init/hls4ml_init/hls4ml_init.gen/sources_1/bd/bd_cnn_min/synth/bd_cnn_min.vhd:15' bound to instance 'bd_cnn_min_i' of component 'bd_cnn_min' [c:/Users/OmilosNeonTexn/Desktop/fpga_cnn_hls4ml/hls4ml_init/hls4ml_init/hls4ml_init.gen/sources_1/bd/bd_cnn_min/hdl/bd_cnn_min_wrapper.vhd:22]
INFO: [Synth 8-638] synthesizing module 'bd_cnn_min' [c:/Users/OmilosNeonTexn/Desktop/fpga_cnn_hls4ml/hls4ml_init/hls4ml_init/hls4ml_init.gen/sources_1/bd/bd_cnn_min/synth/bd_cnn_min.vhd:22]
INFO: [Synth 8-3491] module 'bd_cnn_min_axis_data_fifo_0_0' declared at 'C:/Users/OmilosNeonTexn/Desktop/fpga_cnn_hls4ml/hls4ml_init/hls4ml_init/hls4ml_init.runs/synth_1/.Xil/Vivado-3804-DESKTOP-PV75K48/realtime/bd_cnn_min_axis_data_fifo_0_0_stub.vhdl:6' bound to instance 'axis_data_fifo_0' of component 'bd_cnn_min_axis_data_fifo_0_0' [c:/Users/OmilosNeonTexn/Desktop/fpga_cnn_hls4ml/hls4ml_init/hls4ml_init/hls4ml_init.gen/sources_1/bd/bd_cnn_min/synth/bd_cnn_min.vhd:110]
INFO: [Synth 8-638] synthesizing module 'bd_cnn_min_axis_data_fifo_0_0' [C:/Users/OmilosNeonTexn/Desktop/fpga_cnn_hls4ml/hls4ml_init/hls4ml_init/hls4ml_init.runs/synth_1/.Xil/Vivado-3804-DESKTOP-PV75K48/realtime/bd_cnn_min_axis_data_fifo_0_0_stub.vhdl:26]
INFO: [Synth 8-3491] module 'bd_cnn_min_axis_data_fifo_0_1' declared at 'C:/Users/OmilosNeonTexn/Desktop/fpga_cnn_hls4ml/hls4ml_init/hls4ml_init/hls4ml_init.runs/synth_1/.Xil/Vivado-3804-DESKTOP-PV75K48/realtime/bd_cnn_min_axis_data_fifo_0_1_stub.vhdl:6' bound to instance 'axis_data_fifo_1' of component 'bd_cnn_min_axis_data_fifo_0_1' [c:/Users/OmilosNeonTexn/Desktop/fpga_cnn_hls4ml/hls4ml_init/hls4ml_init/hls4ml_init.gen/sources_1/bd/bd_cnn_min/synth/bd_cnn_min.vhd:121]
INFO: [Synth 8-638] synthesizing module 'bd_cnn_min_axis_data_fifo_0_1' [C:/Users/OmilosNeonTexn/Desktop/fpga_cnn_hls4ml/hls4ml_init/hls4ml_init/hls4ml_init.runs/synth_1/.Xil/Vivado-3804-DESKTOP-PV75K48/realtime/bd_cnn_min_axis_data_fifo_0_1_stub.vhdl:26]
INFO: [Synth 8-3491] module 'bd_cnn_min_myproject_0_1' declared at 'C:/Users/OmilosNeonTexn/Desktop/fpga_cnn_hls4ml/hls4ml_init/hls4ml_init/hls4ml_init.runs/synth_1/.Xil/Vivado-3804-DESKTOP-PV75K48/realtime/bd_cnn_min_myproject_0_1_stub.vhdl:6' bound to instance 'myproject_0' of component 'bd_cnn_min_myproject_0_1' [c:/Users/OmilosNeonTexn/Desktop/fpga_cnn_hls4ml/hls4ml_init/hls4ml_init/hls4ml_init.gen/sources_1/bd/bd_cnn_min/synth/bd_cnn_min.vhd:132]
INFO: [Synth 8-638] synthesizing module 'bd_cnn_min_myproject_0_1' [C:/Users/OmilosNeonTexn/Desktop/fpga_cnn_hls4ml/hls4ml_init/hls4ml_init/hls4ml_init.runs/synth_1/.Xil/Vivado-3804-DESKTOP-PV75K48/realtime/bd_cnn_min_myproject_0_1_stub.vhdl:32]
INFO: [Synth 8-3491] module 'bd_cnn_min_proc_sys_reset_0_0' declared at 'C:/Users/OmilosNeonTexn/Desktop/fpga_cnn_hls4ml/hls4ml_init/hls4ml_init/hls4ml_init.runs/synth_1/.Xil/Vivado-3804-DESKTOP-PV75K48/realtime/bd_cnn_min_proc_sys_reset_0_0_stub.vhdl:6' bound to instance 'proc_sys_reset_0' of component 'bd_cnn_min_proc_sys_reset_0_0' [c:/Users/OmilosNeonTexn/Desktop/fpga_cnn_hls4ml/hls4ml_init/hls4ml_init/hls4ml_init.gen/sources_1/bd/bd_cnn_min/synth/bd_cnn_min.vhd:147]
INFO: [Synth 8-638] synthesizing module 'bd_cnn_min_proc_sys_reset_0_0' [C:/Users/OmilosNeonTexn/Desktop/fpga_cnn_hls4ml/hls4ml_init/hls4ml_init/hls4ml_init.runs/synth_1/.Xil/Vivado-3804-DESKTOP-PV75K48/realtime/bd_cnn_min_proc_sys_reset_0_0_stub.vhdl:28]
INFO: [Synth 8-3491] module 'bd_cnn_min_xlconstant_0_0' declared at 'c:/Users/OmilosNeonTexn/Desktop/fpga_cnn_hls4ml/hls4ml_init/hls4ml_init/hls4ml_init.gen/sources_1/bd/bd_cnn_min/ip/bd_cnn_min_xlconstant_0_0/synth/bd_cnn_min_xlconstant_0_0.v:53' bound to instance 'xlconstant_0' of component 'bd_cnn_min_xlconstant_0_0' [c:/Users/OmilosNeonTexn/Desktop/fpga_cnn_hls4ml/hls4ml_init/hls4ml_init/hls4ml_init.gen/sources_1/bd/bd_cnn_min/synth/bd_cnn_min.vhd:160]
INFO: [Synth 8-6157] synthesizing module 'bd_cnn_min_xlconstant_0_0' [c:/Users/OmilosNeonTexn/Desktop/fpga_cnn_hls4ml/hls4ml_init/hls4ml_init/hls4ml_init.gen/sources_1/bd/bd_cnn_min/ip/bd_cnn_min_xlconstant_0_0/synth/bd_cnn_min_xlconstant_0_0.v:53]
INFO: [Synth 8-6157] synthesizing module 'xlconstant_v1_1_9_xlconstant' [c:/Users/OmilosNeonTexn/Desktop/fpga_cnn_hls4ml/hls4ml_init/hls4ml_init/hls4ml_init.gen/sources_1/bd/bd_cnn_min/ipshared/e2d2/hdl/xlconstant_v1_1_vl_rfs.v:68]
INFO: [Synth 8-6155] done synthesizing module 'xlconstant_v1_1_9_xlconstant' (0#1) [c:/Users/OmilosNeonTexn/Desktop/fpga_cnn_hls4ml/hls4ml_init/hls4ml_init/hls4ml_init.gen/sources_1/bd/bd_cnn_min/ipshared/e2d2/hdl/xlconstant_v1_1_vl_rfs.v:68]
INFO: [Synth 8-6155] done synthesizing module 'bd_cnn_min_xlconstant_0_0' (0#1) [c:/Users/OmilosNeonTexn/Desktop/fpga_cnn_hls4ml/hls4ml_init/hls4ml_init/hls4ml_init.gen/sources_1/bd/bd_cnn_min/ip/bd_cnn_min_xlconstant_0_0/synth/bd_cnn_min_xlconstant_0_0.v:53]
INFO: [Synth 8-3491] module 'bd_cnn_min_zynq_ultra_ps_e_0_0' declared at 'C:/Users/OmilosNeonTexn/Desktop/fpga_cnn_hls4ml/hls4ml_init/hls4ml_init/hls4ml_init.runs/synth_1/.Xil/Vivado-3804-DESKTOP-PV75K48/realtime/bd_cnn_min_zynq_ultra_ps_e_0_0_stub.vhdl:6' bound to instance 'zynq_ultra_ps_e_0' of component 'bd_cnn_min_zynq_ultra_ps_e_0_0' [c:/Users/OmilosNeonTexn/Desktop/fpga_cnn_hls4ml/hls4ml_init/hls4ml_init/hls4ml_init.gen/sources_1/bd/bd_cnn_min/synth/bd_cnn_min.vhd:164]
INFO: [Synth 8-638] synthesizing module 'bd_cnn_min_zynq_ultra_ps_e_0_0' [C:/Users/OmilosNeonTexn/Desktop/fpga_cnn_hls4ml/hls4ml_init/hls4ml_init/hls4ml_init.runs/synth_1/.Xil/Vivado-3804-DESKTOP-PV75K48/realtime/bd_cnn_min_zynq_ultra_ps_e_0_0_stub.vhdl:21]
INFO: [Synth 8-256] done synthesizing module 'bd_cnn_min' (0#1) [c:/Users/OmilosNeonTexn/Desktop/fpga_cnn_hls4ml/hls4ml_init/hls4ml_init/hls4ml_init.gen/sources_1/bd/bd_cnn_min/synth/bd_cnn_min.vhd:22]
INFO: [Synth 8-256] done synthesizing module 'bd_cnn_min_wrapper' (0#1) [c:/Users/OmilosNeonTexn/Desktop/fpga_cnn_hls4ml/hls4ml_init/hls4ml_init/hls4ml_init.gen/sources_1/bd/bd_cnn_min/hdl/bd_cnn_min_wrapper.vhd:18]
---------------------------------------------------------------------------------
Finished RTL Elaboration : Time (s): cpu = 00:00:12 ; elapsed = 00:00:15 . Memory (MB): peak = 2137.953 ; gain = 296.102
---------------------------------------------------------------------------------
---------------------------------------------------------------------------------
Start Handling Custom Attributes
---------------------------------------------------------------------------------
---------------------------------------------------------------------------------
Finished Handling Custom Attributes : Time (s): cpu = 00:00:12 ; elapsed = 00:00:16 . Memory (MB): peak = 2137.953 ; gain = 296.102
---------------------------------------------------------------------------------
---------------------------------------------------------------------------------
Finished RTL Optimization Phase 1 : Time (s): cpu = 00:00:12 ; elapsed = 00:00:16 . Memory (MB): peak = 2137.953 ; gain = 296.102
---------------------------------------------------------------------------------
Netlist sorting complete. Time (s): cpu = 00:00:00 ; elapsed = 00:00:00.001 . Memory (MB): peak = 2137.953 ; gain = 0.000
INFO: [Project 1-570] Preparing netlist for logic optimization

Processing XDC Constraints
Initializing timing engine
Parsing XDC File [c:/Users/OmilosNeonTexn/Desktop/fpga_cnn_hls4ml/hls4ml_init/hls4ml_init/hls4ml_init.gen/sources_1/bd/bd_cnn_min/ip/bd_cnn_min_zynq_ultra_ps_e_0_0/bd_cnn_min_zynq_ultra_ps_e_0_0/bd_cnn_min_zynq_ultra_ps_e_0_0_in_context.xdc] for cell 'bd_cnn_min_i/zynq_ultra_ps_e_0'
create_clock: Time (s): cpu = 00:00:07 ; elapsed = 00:00:08 . Memory (MB): peak = 2137.953 ; gain = 0.000
Finished Parsing XDC File [c:/Users/OmilosNeonTexn/Desktop/fpga_cnn_hls4ml/hls4ml_init/hls4ml_init/hls4ml_init.gen/sources_1/bd/bd_cnn_min/ip/bd_cnn_min_zynq_ultra_ps_e_0_0/bd_cnn_min_zynq_ultra_ps_e_0_0/bd_cnn_min_zynq_ultra_ps_e_0_0_in_context.xdc] for cell 'bd_cnn_min_i/zynq_ultra_ps_e_0'
Parsing XDC File [c:/Users/OmilosNeonTexn/Desktop/fpga_cnn_hls4ml/hls4ml_init/hls4ml_init/hls4ml_init.gen/sources_1/bd/bd_cnn_min/ip/bd_cnn_min_proc_sys_reset_0_0/bd_cnn_min_proc_sys_reset_0_0/bd_cnn_min_proc_sys_reset_0_0_in_context.xdc] for cell 'bd_cnn_min_i/proc_sys_reset_0'
Finished Parsing XDC File [c:/Users/OmilosNeonTexn/Desktop/fpga_cnn_hls4ml/hls4ml_init/hls4ml_init/hls4ml_init.gen/sources_1/bd/bd_cnn_min/ip/bd_cnn_min_proc_sys_reset_0_0/bd_cnn_min_proc_sys_reset_0_0/bd_cnn_min_proc_sys_reset_0_0_in_context.xdc] for cell 'bd_cnn_min_i/proc_sys_reset_0'
Parsing XDC File [c:/Users/OmilosNeonTexn/Desktop/fpga_cnn_hls4ml/hls4ml_init/hls4ml_init/hls4ml_init.gen/sources_1/bd/bd_cnn_min/ip/bd_cnn_min_myproject_0_1/bd_cnn_min_myproject_0_1/bd_cnn_min_myproject_0_1_in_context.xdc] for cell 'bd_cnn_min_i/myproject_0'
Finished Parsing XDC File [c:/Users/OmilosNeonTexn/Desktop/fpga_cnn_hls4ml/hls4ml_init/hls4ml_init/hls4ml_init.gen/sources_1/bd/bd_cnn_min/ip/bd_cnn_min_myproject_0_1/bd_cnn_min_myproject_0_1/bd_cnn_min_myproject_0_1_in_context.xdc] for cell 'bd_cnn_min_i/myproject_0'
Parsing XDC File [c:/Users/OmilosNeonTexn/Desktop/fpga_cnn_hls4ml/hls4ml_init/hls4ml_init/hls4ml_init.gen/sources_1/bd/bd_cnn_min/ip/bd_cnn_min_axis_data_fifo_0_0/bd_cnn_min_axis_data_fifo_0_0/bd_cnn_min_axis_data_fifo_0_0_in_context.xdc] for cell 'bd_cnn_min_i/axis_data_fifo_0'
Finished Parsing XDC File [c:/Users/OmilosNeonTexn/Desktop/fpga_cnn_hls4ml/hls4ml_init/hls4ml_init/hls4ml_init.gen/sources_1/bd/bd_cnn_min/ip/bd_cnn_min_axis_data_fifo_0_0/bd_cnn_min_axis_data_fifo_0_0/bd_cnn_min_axis_data_fifo_0_0_in_context.xdc] for cell 'bd_cnn_min_i/axis_data_fifo_0'
Parsing XDC File [c:/Users/OmilosNeonTexn/Desktop/fpga_cnn_hls4ml/hls4ml_init/hls4ml_init/hls4ml_init.gen/sources_1/bd/bd_cnn_min/ip/bd_cnn_min_axis_data_fifo_0_1/bd_cnn_min_axis_data_fifo_0_1/bd_cnn_min_axis_data_fifo_0_1_in_context.xdc] for cell 'bd_cnn_min_i/axis_data_fifo_1'
Finished Parsing XDC File [c:/Users/OmilosNeonTexn/Desktop/fpga_cnn_hls4ml/hls4ml_init/hls4ml_init/hls4ml_init.gen/sources_1/bd/bd_cnn_min/ip/bd_cnn_min_axis_data_fifo_0_1/bd_cnn_min_axis_data_fifo_0_1/bd_cnn_min_axis_data_fifo_0_1_in_context.xdc] for cell 'bd_cnn_min_i/axis_data_fifo_1'
Parsing XDC File [C:/Users/OmilosNeonTexn/Desktop/fpga_cnn_hls4ml/hls4ml_init/hls4ml_init/hls4ml_init.runs/synth_1/dont_touch.xdc]
Finished Parsing XDC File [C:/Users/OmilosNeonTexn/Desktop/fpga_cnn_hls4ml/hls4ml_init/hls4ml_init/hls4ml_init.runs/synth_1/dont_touch.xdc]
Completed Processing XDC Constraints

Netlist sorting complete. Time (s): cpu = 00:00:00 ; elapsed = 00:00:00 . Memory (MB): peak = 2137.953 ; gain = 0.000
INFO: [Project 1-111] Unisim Transformation Summary:
No Unisim elements were transformed.

Constraint Validation Runtime : Time (s): cpu = 00:00:00 ; elapsed = 00:00:00.128 . Memory (MB): peak = 2137.953 ; gain = 0.000
---------------------------------------------------------------------------------
Finished Constraint Validation : Time (s): cpu = 00:00:32 ; elapsed = 00:00:39 . Memory (MB): peak = 2137.953 ; gain = 296.102
---------------------------------------------------------------------------------
---------------------------------------------------------------------------------
Start Loading Part and Timing Information
---------------------------------------------------------------------------------
Loading part: xczu7ev-ffvc1156-2-e
INFO: [Synth 8-6742] Reading net delay rules and data
---------------------------------------------------------------------------------
Finished Loading Part and Timing Information : Time (s): cpu = 00:00:32 ; elapsed = 00:00:39 . Memory (MB): peak = 2137.953 ; gain = 296.102
---------------------------------------------------------------------------------
---------------------------------------------------------------------------------
Start Applying 'set_property' XDC Constraints
---------------------------------------------------------------------------------
Applied set_property KEEP_HIERARCHY = SOFT for bd_cnn_min_i. (constraint file  auto generated constraint).
Applied set_property KEEP_HIERARCHY = SOFT for bd_cnn_min_i/zynq_ultra_ps_e_0. (constraint file  auto generated constraint).
Applied set_property KEEP_HIERARCHY = SOFT for bd_cnn_min_i/proc_sys_reset_0. (constraint file  auto generated constraint).
Applied set_property KEEP_HIERARCHY = SOFT for bd_cnn_min_i/xlconstant_0. (constraint file  auto generated constraint).
Applied set_property KEEP_HIERARCHY = SOFT for bd_cnn_min_i/myproject_0. (constraint file  auto generated constraint).
Applied set_property KEEP_HIERARCHY = SOFT for bd_cnn_min_i/axis_data_fifo_0. (constraint file  auto generated constraint).
Applied set_property KEEP_HIERARCHY = SOFT for bd_cnn_min_i/axis_data_fifo_1. (constraint file  auto generated constraint).
---------------------------------------------------------------------------------
Finished applying 'set_property' XDC Constraints : Time (s): cpu = 00:00:32 ; elapsed = 00:00:39 . Memory (MB): peak = 2137.953 ; gain = 296.102
---------------------------------------------------------------------------------
---------------------------------------------------------------------------------
Finished RTL Optimization Phase 2 : Time (s): cpu = 00:00:32 ; elapsed = 00:00:40 . Memory (MB): peak = 2137.953 ; gain = 296.102
---------------------------------------------------------------------------------
---------------------------------------------------------------------------------
Start RTL Component Statistics 
---------------------------------------------------------------------------------
Detailed RTL Component Info : 
---------------------------------------------------------------------------------
Finished RTL Component Statistics 
---------------------------------------------------------------------------------
---------------------------------------------------------------------------------
Start Part Resource Summary
---------------------------------------------------------------------------------
Part Resources:
DSPs: 1728 (col length:144)
BRAMs: 624 (col length: RAMB18 144 RAMB36 72)
---------------------------------------------------------------------------------
Finished Part Resource Summary
---------------------------------------------------------------------------------
---------------------------------------------------------------------------------
Start Cross Boundary and Area Optimization
---------------------------------------------------------------------------------
WARNING: [Synth 8-7080] Parallel synthesis criteria is not met
---------------------------------------------------------------------------------
Finished Cross Boundary and Area Optimization : Time (s): cpu = 00:00:35 ; elapsed = 00:00:43 . Memory (MB): peak = 2148.797 ; gain = 306.945
---------------------------------------------------------------------------------
---------------------------------------------------------------------------------
Start Applying XDC Timing Constraints
---------------------------------------------------------------------------------
---------------------------------------------------------------------------------
Finished Applying XDC Timing Constraints : Time (s): cpu = 00:00:57 ; elapsed = 00:01:08 . Memory (MB): peak = 2867.082 ; gain = 1025.230
---------------------------------------------------------------------------------
---------------------------------------------------------------------------------
Start Timing Optimization
---------------------------------------------------------------------------------
---------------------------------------------------------------------------------
Finished Timing Optimization : Time (s): cpu = 00:00:57 ; elapsed = 00:01:08 . Memory (MB): peak = 2867.082 ; gain = 1025.230
---------------------------------------------------------------------------------
---------------------------------------------------------------------------------
Start Technology Mapping
---------------------------------------------------------------------------------
---------------------------------------------------------------------------------
Finished Technology Mapping : Time (s): cpu = 00:00:57 ; elapsed = 00:01:09 . Memory (MB): peak = 2876.656 ; gain = 1034.805
---------------------------------------------------------------------------------
---------------------------------------------------------------------------------
Start IO Insertion
---------------------------------------------------------------------------------
---------------------------------------------------------------------------------
Start Flattening Before IO Insertion
---------------------------------------------------------------------------------
---------------------------------------------------------------------------------
Finished Flattening Before IO Insertion
---------------------------------------------------------------------------------
---------------------------------------------------------------------------------
Start Final Netlist Cleanup
---------------------------------------------------------------------------------
---------------------------------------------------------------------------------
Finished Final Netlist Cleanup
---------------------------------------------------------------------------------
---------------------------------------------------------------------------------
Finished IO Insertion : Time (s): cpu = 00:01:02 ; elapsed = 00:01:15 . Memory (MB): peak = 3093.531 ; gain = 1251.680
---------------------------------------------------------------------------------
---------------------------------------------------------------------------------
Start Renaming Generated Instances
---------------------------------------------------------------------------------
---------------------------------------------------------------------------------
Finished Renaming Generated Instances : Time (s): cpu = 00:01:02 ; elapsed = 00:01:15 . Memory (MB): peak = 3093.531 ; gain = 1251.680
---------------------------------------------------------------------------------
---------------------------------------------------------------------------------
Start Rebuilding User Hierarchy
---------------------------------------------------------------------------------
---------------------------------------------------------------------------------
Finished Rebuilding User Hierarchy : Time (s): cpu = 00:01:02 ; elapsed = 00:01:15 . Memory (MB): peak = 3093.531 ; gain = 1251.680
---------------------------------------------------------------------------------
---------------------------------------------------------------------------------
Start Renaming Generated Ports
---------------------------------------------------------------------------------
---------------------------------------------------------------------------------
Finished Renaming Generated Ports : Time (s): cpu = 00:01:03 ; elapsed = 00:01:15 . Memory (MB): peak = 3093.531 ; gain = 1251.680
---------------------------------------------------------------------------------
---------------------------------------------------------------------------------
Start Handling Custom Attributes
---------------------------------------------------------------------------------
---------------------------------------------------------------------------------
Finished Handling Custom Attributes : Time (s): cpu = 00:01:03 ; elapsed = 00:01:15 . Memory (MB): peak = 3093.531 ; gain = 1251.680
---------------------------------------------------------------------------------
---------------------------------------------------------------------------------
Start Renaming Generated Nets
---------------------------------------------------------------------------------
---------------------------------------------------------------------------------
Finished Renaming Generated Nets : Time (s): cpu = 00:01:03 ; elapsed = 00:01:15 . Memory (MB): peak = 3093.531 ; gain = 1251.680
---------------------------------------------------------------------------------
---------------------------------------------------------------------------------
Start Writing Synthesis Report
---------------------------------------------------------------------------------

Report BlackBoxes: 
+------+-------------------------------+----------+
|      |BlackBox name                  |Instances |
+------+-------------------------------+----------+
|1     |bd_cnn_min_axis_data_fifo_0_0  |         1|
|2     |bd_cnn_min_axis_data_fifo_0_1  |         1|
|3     |bd_cnn_min_myproject_0_1       |         1|
|4     |bd_cnn_min_proc_sys_reset_0_0  |         1|
|5     |bd_cnn_min_zynq_ultra_ps_e_0_0 |         1|
+------+-------------------------------+----------+

Report Cell Usage: 
+------+------------------------------------+------+
|      |Cell                                |Count |
+------+------------------------------------+------+
|1     |bd_cnn_min_axis_data_fifo_0_0_bbox  |     1|
|2     |bd_cnn_min_axis_data_fifo_0_1_bbox  |     1|
|3     |bd_cnn_min_myproject_0_1_bbox       |     1|
|4     |bd_cnn_min_proc_sys_reset_0_0_bbox  |     1|
|5     |bd_cnn_min_zynq_ultra_ps_e_0_0_bbox |     1|
+------+------------------------------------+------+
---------------------------------------------------------------------------------
Finished Writing Synthesis Report : Time (s): cpu = 00:01:03 ; elapsed = 00:01:15 . Memory (MB): peak = 3093.531 ; gain = 1251.680
---------------------------------------------------------------------------------
Synthesis finished with 0 errors, 0 critical warnings and 1 warnings.
Synthesis Optimization Runtime : Time (s): cpu = 00:00:40 ; elapsed = 00:01:03 . Memory (MB): peak = 3093.531 ; gain = 1251.680
Synthesis Optimization Complete : Time (s): cpu = 00:01:03 ; elapsed = 00:01:17 . Memory (MB): peak = 3093.531 ; gain = 1251.680
INFO: [Project 1-571] Translating synthesized netlist
Netlist sorting complete. Time (s): cpu = 00:00:00 ; elapsed = 00:00:00.001 . Memory (MB): peak = 3093.531 ; gain = 0.000
INFO: [Project 1-570] Preparing netlist for logic optimization
INFO: [Opt 31-138] Pushed 0 inverter(s) to 0 load pin(s).
Netlist sorting complete. Time (s): cpu = 00:00:00 ; elapsed = 00:00:00 . Memory (MB): peak = 3093.531 ; gain = 0.000
INFO: [Project 1-111] Unisim Transformation Summary:
No Unisim elements were transformed.

Synth Design complete | Checksum: 90d85c7a
INFO: [Common 17-83] Releasing license: Synthesis
38 Infos, 2 Warnings, 0 Critical Warnings and 0 Errors encountered.
synth_design completed successfully
synth_design: Time (s): cpu = 00:01:18 ; elapsed = 00:01:54 . Memory (MB): peak = 3093.531 ; gain = 2390.551
INFO: [Common 17-1381] The checkpoint 'C:/Users/OmilosNeonTexn/Desktop/fpga_cnn_hls4ml/hls4ml_init/hls4ml_init/hls4ml_init.runs/synth_1/bd_cnn_min_wrapper.dcp' has been generated.
write_checkpoint: Time (s): cpu = 00:00:00 ; elapsed = 00:00:08 . Memory (MB): peak = 3093.531 ; gain = 0.000
INFO: [Vivado 12-24828] Executing command : report_utilization -file bd_cnn_min_wrapper_utilization_synth.rpt -pb bd_cnn_min_wrapper_utilization_synth.pb
INFO: [Common 17-206] Exiting Vivado at Tue Mar 24 23:35:15 2026...
