Copyright 1986-2022 Xilinx, Inc. All Rights Reserved. Copyright 2022-2024 Advanced Micro Devices, Inc. All Rights Reserved.
---------------------------------------------------------------------------------------------------------------------------------------------
| Tool Version : Vivado v.2024.1.2 (win64) Build 5164865 Thu Sep  5 14:37:11 MDT 2024
| Date         : Thu Mar  5 02:32:08 2026
| Host         : DESKTOP-0NKI8SO running 64-bit major release  (build 9200)
| Command      : report_utilization -hierarchical -hierarchical_depth 5 -file ./report/add_axi_utilization_hierarchical_routed.rpt
| Design       : bd_0_wrapper
| Device       : xczu7ev-ffvc1156-2-e
| Speed File   : -2
| Design State : Routed
---------------------------------------------------------------------------------------------------------------------------------------------

Utilization Design Information

Table of Contents
-----------------
1. Utilization by Hierarchy

1. Utilization by Hierarchy
---------------------------

+----------------------+------------------------------------+------------+------------+---------+------+-----+--------+--------+------+------------+
|       Instance       |               Module               | Total LUTs | Logic LUTs | LUTRAMs | SRLs | FFs | RAMB36 | RAMB18 | URAM | DSP Blocks |
+----------------------+------------------------------------+------------+------------+---------+------+-----+--------+--------+------+------------+
| bd_0_wrapper         |                              (top) |         80 |         80 |       0 |    0 |  84 |      0 |      0 |    0 |          0 |
|   bd_0_i             |                               bd_0 |         80 |         80 |       0 |    0 |  84 |      0 |      0 |    0 |          0 |
|     hls_inst         |                    bd_0_hls_inst_0 |         80 |         80 |       0 |    0 |  84 |      0 |      0 |    0 |          0 |
|       (hls_inst)     |                    bd_0_hls_inst_0 |          0 |          0 |       0 |    0 |   0 |      0 |      0 |    0 |          0 |
|       U0             |            bd_0_hls_inst_0_add_axi |         80 |         80 |       0 |    0 |  84 |      0 |      0 |    0 |          0 |
|         CTRL_s_axi_U | bd_0_hls_inst_0_add_axi_CTRL_s_axi |         80 |         80 |       0 |    0 |  84 |      0 |      0 |    0 |          0 |
+----------------------+------------------------------------+------------+------------+---------+------+-----+--------+--------+------+------------+
* Note: The sum of lower-level cells may be larger than their parent cells total, due to cross-hierarchy LUT combining


