Copyright 1986-2022 Xilinx, Inc. All Rights Reserved. Copyright 2022-2024 Advanced Micro Devices, Inc. All Rights Reserved.
---------------------------------------------------------------------------------------------------------------------------------------------
| Tool Version : Vivado v.2024.1.2 (win64) Build 5164865 Thu Sep  5 14:37:11 MDT 2024
| Date         : Thu Mar  5 02:21:02 2026
| Host         : DESKTOP-0NKI8SO running 64-bit major release  (build 9200)
| Command      : report_design_analysis -file ./report/add_axi_design_analysis_synth.rpt
| Design       : bd_0_wrapper
| Device       : xczu7ev
| Design State : Synthesized
---------------------------------------------------------------------------------------------------------------------------------------------

Report Design Analysis

Table of Contents
-----------------
1. Setup Path Characteristics 1-1
2. Logic Level Distribution
3. Placer Final Level Congestion Reporting
4. SLR Net Crossing Reporting

1. Setup Path Characteristics 1-1
---------------------------------

+---------------------------+-------------------------------------------+
|      Characteristics      |                  Path #1                  |
+---------------------------+-------------------------------------------+
| Requirement               | inf                                       |
| Path Delay                | 0.667                                     |
| Logic Delay               | 0.307(47%)                                |
| Net Delay                 | 0.360(53%)                                |
| Clock Skew                | 0.000                                     |
| Slack                     | inf                                       |
| Clock Uncertainty         | 0.000                                     |
| Clock Relationship        | Safely Timed                              |
| Clock Delay Group         | Same Clock                                |
| Logic Levels              | 4                                         |
| Routes                    | NA                                        |
| Logical Path              | FDRE/C-(3)-LUT5-(1)-MUXF7-LUT6-(1)-FDRE/D |
| Start Point Clock         |                                           |
| End Point Clock           |                                           |
| DSP Block                 | None                                      |
| RAM Registers             | None-None                                 |
| IO Crossings              | 0                                         |
| SLR Crossings             | 0                                         |
| PBlocks                   | 0                                         |
| High Fanout               | 3                                         |
| Dont Touch                | 0                                         |
| Mark Debug                | 0                                         |
| Start Point Pin Primitive | FDRE/C                                    |
| End Point Pin Primitive   | FDRE/D                                    |
| Start Point Pin           | int_a_reg[0]/C                            |
| End Point Pin             | rdata_data_reg[0]/D                       |
+---------------------------+-------------------------------------------+
* Bounding box calculated as % of dimensions for the target device (2770, 746)


2. Logic Level Distribution
---------------------------

+-----------------+-------------+---+-----+-----+----+---+
| End Point Clock | Requirement | 0 |  1  |  2  |  3 | 4 |
+-----------------+-------------+---+-----+-----+----+---+
| (none)          | 0.000ns     | 4 | 103 | 116 | 19 | 9 |
+-----------------+-------------+---+-----+-----+----+---+
* Columns represent the logic levels per end point clock
** Distribution is for top worst 251 paths


3. Placer Final Level Congestion Reporting
------------------------------------------

+-----------+------+-------+--------+---------------+---------------+-----+--------+------+------+------+------+-----+-------+-----+------------+
| Direction | Type | Level | Window | Combined LUTs | Avg LUT Input | LUT | LUTRAM | Flop | MUXF | RAMB | URAM | DSP | CARRY | SRL | Cell Names |
+-----------+------+-------+--------+---------------+---------------+-----+--------+------+------+------+------+-----+-------+-----+------------+
* The design has not been placed, hence congestion data is not available. The command report_design_analysis -congestion should be run only after place_design has completed.


4. SLR Net Crossing Reporting
-----------------------------

+------------+-----------------------------+
| Cell Names | Number of Nets crossing SLR |
+------------+-----------------------------+
* The current part is not an SSI device


