#-----------------------------------------------------------
# Vivado v2024.1.2 (64-bit)
# SW Build 5164865 on Thu Sep  5 14:37:11 MDT 2024
# IP Build 5164407 on Fri Sep  6 08:18:11 MDT 2024
# SharedData Build 5164864 on Thu Sep 05 13:09:09 MDT 2024
# Start of session at: Thu Mar  5 02:08:49 2026
# Process ID: 4336
# Current directory: C:/fpga_cnn_hls4ml/hls_smoke/hls_smoke/sol1/impl/ip
# Command line: vivado.exe -notrace -mode batch -source run_ippack.tcl
# Log file: C:/fpga_cnn_hls4ml/hls_smoke/hls_smoke/sol1/impl/ip/vivado.log
# Journal file: C:/fpga_cnn_hls4ml/hls_smoke/hls_smoke/sol1/impl/ip\vivado.jou
# Running On        :DESKTOP-0NKI8SO
# Platform          :Windows Server 2016 or Windows 10
# Operating System  :19045
# Processor Detail  :Intel(R) Core(TM) i5-4460  CPU @ 3.20GHz
# CPU Frequency     :3193 MHz
# CPU Physical cores:4
# CPU Logical cores :4
# Host memory       :10622 MB
# Swap memory       :19327 MB
# Total Virtual     :29949 MB
# Available Virtual :23266 MB
#-----------------------------------------------------------
source run_ippack.tcl -notrace
INFO: calling package_hls_ip ip_types=vitis sysgen json_file=C:/fpga_cnn_hls4ml/hls_smoke/hls_smoke/sol1/sol1_data.json outdir=C:/fpga_cnn_hls4ml/hls_smoke/hls_smoke/sol1/impl/ip srcdir=C:/fpga_cnn_hls4ml/hls_smoke/hls_smoke/sol1 sort_interfaces_ports=false
INFO: Copied 1 ipmisc file(s) to C:/fpga_cnn_hls4ml/hls_smoke/hls_smoke/sol1/impl/ip/misc
INFO: Copied 2 verilog file(s) to C:/fpga_cnn_hls4ml/hls_smoke/hls_smoke/sol1/impl/ip/hdl/verilog
INFO: Copied 2 vhdl file(s) to C:/fpga_cnn_hls4ml/hls_smoke/hls_smoke/sol1/impl/ip/hdl/vhdl
INFO: Copied 10 swdriver file(s) to C:/fpga_cnn_hls4ml/hls_smoke/hls_smoke/sol1/impl/ip/drivers
ipx::create_core: Time (s): cpu = 00:00:10 ; elapsed = 00:00:33 . Memory (MB): peak = 515.324 ; gain = 199.480
INFO: Import ports from HDL: C:/fpga_cnn_hls4ml/hls_smoke/hls_smoke/sol1/impl/ip/hdl/vhdl/add_axi.vhd (add_axi)
INFO: Add axi4lite interface s_axi_CTRL
INFO: Add clock interface ap_clk
INFO: Add reset interface ap_rst_n
INFO: Add interrupt interface interrupt
INFO: [IP_Flow 19-234] Refreshing IP repositories
INFO: [IP_Flow 19-1704] No user IP repositories specified
INFO: [IP_Flow 19-2313] Loaded Vivado IP repository 'C:/Xilinx/xilinx1/Vivado/2024.1/data/ip'.
INFO: Calling post_process_vitis to specialize IP
INFO: Calling post_process_sysgen to specialize IP
Generating sysgen info xml from json file
INFO: Created IP C:/fpga_cnn_hls4ml/hls_smoke/hls_smoke/sol1/impl/ip/component.xml
INFO: Created IP archive C:/fpga_cnn_hls4ml/hls_smoke/hls_smoke/sol1/impl/ip/xilinx_com_hls_add_axi_1_0.zip
INFO: [Common 17-206] Exiting Vivado at Thu Mar  5 02:10:59 2026...
