#-----------------------------------------------------------
# Vivado v2024.2 (64-bit)
# SW Build 5239630 on Fri Nov 08 22:35:27 MST 2024
# IP Build 5239520 on Sun Nov 10 16:12:51 MST 2024
# SharedData Build 5239561 on Fri Nov 08 14:39:27 MST 2024
# Start of session at: Wed Mar 18 21:10:35 2026
# Process ID         : 7796
# Current directory  : C:/Users/OmilosNeonTexn/Desktop/fpga_cnn_hls4ml/hls_smoke/project_1/project_1.runs/bd_smoke_add_axi_0_0_synth_1
# Command line       : vivado.exe -log bd_smoke_add_axi_0_0.vds -product Vivado -mode batch -messageDb vivado.pb -notrace -source bd_smoke_add_axi_0_0.tcl
# Log file           : C:/Users/OmilosNeonTexn/Desktop/fpga_cnn_hls4ml/hls_smoke/project_1/project_1.runs/bd_smoke_add_axi_0_0_synth_1/bd_smoke_add_axi_0_0.vds
# Journal file       : C:/Users/OmilosNeonTexn/Desktop/fpga_cnn_hls4ml/hls_smoke/project_1/project_1.runs/bd_smoke_add_axi_0_0_synth_1\vivado.jou
# Running On         : DESKTOP-PV75K48
# Platform           : Windows Server 2016 or Windows 10
# Operating System   : 19045
# Processor Detail   : Intel(R) Core(TM) i7-2600S CPU @ 2.80GHz
# CPU Frequency      : 2794 MHz
# CPU Physical cores : 4
# CPU Logical cores  : 8
# Host memory        : 6330 MB
# Swap memory        : 5382 MB
# Total Virtual      : 11713 MB
# Available Virtual  : 6011 MB
#-----------------------------------------------------------
source bd_smoke_add_axi_0_0.tcl -notrace
