

Implementation tool: Xilinx Vivado v.2024.1.2
Project:             hls_smoke
Solution:            sol1
Device target:       xczu7ev-ffvc1156-2-e
Report date:         Thu Mar 05 02:32:17 +0200 2026

#=== Post-Implementation Resource usage ===
SLICE:            0
LUT:             80
FF:              84
DSP:              0
BRAM:             0
URAM:             0
LATCH:            0
SRL:              0
CLB:             13

#=== Final timing ===
CP required:                     5.000
CP achieved post-synthesis:      NA
CP achieved post-implementation: NA
No Sequential Path
