================================================================
== Vivado RTL Synthesis Results
================================================================
+ General Information:
    * Date:            Thu Mar 05 02:33:00 +0200 2026
    * Version:         2024.1 (Build 5096458 on Sep  5 2024)
    * Project:         hls_smoke
    * Solution:        sol1 (Vivado IP Flow Target)
    * Product family:  zynquplus
    * Target device:   xczu7ev-ffvc1156-2-e


================================================================
== Run Constraints & Options
================================================================
+ Design Constraints & Options:
    * RTL Synthesis target clock:  5 ns
    * C-Synthesis target clock:    5 ns
    * C-Synthesis uncertainty:     27%

+ RTL Synthesis Options:
    * config_export -vivado_synth_strategy:     default
    * config_export -vivado_synth_design_args:  -directive sdx_optimization_effort_high

+ Reporting Options:
    * config_export -vivado_report_level:      2
    * config_export -vivado_max_timing_paths:  10


================================================================
== RTL Synthesis Resource Summary
================================================================
LUT:              82
FF:               84
DSP:              0
BRAM:             0
URAM:             0
SRL:              0


================================================================
== RTL Synthesis Timing Summary
================================================================
* Timing was not available
+----------------+-------------+
| Timing         | Period (ns) |
+----------------+-------------+
| Target         | 5.000       |
| Post-Synthesis | NA          |
+----------------+-------------+


================================================================
== RTL Synthesis Resources
================================================================
+----------------+-----+----+-----+------+------+-----+--------+------+---------+----------+--------+
| Name           | LUT | FF | DSP | BRAM | URAM | SRL | Pragma | Impl | Latency | Variable | Source |
+----------------+-----+----+-----+------+------+-----+--------+------+---------+----------+--------+
| U0             | 82  | 84 |     |      |      |     |        |      |         |          |        |
|   CTRL_s_axi_U | 82  | 84 |     |      |      |     |        |      |         |          |        |
+----------------+-----+----+-----+------+------+-----+--------+------+---------+----------+--------+


================================================================
== RTL Synthesis Fail Fast
================================================================
+-----------------------------------------------------------+-----------+--------+--------+
| Criteria                                                  | Guideline | Actual | Status |
+-----------------------------------------------------------+-----------+--------+--------+
| LUT                                                       | 70%       | 0.04%  | OK     |
| FD                                                        | 50%       | 0.02%  | OK     |
| LUTRAM+SRL                                                | 25%       | 0.00%  | OK     |
| CARRY8                                                    | 25%       | 0.01%  | OK     |
| MUXF7                                                     | 15%       | 0.01%  | OK     |
| DSP                                                       | 80%       | 0.00%  | OK     |
| RAMB/FIFO                                                 | 80%       | 0.00%  | OK     |
| URAM                                                      | 80%       | 0.00%  | OK     |
| DSP+RAMB+URAM (Avg)                                       | 70%       | 0.00%  | OK     |
| BUFGCE* + BUFGCTRL                                        | 24        | 0      | OK     |
| DONT_TOUCH (cells/nets)                                   | 0         | 0      | OK     |
| MARK_DEBUG (nets)                                         | 0         | 0      | OK     |
| Control Sets                                              | 4320      | 7      | OK     |
| Average Fanout for modules > 100k cells                   | 4         | 2.24   | OK     |
| Max Average Fanout for modules > 100k cells               | 4         | 0      | OK     |
| Non-FD high fanout nets > 10k loads                       | 0         | 0      | OK     |
+-----------------------------------------------------------+-----------+--------+--------+
| TIMING-6 (No common primary clock between related clocks) | 0         | 0      | OK     |
| TIMING-7 (No common node between related clocks)          | 0         | 0      | OK     |
| TIMING-8 (No common period between related clocks)        | 0         | 0      | OK     |
| TIMING-14 (LUT on the clock tree)                         | 0         | 0      | OK     |
| TIMING-35 (No common node in paths with the same clock)   | 0         | 0      | OK     |
+-----------------------------------------------------------+-----------+--------+--------+
| Number of paths above max LUT budgeting (0.300ns)         | 0         | 0      | OK     |
| Number of paths above max Net budgeting (0.208ns)         | 0         | 0      | OK     |
+-----------------------------------------------------------+-----------+--------+--------+


================================================================
== RTL Synthesis Timing Paths
================================================================
* Timing was not available
+-------+-------+-----------------------------+----------------------------------+--------------+------------+----------------+----------------+--------------+
| Path  | SLACK | STARTPOINT PIN              | ENDPOINT PIN                     | LOGIC LEVELS | MAX FANOUT | DATAPATH DELAY | DATAPATH LOGIC | DATAPATH NET |
|       |       |                             |                                  |              |            |                |          DELAY |        DELAY |
+-------+-------+-----------------------------+----------------------------------+--------------+------------+----------------+----------------+--------------+
| Path1 |       | CTRL_s_axi_U/int_a_reg[0]/C | CTRL_s_axi_U/rdata_data_reg[0]/D |            4 |          3 |          0.667 |          0.307 |        0.360 |
| Path2 |       | CTRL_s_axi_U/int_a_reg[1]/C | CTRL_s_axi_U/int_c_reg[15]/D     |            4 |          3 |          0.624 |          0.427 |        0.197 |
| Path3 |       | CTRL_s_axi_U/int_a_reg[1]/C | CTRL_s_axi_U/int_c_reg[13]/D     |            4 |          3 |          0.623 |          0.427 |        0.196 |
| Path4 |       | CTRL_s_axi_U/int_a_reg[1]/C | CTRL_s_axi_U/int_c_reg[14]/D     |            4 |          3 |          0.611 |          0.414 |        0.197 |
| Path5 |       | CTRL_s_axi_U/waddr_reg[3]/C | CTRL_s_axi_U/int_gie_reg/D       |            3 |          7 |          0.605 |          0.254 |        0.351 |
+-------+-------+-----------------------------+----------------------------------+--------------+------------+----------------+----------------+--------------+

    +------------------------------------+-------------------+
    | Path1 Cells                        | Primitive Type    |
    +------------------------------------+-------------------+
    | CTRL_s_axi_U/int_a_reg[0]          | REGISTER.SDR.FDRE |
    | CTRL_s_axi_U/rdata_data[0]_i_5     | CLB.LUT.LUT5      |
    | CTRL_s_axi_U/rdata_data_reg[0]_i_2 | CLB.MUXF.MUXF7    |
    | CTRL_s_axi_U/rdata_data[0]_i_1     | CLB.LUT.LUT6      |
    | CTRL_s_axi_U/rdata_data_reg[0]     | REGISTER.SDR.FDRE |
    | CTRL_s_axi_U/int_a_reg[1]          | REGISTER.SDR.FDRE |
    | CTRL_s_axi_U/int_c[7]_i_8          | CLB.LUT.LUT2      |
    | CTRL_s_axi_U/int_c_reg[7]_i_1      | CLB.CARRY.CARRY8  |
    | CTRL_s_axi_U/int_c_reg[15]_i_1     | CLB.CARRY.CARRY8  |
    | CTRL_s_axi_U/int_c_reg[15]         | REGISTER.SDR.FDRE |
    | CTRL_s_axi_U/int_a_reg[1]          | REGISTER.SDR.FDRE |
    | CTRL_s_axi_U/int_c[7]_i_8          | CLB.LUT.LUT2      |
    | CTRL_s_axi_U/int_c_reg[7]_i_1      | CLB.CARRY.CARRY8  |
    | CTRL_s_axi_U/int_c_reg[15]_i_1     | CLB.CARRY.CARRY8  |
    | CTRL_s_axi_U/int_c_reg[13]         | REGISTER.SDR.FDRE |
    | CTRL_s_axi_U/int_a_reg[1]          | REGISTER.SDR.FDRE |
    | CTRL_s_axi_U/int_c[7]_i_8          | CLB.LUT.LUT2      |
    | CTRL_s_axi_U/int_c_reg[7]_i_1      | CLB.CARRY.CARRY8  |
    | CTRL_s_axi_U/int_c_reg[15]_i_1     | CLB.CARRY.CARRY8  |
    | CTRL_s_axi_U/int_c_reg[14]         | REGISTER.SDR.FDRE |
    | CTRL_s_axi_U/waddr_reg[3]          | REGISTER.SDR.FDRE |
    | CTRL_s_axi_U/int_gie_i_2           | CLB.LUT.LUT5      |
    | CTRL_s_axi_U/int_gie_i_1           | CLB.LUT.LUT5      |
    | CTRL_s_axi_U/int_gie_reg           | REGISTER.SDR.FDRE |
    +------------------------------------+-------------------+

    +------------------------------------+-------------------+
    | Path2 Cells                        | Primitive Type    |
    +------------------------------------+-------------------+
    | CTRL_s_axi_U/int_a_reg[0]          | REGISTER.SDR.FDRE |
    | CTRL_s_axi_U/rdata_data[0]_i_5     | CLB.LUT.LUT5      |
    | CTRL_s_axi_U/rdata_data_reg[0]_i_2 | CLB.MUXF.MUXF7    |
    | CTRL_s_axi_U/rdata_data[0]_i_1     | CLB.LUT.LUT6      |
    | CTRL_s_axi_U/rdata_data_reg[0]     | REGISTER.SDR.FDRE |
    | CTRL_s_axi_U/int_a_reg[1]          | REGISTER.SDR.FDRE |
    | CTRL_s_axi_U/int_c[7]_i_8          | CLB.LUT.LUT2      |
    | CTRL_s_axi_U/int_c_reg[7]_i_1      | CLB.CARRY.CARRY8  |
    | CTRL_s_axi_U/int_c_reg[15]_i_1     | CLB.CARRY.CARRY8  |
    | CTRL_s_axi_U/int_c_reg[15]         | REGISTER.SDR.FDRE |
    | CTRL_s_axi_U/int_a_reg[1]          | REGISTER.SDR.FDRE |
    | CTRL_s_axi_U/int_c[7]_i_8          | CLB.LUT.LUT2      |
    | CTRL_s_axi_U/int_c_reg[7]_i_1      | CLB.CARRY.CARRY8  |
    | CTRL_s_axi_U/int_c_reg[15]_i_1     | CLB.CARRY.CARRY8  |
    | CTRL_s_axi_U/int_c_reg[13]         | REGISTER.SDR.FDRE |
    | CTRL_s_axi_U/int_a_reg[1]          | REGISTER.SDR.FDRE |
    | CTRL_s_axi_U/int_c[7]_i_8          | CLB.LUT.LUT2      |
    | CTRL_s_axi_U/int_c_reg[7]_i_1      | CLB.CARRY.CARRY8  |
    | CTRL_s_axi_U/int_c_reg[15]_i_1     | CLB.CARRY.CARRY8  |
    | CTRL_s_axi_U/int_c_reg[14]         | REGISTER.SDR.FDRE |
    | CTRL_s_axi_U/waddr_reg[3]          | REGISTER.SDR.FDRE |
    | CTRL_s_axi_U/int_gie_i_2           | CLB.LUT.LUT5      |
    | CTRL_s_axi_U/int_gie_i_1           | CLB.LUT.LUT5      |
    | CTRL_s_axi_U/int_gie_reg           | REGISTER.SDR.FDRE |
    +------------------------------------+-------------------+

    +------------------------------------+-------------------+
    | Path3 Cells                        | Primitive Type    |
    +------------------------------------+-------------------+
    | CTRL_s_axi_U/int_a_reg[0]          | REGISTER.SDR.FDRE |
    | CTRL_s_axi_U/rdata_data[0]_i_5     | CLB.LUT.LUT5      |
    | CTRL_s_axi_U/rdata_data_reg[0]_i_2 | CLB.MUXF.MUXF7    |
    | CTRL_s_axi_U/rdata_data[0]_i_1     | CLB.LUT.LUT6      |
    | CTRL_s_axi_U/rdata_data_reg[0]     | REGISTER.SDR.FDRE |
    | CTRL_s_axi_U/int_a_reg[1]          | REGISTER.SDR.FDRE |
    | CTRL_s_axi_U/int_c[7]_i_8          | CLB.LUT.LUT2      |
    | CTRL_s_axi_U/int_c_reg[7]_i_1      | CLB.CARRY.CARRY8  |
    | CTRL_s_axi_U/int_c_reg[15]_i_1     | CLB.CARRY.CARRY8  |
    | CTRL_s_axi_U/int_c_reg[15]         | REGISTER.SDR.FDRE |
    | CTRL_s_axi_U/int_a_reg[1]          | REGISTER.SDR.FDRE |
    | CTRL_s_axi_U/int_c[7]_i_8          | CLB.LUT.LUT2      |
    | CTRL_s_axi_U/int_c_reg[7]_i_1      | CLB.CARRY.CARRY8  |
    | CTRL_s_axi_U/int_c_reg[15]_i_1     | CLB.CARRY.CARRY8  |
    | CTRL_s_axi_U/int_c_reg[13]         | REGISTER.SDR.FDRE |
    | CTRL_s_axi_U/int_a_reg[1]          | REGISTER.SDR.FDRE |
    | CTRL_s_axi_U/int_c[7]_i_8          | CLB.LUT.LUT2      |
    | CTRL_s_axi_U/int_c_reg[7]_i_1      | CLB.CARRY.CARRY8  |
    | CTRL_s_axi_U/int_c_reg[15]_i_1     | CLB.CARRY.CARRY8  |
    | CTRL_s_axi_U/int_c_reg[14]         | REGISTER.SDR.FDRE |
    | CTRL_s_axi_U/waddr_reg[3]          | REGISTER.SDR.FDRE |
    | CTRL_s_axi_U/int_gie_i_2           | CLB.LUT.LUT5      |
    | CTRL_s_axi_U/int_gie_i_1           | CLB.LUT.LUT5      |
    | CTRL_s_axi_U/int_gie_reg           | REGISTER.SDR.FDRE |
    +------------------------------------+-------------------+

    +------------------------------------+-------------------+
    | Path4 Cells                        | Primitive Type    |
    +------------------------------------+-------------------+
    | CTRL_s_axi_U/int_a_reg[0]          | REGISTER.SDR.FDRE |
    | CTRL_s_axi_U/rdata_data[0]_i_5     | CLB.LUT.LUT5      |
    | CTRL_s_axi_U/rdata_data_reg[0]_i_2 | CLB.MUXF.MUXF7    |
    | CTRL_s_axi_U/rdata_data[0]_i_1     | CLB.LUT.LUT6      |
    | CTRL_s_axi_U/rdata_data_reg[0]     | REGISTER.SDR.FDRE |
    | CTRL_s_axi_U/int_a_reg[1]          | REGISTER.SDR.FDRE |
    | CTRL_s_axi_U/int_c[7]_i_8          | CLB.LUT.LUT2      |
    | CTRL_s_axi_U/int_c_reg[7]_i_1      | CLB.CARRY.CARRY8  |
    | CTRL_s_axi_U/int_c_reg[15]_i_1     | CLB.CARRY.CARRY8  |
    | CTRL_s_axi_U/int_c_reg[15]         | REGISTER.SDR.FDRE |
    | CTRL_s_axi_U/int_a_reg[1]          | REGISTER.SDR.FDRE |
    | CTRL_s_axi_U/int_c[7]_i_8          | CLB.LUT.LUT2      |
    | CTRL_s_axi_U/int_c_reg[7]_i_1      | CLB.CARRY.CARRY8  |
    | CTRL_s_axi_U/int_c_reg[15]_i_1     | CLB.CARRY.CARRY8  |
    | CTRL_s_axi_U/int_c_reg[13]         | REGISTER.SDR.FDRE |
    | CTRL_s_axi_U/int_a_reg[1]          | REGISTER.SDR.FDRE |
    | CTRL_s_axi_U/int_c[7]_i_8          | CLB.LUT.LUT2      |
    | CTRL_s_axi_U/int_c_reg[7]_i_1      | CLB.CARRY.CARRY8  |
    | CTRL_s_axi_U/int_c_reg[15]_i_1     | CLB.CARRY.CARRY8  |
    | CTRL_s_axi_U/int_c_reg[14]         | REGISTER.SDR.FDRE |
    | CTRL_s_axi_U/waddr_reg[3]          | REGISTER.SDR.FDRE |
    | CTRL_s_axi_U/int_gie_i_2           | CLB.LUT.LUT5      |
    | CTRL_s_axi_U/int_gie_i_1           | CLB.LUT.LUT5      |
    | CTRL_s_axi_U/int_gie_reg           | REGISTER.SDR.FDRE |
    +------------------------------------+-------------------+

    +------------------------------------+-------------------+
    | Path5 Cells                        | Primitive Type    |
    +------------------------------------+-------------------+
    | CTRL_s_axi_U/int_a_reg[0]          | REGISTER.SDR.FDRE |
    | CTRL_s_axi_U/rdata_data[0]_i_5     | CLB.LUT.LUT5      |
    | CTRL_s_axi_U/rdata_data_reg[0]_i_2 | CLB.MUXF.MUXF7    |
    | CTRL_s_axi_U/rdata_data[0]_i_1     | CLB.LUT.LUT6      |
    | CTRL_s_axi_U/rdata_data_reg[0]     | REGISTER.SDR.FDRE |
    | CTRL_s_axi_U/int_a_reg[1]          | REGISTER.SDR.FDRE |
    | CTRL_s_axi_U/int_c[7]_i_8          | CLB.LUT.LUT2      |
    | CTRL_s_axi_U/int_c_reg[7]_i_1      | CLB.CARRY.CARRY8  |
    | CTRL_s_axi_U/int_c_reg[15]_i_1     | CLB.CARRY.CARRY8  |
    | CTRL_s_axi_U/int_c_reg[15]         | REGISTER.SDR.FDRE |
    | CTRL_s_axi_U/int_a_reg[1]          | REGISTER.SDR.FDRE |
    | CTRL_s_axi_U/int_c[7]_i_8          | CLB.LUT.LUT2      |
    | CTRL_s_axi_U/int_c_reg[7]_i_1      | CLB.CARRY.CARRY8  |
    | CTRL_s_axi_U/int_c_reg[15]_i_1     | CLB.CARRY.CARRY8  |
    | CTRL_s_axi_U/int_c_reg[13]         | REGISTER.SDR.FDRE |
    | CTRL_s_axi_U/int_a_reg[1]          | REGISTER.SDR.FDRE |
    | CTRL_s_axi_U/int_c[7]_i_8          | CLB.LUT.LUT2      |
    | CTRL_s_axi_U/int_c_reg[7]_i_1      | CLB.CARRY.CARRY8  |
    | CTRL_s_axi_U/int_c_reg[15]_i_1     | CLB.CARRY.CARRY8  |
    | CTRL_s_axi_U/int_c_reg[14]         | REGISTER.SDR.FDRE |
    | CTRL_s_axi_U/waddr_reg[3]          | REGISTER.SDR.FDRE |
    | CTRL_s_axi_U/int_gie_i_2           | CLB.LUT.LUT5      |
    | CTRL_s_axi_U/int_gie_i_1           | CLB.LUT.LUT5      |
    | CTRL_s_axi_U/int_gie_reg           | REGISTER.SDR.FDRE |
    +------------------------------------+-------------------+


================================================================
== RTL Synthesis Vivado Reports
================================================================
+--------------------------+-------------------------------------------------------------+
| Report Type              | Report Location                                             |
+--------------------------+-------------------------------------------------------------+
| design_analysis          | impl/vhdl/report/add_axi_design_analysis_synth.rpt          |
| failfast                 | impl/vhdl/report/add_axi_failfast_synth.rpt                 |
| timing                   | impl/vhdl/report/add_axi_timing_synth.rpt                   |
| timing_paths             | impl/vhdl/report/add_axi_timing_paths_synth.rpt             |
| utilization              | impl/vhdl/report/add_axi_utilization_synth.rpt              |
| utilization_hierarchical | impl/vhdl/report/add_axi_utilization_hierarchical_synth.rpt |
+--------------------------+-------------------------------------------------------------+


