================================================================
== Vivado Place & Route Results
================================================================
+ General Information:
    * Date:            Thu Mar 05 02:33:00 +0200 2026
    * Version:         2024.1 (Build 5096458 on Sep  5 2024)
    * Project:         hls_smoke
    * Solution:        sol1 (Vivado IP Flow Target)
    * Product family:  zynquplus
    * Target device:   xczu7ev-ffvc1156-2-e


================================================================
== Run Constraints & Options
================================================================
+ Design Constraints & Options:
    * Place & Route target clock:  5 ns
    * C-Synthesis target clock:    5 ns
    * C-Synthesis uncertainty:     27%

+ RTL Synthesis Options:
    * config_export -vivado_synth_strategy:     default
    * config_export -vivado_synth_design_args:  -directive sdx_optimization_effort_high

+ Place & Route Options:
    * config_export -vivado_impl_strategy:  default
    * config_export -vivado_phys_opt:       auto

+ Reporting Options:
    * config_export -vivado_report_level:      2
    * config_export -vivado_max_timing_paths:  10


================================================================
== Place & Route Resource Summary
================================================================
LUT:              80
FF:               84
DSP:              0
BRAM:             0
URAM:             0
SRL:              0


================================================================
== Place & Route Timing Summary
================================================================
* Timing was not available
+----------------+-------------+
| Timing         | Period (ns) |
+----------------+-------------+
| Target         | 5.000       |
| Post-Synthesis | NA          |
| Post-Route     | NA          |
+----------------+-------------+


================================================================
== Place & Route Resources
================================================================
+----------------+-----+----+-----+------+------+-----+--------+------+---------+----------+--------+
| Name           | LUT | FF | DSP | BRAM | URAM | SRL | Pragma | Impl | Latency | Variable | Source |
+----------------+-----+----+-----+------+------+-----+--------+------+---------+----------+--------+
| U0             | 80  | 84 |     |      |      |     |        |      |         |          |        |
|   CTRL_s_axi_U | 80  | 84 |     |      |      |     |        |      |         |          |        |
+----------------+-----+----+-----+------+------+-----+--------+------+---------+----------+--------+


================================================================
== Place & Route Fail Fast
================================================================
+-----------------------------------------------------------+-----------+--------+--------+
| Criteria                                                  | Guideline | Actual | Status |
+-----------------------------------------------------------+-----------+--------+--------+
| LUT                                                       | 70%       | 0.03%  | OK     |
| FD                                                        | 50%       | 0.02%  | OK     |
| LUTRAM+SRL                                                | 25%       | 0.00%  | OK     |
| CARRY8                                                    | 25%       | 0.01%  | OK     |
| MUXF7                                                     | 15%       | 0.01%  | OK     |
| DSP                                                       | 80%       | 0.00%  | OK     |
| RAMB/FIFO                                                 | 80%       | 0.00%  | OK     |
| URAM                                                      | 80%       | 0.00%  | OK     |
| DSP+RAMB+URAM (Avg)                                       | 70%       | 0.00%  | OK     |
| BUFGCE* + BUFGCTRL                                        | 24        | 0      | OK     |
| DONT_TOUCH (cells/nets)                                   | 0         | 0      | OK     |
| MARK_DEBUG (nets)                                         | 0         | 0      | OK     |
| Control Sets                                              | 4320      | 7      | OK     |
| Average Fanout for modules > 100k cells                   | 4         | 1.94   | OK     |
| Max Average Fanout for modules > 100k cells               | 4         | 0      | OK     |
| Non-FD high fanout nets > 10k loads                       | 0         | 0      | OK     |
+-----------------------------------------------------------+-----------+--------+--------+
| TIMING-6 (No common primary clock between related clocks) | 0         | 0      | OK     |
| TIMING-7 (No common node between related clocks)          | 0         | 0      | OK     |
| TIMING-8 (No common period between related clocks)        | 0         | 0      | OK     |
| TIMING-14 (LUT on the clock tree)                         | 0         | 0      | OK     |
| TIMING-35 (No common node in paths with the same clock)   | 0         | 0      | OK     |
+-----------------------------------------------------------+-----------+--------+--------+
| Number of paths above max LUT budgeting (0.300ns)         | 0         | 0      | OK     |
| Number of paths above max Net budgeting (0.208ns)         | 0         | 0      | OK     |
+-----------------------------------------------------------+-----------+--------+--------+


================================================================
== Place & Route Timing Paths
================================================================
* Timing was not available
+-------+-------+-----------------------------------------+-------------------------------+--------------+------------+----------------+----------------+--------------+
| Path  | SLACK | STARTPOINT PIN                          | ENDPOINT PIN                  | LOGIC LEVELS | MAX FANOUT | DATAPATH DELAY | DATAPATH LOGIC | DATAPATH NET |
|       |       |                                         |                               |              |            |                |          DELAY |        DELAY |
+-------+-------+-----------------------------------------+-------------------------------+--------------+------------+----------------+----------------+--------------+
| Path1 |       | CTRL_s_axi_U/FSM_onehot_wstate_reg[2]/C | CTRL_s_axi_U/int_b_reg[1]/CE  |            2 |         16 |          0.942 |          0.132 |        0.810 |
| Path2 |       | CTRL_s_axi_U/FSM_onehot_wstate_reg[2]/C | CTRL_s_axi_U/int_b_reg[2]/CE  |            2 |         16 |          0.942 |          0.132 |        0.810 |
| Path3 |       | CTRL_s_axi_U/FSM_onehot_wstate_reg[2]/C | CTRL_s_axi_U/int_b_reg[11]/CE |            2 |         16 |          0.938 |          0.132 |        0.806 |
| Path4 |       | CTRL_s_axi_U/FSM_onehot_wstate_reg[2]/C | CTRL_s_axi_U/int_b_reg[13]/CE |            2 |         16 |          0.938 |          0.132 |        0.806 |
| Path5 |       | CTRL_s_axi_U/FSM_onehot_wstate_reg[2]/C | CTRL_s_axi_U/int_b_reg[14]/CE |            2 |         16 |          0.938 |          0.132 |        0.806 |
+-------+-------+-----------------------------------------+-------------------------------+--------------+------------+----------------+----------------+--------------+

    +---------------------------------------+-------------------+
    | Path1 Cells                           | Primitive Type    |
    +---------------------------------------+-------------------+
    | CTRL_s_axi_U/FSM_onehot_wstate_reg[2] | REGISTER.SDR.FDRE |
    | CTRL_s_axi_U/int_b[15]_i_1            | CLB.LUT.LUT6      |
    | CTRL_s_axi_U/int_b_reg[1]             | REGISTER.SDR.FDRE |
    | CTRL_s_axi_U/FSM_onehot_wstate_reg[2] | REGISTER.SDR.FDRE |
    | CTRL_s_axi_U/int_b[15]_i_1            | CLB.LUT.LUT6      |
    | CTRL_s_axi_U/int_b_reg[2]             | REGISTER.SDR.FDRE |
    | CTRL_s_axi_U/FSM_onehot_wstate_reg[2] | REGISTER.SDR.FDRE |
    | CTRL_s_axi_U/int_b[15]_i_1            | CLB.LUT.LUT6      |
    | CTRL_s_axi_U/int_b_reg[11]            | REGISTER.SDR.FDRE |
    | CTRL_s_axi_U/FSM_onehot_wstate_reg[2] | REGISTER.SDR.FDRE |
    | CTRL_s_axi_U/int_b[15]_i_1            | CLB.LUT.LUT6      |
    | CTRL_s_axi_U/int_b_reg[13]            | REGISTER.SDR.FDRE |
    | CTRL_s_axi_U/FSM_onehot_wstate_reg[2] | REGISTER.SDR.FDRE |
    | CTRL_s_axi_U/int_b[15]_i_1            | CLB.LUT.LUT6      |
    | CTRL_s_axi_U/int_b_reg[14]            | REGISTER.SDR.FDRE |
    +---------------------------------------+-------------------+

    +---------------------------------------+-------------------+
    | Path2 Cells                           | Primitive Type    |
    +---------------------------------------+-------------------+
    | CTRL_s_axi_U/FSM_onehot_wstate_reg[2] | REGISTER.SDR.FDRE |
    | CTRL_s_axi_U/int_b[15]_i_1            | CLB.LUT.LUT6      |
    | CTRL_s_axi_U/int_b_reg[1]             | REGISTER.SDR.FDRE |
    | CTRL_s_axi_U/FSM_onehot_wstate_reg[2] | REGISTER.SDR.FDRE |
    | CTRL_s_axi_U/int_b[15]_i_1            | CLB.LUT.LUT6      |
    | CTRL_s_axi_U/int_b_reg[2]             | REGISTER.SDR.FDRE |
    | CTRL_s_axi_U/FSM_onehot_wstate_reg[2] | REGISTER.SDR.FDRE |
    | CTRL_s_axi_U/int_b[15]_i_1            | CLB.LUT.LUT6      |
    | CTRL_s_axi_U/int_b_reg[11]            | REGISTER.SDR.FDRE |
    | CTRL_s_axi_U/FSM_onehot_wstate_reg[2] | REGISTER.SDR.FDRE |
    | CTRL_s_axi_U/int_b[15]_i_1            | CLB.LUT.LUT6      |
    | CTRL_s_axi_U/int_b_reg[13]            | REGISTER.SDR.FDRE |
    | CTRL_s_axi_U/FSM_onehot_wstate_reg[2] | REGISTER.SDR.FDRE |
    | CTRL_s_axi_U/int_b[15]_i_1            | CLB.LUT.LUT6      |
    | CTRL_s_axi_U/int_b_reg[14]            | REGISTER.SDR.FDRE |
    +---------------------------------------+-------------------+

    +---------------------------------------+-------------------+
    | Path3 Cells                           | Primitive Type    |
    +---------------------------------------+-------------------+
    | CTRL_s_axi_U/FSM_onehot_wstate_reg[2] | REGISTER.SDR.FDRE |
    | CTRL_s_axi_U/int_b[15]_i_1            | CLB.LUT.LUT6      |
    | CTRL_s_axi_U/int_b_reg[1]             | REGISTER.SDR.FDRE |
    | CTRL_s_axi_U/FSM_onehot_wstate_reg[2] | REGISTER.SDR.FDRE |
    | CTRL_s_axi_U/int_b[15]_i_1            | CLB.LUT.LUT6      |
    | CTRL_s_axi_U/int_b_reg[2]             | REGISTER.SDR.FDRE |
    | CTRL_s_axi_U/FSM_onehot_wstate_reg[2] | REGISTER.SDR.FDRE |
    | CTRL_s_axi_U/int_b[15]_i_1            | CLB.LUT.LUT6      |
    | CTRL_s_axi_U/int_b_reg[11]            | REGISTER.SDR.FDRE |
    | CTRL_s_axi_U/FSM_onehot_wstate_reg[2] | REGISTER.SDR.FDRE |
    | CTRL_s_axi_U/int_b[15]_i_1            | CLB.LUT.LUT6      |
    | CTRL_s_axi_U/int_b_reg[13]            | REGISTER.SDR.FDRE |
    | CTRL_s_axi_U/FSM_onehot_wstate_reg[2] | REGISTER.SDR.FDRE |
    | CTRL_s_axi_U/int_b[15]_i_1            | CLB.LUT.LUT6      |
    | CTRL_s_axi_U/int_b_reg[14]            | REGISTER.SDR.FDRE |
    +---------------------------------------+-------------------+

    +---------------------------------------+-------------------+
    | Path4 Cells                           | Primitive Type    |
    +---------------------------------------+-------------------+
    | CTRL_s_axi_U/FSM_onehot_wstate_reg[2] | REGISTER.SDR.FDRE |
    | CTRL_s_axi_U/int_b[15]_i_1            | CLB.LUT.LUT6      |
    | CTRL_s_axi_U/int_b_reg[1]             | REGISTER.SDR.FDRE |
    | CTRL_s_axi_U/FSM_onehot_wstate_reg[2] | REGISTER.SDR.FDRE |
    | CTRL_s_axi_U/int_b[15]_i_1            | CLB.LUT.LUT6      |
    | CTRL_s_axi_U/int_b_reg[2]             | REGISTER.SDR.FDRE |
    | CTRL_s_axi_U/FSM_onehot_wstate_reg[2] | REGISTER.SDR.FDRE |
    | CTRL_s_axi_U/int_b[15]_i_1            | CLB.LUT.LUT6      |
    | CTRL_s_axi_U/int_b_reg[11]            | REGISTER.SDR.FDRE |
    | CTRL_s_axi_U/FSM_onehot_wstate_reg[2] | REGISTER.SDR.FDRE |
    | CTRL_s_axi_U/int_b[15]_i_1            | CLB.LUT.LUT6      |
    | CTRL_s_axi_U/int_b_reg[13]            | REGISTER.SDR.FDRE |
    | CTRL_s_axi_U/FSM_onehot_wstate_reg[2] | REGISTER.SDR.FDRE |
    | CTRL_s_axi_U/int_b[15]_i_1            | CLB.LUT.LUT6      |
    | CTRL_s_axi_U/int_b_reg[14]            | REGISTER.SDR.FDRE |
    +---------------------------------------+-------------------+

    +---------------------------------------+-------------------+
    | Path5 Cells                           | Primitive Type    |
    +---------------------------------------+-------------------+
    | CTRL_s_axi_U/FSM_onehot_wstate_reg[2] | REGISTER.SDR.FDRE |
    | CTRL_s_axi_U/int_b[15]_i_1            | CLB.LUT.LUT6      |
    | CTRL_s_axi_U/int_b_reg[1]             | REGISTER.SDR.FDRE |
    | CTRL_s_axi_U/FSM_onehot_wstate_reg[2] | REGISTER.SDR.FDRE |
    | CTRL_s_axi_U/int_b[15]_i_1            | CLB.LUT.LUT6      |
    | CTRL_s_axi_U/int_b_reg[2]             | REGISTER.SDR.FDRE |
    | CTRL_s_axi_U/FSM_onehot_wstate_reg[2] | REGISTER.SDR.FDRE |
    | CTRL_s_axi_U/int_b[15]_i_1            | CLB.LUT.LUT6      |
    | CTRL_s_axi_U/int_b_reg[11]            | REGISTER.SDR.FDRE |
    | CTRL_s_axi_U/FSM_onehot_wstate_reg[2] | REGISTER.SDR.FDRE |
    | CTRL_s_axi_U/int_b[15]_i_1            | CLB.LUT.LUT6      |
    | CTRL_s_axi_U/int_b_reg[13]            | REGISTER.SDR.FDRE |
    | CTRL_s_axi_U/FSM_onehot_wstate_reg[2] | REGISTER.SDR.FDRE |
    | CTRL_s_axi_U/int_b[15]_i_1            | CLB.LUT.LUT6      |
    | CTRL_s_axi_U/int_b_reg[14]            | REGISTER.SDR.FDRE |
    +---------------------------------------+-------------------+


================================================================
== Place & Route Vivado Reports
================================================================
+--------------------------+--------------------------------------------------------------+
| Report Type              | Report Location                                              |
+--------------------------+--------------------------------------------------------------+
| design_analysis          | impl/vhdl/report/add_axi_design_analysis_routed.rpt          |
| failfast                 | impl/vhdl/report/add_axi_failfast_routed.rpt                 |
| status                   | impl/vhdl/report/add_axi_status_routed.rpt                   |
| timing                   | impl/vhdl/report/add_axi_timing_routed.rpt                   |
| timing_paths             | impl/vhdl/report/add_axi_timing_paths_routed.rpt             |
| utilization              | impl/vhdl/report/add_axi_utilization_routed.rpt              |
| utilization_hierarchical | impl/vhdl/report/add_axi_utilization_hierarchical_routed.rpt |
+--------------------------+--------------------------------------------------------------+


